18 case(s) with N/ω ≥ 5  (2 new, 16 legacy)

========================================================================================================
==== 2026-08-21 11:40:16  swirlesrun3.jl  Γ = K_T·N/TKE   SKIP_PERIODS=3  N/ω ≥ 5
========================================================================================================
case                  N/ω flux      |    Γ p25    Γ med    Γ p75  IQR/m | dlnΓ/dlnE      r |      n
P4_T10_sqrtRi10      10.0 full      |   0.0692   0.1203   0.1723   0.86 |     -0.44  -0.32 |    896
P4_T5_sqrtRi10       10.0 full      |   0.0337   0.0596   0.0864   0.88 |     -0.33  -0.20 |    920
L0p2Lz_Ri500         22.4 resolved  |   0.0915   0.2021   0.3706   1.38 |     -0.06  -0.02 |    513
L0p5Lz_Ri500         22.4 resolved  |   0.1170   0.2934   0.5183   1.37 |     +0.01   0.00 |    517
L1Lz_Ri500           22.4 resolved  |   0.1798   0.2851   0.3799   0.70 |     -0.06  -0.12 |    836
L1p5Lz_Ri500         22.4 resolved  |   0.1346   0.3106   0.5958   1.48 |     -0.22  -0.11 |    499
L2_Ri500             22.4 resolved  |   0.1315   0.2498   0.4559   1.30 |     -0.24  -0.12 |    493
L4_Ri500             22.4 resolved  |   0.0958   0.2061   0.3713   1.34 |     -0.23  -0.14 |    500
L6_Ri500             22.4 resolved  |   0.1113   0.2599   0.4858   1.44 |     -0.23  -0.10 |    512
L8_Ri500             22.4 resolved  |   0.1035   0.2241   0.4841   1.70 |     +0.02   0.01 |    503
L0p2Lz_Ri2500        50.0 resolved  |   0.0837   0.2234   0.4180   1.50 |     -0.18  -0.16 |    513
L0p5Lz_Ri2500        50.0 resolved  |   0.1946   0.2721   0.3607   0.61 |     -0.03  -0.05 |    896
L1Lz_Ri2500          50.0 resolved  |   0.2413   0.3410   0.4614   0.65 |     -0.10  -0.14 |    882
L1p5Lz_Ri2500        50.0 resolved  |   0.1694   0.2524   0.3793   0.83 |     -0.03  -0.08 |    711
L2_Ri2500            50.0 resolved  |   0.0903   0.1750   0.3014   1.21 |     -0.00  -0.00 |    508
L4_Ri2500            50.0 resolved  |   0.0669   0.1369   0.2553   1.38 |     -0.11  -0.11 |    514
L6_Ri2500            50.0 resolved  |   0.0866   0.1803   0.3124   1.25 |     -0.07  -0.07 |    498
L8_Ri2500            50.0 resolved  |   0.1822   0.2453   0.3237   0.58 |     +0.01   0.02 |    912
--------------------------------------------------------------------------------------------------------
pooled median Γ = 0.2157  (p25 0.0995, p75 0.3583, n = 11623)
  full flux      median Γ = 0.0900   spread across cases 0.0596 – 0.1203 (2 cases)
  resolved only  median Γ = 0.2476   spread across cases 0.1369 – 0.3410 (16 cases)
dlnΓ/dlnE is EXACTLY (panel-d slope − 1): 0 ⇒ K_T ∝ TKE/N.
Legacy cases lack F_sgs, so their K_T and Γ are biased LOW —
an offset between the two flux groups is an artefact, not physics.
wrote h_defs/peak_gradient/figures/gamma_collapse.png
========================================================================================================
