found 8 case(s): P4_T5_sqrtRi0, P4_T5_sqrtRi1, P4_T5_sqrtRi2, P4_T5_sqrtRi10, P4_T10_sqrtRi0, P4_T10_sqrtRi1, P4_T10_sqrtRi2, P4_T10_sqrtRi10

==============================================================================================
==== 2026-08-21 11:39:34  swirlesrun2.jl (panel d only)  SKIP_PERIODS=3  L_GEOM=h
==============================================================================================
case                        T    N/ω |    slope       r       n | slope at each cutoff 0.0 1.0 2.0 3.0 4.0 5.0 6.0
P4_T5_sqrtRi0               5      0 |    +0.62    0.86    1001 | +0.49 +0.53 +0.65 +0.62 +0.46 +0.38 +0.17
P4_T5_sqrtRi1               5      1 |    +1.00    0.46     686 | +0.89 +1.03 +0.96 +1.00 +0.87 +0.90 +0.51
P4_T5_sqrtRi2               5      2 |    +0.80    0.29     617 | +0.89 +0.86 +0.65 +0.80 +0.83 +0.64 +0.75
P4_T5_sqrtRi10              5     10 |    +0.67    0.39     920 | +0.47 +0.73 +0.65 +0.67 +0.54 +0.52 +0.54
P4_T10_sqrtRi0             10      0 |    +0.73    0.85    1001 | +0.54 +0.58 +0.75 +0.73 +0.58 +0.70 +0.50
P4_T10_sqrtRi1             10      1 |    +1.31    0.36     558 | +0.99 +1.37 +1.23 +1.31 +1.22 +1.36 +1.31
P4_T10_sqrtRi2             10      2 |    +0.59    0.23     598 | +0.84 +0.76 +0.71 +0.59 +0.58 +0.67 +1.30
P4_T10_sqrtRi10            10     10 |    +0.56    0.39     896 | +0.41 +0.50 +0.53 +0.56 +0.59 +0.43 +0.38
----------------------------------------------------------------------------------------------
A slope that changes across the cutoff columns is the spin-up transient,
not the closure. Read the exponent only where those columns are flat.
wrote h_defs/peak_gradient/figures/panelD_grid.png
      h_defs/peak_gradient/figures/panelD_stability.png
      h_defs/peak_gradient/figures/panelD_crossover.png
==============================================================================================
