
========================================================================================================
==== 2026-08-21 11:38:13  swirlesrun3.jl  Γ = K_T·N/TKE   SKIP_PERIODS=3  N/ω ≥ 5
========================================================================================================
case                  N/ω flux      |    Γ p25    Γ med    Γ p75  IQR/m | dlnΓ/dlnE      r |      n
P4_T10_sqrtRi10      10.0 full      |   0.2331   0.3243   0.4404   0.64 |     +0.11   0.11 |    918
P4_T5_sqrtRi10       10.0 full      |   0.2395   0.2899   0.3615   0.42 |     -0.05  -0.10 |   1001
L0p2Lz_Ri500         22.4 resolved  |   0.2168   0.3178   0.4289   0.67 |     -0.06  -0.04 |    894
L0p5Lz_Ri500         22.4 resolved  |   0.1922   0.3206   0.4695   0.86 |     +0.10   0.06 |    828
L1Lz_Ri500           22.4 resolved  |   0.1908   0.3340   0.5226   0.99 |     -0.03  -0.02 |    790
L1p5Lz_Ri500         22.4 resolved  |   0.1810   0.3322   0.5460   1.10 |     -0.05  -0.03 |    775
L2_Ri500             22.4 resolved  |   0.1928   0.3105   0.4321   0.77 |     -0.04  -0.03 |    868
L4_Ri500             22.4 resolved  |   0.1780   0.3209   0.4947   0.99 |     -0.04  -0.03 |    870
L6_Ri500             22.4 resolved  |   0.2049   0.3302   0.5018   0.90 |     -0.04  -0.03 |    841
L8_Ri500             22.4 resolved  |   0.1882   0.3232   0.4831   0.91 |     +0.09   0.05 |    827
L0p2Lz_Ri2500        50.0 resolved  |   0.1694   0.2555   0.3618   0.75 |     +0.24   0.20 |    926
L0p5Lz_Ri2500        50.0 resolved  |   0.1417   0.2556   0.4121   1.06 |     +0.02   0.01 |    844
L1Lz_Ri2500          50.0 resolved  |   0.1561   0.2624   0.4305   1.05 |     -0.14  -0.07 |    738
L1p5Lz_Ri2500        50.0 resolved  |   0.1368   0.2489   0.4302   1.18 |     -0.12  -0.06 |    759
L2_Ri2500            50.0 resolved  |   0.1752   0.2805   0.3987   0.80 |     +0.10   0.10 |    920
L4_Ri2500            50.0 resolved  |   0.1663   0.2820   0.4146   0.88 |     +0.11   0.10 |    884
L6_Ri2500            50.0 resolved  |   0.1438   0.2693   0.3991   0.95 |     +0.29   0.23 |    871
L8_Ri2500            50.0 resolved  |   0.1669   0.2890   0.4311   0.91 |     +0.09   0.07 |    854
--------------------------------------------------------------------------------------------------------
pooled median Γ = 0.2966  (p25 0.1850, p75 0.4317, n = 15408)
  full flux      median Γ = 0.3071   spread across cases 0.2899 – 0.3243 (2 cases)
  resolved only  median Γ = 0.2997   spread across cases 0.2489 – 0.3340 (16 cases)
dlnΓ/dlnE is EXACTLY (panel-d slope − 1): 0 ⇒ K_T ∝ TKE/N.
Legacy cases lack F_sgs, so their K_T and Γ are biased LOW —
an offset between the two flux groups is an artefact, not physics.
wrote h_defs/crossing_0p1/figures/gamma_collapse.png
========================================================================================================
