8 case(s): P4_T5_sqrtRi0, P4_T10_sqrtRi0, P4_T5_sqrtRi1, P4_T10_sqrtRi1, P4_T5_sqrtRi2, P4_T10_sqrtRi2, P4_T5_sqrtRi10, P4_T10_sqrtRi10

================================================================================================
==== 2026-08-21 11:38:27  swirlesrun4.jl   l = K_T(at_h)/√TKE   SKIP_PERIODS=3
================================================================================================

-- h --
case                      N/ω |      slope        r      n | median l/L
P4_T5_sqrtRi0               0 |      +0.92     0.50    992 |      0.083
P4_T10_sqrtRi0              0 |      +1.52     0.61    938 |      0.073
P4_T5_sqrtRi1               1 |      +0.82     0.41    909 |      0.061
P4_T10_sqrtRi1              1 |      +0.57     0.14    719 |      0.042
P4_T5_sqrtRi2               2 |      -0.13    -0.03    879 |      0.042
P4_T10_sqrtRi2              2 |      +2.32     0.13    709 |      0.040
P4_T5_sqrtRi10             10 |      -1.41    -0.28   1001 |      0.026
P4_T10_sqrtRi10            10 |      -0.90    -0.03    918 |      0.010

-- delta_s --
case                      N/ω |      slope        r      n | median l/L
P4_T5_sqrtRi0               0 |        n/a  (const)    992 |      3.409
P4_T10_sqrtRi0              0 |        n/a  (const)    938 |      3.666
P4_T5_sqrtRi1               1 |        n/a  (const)    909 |      3.360
P4_T10_sqrtRi1              1 |        n/a  (const)    719 |      3.382
P4_T5_sqrtRi2               2 |        n/a  (const)    879 |      2.828
P4_T10_sqrtRi2              2 |        n/a  (const)    709 |      2.991
P4_T5_sqrtRi10             10 |        n/a  (const)   1001 |      1.205
P4_T10_sqrtRi10            10 |        n/a  (const)    918 |      0.676

-- ustar_over_omega --
case                      N/ω |      slope        r      n | median l/L
P4_T5_sqrtRi0               0 |      +0.21     0.33    992 |      0.058
P4_T10_sqrtRi0              0 |      +0.21     0.32    938 |      0.059
P4_T5_sqrtRi1               1 |      +0.11     0.20    909 |      0.061
P4_T10_sqrtRi1              1 |      -0.09    -0.15    719 |      0.051
P4_T5_sqrtRi2               2 |      +0.23     0.27    879 |      0.042
P4_T10_sqrtRi2              2 |      +0.04     0.03    709 |      0.052
P4_T5_sqrtRi10             10 |      +0.17     0.22   1001 |      0.017
P4_T10_sqrtRi10            10 |      +0.53     0.43    918 |      0.011

-- q_over_N --
case                      N/ω |      slope        r      n | median l/L
P4_T5_sqrtRi0               0 |       +NaN      NaN      0 |        NaN
P4_T10_sqrtRi0              0 |       +NaN      NaN      0 |        NaN
P4_T5_sqrtRi1               1 |      -0.29    -0.31    909 |      0.086
P4_T10_sqrtRi1              1 |      -0.14    -0.12    719 |      0.163
P4_T5_sqrtRi2               2 |      +0.20     0.15    879 |      0.215
P4_T10_sqrtRi2              2 |      +0.29     0.13    709 |      0.321
P4_T5_sqrtRi10             10 |      +0.89     0.66   1001 |      0.290
P4_T10_sqrtRi10            10 |      +1.21     0.54    918 |      0.324

------------------------------------------------------------------------------------------------
A candidate is THE scale only if slope ≈ 1 AND median l/L is the same
across cases. Slope 1 with a case-dependent ratio means l is merely
correlated with that scale, not set by it.
wrote h_defs/crossing_0p1/figures/l_vs_h_ath.png
wrote h_defs/crossing_0p1/figures/l_vs_delta_s_ath.png
wrote h_defs/crossing_0p1/figures/l_vs_ustar_over_omega_ath.png
wrote h_defs/crossing_0p1/figures/l_vs_q_over_N_ath.png
================================================================================================
