
==============================================================================
==== 2026-08-18 14:39:48  Figures.jl
==== R=1  SHARP=6  T_STRAT=20
==============================================================================
[ Info: Ekman TKE case: r = N/f = 1.0, N² = 1e-08 s⁻², profile 4 (softplus), T = 20.0 m, sharp = 6.0
[ Info: Domain 75 × 75 × 100 m + 20 m sponge, grid 100 × 100 × 500; duration 400000 s = 6.37 inertial periods (T_f = 62832 s)
[ Info: Ekman_anim.jl — buoyancy, velocity and vorticity animations
[ Info: Oceananigans will use 12 threads
[ Info: Ekman TKE case: r = N/f = 1.0, N² = 1e-08 s⁻², profile 4 (softplus), T = 20.0 m, sharp = 6.0
[ Info: Domain 75 × 75 × 100 m + 20 m sponge, grid 100 × 100 × 500; duration 400000 s = 6.37 inertial periods (T_f = 62832 s)
[ Info: Making animation of buoyancy heatmaps...
[ Info: Drawing frame 200 / 2001...
[ Info: Drawing frame 400 / 2001...
[ Info: Drawing frame 600 / 2001...
[ Info: Drawing frame 800 / 2001...
[ Info: Drawing frame 1000 / 2001...
[ Info: Drawing frame 1200 / 2001...
[ Info: Drawing frame 1400 / 2001...
[ Info: Drawing frame 1600 / 2001...
[ Info: Drawing frame 1800 / 2001...
[ Info: Drawing frame 2000 / 2001...
[ Info: Saved animation to /home/xyy22/Documents/SRIM-2026/Ekman/TKE analysis/Animations/Buoyancy/r = 1.0.mp4
[ Info: Making animation of plane-averaged velocity profiles...
ERROR: LoadError: UndefVarError: `u_star` not defined in `Main`
Suggestion: check for spelling errors or missing imports.
Stacktrace:
 [1] top-level scope
   @ ~/.julia/packages/Plots/GIume/src/animation.jl:253
 [2] macro expansion
   @ ~/Documents/SRIM-2026/Ekman/TKE analysis/Ekman_anim.jl:129 [inlined]
 [3] include(mapexpr::Function, mod::Module, _path::String)
   @ Base ./Base.jl:307
 [4] top-level scope
   @ ~/Documents/SRIM-2026/Ekman/TKE analysis/Figures.jl:32
 [5] include(mod::Module, _path::String)
   @ Base ./Base.jl:306
 [6] exec_options(opts::Base.JLOptions)
   @ Base ./client.jl:317
 [7] _start()
   @ Base ./client.jl:550
in expression starting at /home/xyy22/Documents/SRIM-2026/Ekman/TKE analysis/Ekman_anim.jl:117
in expression starting at /home/xyy22/Documents/SRIM-2026/Ekman/TKE analysis/Figures.jl:30
