
==============================================================================
==== 2026-08-18 12:44:12  Ekman3D.jl
==== MOMENTS=1  PLOTS=0  R=1  SHARP=6  T_STRAT=20
==============================================================================
Dimensions                      75.0 m × 75.0 m × 100.0 m
Grid size                       100 × 100 × 500
Far stream velocity             U∞  = 0.0400
Square buoyancy frequency:      N²  = 1.00e-08,
Coriolis parameter:             f   = 1.00e-04,
Ratio:                          r   = N/f = 1.0
i:      0, sim time:  0.000000, wall time: 31.289 seconds, Δt:  0.900000, CFL: 5.49e-02
i:    100, sim time:  460.000000, wall time: 1.336 minutes, Δt:  7.500000, CFL: 5.30e-01
i:    200, sim time:  1175.000000, wall time: 1.530 minutes, Δt:  7.500000, CFL: 6.37e-01
i:    300, sim time:  1884.955592, wall time: 1.723 minutes, Δt:  7.500000, CFL: 6.37e-01
i:    400, sim time:  2588.274123, wall time: 1.916 minutes, Δt:  7.500000, CFL: 6.86e-01
i:    500, sim time:  3297.500000, wall time: 2.111 minutes, Δt:  7.500000, CFL: 7.14e-01
i:    600, sim time:  4000.000000, wall time: 2.304 minutes, Δt:  7.500000, CFL: 7.56e-01
i:    700, sim time:  4700.000000, wall time: 2.497 minutes, Δt:  7.500000, CFL: 7.74e-01
i:    800, sim time:  5415.000000, wall time: 2.690 minutes, Δt:  7.500000, CFL: 7.23e-01
i:    900, sim time:  6115.000000, wall time: 2.884 minutes, Δt:  7.500000, CFL: 8.05e-01
i:   1000, sim time:  6815.000000, wall time: 3.078 minutes, Δt:  7.500000, CFL: 7.84e-01
i:   1100, sim time:  7530.000000, wall time: 3.271 minutes, Δt:  7.500000, CFL: 7.85e-01
i:   1200, sim time:  8222.500000, wall time: 3.464 minutes, Δt:  7.500000, CFL: 7.80e-01
i:   1300, sim time:  8937.500000, wall time: 3.657 minutes, Δt:  7.500000, CFL: 8.67e-01
i:   1400, sim time:  9628.543241, wall time: 3.851 minutes, Δt:  7.500000, CFL: 8.67e-01
i:   1500, sim time:  10330.000000, wall time: 4.044 minutes, Δt:  7.500000, CFL: 8.15e-01
i:   1600, sim time:  11045.000000, wall time: 4.238 minutes, Δt:  7.500000, CFL: 7.94e-01
i:   1700, sim time:  11745.000000, wall time: 4.433 minutes, Δt:  7.500000, CFL: 8.27e-01
i:   1800, sim time:  12452.500000, wall time: 4.628 minutes, Δt:  7.500000, CFL: 7.74e-01
i:   1900, sim time:  13160.000000, wall time: 4.822 minutes, Δt:  7.500000, CFL: 8.02e-01
i:   2000, sim time:  13860.507676, wall time: 5.017 minutes, Δt:  7.500000, CFL: 7.91e-01
i:   2100, sim time:  14575.000000, wall time: 5.211 minutes, Δt:  7.500000, CFL: 7.77e-01
i:   2200, sim time:  15290.000000, wall time: 5.406 minutes, Δt:  7.500000, CFL: 8.35e-01
i:   2300, sim time:  15997.500000, wall time: 5.601 minutes, Δt:  7.500000, CFL: 8.93e-01
i:   2400, sim time:  16707.500000, wall time: 5.796 minutes, Δt:  7.500000, CFL: 8.43e-01
i:   2500, sim time:  17422.500000, wall time: 5.991 minutes, Δt:  7.500000, CFL: 8.62e-01
i:   2600, sim time:  18137.500000, wall time: 6.186 minutes, Δt:  7.500000, CFL: 8.29e-01
i:   2700, sim time:  18849.555922, wall time: 6.382 minutes, Δt:  7.500000, CFL: 8.62e-01
i:   2800, sim time:  19560.000000, wall time: 6.576 minutes, Δt:  7.500000, CFL: 8.71e-01
i:   2900, sim time:  20265.893895, wall time: 6.771 minutes, Δt:  7.246018, CFL: 9.00e-01
i:   3000, sim time:  20982.500000, wall time: 6.965 minutes, Δt:  7.500000, CFL: 8.48e-01
i:   3100, sim time:  21691.989310, wall time: 7.160 minutes, Δt:  7.500000, CFL: 8.46e-01
i:   3200, sim time:  22387.807840, wall time: 7.355 minutes, Δt:  7.500000, CFL: 8.59e-01
i:   3300, sim time:  23100.000000, wall time: 7.550 minutes, Δt:  7.500000, CFL: 8.84e-01
i:   3400, sim time:  23807.500000, wall time: 7.745 minutes, Δt:  7.500000, CFL: 8.80e-01
i:   3500, sim time:  24491.573422, wall time: 7.939 minutes, Δt:  7.487315, CFL: 9.00e-01
i:   3600, sim time:  25189.472854, wall time: 8.133 minutes, Δt:  7.285728, CFL: 9.00e-01
i:   3700, sim time:  25882.168198, wall time: 8.328 minutes, Δt:  7.493646, CFL: 9.00e-01
i:   3800, sim time:  26572.787305, wall time: 8.522 minutes, Δt:  7.489079, CFL: 9.00e-01
i:   3900, sim time:  27269.682415, wall time: 8.716 minutes, Δt:  7.301194, CFL: 9.00e-01
i:   4000, sim time:  27960.174617, wall time: 8.911 minutes, Δt:  7.444097, CFL: 9.00e-01
i:   4100, sim time:  28642.425045, wall time: 9.106 minutes, Δt:  7.035804, CFL: 9.00e-01
i:   4200, sim time:  29322.500000, wall time: 9.300 minutes, Δt:  7.500000, CFL: 8.91e-01
i:   4300, sim time:  30022.500000, wall time: 9.495 minutes, Δt:  7.453751, CFL: 9.00e-01
i:   4400, sim time:  30700.000000, wall time: 9.689 minutes, Δt:  7.500000, CFL: 8.95e-01
i:   4500, sim time:  31395.521635, wall time: 9.883 minutes, Δt:  7.266599, CFL: 9.00e-01
i:   4600, sim time:  32066.745067, wall time: 10.078 minutes, Δt:  7.444621, CFL: 9.00e-01
i:   4700, sim time:  32768.455556, wall time: 10.273 minutes, Δt:  6.942682, CFL: 9.00e-01
i:   4800, sim time:  33426.211941, wall time: 10.469 minutes, Δt:  6.658250, CFL: 9.00e-01
i:   4900, sim time:  34114.335477, wall time: 10.663 minutes, Δt:  7.476435, CFL: 9.00e-01
i:   5000, sim time:  34822.500000, wall time: 10.858 minutes, Δt:  7.500000, CFL: 8.98e-01
i:   5100, sim time:  35527.508717, wall time: 11.053 minutes, Δt:  6.849668, CFL: 9.00e-01
i:   5200, sim time:  36228.789416, wall time: 11.248 minutes, Δt:  7.264787, CFL: 9.00e-01
i:   5300, sim time:  36900.000000, wall time: 11.441 minutes, Δt:  7.437968, CFL: 9.00e-01
i:   5400, sim time:  37587.084697, wall time: 11.634 minutes, Δt:  6.730304, CFL: 9.00e-01
i:   5500, sim time:  38257.068101, wall time: 11.829 minutes, Δt:  6.974955, CFL: 9.00e-01
i:   5600, sim time:  38944.510106, wall time: 12.024 minutes, Δt:  7.284061, CFL: 9.00e-01
i:   5700, sim time:  39642.757352, wall time: 12.219 minutes, Δt:  7.184911, CFL: 9.00e-01
i:   5800, sim time:  40300.000000, wall time: 12.414 minutes, Δt:  6.894978, CFL: 9.00e-01
i:   5900, sim time:  41007.375084, wall time: 12.609 minutes, Δt:  7.500000, CFL: 8.85e-01
i:   6000, sim time:  41700.000000, wall time: 12.804 minutes, Δt:  7.065021, CFL: 9.00e-01
i:   6100, sim time:  42385.573401, wall time: 12.999 minutes, Δt:  6.588888, CFL: 9.00e-01
i:   6200, sim time:  43077.319354, wall time: 13.194 minutes, Δt:  6.932755, CFL: 9.00e-01
i:   6300, sim time:  43752.500000, wall time: 13.389 minutes, Δt:  7.500000, CFL: 8.93e-01
i:   6400, sim time:  44435.491875, wall time: 13.585 minutes, Δt:  7.164566, CFL: 9.00e-01
i:   6500, sim time:  45106.769891, wall time: 13.779 minutes, Δt:  6.786069, CFL: 9.00e-01
i:   6600, sim time:  45775.775244, wall time: 13.971 minutes, Δt:  7.143063, CFL: 9.00e-01
i:   6700, sim time:  46463.510134, wall time: 14.166 minutes, Δt:  6.962228, CFL: 9.00e-01
i:   6800, sim time:  47130.978428, wall time: 14.360 minutes, Δt:  6.753757, CFL: 9.00e-01
i:   6900, sim time:  47800.000000, wall time: 14.554 minutes, Δt:  7.500000, CFL: 8.93e-01
i:   7000, sim time:  48494.637944, wall time: 14.750 minutes, Δt:  7.128370, CFL: 9.00e-01
i:   7100, sim time:  49189.326343, wall time: 14.943 minutes, Δt:  7.236059, CFL: 9.00e-01
i:   7200, sim time:  49883.891798, wall time: 15.138 minutes, Δt:  7.219009, CFL: 9.00e-01
i:   7300, sim time:  50578.544943, wall time: 15.332 minutes, Δt:  7.500000, CFL: 8.98e-01
i:   7400, sim time:  51279.675457, wall time: 15.527 minutes, Δt:  7.496461, CFL: 9.00e-01
i:   7500, sim time:  51962.931988, wall time: 15.722 minutes, Δt:  7.387868, CFL: 9.00e-01
i:   7600, sim time:  52665.681185, wall time: 15.915 minutes, Δt:  7.234365, CFL: 9.00e-01
i:   7700, sim time:  53373.657841, wall time: 16.108 minutes, Δt:  7.500000, CFL: 8.99e-01
i:   7800, sim time:  54069.019777, wall time: 16.303 minutes, Δt:  7.099791, CFL: 9.00e-01
i:   7900, sim time:  54772.245643, wall time: 16.497 minutes, Δt:  7.486661, CFL: 9.00e-01
i:   8000, sim time:  55466.715679, wall time: 16.691 minutes, Δt:  7.500000, CFL: 8.91e-01
i:   8100, sim time:  56181.818728, wall time: 16.886 minutes, Δt:  7.464090, CFL: 9.00e-01
i:   8200, sim time:  56892.463601, wall time: 17.081 minutes, Δt:  7.148292, CFL: 9.00e-01
i:   8300, sim time:  57566.378400, wall time: 17.274 minutes, Δt:  7.500000, CFL: 8.69e-01
i:   8400, sim time:  58266.649354, wall time: 17.468 minutes, Δt:  7.002312, CFL: 9.00e-01
i:   8500, sim time:  58958.642424, wall time: 17.662 minutes, Δt:  7.211394, CFL: 9.00e-01
i:   8600, sim time:  59644.696803, wall time: 17.858 minutes, Δt:  7.464248, CFL: 9.00e-01
i:   8700, sim time:  60318.578949, wall time: 18.052 minutes, Δt:  7.363750, CFL: 9.00e-01
i:   8800, sim time:  61022.500000, wall time: 18.246 minutes, Δt:  7.389899, CFL: 9.00e-01
i:   8900, sim time:  61714.397411, wall time: 18.441 minutes, Δt:  7.138683, CFL: 9.00e-01
i:   9000, sim time:  62407.500000, wall time: 18.637 minutes, Δt:  7.500000, CFL: 8.98e-01
i:   9100, sim time:  63107.500000, wall time: 18.833 minutes, Δt:  7.500000, CFL: 8.85e-01
i:   9200, sim time:  63807.336462, wall time: 19.029 minutes, Δt:  7.500000, CFL: 8.96e-01
i:   9300, sim time:  64496.987495, wall time: 19.225 minutes, Δt:  6.935181, CFL: 9.00e-01
i:   9400, sim time:  65197.500000, wall time: 19.420 minutes, Δt:  7.500000, CFL: 8.83e-01
i:   9500, sim time:  65900.000000, wall time: 19.617 minutes, Δt:  7.500000, CFL: 8.88e-01
i:   9600, sim time:  66609.082237, wall time: 19.812 minutes, Δt:  7.172955, CFL: 9.00e-01
i:   9700, sim time:  67307.129750, wall time: 20.006 minutes, Δt:  7.500000, CFL: 8.92e-01
i:   9800, sim time:  68022.076274, wall time: 20.202 minutes, Δt:  7.500000, CFL: 8.79e-01
i:   9900, sim time:  68736.389791, wall time: 20.397 minutes, Δt:  6.995595, CFL: 9.00e-01
i:  10000, sim time:  69436.697644, wall time: 20.594 minutes, Δt:  7.500000, CFL: 8.82e-01
i:  10100, sim time:  70144.923465, wall time: 20.790 minutes, Δt:  7.456315, CFL: 9.00e-01
i:  10200, sim time:  70828.903313, wall time: 20.985 minutes, Δt:  7.500000, CFL: 8.77e-01
i:  10300, sim time:  71521.209982, wall time: 21.180 minutes, Δt:  7.192317, CFL: 9.00e-01
i:  10400, sim time:  72222.500000, wall time: 21.375 minutes, Δt:  7.500000, CFL: 8.82e-01
i:  10500, sim time:  72930.000000, wall time: 21.571 minutes, Δt:  7.500000, CFL: 8.82e-01
i:  10600, sim time:  73622.500000, wall time: 21.766 minutes, Δt:  7.500000, CFL: 8.90e-01
i:  10700, sim time:  74336.443273, wall time: 21.960 minutes, Δt:  7.500000, CFL: 8.79e-01
i:  10800, sim time:  75034.897266, wall time: 22.156 minutes, Δt:  7.170949, CFL: 9.00e-01
i:  10900, sim time:  75706.646015, wall time: 22.351 minutes, Δt:  6.411037, CFL: 9.00e-01
i:  11000, sim time:  76369.362249, wall time: 22.546 minutes, Δt:  7.054537, CFL: 9.00e-01
i:  11100, sim time:  77060.000000, wall time: 22.742 minutes, Δt:  7.500000, CFL: 8.71e-01
i:  11200, sim time:  77751.947729, wall time: 22.938 minutes, Δt:  7.088827, CFL: 9.00e-01
i:  11300, sim time:  78459.943125, wall time: 23.135 minutes, Δt:  7.424140, CFL: 9.00e-01
i:  11400, sim time:  79152.289100, wall time: 23.331 minutes, Δt:  7.500000, CFL: 8.64e-01
i:  11500, sim time:  79843.944685, wall time: 23.527 minutes, Δt:  7.285042, CFL: 9.00e-01
i:  11600, sim time:  80552.500000, wall time: 23.722 minutes, Δt:  7.500000, CFL: 8.89e-01
i:  11700, sim time:  81245.000000, wall time: 23.918 minutes, Δt:  7.500000, CFL: 8.72e-01
i:  11800, sim time:  81942.290600, wall time: 24.115 minutes, Δt:  6.793894, CFL: 9.00e-01
i:  11900, sim time:  82638.416166, wall time: 24.313 minutes, Δt:  7.015247, CFL: 9.00e-01
i:  12000, sim time:  83330.000000, wall time: 24.507 minutes, Δt:  7.500000, CFL: 8.66e-01
i:  12100, sim time:  84044.138804, wall time: 24.702 minutes, Δt:  7.438623, CFL: 9.00e-01
i:  12200, sim time:  84752.500000, wall time: 24.897 minutes, Δt:  7.500000, CFL: 8.72e-01
i:  12300, sim time:  85436.861540, wall time: 25.091 minutes, Δt:  7.161244, CFL: 9.00e-01
i:  12400, sim time:  86142.134958, wall time: 25.284 minutes, Δt:  7.025487, CFL: 9.00e-01
i:  12500, sim time:  86837.500000, wall time: 25.479 minutes, Δt:  7.342350, CFL: 9.00e-01
i:  12600, sim time:  87536.937230, wall time: 25.674 minutes, Δt:  7.481501, CFL: 9.00e-01
i:  12700, sim time:  88244.928207, wall time: 25.868 minutes, Δt:  7.500000, CFL: 8.77e-01
i:  12800, sim time:  88932.560489, wall time: 26.063 minutes, Δt:  6.619768, CFL: 9.00e-01
i:  12900, sim time:  89644.221957, wall time: 26.257 minutes, Δt:  7.465301, CFL: 9.00e-01
i:  13000, sim time:  90359.947946, wall time: 26.450 minutes, Δt:  7.500000, CFL: 8.95e-01
i:  13100, sim time:  91067.500000, wall time: 26.645 minutes, Δt:  7.500000, CFL: 8.82e-01
i:  13200, sim time:  91779.505485, wall time: 26.839 minutes, Δt:  7.500000, CFL: 8.69e-01
i:  13300, sim time:  92486.305803, wall time: 27.034 minutes, Δt:  7.500000, CFL: 8.94e-01
i:  13400, sim time:  93184.780460, wall time: 27.229 minutes, Δt:  7.258735, CFL: 9.00e-01
i:  13500, sim time:  93895.310964, wall time: 27.424 minutes, Δt:  7.458730, CFL: 9.00e-01
i:  13600, sim time:  94591.938873, wall time: 27.620 minutes, Δt:  7.500000, CFL: 8.92e-01
i:  13700, sim time:  95285.681136, wall time: 27.816 minutes, Δt:  7.037022, CFL: 9.00e-01
i:  13800, sim time:  95982.384435, wall time: 28.010 minutes, Δt:  7.500000, CFL: 8.99e-01
i:  13900, sim time:  96687.094537, wall time: 28.205 minutes, Δt:  7.379479, CFL: 9.00e-01
i:  14000, sim time:  97364.263022, wall time: 28.400 minutes, Δt:  7.416854, CFL: 9.00e-01
i:  14100, sim time:  98031.245051, wall time: 28.596 minutes, Δt:  6.650505, CFL: 9.00e-01
i:  14200, sim time:  98720.957135, wall time: 28.791 minutes, Δt:  7.240637, CFL: 9.00e-01
i:  14300, sim time:  99414.517633, wall time: 28.987 minutes, Δt:  7.500000, CFL: 8.90e-01
i:  14400, sim time:  100100.000000, wall time: 29.180 minutes, Δt:  7.316050, CFL: 9.00e-01
i:  14500, sim time:  100797.500000, wall time: 29.374 minutes, Δt:  7.451019, CFL: 9.00e-01
i:  14600, sim time:  101495.942711, wall time: 29.569 minutes, Δt:  7.444662, CFL: 9.00e-01
i:  14700, sim time:  102200.000000, wall time: 29.764 minutes, Δt:  7.393523, CFL: 9.00e-01
i:  14800, sim time:  102896.246323, wall time: 29.960 minutes, Δt:  7.500000, CFL: 8.92e-01
i:  14900, sim time:  103600.000000, wall time: 30.154 minutes, Δt:  7.400607, CFL: 9.00e-01
i:  15000, sim time:  104308.376099, wall time: 30.351 minutes, Δt:  7.336929, CFL: 9.00e-01
i:  15100, sim time:  105007.500000, wall time: 30.546 minutes, Δt:  7.445637, CFL: 9.00e-01
i:  15200, sim time:  105722.500000, wall time: 30.740 minutes, Δt:  7.500000, CFL: 8.87e-01
i:  15300, sim time:  106430.000000, wall time: 30.934 minutes, Δt:  7.459144, CFL: 9.00e-01
i:  15400, sim time:  107128.090849, wall time: 31.129 minutes, Δt:  6.873611, CFL: 9.00e-01
i:  15500, sim time:  107830.000000, wall time: 31.325 minutes, Δt:  7.447836, CFL: 9.00e-01
i:  15600, sim time:  108537.500000, wall time: 31.520 minutes, Δt:  7.500000, CFL: 9.00e-01
i:  15700, sim time:  109234.669924, wall time: 31.716 minutes, Δt:  7.340976, CFL: 9.00e-01
i:  15800, sim time:  109950.431789, wall time: 31.910 minutes, Δt:  7.500000, CFL: 8.98e-01
i:  15900, sim time:  110637.500000, wall time: 32.105 minutes, Δt:  7.500000, CFL: 8.59e-01
i:  16000, sim time:  111335.245180, wall time: 32.299 minutes, Δt:  7.500000, CFL: 8.64e-01
i:  16100, sim time:  112051.892045, wall time: 32.495 minutes, Δt:  7.467396, CFL: 9.00e-01
i:  16200, sim time:  112743.743207, wall time: 32.690 minutes, Δt:  7.149200, CFL: 9.00e-01
i:  16300, sim time:  113441.494795, wall time: 32.885 minutes, Δt:  7.500000, CFL: 8.79e-01
i:  16400, sim time:  114142.903216, wall time: 33.078 minutes, Δt:  6.894105, CFL: 9.00e-01
i:  16500, sim time:  114822.500000, wall time: 33.274 minutes, Δt:  7.264272, CFL: 9.00e-01
i:  16600, sim time:  115529.812531, wall time: 33.468 minutes, Δt:  7.500000, CFL: 8.93e-01
i:  16700, sim time:  116222.262463, wall time: 33.664 minutes, Δt:  7.241474, CFL: 9.00e-01
i:  16800, sim time:  116914.595721, wall time: 33.859 minutes, Δt:  7.291825, CFL: 9.00e-01
i:  16900, sim time:  117606.766946, wall time: 34.054 minutes, Δt:  7.162700, CFL: 9.00e-01
i:  17000, sim time:  118307.450383, wall time: 34.248 minutes, Δt:  7.129728, CFL: 9.00e-01
i:  17100, sim time:  119000.000000, wall time: 34.442 minutes, Δt:  7.500000, CFL: 8.69e-01
i:  17200, sim time:  119707.373175, wall time: 34.638 minutes, Δt:  7.500000, CFL: 8.96e-01
i:  17300, sim time:  120407.301136, wall time: 34.832 minutes, Δt:  7.095080, CFL: 9.00e-01
i:  17400, sim time:  121115.000000, wall time: 35.025 minutes, Δt:  7.500000, CFL: 8.80e-01
i:  17500, sim time:  121822.500000, wall time: 35.220 minutes, Δt:  7.500000, CFL: 9.00e-01
i:  17600, sim time:  122521.422693, wall time: 35.414 minutes, Δt:  7.500000, CFL: 8.87e-01
i:  17700, sim time:  123213.646922, wall time: 35.609 minutes, Δt:  6.548417, CFL: 9.00e-01
i:  17800, sim time:  123914.382293, wall time: 35.803 minutes, Δt:  7.493509, CFL: 9.00e-01
i:  17900, sim time:  124607.299239, wall time: 35.998 minutes, Δt:  7.433911, CFL: 9.00e-01
i:  18000, sim time:  125279.135627, wall time: 36.193 minutes, Δt:  7.108035, CFL: 9.00e-01
i:  18100, sim time:  125957.341907, wall time: 36.387 minutes, Δt:  7.047694, CFL: 9.00e-01
i:  18200, sim time:  126651.183940, wall time: 36.582 minutes, Δt:  7.500000, CFL: 8.76e-01
i:  18300, sim time:  127358.097515, wall time: 36.775 minutes, Δt:  7.500000, CFL: 8.78e-01
i:  18400, sim time:  128051.852215, wall time: 36.969 minutes, Δt:  7.389869, CFL: 9.00e-01
i:  18500, sim time:  128750.911940, wall time: 37.162 minutes, Δt:  7.451641, CFL: 9.00e-01
i:  18600, sim time:  129448.617328, wall time: 37.356 minutes, Δt:  7.173457, CFL: 9.00e-01
i:  18700, sim time:  130144.139411, wall time: 37.549 minutes, Δt:  7.226054, CFL: 9.00e-01
i:  18800, sim time:  130833.828996, wall time: 37.743 minutes, Δt:  7.043030, CFL: 9.00e-01
i:  18900, sim time:  131520.579068, wall time: 37.937 minutes, Δt:  7.159486, CFL: 9.00e-01
i:  19000, sim time:  132230.000000, wall time: 38.131 minutes, Δt:  7.500000, CFL: 8.91e-01
i:  19100, sim time:  132907.261734, wall time: 38.325 minutes, Δt:  7.227552, CFL: 9.00e-01
i:  19200, sim time:  133600.000000, wall time: 38.519 minutes, Δt:  7.500000, CFL: 8.86e-01
i:  19300, sim time:  134300.000000, wall time: 38.715 minutes, Δt:  7.441550, CFL: 9.00e-01
i:  19400, sim time:  134996.076350, wall time: 38.910 minutes, Δt:  7.438607, CFL: 9.00e-01
i:  19500, sim time:  135695.092197, wall time: 39.104 minutes, Δt:  7.221575, CFL: 9.00e-01
i:  19600, sim time:  136382.621166, wall time: 39.297 minutes, Δt:  7.446238, CFL: 9.00e-01
i:  19700, sim time:  137080.524261, wall time: 39.492 minutes, Δt:  7.215627, CFL: 9.00e-01
i:  19800, sim time:  137759.433060, wall time: 39.685 minutes, Δt:  7.500000, CFL: 8.98e-01
i:  19900, sim time:  138450.308896, wall time: 39.880 minutes, Δt:  6.771894, CFL: 9.00e-01
i:  20000, sim time:  139149.614490, wall time: 40.073 minutes, Δt:  7.437425, CFL: 9.00e-01
i:  20100, sim time:  139845.409296, wall time: 40.268 minutes, Δt:  7.397591, CFL: 9.00e-01
i:  20200, sim time:  140544.935125, wall time: 40.464 minutes, Δt:  7.500000, CFL: 8.80e-01
i:  20300, sim time:  141255.784079, wall time: 40.659 minutes, Δt:  7.021315, CFL: 9.00e-01
i:  20400, sim time:  141928.197936, wall time: 40.854 minutes, Δt:  7.136657, CFL: 9.00e-01
i:  20500, sim time:  142615.000000, wall time: 41.048 minutes, Δt:  7.500000, CFL: 8.45e-01
i:  20600, sim time:  143315.000000, wall time: 41.242 minutes, Δt:  7.500000, CFL: 8.88e-01
i:  20700, sim time:  144013.431070, wall time: 41.436 minutes, Δt:  6.909484, CFL: 9.00e-01
i:  20800, sim time:  144715.000000, wall time: 41.630 minutes, Δt:  7.491560, CFL: 9.00e-01
i:  20900, sim time:  145430.000000, wall time: 41.824 minutes, Δt:  7.479230, CFL: 9.00e-01
i:  21000, sim time:  146115.000000, wall time: 42.018 minutes, Δt:  7.457690, CFL: 9.00e-01
i:  21100, sim time:  146814.309190, wall time: 42.211 minutes, Δt:  7.156169, CFL: 9.00e-01
i:  21200, sim time:  147522.052311, wall time: 42.405 minutes, Δt:  7.229507, CFL: 9.00e-01
i:  21300, sim time:  148214.527775, wall time: 42.598 minutes, Δt:  7.483160, CFL: 9.00e-01
i:  21400, sim time:  148911.491780, wall time: 42.790 minutes, Δt:  7.500000, CFL: 8.89e-01
i:  21500, sim time:  149600.000000, wall time: 42.984 minutes, Δt:  7.500000, CFL: 8.78e-01
i:  21600, sim time:  150294.531739, wall time: 43.177 minutes, Δt:  7.181350, CFL: 9.00e-01
i:  21700, sim time:  150978.274147, wall time: 43.372 minutes, Δt:  6.995862, CFL: 9.00e-01
i:  21800, sim time:  151675.000000, wall time: 43.568 minutes, Δt:  7.492392, CFL: 9.00e-01
i:  21900, sim time:  152367.243699, wall time: 43.763 minutes, Δt:  7.265511, CFL: 9.00e-01
i:  22000, sim time:  153082.500000, wall time: 43.958 minutes, Δt:  7.500000, CFL: 8.95e-01
i:  22100, sim time:  153769.144112, wall time: 44.154 minutes, Δt:  7.327370, CFL: 9.00e-01
i:  22200, sim time:  154472.277578, wall time: 44.350 minutes, Δt:  7.368425, CFL: 9.00e-01
i:  22300, sim time:  155165.525923, wall time: 44.544 minutes, Δt:  7.500000, CFL: 8.85e-01
i:  22400, sim time:  155867.995618, wall time: 44.739 minutes, Δt:  7.423456, CFL: 9.00e-01
i:  22500, sim time:  156581.258137, wall time: 44.934 minutes, Δt:  7.139960, CFL: 9.00e-01
i:  22600, sim time:  157273.802406, wall time: 45.128 minutes, Δt:  7.145471, CFL: 9.00e-01
i:  22700, sim time:  157956.899880, wall time: 45.324 minutes, Δt:  6.959512, CFL: 9.00e-01
i:  22800, sim time:  158635.180528, wall time: 45.519 minutes, Δt:  7.310018, CFL: 9.00e-01
i:  22900, sim time:  159344.953168, wall time: 45.714 minutes, Δt:  7.384701, CFL: 9.00e-01
i:  23000, sim time:  160042.070213, wall time: 45.908 minutes, Δt:  7.398431, CFL: 9.00e-01
i:  23100, sim time:  160757.730132, wall time: 46.103 minutes, Δt:  7.500000, CFL: 8.83e-01
i:  23200, sim time:  161472.674219, wall time: 46.298 minutes, Δt:  7.500000, CFL: 8.94e-01
i:  23300, sim time:  162180.731932, wall time: 46.493 minutes, Δt:  7.239391, CFL: 9.00e-01
i:  23400, sim time:  162888.311542, wall time: 46.689 minutes, Δt:  7.500000, CFL: 8.76e-01
i:  23500, sim time:  163600.000000, wall time: 46.883 minutes, Δt:  7.441932, CFL: 9.00e-01
i:  23600, sim time:  164286.640743, wall time: 47.077 minutes, Δt:  7.500000, CFL: 8.99e-01
i:  23700, sim time:  164999.454065, wall time: 47.270 minutes, Δt:  7.032571, CFL: 9.00e-01
i:  23800, sim time:  165666.046992, wall time: 47.464 minutes, Δt:  7.275967, CFL: 9.00e-01
i:  23900, sim time:  166359.258264, wall time: 47.657 minutes, Δt:  7.054626, CFL: 9.00e-01
i:  24000, sim time:  167049.340387, wall time: 47.853 minutes, Δt:  7.195536, CFL: 9.00e-01
i:  24100, sim time:  167750.549326, wall time: 48.048 minutes, Δt:  7.271782, CFL: 9.00e-01
i:  24200, sim time:  168445.000000, wall time: 48.245 minutes, Δt:  7.500000, CFL: 8.91e-01
i:  24300, sim time:  169121.961503, wall time: 48.439 minutes, Δt:  7.394763, CFL: 9.00e-01
i:  24400, sim time:  169814.243326, wall time: 48.634 minutes, Δt:  6.936227, CFL: 9.00e-01
i:  24500, sim time:  170507.500000, wall time: 48.828 minutes, Δt:  7.500000, CFL: 8.95e-01
i:  24600, sim time:  171207.477889, wall time: 49.023 minutes, Δt:  7.323279, CFL: 9.00e-01
i:  24700, sim time:  171897.618151, wall time: 49.218 minutes, Δt:  7.500000, CFL: 8.91e-01
i:  24800, sim time:  172597.101614, wall time: 49.412 minutes, Δt:  7.202099, CFL: 9.00e-01
i:  24900, sim time:  173271.474268, wall time: 49.606 minutes, Δt:  6.919753, CFL: 9.00e-01
i:  25000, sim time:  173952.500000, wall time: 49.801 minutes, Δt:  7.500000, CFL: 8.77e-01
i:  25100, sim time:  174652.789676, wall time: 49.996 minutes, Δt:  6.813621, CFL: 9.00e-01
i:  25200, sim time:  175328.376086, wall time: 50.192 minutes, Δt:  7.169224, CFL: 9.00e-01
i:  25300, sim time:  176007.483760, wall time: 50.387 minutes, Δt:  7.500000, CFL: 8.86e-01
i:  25400, sim time:  176722.054891, wall time: 50.583 minutes, Δt:  7.328999, CFL: 9.00e-01
i:  25500, sim time:  177379.308425, wall time: 50.778 minutes, Δt:  7.500000, CFL: 8.89e-01
i:  25600, sim time:  178074.280972, wall time: 50.974 minutes, Δt:  6.886140, CFL: 9.00e-01
i:  25700, sim time:  178763.519424, wall time: 51.171 minutes, Δt:  7.300000, CFL: 9.00e-01
i:  25800, sim time:  179472.903728, wall time: 51.367 minutes, Δt:  6.727124, CFL: 9.00e-01
i:  25900, sim time:  180145.000000, wall time: 51.563 minutes, Δt:  7.461123, CFL: 9.00e-01
i:  26000, sim time:  180858.431236, wall time: 51.759 minutes, Δt:  7.300492, CFL: 9.00e-01
i:  26100, sim time:  181537.500000, wall time: 51.954 minutes, Δt:  7.500000, CFL: 8.99e-01
i:  26200, sim time:  182234.873908, wall time: 52.149 minutes, Δt:  7.500000, CFL: 8.71e-01
i:  26300, sim time:  182929.586166, wall time: 52.344 minutes, Δt:  7.500000, CFL: 8.97e-01
i:  26400, sim time:  183629.587820, wall time: 52.540 minutes, Δt:  7.246652, CFL: 9.00e-01
i:  26500, sim time:  184322.500000, wall time: 52.735 minutes, Δt:  7.500000, CFL: 8.80e-01
i:  26600, sim time:  185030.000000, wall time: 52.931 minutes, Δt:  7.490254, CFL: 9.00e-01
i:  26700, sim time:  185713.977453, wall time: 53.126 minutes, Δt:  7.450134, CFL: 9.00e-01
i:  26800, sim time:  186414.195241, wall time: 53.321 minutes, Δt:  6.785250, CFL: 9.00e-01
i:  26900, sim time:  187107.500000, wall time: 53.517 minutes, Δt:  7.500000, CFL: 8.75e-01
i:  27000, sim time:  187807.500000, wall time: 53.713 minutes, Δt:  7.500000, CFL: 8.72e-01
i:  27100, sim time:  188500.000000, wall time: 53.908 minutes, Δt:  7.479440, CFL: 9.00e-01
i:  27200, sim time:  189200.000000, wall time: 54.103 minutes, Δt:  7.500000, CFL: 8.87e-01
i:  27300, sim time:  189900.000000, wall time: 54.299 minutes, Δt:  7.492539, CFL: 9.00e-01
i:  27400, sim time:  190592.543987, wall time: 54.494 minutes, Δt:  6.921997, CFL: 9.00e-01
i:  27500, sim time:  191287.466761, wall time: 54.691 minutes, Δt:  7.415944, CFL: 9.00e-01
i:  27600, sim time:  191972.865339, wall time: 54.888 minutes, Δt:  7.467005, CFL: 9.00e-01
i:  27700, sim time:  192674.591216, wall time: 55.084 minutes, Δt:  6.730774, CFL: 9.00e-01
i:  27800, sim time:  193357.327400, wall time: 55.279 minutes, Δt:  7.500000, CFL: 9.00e-01
i:  27900, sim time:  194064.162030, wall time: 55.475 minutes, Δt:  7.446216, CFL: 9.00e-01
i:  28000, sim time:  194774.841883, wall time: 55.670 minutes, Δt:  7.500000, CFL: 8.94e-01
i:  28100, sim time:  195459.039154, wall time: 55.866 minutes, Δt:  7.500000, CFL: 8.94e-01
i:  28200, sim time:  196164.834053, wall time: 56.061 minutes, Δt:  7.001378, CFL: 9.00e-01
i:  28300, sim time:  196865.369786, wall time: 56.256 minutes, Δt:  7.308305, CFL: 9.00e-01
i:  28400, sim time:  197567.500000, wall time: 56.450 minutes, Δt:  7.275550, CFL: 9.00e-01
i:  28500, sim time:  198264.496442, wall time: 56.646 minutes, Δt:  7.478176, CFL: 9.00e-01
i:  28600, sim time:  198971.747116, wall time: 56.840 minutes, Δt:  7.500000, CFL: 8.77e-01
i:  28700, sim time:  199674.722933, wall time: 57.035 minutes, Δt:  7.296022, CFL: 9.00e-01
i:  28800, sim time:  200348.407165, wall time: 57.228 minutes, Δt:  7.006654, CFL: 9.00e-01
i:  28900, sim time:  201049.224254, wall time: 57.423 minutes, Δt:  6.886596, CFL: 9.00e-01
i:  29000, sim time:  201730.000000, wall time: 57.618 minutes, Δt:  7.500000, CFL: 8.45e-01
i:  29100, sim time:  202421.853000, wall time: 57.815 minutes, Δt:  7.384019, CFL: 9.00e-01
i:  29200, sim time:  203122.395146, wall time: 58.009 minutes, Δt:  7.360370, CFL: 9.00e-01
i:  29300, sim time:  203806.927727, wall time: 58.206 minutes, Δt:  6.521227, CFL: 9.00e-01
i:  29400, sim time:  204495.072989, wall time: 58.400 minutes, Δt:  7.087922, CFL: 9.00e-01
i:  29500, sim time:  205190.964561, wall time: 58.595 minutes, Δt:  7.497669, CFL: 9.00e-01
i:  29600, sim time:  205882.475093, wall time: 58.790 minutes, Δt:  7.500000, CFL: 8.60e-01
i:  29700, sim time:  206587.556400, wall time: 58.985 minutes, Δt:  6.873862, CFL: 9.00e-01
i:  29800, sim time:  207281.764513, wall time: 59.180 minutes, Δt:  7.294914, CFL: 9.00e-01
i:  29900, sim time:  207979.803211, wall time: 59.374 minutes, Δt:  6.631497, CFL: 9.00e-01
i:  30000, sim time:  208673.665238, wall time: 59.571 minutes, Δt:  7.471723, CFL: 9.00e-01
i:  30100, sim time:  209363.211084, wall time: 59.766 minutes, Δt:  7.068400, CFL: 9.00e-01
i:  30200, sim time:  210062.112814, wall time: 59.962 minutes, Δt:  7.273550, CFL: 9.00e-01
i:  30300, sim time:  210775.000000, wall time: 1.003 hours, Δt:  7.500000, CFL: 8.84e-01
i:  30400, sim time:  211451.060209, wall time: 1.006 hours, Δt:  7.275228, CFL: 9.00e-01
i:  30500, sim time:  212152.500000, wall time: 1.009 hours, Δt:  7.500000, CFL: 8.84e-01
i:  30600, sim time:  212865.844134, wall time: 1.012 hours, Δt:  7.500000, CFL: 8.64e-01
i:  30700, sim time:  213575.000000, wall time: 1.016 hours, Δt:  7.500000, CFL: 8.73e-01
i:  30800, sim time:  214279.118975, wall time: 1.019 hours, Δt:  7.314444, CFL: 9.00e-01
i:  30900, sim time:  214973.589168, wall time: 1.022 hours, Δt:  7.128581, CFL: 9.00e-01
i:  31000, sim time:  215682.500000, wall time: 1.025 hours, Δt:  7.300538, CFL: 9.00e-01
i:  31100, sim time:  216396.984819, wall time: 1.029 hours, Δt:  7.069592, CFL: 9.00e-01
i:  31200, sim time:  217084.052363, wall time: 1.032 hours, Δt:  7.495221, CFL: 9.00e-01
i:  31300, sim time:  217786.965005, wall time: 1.035 hours, Δt:  7.408624, CFL: 9.00e-01
i:  31400, sim time:  218500.000000, wall time: 1.038 hours, Δt:  7.240468, CFL: 9.00e-01
i:  31500, sim time:  219200.000000, wall time: 1.042 hours, Δt:  7.254936, CFL: 9.00e-01
i:  31600, sim time:  219900.000000, wall time: 1.045 hours, Δt:  7.352088, CFL: 9.00e-01
i:  31700, sim time:  220600.000000, wall time: 1.048 hours, Δt:  7.469724, CFL: 9.00e-01
i:  31800, sim time:  221300.000000, wall time: 1.051 hours, Δt:  7.500000, CFL: 8.63e-01
i:  31900, sim time:  222007.120743, wall time: 1.055 hours, Δt:  6.969039, CFL: 9.00e-01
i:  32000, sim time:  222714.481791, wall time: 1.058 hours, Δt:  7.446276, CFL: 9.00e-01
i:  32100, sim time:  223400.000000, wall time: 1.061 hours, Δt:  7.207595, CFL: 9.00e-01
i:  32200, sim time:  224107.500000, wall time: 1.064 hours, Δt:  7.500000, CFL: 8.72e-01
i:  32300, sim time:  224775.134618, wall time: 1.068 hours, Δt:  6.830648, CFL: 9.00e-01
i:  32400, sim time:  225471.760229, wall time: 1.071 hours, Δt:  7.449147, CFL: 9.00e-01
i:  32500, sim time:  226156.566153, wall time: 1.074 hours, Δt:  7.243806, CFL: 9.00e-01
i:  32600, sim time:  226844.695432, wall time: 1.077 hours, Δt:  6.844094, CFL: 9.00e-01
i:  32700, sim time:  227529.766697, wall time: 1.081 hours, Δt:  7.500000, CFL: 8.94e-01
i:  32800, sim time:  228237.500000, wall time: 1.084 hours, Δt:  7.465588, CFL: 9.00e-01
i:  32900, sim time:  228898.024737, wall time: 1.087 hours, Δt:  6.897435, CFL: 9.00e-01
i:  33000, sim time:  229571.377062, wall time: 1.090 hours, Δt:  7.167411, CFL: 9.00e-01
i:  33100, sim time:  230286.046141, wall time: 1.094 hours, Δt:  7.255787, CFL: 9.00e-01
i:  33200, sim time:  231000.000000, wall time: 1.097 hours, Δt:  7.244443, CFL: 9.00e-01
i:  33300, sim time:  231714.892543, wall time: 1.100 hours, Δt:  7.020397, CFL: 9.00e-01
i:  33400, sim time:  232394.508491, wall time: 1.103 hours, Δt:  7.230901, CFL: 9.00e-01
i:  33500, sim time:  233082.500000, wall time: 1.107 hours, Δt:  7.500000, CFL: 8.75e-01
i:  33600, sim time:  233794.493427, wall time: 1.110 hours, Δt:  7.500000, CFL: 8.72e-01
i:  33700, sim time:  234494.897653, wall time: 1.113 hours, Δt:  7.410329, CFL: 9.00e-01
i:  33800, sim time:  235188.246739, wall time: 1.116 hours, Δt:  7.103418, CFL: 9.00e-01
i:  33900, sim time:  235872.665901, wall time: 1.120 hours, Δt:  7.500000, CFL: 8.82e-01
i:  34000, sim time:  236538.378014, wall time: 1.123 hours, Δt:  7.235451, CFL: 9.00e-01
i:  34100, sim time:  237213.768804, wall time: 1.126 hours, Δt:  7.207971, CFL: 9.00e-01
i:  34200, sim time:  237930.000000, wall time: 1.130 hours, Δt:  7.444120, CFL: 9.00e-01
i:  34300, sim time:  238630.000000, wall time: 1.133 hours, Δt:  7.500000, CFL: 8.74e-01
i:  34400, sim time:  239322.100082, wall time: 1.136 hours, Δt:  7.460604, CFL: 9.00e-01
i:  34500, sim time:  240017.678734, wall time: 1.139 hours, Δt:  6.578756, CFL: 9.00e-01
i:  34600, sim time:  240684.813508, wall time: 1.143 hours, Δt:  6.875187, CFL: 9.00e-01
i:  34700, sim time:  241380.086312, wall time: 1.146 hours, Δt:  7.216098, CFL: 9.00e-01
i:  34800, sim time:  242058.902812, wall time: 1.149 hours, Δt:  7.500000, CFL: 8.99e-01
[ Info: Oceananigans will use 12 threads
[ Info: Ekman TKE case: r = N/f = 1.0, N² = 1e-08 s⁻², profile 4 (softplus), T = 20.0 m, sharp = 6.0
[ Info: Domain 75 × 75 × 100 m + 20 m sponge, grid 100 × 100 × 500; duration 400000 s = 6.37 inertial periods (T_f = 62832 s)
[ Info: Using a(n) softplus initial buoyancy profile...
[ Info: Using Gaussian mask for sponge layer...
[ Info: 3D simulation parameters
[ Info: Moments.jl: closure auxiliary fields found at `model.closure_fields` (Tuple)
[ Info: Moments.jl: SGS diffusivity resolved as `model.closure_fields[2].κₑ[:b]` — 100×100×500 Field{Center, Center, Center} on RectilinearGrid on CUDAGPU
[ Info: Moments.jl: writing 13 plane-averaged profiles to /home/xyy22/Documents/SRIM-2026/Ekman/TKE analysis/Data/r=1.0, T=20.0/Moments.jld2 every 314 s (T_f/200); 1273 samples over the 6.37-inertial-period run
[ Info: Initializing simulation...
[ Info: Moments check @ 0.00 inertial periods: max|⟨w⟩_xy| = 7.909e-19 m/s (= 2.0e-17 U∞); κₑ ∈ [0.000e+00, 1.747e-03] m²/s
[ Info:     ... simulation initialization complete (38.865 seconds)
[ Info: Executing initial time step...
[ Info:     ... initial time step complete (3.023 seconds).
[ Info: Moments check @ 0.05 inertial periods: max|⟨w⟩_xy| = 9.801e-21 m/s (= 2.5e-19 U∞); κₑ ∈ [0.000e+00, 9.530e-04] m²/s
[ Info: Moments check @ 0.10 inertial periods: max|⟨w⟩_xy| = 8.327e-21 m/s (= 2.1e-19 U∞); κₑ ∈ [0.000e+00, 1.416e-03] m²/s
[ Info: Moments check @ 0.15 inertial periods: max|⟨w⟩_xy| = 9.714e-21 m/s (= 2.4e-19 U∞); κₑ ∈ [0.000e+00, 1.514e-03] m²/s
[ Info: Moments check @ 0.20 inertial periods: max|⟨w⟩_xy| = 1.180e-20 m/s (= 2.9e-19 U∞); κₑ ∈ [0.000e+00, 1.067e-03] m²/s
[ Info: Moments check @ 0.25 inertial periods: max|⟨w⟩_xy| = 8.327e-21 m/s (= 2.1e-19 U∞); κₑ ∈ [0.000e+00, 1.229e-03] m²/s
[ Info: Moments check @ 0.30 inertial periods: max|⟨w⟩_xy| = 1.023e-20 m/s (= 2.6e-19 U∞); κₑ ∈ [0.000e+00, 1.081e-03] m²/s
[ Info: Moments check @ 0.35 inertial periods: max|⟨w⟩_xy| = 1.110e-20 m/s (= 2.8e-19 U∞); κₑ ∈ [0.000e+00, 1.485e-03] m²/s
[ Info: Moments check @ 0.40 inertial periods: max|⟨w⟩_xy| = 9.714e-21 m/s (= 2.4e-19 U∞); κₑ ∈ [0.000e+00, 1.277e-03] m²/s
[ Info: Moments check @ 0.45 inertial periods: max|⟨w⟩_xy| = 4.380e-20 m/s (= 1.1e-18 U∞); κₑ ∈ [0.000e+00, 1.341e-03] m²/s
[ Info: Moments check @ 0.50 inertial periods: max|⟨w⟩_xy| = 2.290e-20 m/s (= 5.7e-19 U∞); κₑ ∈ [0.000e+00, 1.376e-03] m²/s
[ Info: Moments check @ 0.55 inertial periods: max|⟨w⟩_xy| = 6.497e-20 m/s (= 1.6e-18 U∞); κₑ ∈ [0.000e+00, 1.213e-03] m²/s
[ Info: Moments check @ 0.60 inertial periods: max|⟨w⟩_xy| = 8.327e-21 m/s (= 2.1e-19 U∞); κₑ ∈ [0.000e+00, 1.293e-03] m²/s
[ Info: Moments check @ 0.65 inertial periods: max|⟨w⟩_xy| = 4.575e-20 m/s (= 1.1e-18 U∞); κₑ ∈ [0.000e+00, 1.402e-03] m²/s
[ Info: Moments check @ 0.70 inertial periods: max|⟨w⟩_xy| = 1.318e-20 m/s (= 3.3e-19 U∞); κₑ ∈ [0.000e+00, 1.196e-03] m²/s
[ Info: Moments check @ 0.75 inertial periods: max|⟨w⟩_xy| = 2.515e-20 m/s (= 6.3e-19 U∞); κₑ ∈ [0.000e+00, 1.224e-03] m²/s
[ Info: Moments check @ 0.80 inertial periods: max|⟨w⟩_xy| = 1.110e-20 m/s (= 2.8e-19 U∞); κₑ ∈ [0.000e+00, 1.361e-03] m²/s
[ Info: Moments check @ 0.85 inertial periods: max|⟨w⟩_xy| = 1.041e-20 m/s (= 2.6e-19 U∞); κₑ ∈ [0.000e+00, 1.190e-03] m²/s
[ Info: Moments check @ 0.90 inertial periods: max|⟨w⟩_xy| = 9.077e-20 m/s (= 2.3e-18 U∞); κₑ ∈ [0.000e+00, 1.156e-03] m²/s
[ Info: Moments check @ 0.95 inertial periods: max|⟨w⟩_xy| = 1.006e-20 m/s (= 2.5e-19 U∞); κₑ ∈ [0.000e+00, 1.330e-03] m²/s
[ Info: Moments check @ 1.00 inertial periods: max|⟨w⟩_xy| = 2.524e-20 m/s (= 6.3e-19 U∞); κₑ ∈ [0.000e+00, 1.162e-03] m²/s
[ Info: Moments check @ 1.05 inertial periods: max|⟨w⟩_xy| = 9.181e-20 m/s (= 2.3e-18 U∞); κₑ ∈ [0.000e+00, 1.152e-03] m²/s
[ Info: Moments check @ 1.10 inertial periods: max|⟨w⟩_xy| = 1.249e-20 m/s (= 3.1e-19 U∞); κₑ ∈ [0.000e+00, 1.211e-03] m²/s
[ Info: Moments check @ 1.15 inertial periods: max|⟨w⟩_xy| = 6.956e-20 m/s (= 1.7e-18 U∞); κₑ ∈ [0.000e+00, 1.339e-03] m²/s
[ Info: Moments check @ 1.20 inertial periods: max|⟨w⟩_xy| = 1.631e-20 m/s (= 4.1e-19 U∞); κₑ ∈ [0.000e+00, 1.698e-03] m²/s
[ Info: Moments check @ 1.25 inertial periods: max|⟨w⟩_xy| = 5.022e-20 m/s (= 1.3e-18 U∞); κₑ ∈ [0.000e+00, 1.281e-03] m²/s
[ Info: Moments check @ 1.30 inertial periods: max|⟨w⟩_xy| = 1.388e-20 m/s (= 3.5e-19 U∞); κₑ ∈ [0.000e+00, 1.264e-03] m²/s
[ Info: Moments check @ 1.35 inertial periods: max|⟨w⟩_xy| = 1.388e-20 m/s (= 3.5e-19 U∞); κₑ ∈ [0.000e+00, 1.170e-03] m²/s
[ Info: Moments check @ 1.40 inertial periods: max|⟨w⟩_xy| = 1.006e-20 m/s (= 2.5e-19 U∞); κₑ ∈ [0.000e+00, 1.281e-03] m²/s
[ Info: Moments check @ 1.45 inertial periods: max|⟨w⟩_xy| = 9.159e-20 m/s (= 2.3e-18 U∞); κₑ ∈ [0.000e+00, 1.241e-03] m²/s
[ Info: Moments check @ 1.50 inertial periods: max|⟨w⟩_xy| = 8.674e-20 m/s (= 2.2e-18 U∞); κₑ ∈ [0.000e+00, 1.386e-03] m²/s
[ Info: Moments check @ 1.55 inertial periods: max|⟨w⟩_xy| = 1.110e-20 m/s (= 2.8e-19 U∞); κₑ ∈ [0.000e+00, 1.434e-03] m²/s
[ Info: Moments check @ 1.60 inertial periods: max|⟨w⟩_xy| = 1.457e-20 m/s (= 3.6e-19 U∞); κₑ ∈ [0.000e+00, 1.552e-03] m²/s
[ Info: Moments check @ 1.65 inertial periods: max|⟨w⟩_xy| = 8.275e-20 m/s (= 2.1e-18 U∞); κₑ ∈ [0.000e+00, 1.349e-03] m²/s
[ Info: Moments check @ 1.70 inertial periods: max|⟨w⟩_xy| = 9.714e-21 m/s (= 2.4e-19 U∞); κₑ ∈ [0.000e+00, 1.417e-03] m²/s
[ Info: Moments check @ 1.75 inertial periods: max|⟨w⟩_xy| = 8.327e-21 m/s (= 2.1e-19 U∞); κₑ ∈ [0.000e+00, 1.348e-03] m²/s
[ Info: Moments check @ 1.80 inertial periods: max|⟨w⟩_xy| = 4.528e-20 m/s (= 1.1e-18 U∞); κₑ ∈ [0.000e+00, 1.485e-03] m²/s
[ Info: Moments check @ 1.85 inertial periods: max|⟨w⟩_xy| = 3.296e-20 m/s (= 8.2e-19 U∞); κₑ ∈ [0.000e+00, 1.214e-03] m²/s
[ Info: Moments check @ 1.90 inertial periods: max|⟨w⟩_xy| = 1.110e-20 m/s (= 2.8e-19 U∞); κₑ ∈ [0.000e+00, 1.318e-03] m²/s
[ Info: Moments check @ 1.95 inertial periods: max|⟨w⟩_xy| = 1.527e-20 m/s (= 3.8e-19 U∞); κₑ ∈ [0.000e+00, 1.160e-03] m²/s
[ Info: Moments check @ 2.00 inertial periods: max|⟨w⟩_xy| = 9.021e-20 m/s (= 2.3e-18 U∞); κₑ ∈ [0.000e+00, 1.673e-03] m²/s
[ Info: Moments check @ 2.05 inertial periods: max|⟨w⟩_xy| = 6.939e-21 m/s (= 1.7e-19 U∞); κₑ ∈ [0.000e+00, 1.357e-03] m²/s
[ Info: Moments check @ 2.10 inertial periods: max|⟨w⟩_xy| = 5.313e-20 m/s (= 1.3e-18 U∞); κₑ ∈ [0.000e+00, 1.237e-03] m²/s
[ Info: Moments check @ 2.15 inertial periods: max|⟨w⟩_xy| = 8.882e-20 m/s (= 2.2e-18 U∞); κₑ ∈ [0.000e+00, 1.482e-03] m²/s
[ Info: Moments check @ 2.20 inertial periods: max|⟨w⟩_xy| = 3.764e-20 m/s (= 9.4e-19 U∞); κₑ ∈ [0.000e+00, 1.374e-03] m²/s
[ Info: Moments check @ 2.25 inertial periods: max|⟨w⟩_xy| = 1.943e-20 m/s (= 4.9e-19 U∞); κₑ ∈ [0.000e+00, 1.370e-03] m²/s
[ Info: Moments check @ 2.30 inertial periods: max|⟨w⟩_xy| = 8.570e-20 m/s (= 2.1e-18 U∞); κₑ ∈ [0.000e+00, 1.229e-03] m²/s
[ Info: Moments check @ 2.35 inertial periods: max|⟨w⟩_xy| = 1.804e-20 m/s (= 4.5e-19 U∞); κₑ ∈ [0.000e+00, 1.233e-03] m²/s
[ Info: Moments check @ 2.40 inertial periods: max|⟨w⟩_xy| = 1.249e-20 m/s (= 3.1e-19 U∞); κₑ ∈ [0.000e+00, 1.190e-03] m²/s
[ Info: Moments check @ 2.45 inertial periods: max|⟨w⟩_xy| = 2.888e-20 m/s (= 7.2e-19 U∞); κₑ ∈ [0.000e+00, 1.299e-03] m²/s
[ Info: Moments check @ 2.50 inertial periods: max|⟨w⟩_xy| = 6.262e-20 m/s (= 1.6e-18 U∞); κₑ ∈ [0.000e+00, 1.220e-03] m²/s
[ Info: Moments check @ 2.55 inertial periods: max|⟨w⟩_xy| = 7.880e-20 m/s (= 2.0e-18 U∞); κₑ ∈ [0.000e+00, 1.264e-03] m²/s
[ Info: Moments check @ 2.60 inertial periods: max|⟨w⟩_xy| = 2.914e-20 m/s (= 7.3e-19 U∞); κₑ ∈ [0.000e+00, 1.689e-03] m²/s
[ Info: Moments check @ 2.65 inertial periods: max|⟨w⟩_xy| = 6.791e-20 m/s (= 1.7e-18 U∞); κₑ ∈ [0.000e+00, 1.666e-03] m²/s
[ Info: Moments check @ 2.70 inertial periods: max|⟨w⟩_xy| = 1.180e-20 m/s (= 2.9e-19 U∞); κₑ ∈ [0.000e+00, 1.206e-03] m²/s
[ Info: Moments check @ 2.75 inertial periods: max|⟨w⟩_xy| = 1.110e-20 m/s (= 2.8e-19 U∞); κₑ ∈ [0.000e+00, 1.560e-03] m²/s
[ Info: Moments check @ 2.80 inertial periods: max|⟨w⟩_xy| = 9.714e-21 m/s (= 2.4e-19 U∞); κₑ ∈ [0.000e+00, 1.223e-03] m²/s
[ Info: Moments check @ 2.85 inertial periods: max|⟨w⟩_xy| = 7.104e-20 m/s (= 1.8e-18 U∞); κₑ ∈ [0.000e+00, 1.253e-03] m²/s
[ Info: Moments check @ 2.90 inertial periods: max|⟨w⟩_xy| = 7.138e-20 m/s (= 1.8e-18 U∞); κₑ ∈ [0.000e+00, 1.573e-03] m²/s
[ Info: Moments check @ 2.95 inertial periods: max|⟨w⟩_xy| = 4.146e-20 m/s (= 1.0e-18 U∞); κₑ ∈ [0.000e+00, 1.212e-03] m²/s
[ Info: Moments check @ 3.00 inertial periods: max|⟨w⟩_xy| = 6.362e-20 m/s (= 1.6e-18 U∞); κₑ ∈ [0.000e+00, 1.243e-03] m²/s
[ Info: Moments check @ 3.05 inertial periods: max|⟨w⟩_xy| = 1.457e-20 m/s (= 3.6e-19 U∞); κₑ ∈ [0.000e+00, 1.256e-03] m²/s
[ Info: Moments check @ 3.10 inertial periods: max|⟨w⟩_xy| = 1.249e-20 m/s (= 3.1e-19 U∞); κₑ ∈ [0.000e+00, 1.282e-03] m²/s
[ Info: Moments check @ 3.15 inertial periods: max|⟨w⟩_xy| = 1.388e-20 m/s (= 3.5e-19 U∞); κₑ ∈ [0.000e+00, 1.223e-03] m²/s
[ Info: Moments check @ 3.20 inertial periods: max|⟨w⟩_xy| = 1.110e-20 m/s (= 2.8e-19 U∞); κₑ ∈ [0.000e+00, 1.264e-03] m²/s
[ Info: Moments check @ 3.25 inertial periods: max|⟨w⟩_xy| = 4.927e-20 m/s (= 1.2e-18 U∞); κₑ ∈ [0.000e+00, 1.146e-03] m²/s
[ Info: Moments check @ 3.30 inertial periods: max|⟨w⟩_xy| = 1.249e-20 m/s (= 3.1e-19 U∞); κₑ ∈ [0.000e+00, 1.152e-03] m²/s
[ Info: Moments check @ 3.35 inertial periods: max|⟨w⟩_xy| = 6.254e-20 m/s (= 1.6e-18 U∞); κₑ ∈ [0.000e+00, 1.378e-03] m²/s
[ Info: Moments check @ 3.40 inertial periods: max|⟨w⟩_xy| = 1.041e-20 m/s (= 2.6e-19 U∞); κₑ ∈ [0.000e+00, 1.162e-03] m²/s
[ Info: Moments check @ 3.45 inertial periods: max|⟨w⟩_xy| = 1.388e-20 m/s (= 3.5e-19 U∞); κₑ ∈ [0.000e+00, 1.165e-03] m²/s
[ Info: Moments check @ 3.50 inertial periods: max|⟨w⟩_xy| = 1.388e-20 m/s (= 3.5e-19 U∞); κₑ ∈ [0.000e+00, 1.205e-03] m²/s
[ Info: Moments check @ 3.55 inertial periods: max|⟨w⟩_xy| = 9.714e-21 m/s (= 2.4e-19 U∞); κₑ ∈ [0.000e+00, 1.175e-03] m²/s
[ Info: Moments check @ 3.60 inertial periods: max|⟨w⟩_xy| = 2.776e-20 m/s (= 6.9e-19 U∞); κₑ ∈ [0.000e+00, 1.221e-03] m²/s
[ Info: Moments check @ 3.65 inertial periods: max|⟨w⟩_xy| = 2.411e-20 m/s (= 6.0e-19 U∞); κₑ ∈ [0.000e+00, 1.438e-03] m²/s
[ Info: Moments check @ 3.70 inertial periods: max|⟨w⟩_xy| = 3.799e-20 m/s (= 9.5e-19 U∞); κₑ ∈ [0.000e+00, 1.400e-03] m²/s
[ Info: Moments check @ 3.75 inertial periods: max|⟨w⟩_xy| = 1.110e-20 m/s (= 2.8e-19 U∞); κₑ ∈ [0.000e+00, 1.215e-03] m²/s
[ Info: Moments check @ 3.80 inertial periods: max|⟨w⟩_xy| = 1.180e-20 m/s (= 2.9e-19 U∞); κₑ ∈ [0.000e+00, 1.231e-03] m²/s
[ Info: Moments check @ 3.85 inertial periods: max|⟨w⟩_xy| = 1.457e-20 m/s (= 3.6e-19 U∞); κₑ ∈ [0.000e+00, 1.248e-03] m²/s
[ Info: Moments check @ 3.90 inertial periods: max|⟨w⟩_xy| = 1.318e-20 m/s (= 3.3e-19 U∞); κₑ ∈ [0.000e+00, 1.499e-03] m²/s
[ Info: Moments check @ 3.95 inertial periods: max|⟨w⟩_xy| = 1.180e-20 m/s (= 2.9e-19 U∞); κₑ ∈ [0.000e+00, 1.292e-03] m²/s
[ Info: Moments check @ 4.00 inertial periods: max|⟨w⟩_xy| = 7.598e-20 m/s (= 1.9e-18 U∞); κₑ ∈ [0.000e+00, 1.311e-03] m²/s
[ Info: Moments check @ 4.05 inertial periods: max|⟨w⟩_xy| = 6.904e-20 m/s (= 1.7e-18 U∞); κₑ ∈ [0.000e+00, 1.644e-03] m²/s
[ Info: Moments check @ 4.10 inertial periods: max|⟨w⟩_xy| = 1.110e-20 m/s (= 2.8e-19 U∞); κₑ ∈ [0.000e+00, 1.432e-03] m²/s
[ Info: Moments check @ 4.15 inertial periods: max|⟨w⟩_xy| = 1.180e-20 m/s (= 2.9e-19 U∞); κₑ ∈ [0.000e+00, 1.090e-03] m²/s
[ Info: Moments check @ 4.20 inertial periods: max|⟨w⟩_xy| = 6.835e-20 m/s (= 1.7e-18 U∞); κₑ ∈ [0.000e+00, 1.260e-03] m²/s
[ Info: Moments check @ 4.25 inertial periods: max|⟨w⟩_xy| = 8.197e-20 m/s (= 2.0e-18 U∞); κₑ ∈ [0.000e+00, 1.249e-03] m²/s
[ Info: Moments check @ 4.30 inertial periods: max|⟨w⟩_xy| = 6.462e-20 m/s (= 1.6e-18 U∞); κₑ ∈ [0.000e+00, 1.156e-03] m²/s
[ Info: Moments check @ 4.35 inertial periods: max|⟨w⟩_xy| = 6.193e-20 m/s (= 1.5e-18 U∞); κₑ ∈ [0.000e+00, 1.421e-03] m²/s
[ Info: Moments check @ 4.40 inertial periods: max|⟨w⟩_xy| = 1.249e-20 m/s (= 3.1e-19 U∞); κₑ ∈ [0.000e+00, 1.543e-03] m²/s
[ Info: Moments check @ 4.45 inertial periods: max|⟨w⟩_xy| = 2.828e-20 m/s (= 7.1e-19 U∞); κₑ ∈ [0.000e+00, 1.292e-03] m²/s
[ Info: Moments check @ 4.50 inertial periods: max|⟨w⟩_xy| = 8.075e-20 m/s (= 2.0e-18 U∞); κₑ ∈ [0.000e+00, 1.298e-03] m²/s
[ Info: Moments check @ 4.55 inertial periods: max|⟨w⟩_xy| = 9.801e-20 m/s (= 2.5e-18 U∞); κₑ ∈ [0.000e+00, 1.351e-03] m²/s
[ Info: Moments check @ 4.60 inertial periods: max|⟨w⟩_xy| = 6.592e-20 m/s (= 1.6e-18 U∞); κₑ ∈ [0.000e+00, 1.223e-03] m²/s
[ Info: Moments check @ 4.65 inertial periods: max|⟨w⟩_xy| = 1.110e-20 m/s (= 2.8e-19 U∞); κₑ ∈ [0.000e+00, 1.179e-03] m²/s
[ Info: Moments check @ 4.70 inertial periods: max|⟨w⟩_xy| = 8.327e-21 m/s (= 2.1e-19 U∞); κₑ ∈ [0.000e+00, 1.295e-03] m²/s
[ Info: Moments check @ 4.75 inertial periods: max|⟨w⟩_xy| = 1.249e-20 m/s (= 3.1e-19 U∞); κₑ ∈ [0.000e+00, 1.272e-03] m²/s
[ Info: Moments check @ 4.80 inertial periods: max|⟨w⟩_xy| = 8.327e-21 m/s (= 2.1e-19 U∞); κₑ ∈ [0.000e+00, 1.207e-03] m²/s
[ Info: Moments check @ 4.85 inertial periods: max|⟨w⟩_xy| = 1.249e-20 m/s (= 3.1e-19 U∞); κₑ ∈ [0.000e+00, 1.209e-03] m²/s
[ Info: Moments check @ 4.90 inertial periods: max|⟨w⟩_xy| = 2.619e-20 m/s (= 6.5e-19 U∞); κₑ ∈ [0.000e+00, 1.352e-03] m²/s
[ Info: Moments check @ 4.95 inertial periods: max|⟨w⟩_xy| = 5.551e-20 m/s (= 1.4e-18 U∞); κₑ ∈ [0.000e+00, 1.233e-03] m²/s
[ Info: Moments check @ 5.00 inertial periods: max|⟨w⟩_xy| = 1.156e-19 m/s (= 2.9e-18 U∞); κₑ ∈ [0.000e+00, 1.367e-03] m²/s
[ Info: Moments check @ 5.05 inertial periods: max|⟨w⟩_xy| = 1.665e-20 m/s (= 4.2e-19 U∞); κₑ ∈ [0.000e+00, 1.214e-03] m²/s
[ Info: Moments check @ 5.10 inertial periods: max|⟨w⟩_xy| = 1.010e-19 m/s (= 2.5e-18 U∞); κₑ ∈ [0.000e+00, 1.430e-03] m²/s
[ Info: Moments check @ 5.15 inertial periods: max|⟨w⟩_xy| = 3.036e-20 m/s (= 7.6e-19 U∞); κₑ ∈ [0.000e+00, 1.318e-03] m²/s
[ Info: Moments check @ 5.20 inertial periods: max|⟨w⟩_xy| = 6.453e-20 m/s (= 1.6e-18 U∞); κₑ ∈ [0.000e+00, 1.116e-03] m²/s
[ Info: Moments check @ 5.25 inertial periods: max|⟨w⟩_xy| = 9.541e-20 m/s (= 2.4e-18 U∞); κₑ ∈ [0.000e+00, 1.267e-03] m²/s
[ Info: Moments check @ 5.30 inertial periods: max|⟨w⟩_xy| = 2.880e-20 m/s (= 7.2e-19 U∞); κₑ ∈ [0.000e+00, 1.209e-03] m²/s
[ Info: Moments check @ 5.35 inertial periods: max|⟨w⟩_xy| = 1.249e-20 m/s (= 3.1e-19 U∞); κₑ ∈ [0.000e+00, 1.420e-03] m²/s
[ Info: Moments check @ 5.40 inertial periods: max|⟨w⟩_xy| = 1.249e-20 m/s (= 3.1e-19 U∞); κₑ ∈ [0.000e+00, 1.393e-03] m²/s
[ Info: Moments check @ 5.45 inertial periods: max|⟨w⟩_xy| = 8.327e-21 m/s (= 2.1e-19 U∞); κₑ ∈ [0.000e+00, 1.202e-03] m²/s
[ Info: Moments check @ 5.50 inertial periods: max|⟨w⟩_xy| = 1.631e-20 m/s (= 4.1e-19 U∞); κₑ ∈ [0.000e+00, 1.226e-03] m²/s
[ Info: Moments check @ 5.55 inertial periods: max|⟨w⟩_xy| = 1.110e-20 m/s (= 2.8e-19 U∞); κₑ ∈ [0.000e+00, 1.307e-03] m²/s
[ Info: Moments check @ 5.60 inertial periods: max|⟨w⟩_xy| = 1.110e-20 m/s (= 2.8e-19 U∞); κₑ ∈ [0.000e+00, 1.564e-03] m²/s
[ Info: Moments check @ 5.65 inertial periods: max|⟨w⟩_xy| = 5.222e-20 m/s (= 1.3e-18 U∞); κₑ ∈ [0.000e+00, 1.360e-03] m²/s
[ Info: Moments check @ 5.70 inertial periods: max|⟨w⟩_xy| = 9.472e-20 m/s (= 2.4e-18 U∞); κₑ ∈ [0.000e+00, 1.309e-03] m²/s
[ Info: Moments check @ 5.75 inertial periods: max|⟨w⟩_xy| = 2.429e-20 m/s (= 6.1e-19 U∞); κₑ ∈ [0.000e+00, 1.394e-03] m²/s
[ Info: Moments check @ 5.80 inertial periods: max|⟨w⟩_xy| = 2.880e-20 m/s (= 7.2e-19 U∞); κₑ ∈ [0.000e+00, 1.330e-03] m²/s
[ Info: Moments check @ 5.85 inertial periods: max|⟨w⟩_xy| = 1.051e-19 m/s (= 2.6e-18 U∞); κₑ ∈ [0.000e+00, 1.229e-03] m²/s
[ Info: Moments check @ 5.90 inertial periods: max|⟨w⟩_xy| = 1.318e-20 m/s (= 3.3e-19 U∞); κₑ ∈ [0.000e+00, 1.451e-03] m²/s
[ Info: Moments check @ 5.95 inertial periods: max|⟨w⟩_xy| = 7.078e-20 m/s (= 1.8e-18 U∞); κₑ ∈ [0.000e+00, 1.202e-03] m²/s
[ Info: Moments check @ 6.00 inertial periods: max|⟨w⟩_xy| = 6.523e-20 m/s (= 1.6e-18 U∞); κₑ ∈ [0.000e+00, 1.444e-03] m²/s
[ Info: Moments check @ 6.05 inertial periods: max|⟨w⟩_xy| = 1.110e-20 m/s (= 2.8e-19 U∞); κₑ ∈ [0.000e+00, 1.220e-03] m²/s
[ Info: Moments check @ 6.10 inertial periods: max|⟨w⟩_xy| = 9.714e-21 m/s (= 2.4e-19 U∞); κₑ ∈ [0.000e+00, 1.447e-03] m²/s
[ Info: Moments check @ 6.15 inertial periods: max|⟨w⟩_xy| = 1.388e-20 m/s (= 3.5e-19 U∞); κₑ ∈ [0.000e+00, 1.395e-03] m²/s
[ Info: Moments check @ 6.20 inertial periods: max|⟨w⟩_xy| = 1.110e-20 m/s (= 2.8e-19 U∞); κₑ ∈ [0.000e+00, 1.190e-03] m²/s
[ Info: Moments check @ 6.25 inertial periods: max|⟨w⟩_xy| = 1.249e-20 m/s (= 3.1e-19 U∞); κₑ ∈ [0.000e+00, 1.452e-03] m²/s
[ Info: Moments check @ 6.30 inertial periods: max|⟨w⟩_xy| = 1.110e-20 m/s (= 2.8e-19 U∞); κₑ ∈ [0.000e+00, 1.289e-03] m²/s
[ Info: Moments check @ 6.35 inertial periods: max|⟨w⟩_xy| = 1.214e-20 m/s (= 3.0e-19 U∞); κₑ ∈ [0.000e+00, 1.478e-03] m²/s
[ Info: Simulation is stopping after running for 1.880 hours.
[ Info: Simulation time 4.630 days equals or exceeds stop time 4.630 days.
[ Info: PLOTS=0 — simulation only; run Figures.jl to draw the animations and plots
i:  34900, sim time:  242751.761365, wall time: 1.152 hours, Δt:  7.469017, CFL: 9.00e-01
i:  35000, sim time:  243437.273814, wall time: 1.156 hours, Δt:  7.412035, CFL: 9.00e-01
i:  35100, sim time:  244127.388653, wall time: 1.159 hours, Δt:  6.865102, CFL: 9.00e-01
i:  35200, sim time:  244814.825523, wall time: 1.162 hours, Δt:  7.500000, CFL: 8.95e-01
i:  35300, sim time:  245507.008699, wall time: 1.165 hours, Δt:  7.500000, CFL: 8.99e-01
i:  35400, sim time:  246207.275176, wall time: 1.169 hours, Δt:  7.500000, CFL: 8.93e-01
i:  35500, sim time:  246900.000000, wall time: 1.172 hours, Δt:  6.887069, CFL: 9.00e-01
i:  35600, sim time:  247600.000000, wall time: 1.175 hours, Δt:  7.500000, CFL: 8.94e-01
i:  35700, sim time:  248307.353623, wall time: 1.178 hours, Δt:  7.419251, CFL: 9.00e-01
i:  35800, sim time:  248982.096504, wall time: 1.182 hours, Δt:  7.099569, CFL: 9.00e-01
i:  35900, sim time:  249697.500000, wall time: 1.185 hours, Δt:  7.500000, CFL: 8.78e-01
i:  36000, sim time:  250400.000000, wall time: 1.188 hours, Δt:  7.289471, CFL: 9.00e-01
i:  36100, sim time:  251107.500000, wall time: 1.191 hours, Δt:  7.500000, CFL: 8.72e-01
i:  36200, sim time:  251814.675357, wall time: 1.195 hours, Δt:  7.062254, CFL: 9.00e-01
i:  36300, sim time:  252506.831444, wall time: 1.198 hours, Δt:  6.830469, CFL: 9.00e-01
i:  36400, sim time:  253187.752968, wall time: 1.201 hours, Δt:  7.459466, CFL: 9.00e-01
i:  36500, sim time:  253878.186410, wall time: 1.204 hours, Δt:  7.500000, CFL: 8.82e-01
i:  36600, sim time:  254571.441731, wall time: 1.208 hours, Δt:  7.227353, CFL: 9.00e-01
i:  36700, sim time:  255267.128988, wall time: 1.211 hours, Δt:  7.500000, CFL: 8.84e-01
i:  36800, sim time:  255959.020554, wall time: 1.214 hours, Δt:  7.500000, CFL: 8.91e-01
i:  36900, sim time:  256657.973562, wall time: 1.217 hours, Δt:  7.500000, CFL: 8.95e-01
i:  37000, sim time:  257343.167155, wall time: 1.221 hours, Δt:  7.321644, CFL: 9.00e-01
i:  37100, sim time:  258030.000000, wall time: 1.224 hours, Δt:  7.500000, CFL: 8.67e-01
i:  37200, sim time:  258722.500000, wall time: 1.227 hours, Δt:  7.402604, CFL: 9.00e-01
i:  37300, sim time:  259421.956670, wall time: 1.230 hours, Δt:  7.150409, CFL: 9.00e-01
i:  37400, sim time:  260114.295886, wall time: 1.234 hours, Δt:  7.458430, CFL: 9.00e-01
i:  37500, sim time:  260800.000000, wall time: 1.237 hours, Δt:  7.369621, CFL: 9.00e-01
i:  37600, sim time:  261514.302248, wall time: 1.240 hours, Δt:  6.946445, CFL: 9.00e-01
i:  37700, sim time:  262214.668089, wall time: 1.244 hours, Δt:  7.417010, CFL: 9.00e-01
i:  37800, sim time:  262921.691692, wall time: 1.247 hours, Δt:  6.993651, CFL: 9.00e-01
i:  37900, sim time:  263630.000000, wall time: 1.250 hours, Δt:  7.387739, CFL: 9.00e-01
i:  38000, sim time:  264337.322112, wall time: 1.253 hours, Δt:  7.500000, CFL: 8.94e-01
i:  38100, sim time:  265051.197951, wall time: 1.257 hours, Δt:  7.488436, CFL: 9.00e-01
i:  38200, sim time:  265744.212621, wall time: 1.260 hours, Δt:  7.288377, CFL: 9.00e-01
i:  38300, sim time:  266437.057024, wall time: 1.263 hours, Δt:  7.430754, CFL: 9.00e-01
i:  38400, sim time:  267136.135002, wall time: 1.266 hours, Δt:  6.828802, CFL: 9.00e-01
i:  38500, sim time:  267820.442694, wall time: 1.270 hours, Δt:  6.759061, CFL: 9.00e-01
i:  38600, sim time:  268507.500000, wall time: 1.273 hours, Δt:  7.500000, CFL: 8.96e-01
i:  38700, sim time:  269200.000000, wall time: 1.276 hours, Δt:  7.500000, CFL: 8.70e-01
i:  38800, sim time:  269900.000000, wall time: 1.279 hours, Δt:  7.500000, CFL: 8.85e-01
i:  38900, sim time:  270597.484575, wall time: 1.283 hours, Δt:  7.314726, CFL: 9.00e-01
i:  39000, sim time:  271295.498400, wall time: 1.286 hours, Δt:  7.500000, CFL: 8.88e-01
i:  39100, sim time:  272007.500000, wall time: 1.289 hours, Δt:  7.500000, CFL: 8.77e-01
i:  39200, sim time:  272700.000000, wall time: 1.292 hours, Δt:  7.500000, CFL: 8.96e-01
i:  39300, sim time:  273407.500000, wall time: 1.296 hours, Δt:  7.500000, CFL: 8.89e-01
i:  39400, sim time:  274115.000000, wall time: 1.299 hours, Δt:  7.500000, CFL: 8.90e-01
i:  39500, sim time:  274807.500000, wall time: 1.302 hours, Δt:  7.461662, CFL: 9.00e-01
i:  39600, sim time:  275515.000000, wall time: 1.305 hours, Δt:  7.500000, CFL: 8.83e-01
i:  39700, sim time:  276207.500000, wall time: 1.309 hours, Δt:  7.153574, CFL: 9.00e-01
i:  39800, sim time:  276900.000000, wall time: 1.312 hours, Δt:  7.500000, CFL: 8.85e-01
i:  39900, sim time:  277585.334627, wall time: 1.315 hours, Δt:  7.130158, CFL: 9.00e-01
i:  40000, sim time:  278280.027751, wall time: 1.318 hours, Δt:  7.407417, CFL: 9.00e-01
i:  40100, sim time:  278961.063443, wall time: 1.322 hours, Δt:  7.086605, CFL: 9.00e-01
i:  40200, sim time:  279653.355252, wall time: 1.325 hours, Δt:  7.155884, CFL: 9.00e-01
i:  40300, sim time:  280345.000000, wall time: 1.328 hours, Δt:  7.380686, CFL: 9.00e-01
i:  40400, sim time:  281044.767304, wall time: 1.331 hours, Δt:  7.500000, CFL: 8.77e-01
i:  40500, sim time:  281760.000000, wall time: 1.335 hours, Δt:  6.937648, CFL: 9.00e-01
i:  40600, sim time:  282436.085112, wall time: 1.338 hours, Δt:  7.018143, CFL: 9.00e-01
i:  40700, sim time:  283136.048838, wall time: 1.341 hours, Δt:  7.500000, CFL: 8.81e-01
i:  40800, sim time:  283852.500000, wall time: 1.344 hours, Δt:  7.298341, CFL: 9.00e-01
i:  40900, sim time:  284552.484888, wall time: 1.348 hours, Δt:  7.453160, CFL: 9.00e-01
i:  41000, sim time:  285263.986410, wall time: 1.351 hours, Δt:  7.226576, CFL: 9.00e-01
i:  41100, sim time:  285951.225768, wall time: 1.354 hours, Δt:  7.064012, CFL: 9.00e-01
i:  41200, sim time:  286642.682648, wall time: 1.357 hours, Δt:  7.400781, CFL: 9.00e-01
i:  41300, sim time:  287335.943779, wall time: 1.361 hours, Δt:  7.500000, CFL: 8.86e-01
i:  41400, sim time:  288042.448488, wall time: 1.364 hours, Δt:  7.343499, CFL: 9.00e-01
i:  41500, sim time:  288733.711718, wall time: 1.367 hours, Δt:  7.046179, CFL: 9.00e-01
i:  41600, sim time:  289437.500000, wall time: 1.371 hours, Δt:  7.500000, CFL: 8.70e-01
i:  41700, sim time:  290137.289646, wall time: 1.374 hours, Δt:  7.160044, CFL: 9.00e-01
i:  41800, sim time:  290837.228213, wall time: 1.377 hours, Δt:  7.290158, CFL: 9.00e-01
i:  41900, sim time:  291539.798253, wall time: 1.380 hours, Δt:  7.500000, CFL: 8.73e-01
i:  42000, sim time:  292230.000000, wall time: 1.384 hours, Δt:  7.500000, CFL: 8.80e-01
i:  42100, sim time:  292928.852121, wall time: 1.387 hours, Δt:  7.500000, CFL: 8.81e-01
i:  42200, sim time:  293622.500000, wall time: 1.390 hours, Δt:  7.461362, CFL: 9.00e-01
i:  42300, sim time:  294320.780288, wall time: 1.393 hours, Δt:  6.984860, CFL: 9.00e-01
i:  42400, sim time:  295007.455573, wall time: 1.397 hours, Δt:  7.403116, CFL: 9.00e-01
i:  42500, sim time:  295700.000000, wall time: 1.400 hours, Δt:  7.464092, CFL: 9.00e-01
i:  42600, sim time:  296400.000000, wall time: 1.403 hours, Δt:  6.364842, CFL: 9.00e-01
i:  42700, sim time:  297096.868439, wall time: 1.406 hours, Δt:  7.496697, CFL: 9.00e-01
i:  42800, sim time:  297800.000000, wall time: 1.410 hours, Δt:  7.500000, CFL: 8.95e-01
i:  42900, sim time:  298481.302091, wall time: 1.413 hours, Δt:  7.500000, CFL: 8.82e-01
i:  43000, sim time:  299173.375810, wall time: 1.416 hours, Δt:  7.221824, CFL: 9.00e-01
i:  43100, sim time:  299859.943130, wall time: 1.420 hours, Δt:  7.449868, CFL: 9.00e-01
i:  43200, sim time:  300571.975007, wall time: 1.423 hours, Δt:  7.376703, CFL: 9.00e-01
i:  43300, sim time:  301286.169363, wall time: 1.426 hours, Δt:  7.457431, CFL: 9.00e-01
i:  43400, sim time:  301986.940280, wall time: 1.429 hours, Δt:  6.912262, CFL: 9.00e-01
i:  43500, sim time:  302695.370876, wall time: 1.432 hours, Δt:  7.156749, CFL: 9.00e-01
i:  43600, sim time:  303407.448238, wall time: 1.436 hours, Δt:  7.500000, CFL: 8.94e-01
i:  43700, sim time:  304106.168867, wall time: 1.439 hours, Δt:  7.500000, CFL: 8.69e-01
i:  43800, sim time:  304807.394878, wall time: 1.442 hours, Δt:  7.070475, CFL: 9.00e-01
i:  43900, sim time:  305507.391401, wall time: 1.446 hours, Δt:  7.161218, CFL: 9.00e-01
i:  44000, sim time:  306207.500000, wall time: 1.449 hours, Δt:  7.500000, CFL: 8.94e-01
i:  44100, sim time:  306896.304933, wall time: 1.452 hours, Δt:  7.423014, CFL: 9.00e-01
i:  44200, sim time:  307584.420786, wall time: 1.455 hours, Δt:  7.363844, CFL: 9.00e-01
i:  44300, sim time:  308267.850416, wall time: 1.459 hours, Δt:  7.165722, CFL: 9.00e-01
i:  44400, sim time:  308967.077081, wall time: 1.462 hours, Δt:  7.500000, CFL: 8.74e-01
i:  44500, sim time:  309667.500000, wall time: 1.465 hours, Δt:  7.338516, CFL: 9.00e-01
i:  44600, sim time:  310364.533747, wall time: 1.468 hours, Δt:  7.026490, CFL: 9.00e-01
i:  44700, sim time:  311052.914373, wall time: 1.472 hours, Δt:  7.230647, CFL: 9.00e-01
i:  44800, sim time:  311742.420325, wall time: 1.475 hours, Δt:  7.180524, CFL: 9.00e-01
i:  44900, sim time:  312451.301802, wall time: 1.478 hours, Δt:  7.148921, CFL: 9.00e-01
i:  45000, sim time:  313144.783499, wall time: 1.481 hours, Δt:  7.500000, CFL: 8.66e-01
i:  45100, sim time:  313845.000000, wall time: 1.485 hours, Δt:  7.500000, CFL: 8.87e-01
i:  45200, sim time:  314551.154040, wall time: 1.488 hours, Δt:  7.428767, CFL: 9.00e-01
i:  45300, sim time:  315245.000000, wall time: 1.491 hours, Δt:  7.500000, CFL: 8.77e-01
i:  45400, sim time:  315942.988038, wall time: 1.494 hours, Δt:  7.500000, CFL: 8.94e-01
i:  45500, sim time:  316650.594392, wall time: 1.498 hours, Δt:  7.290474, CFL: 9.00e-01
i:  45600, sim time:  317337.909225, wall time: 1.501 hours, Δt:  7.500000, CFL: 8.88e-01
i:  45700, sim time:  318013.319078, wall time: 1.504 hours, Δt:  6.819058, CFL: 9.00e-01
i:  45800, sim time:  318700.000000, wall time: 1.507 hours, Δt:  7.500000, CFL: 8.88e-01
i:  45900, sim time:  319400.000000, wall time: 1.511 hours, Δt:  7.500000, CFL: 8.98e-01
i:  46000, sim time:  320107.049621, wall time: 1.514 hours, Δt:  7.159769, CFL: 9.00e-01
i:  46100, sim time:  320800.000000, wall time: 1.517 hours, Δt:  7.435340, CFL: 9.00e-01
i:  46200, sim time:  321500.000000, wall time: 1.520 hours, Δt:  7.500000, CFL: 8.80e-01
i:  46300, sim time:  322207.500000, wall time: 1.524 hours, Δt:  7.500000, CFL: 8.79e-01
i:  46400, sim time:  322922.258336, wall time: 1.527 hours, Δt:  7.305308, CFL: 9.00e-01
i:  46500, sim time:  323614.185023, wall time: 1.530 hours, Δt:  7.252551, CFL: 9.00e-01
i:  46600, sim time:  324314.933539, wall time: 1.533 hours, Δt:  7.500000, CFL: 8.63e-01
i:  46700, sim time:  325013.777844, wall time: 1.537 hours, Δt:  6.897842, CFL: 9.00e-01
i:  46800, sim time:  325689.268253, wall time: 1.540 hours, Δt:  6.268048, CFL: 9.00e-01
i:  46900, sim time:  326379.465950, wall time: 1.543 hours, Δt:  7.469372, CFL: 9.00e-01
i:  47000, sim time:  327067.346421, wall time: 1.546 hours, Δt:  7.069840, CFL: 9.00e-01
i:  47100, sim time:  327766.039215, wall time: 1.550 hours, Δt:  7.198364, CFL: 9.00e-01
i:  47200, sim time:  328460.000000, wall time: 1.553 hours, Δt:  7.500000, CFL: 8.75e-01
i:  47300, sim time:  329167.074150, wall time: 1.556 hours, Δt:  7.500000, CFL: 8.82e-01
i:  47400, sim time:  329867.228627, wall time: 1.559 hours, Δt:  7.500000, CFL: 8.94e-01
i:  47500, sim time:  330582.186224, wall time: 1.563 hours, Δt:  7.500000, CFL: 8.55e-01
i:  47600, sim time:  331277.792200, wall time: 1.566 hours, Δt:  6.699893, CFL: 9.00e-01
i:  47700, sim time:  331982.500000, wall time: 1.569 hours, Δt:  7.500000, CFL: 8.95e-01
i:  47800, sim time:  332694.662015, wall time: 1.572 hours, Δt:  7.500000, CFL: 8.91e-01
i:  47900, sim time:  333394.731842, wall time: 1.576 hours, Δt:  7.500000, CFL: 8.82e-01
i:  48000, sim time:  334100.000000, wall time: 1.579 hours, Δt:  7.500000, CFL: 8.87e-01
i:  48100, sim time:  334815.000000, wall time: 1.582 hours, Δt:  7.500000, CFL: 8.79e-01
i:  48200, sim time:  335514.926470, wall time: 1.585 hours, Δt:  7.041549, CFL: 9.00e-01
i:  48300, sim time:  336207.181918, wall time: 1.589 hours, Δt:  7.203500, CFL: 9.00e-01
i:  48400, sim time:  336914.078124, wall time: 1.592 hours, Δt:  7.135867, CFL: 9.00e-01
i:  48500, sim time:  337622.222337, wall time: 1.595 hours, Δt:  7.381694, CFL: 9.00e-01
i:  48600, sim time:  338322.500000, wall time: 1.598 hours, Δt:  7.315122, CFL: 9.00e-01
i:  48700, sim time:  339026.813889, wall time: 1.602 hours, Δt:  6.519112, CFL: 9.00e-01
i:  48800, sim time:  339721.473829, wall time: 1.605 hours, Δt:  7.022156, CFL: 9.00e-01
i:  48900, sim time:  340406.916891, wall time: 1.608 hours, Δt:  7.344372, CFL: 9.00e-01
i:  49000, sim time:  341099.941840, wall time: 1.611 hours, Δt:  7.217744, CFL: 9.00e-01
i:  49100, sim time:  341786.887758, wall time: 1.615 hours, Δt:  7.294709, CFL: 9.00e-01
i:  49200, sim time:  342454.835669, wall time: 1.618 hours, Δt:  6.897456, CFL: 9.00e-01
i:  49300, sim time:  343151.610363, wall time: 1.621 hours, Δt:  7.330591, CFL: 9.00e-01
i:  49400, sim time:  343840.316531, wall time: 1.624 hours, Δt:  7.359918, CFL: 9.00e-01
i:  49500, sim time:  344543.259675, wall time: 1.628 hours, Δt:  7.500000, CFL: 8.97e-01
i:  49600, sim time:  345244.910588, wall time: 1.631 hours, Δt:  7.500000, CFL: 8.92e-01
i:  49700, sim time:  345930.000000, wall time: 1.634 hours, Δt:  7.500000, CFL: 8.88e-01
i:  49800, sim time:  346630.000000, wall time: 1.638 hours, Δt:  7.407018, CFL: 9.00e-01
i:  49900, sim time:  347322.188770, wall time: 1.641 hours, Δt:  7.453878, CFL: 9.00e-01
i:  50000, sim time:  348014.850467, wall time: 1.644 hours, Δt:  7.500000, CFL: 8.73e-01
i:  50100, sim time:  348714.494065, wall time: 1.647 hours, Δt:  7.438788, CFL: 9.00e-01
i:  50200, sim time:  349397.445577, wall time: 1.651 hours, Δt:  7.500000, CFL: 9.00e-01
i:  50300, sim time:  350084.997135, wall time: 1.654 hours, Δt:  7.034454, CFL: 9.00e-01
i:  50400, sim time:  350760.000000, wall time: 1.657 hours, Δt:  7.500000, CFL: 8.80e-01
i:  50500, sim time:  351460.000000, wall time: 1.661 hours, Δt:  7.343600, CFL: 9.00e-01
i:  50600, sim time:  352166.364892, wall time: 1.664 hours, Δt:  7.500000, CFL: 8.93e-01
i:  50700, sim time:  352874.145362, wall time: 1.667 hours, Δt:  7.468977, CFL: 9.00e-01
i:  50800, sim time:  353578.576764, wall time: 1.670 hours, Δt:  7.292777, CFL: 9.00e-01
i:  50900, sim time:  354288.197636, wall time: 1.674 hours, Δt:  7.246261, CFL: 9.00e-01
i:  51000, sim time:  354988.039850, wall time: 1.677 hours, Δt:  7.500000, CFL: 8.83e-01
i:  51100, sim time:  355695.788386, wall time: 1.680 hours, Δt:  7.500000, CFL: 8.90e-01
i:  51200, sim time:  356407.500000, wall time: 1.683 hours, Δt:  7.279383, CFL: 9.00e-01
i:  51300, sim time:  357114.666138, wall time: 1.687 hours, Δt:  6.720124, CFL: 9.00e-01
i:  51400, sim time:  357813.992235, wall time: 1.690 hours, Δt:  7.449599, CFL: 9.00e-01
i:  51500, sim time:  358514.635467, wall time: 1.693 hours, Δt:  7.203713, CFL: 9.00e-01
i:  51600, sim time:  359200.000000, wall time: 1.697 hours, Δt:  7.500000, CFL: 8.95e-01
i:  51700, sim time:  359900.000000, wall time: 1.700 hours, Δt:  7.281809, CFL: 9.00e-01
i:  51800, sim time:  360614.903454, wall time: 1.703 hours, Δt:  7.389276, CFL: 9.00e-01
i:  51900, sim time:  361297.878946, wall time: 1.706 hours, Δt:  7.276151, CFL: 9.00e-01
i:  52000, sim time:  361992.080454, wall time: 1.710 hours, Δt:  7.147259, CFL: 9.00e-01
i:  52100, sim time:  362689.032135, wall time: 1.713 hours, Δt:  7.500000, CFL: 8.93e-01
i:  52200, sim time:  363382.500000, wall time: 1.716 hours, Δt:  7.429929, CFL: 9.00e-01
i:  52300, sim time:  364065.036191, wall time: 1.719 hours, Δt:  7.357397, CFL: 9.00e-01
i:  52400, sim time:  364759.670359, wall time: 1.723 hours, Δt:  6.781958, CFL: 9.00e-01
i:  52500, sim time:  365436.606258, wall time: 1.726 hours, Δt:  7.500000, CFL: 8.61e-01
i:  52600, sim time:  366113.346713, wall time: 1.729 hours, Δt:  7.017462, CFL: 9.00e-01
i:  52700, sim time:  366807.500000, wall time: 1.732 hours, Δt:  7.500000, CFL: 8.77e-01
i:  52800, sim time:  367514.967719, wall time: 1.736 hours, Δt:  7.415683, CFL: 9.00e-01
i:  52900, sim time:  368214.368956, wall time: 1.739 hours, Δt:  7.446139, CFL: 9.00e-01
i:  53000, sim time:  368915.000000, wall time: 1.742 hours, Δt:  7.500000, CFL: 8.56e-01
i:  53100, sim time:  369622.039389, wall time: 1.746 hours, Δt:  7.134202, CFL: 9.00e-01
i:  53200, sim time:  370336.141048, wall time: 1.749 hours, Δt:  7.454483, CFL: 9.00e-01
i:  53300, sim time:  371044.592389, wall time: 1.752 hours, Δt:  7.500000, CFL: 8.60e-01
i:  53400, sim time:  371745.000000, wall time: 1.755 hours, Δt:  7.174881, CFL: 9.00e-01
i:  53500, sim time:  372445.000000, wall time: 1.759 hours, Δt:  7.500000, CFL: 8.64e-01
i:  53600, sim time:  373159.219800, wall time: 1.762 hours, Δt:  7.500000, CFL: 8.88e-01
i:  53700, sim time:  373872.025777, wall time: 1.765 hours, Δt:  7.500000, CFL: 8.65e-01
i:  53800, sim time:  374582.500000, wall time: 1.768 hours, Δt:  7.500000, CFL: 8.58e-01
i:  53900, sim time:  375289.290088, wall time: 1.772 hours, Δt:  6.967111, CFL: 9.00e-01
i:  54000, sim time:  375987.266467, wall time: 1.775 hours, Δt:  7.500000, CFL: 8.54e-01
i:  54100, sim time:  376691.959165, wall time: 1.778 hours, Δt:  7.183533, CFL: 9.00e-01
i:  54200, sim time:  377391.805082, wall time: 1.782 hours, Δt:  7.111018, CFL: 9.00e-01
i:  54300, sim time:  378075.000000, wall time: 1.785 hours, Δt:  7.500000, CFL: 8.70e-01
i:  54400, sim time:  378775.000000, wall time: 1.788 hours, Δt:  7.311208, CFL: 9.00e-01
i:  54500, sim time:  379474.052712, wall time: 1.791 hours, Δt:  7.462547, CFL: 9.00e-01
i:  54600, sim time:  380176.776237, wall time: 1.795 hours, Δt:  7.245197, CFL: 9.00e-01
i:  54700, sim time:  380864.131487, wall time: 1.798 hours, Δt:  7.316961, CFL: 9.00e-01
i:  54800, sim time:  381565.759585, wall time: 1.801 hours, Δt:  6.787889, CFL: 9.00e-01
i:  54900, sim time:  382266.632078, wall time: 1.804 hours, Δt:  7.403425, CFL: 9.00e-01
i:  55000, sim time:  382960.144473, wall time: 1.808 hours, Δt:  6.917817, CFL: 9.00e-01
i:  55100, sim time:  383667.500000, wall time: 1.811 hours, Δt:  7.500000, CFL: 8.81e-01
i:  55200, sim time:  384363.440937, wall time: 1.814 hours, Δt:  6.955748, CFL: 9.00e-01
i:  55300, sim time:  385043.450810, wall time: 1.818 hours, Δt:  7.500000, CFL: 8.99e-01
i:  55400, sim time:  385743.994792, wall time: 1.821 hours, Δt:  7.093850, CFL: 9.00e-01
i:  55500, sim time:  386422.736710, wall time: 1.824 hours, Δt:  6.940420, CFL: 9.00e-01
i:  55600, sim time:  387127.864203, wall time: 1.827 hours, Δt:  7.111096, CFL: 9.00e-01
i:  55700, sim time:  387814.750576, wall time: 1.831 hours, Δt:  7.500000, CFL: 8.73e-01
i:  55800, sim time:  388507.500000, wall time: 1.834 hours, Δt:  7.373734, CFL: 9.00e-01
i:  55900, sim time:  389207.500000, wall time: 1.837 hours, Δt:  7.414897, CFL: 9.00e-01
i:  56000, sim time:  389907.500000, wall time: 1.840 hours, Δt:  7.500000, CFL: 8.77e-01
i:  56100, sim time:  390607.500000, wall time: 1.844 hours, Δt:  7.426369, CFL: 9.00e-01
i:  56200, sim time:  391300.000000, wall time: 1.847 hours, Δt:  7.161075, CFL: 9.00e-01
i:  56300, sim time:  392007.500000, wall time: 1.850 hours, Δt:  7.500000, CFL: 8.88e-01
i:  56400, sim time:  392699.081699, wall time: 1.854 hours, Δt:  7.494067, CFL: 9.00e-01
i:  56500, sim time:  393394.900229, wall time: 1.857 hours, Δt:  7.214367, CFL: 9.00e-01
i:  56600, sim time:  394078.994122, wall time: 1.860 hours, Δt:  6.959898, CFL: 9.00e-01
i:  56700, sim time:  394767.249570, wall time: 1.863 hours, Δt:  7.500000, CFL: 8.95e-01
i:  56800, sim time:  395474.020443, wall time: 1.867 hours, Δt:  7.362665, CFL: 9.00e-01
i:  56900, sim time:  396169.097939, wall time: 1.870 hours, Δt:  7.155223, CFL: 9.00e-01
i:  57000, sim time:  396866.175491, wall time: 1.873 hours, Δt:  7.500000, CFL: 8.90e-01
i:  57100, sim time:  397572.154798, wall time: 1.876 hours, Δt:  7.363267, CFL: 9.00e-01
i:  57200, sim time:  398272.020518, wall time: 1.880 hours, Δt:  7.232394, CFL: 9.00e-01
i:  57300, sim time:  398965.956073, wall time: 1.883 hours, Δt:  7.402524, CFL: 9.00e-01
i:  57400, sim time:  399663.085537, wall time: 1.886 hours, Δt:  7.500000, CFL: 8.81e-01
