[ Info: Case T4p5_Ri2500 (T = 4.5 m): Ri = 2500, N² = 2.5e-05 s⁻², δ_s = 0.1414 m, Re_s = 5657
[ Info: Domain 7.071 × 3.536 × 12.728 m = 50 × 25 × 90 δ_s, 12 periods
[ Info: Background: linear N²_bg = N∞² (uniform). Initial b: mixed layer of depth T = 4.50 m = 31.8 δ_s carved into N∞²z (bᵢ/(N∞²z) = 0.000 at z = δ_s, 0.181 at z = T)
[ Info: Making an animation from 1601 frames...
[ Info: Frame 100 / 1601
[ Info: Frame 200 / 1601
[ Info: Frame 300 / 1601
[ Info: Frame 400 / 1601
[ Info: Frame 500 / 1601
[ Info: Frame 600 / 1601
[ Info: Frame 700 / 1601
[ Info: Frame 800 / 1601
[ Info: Frame 900 / 1601
[ Info: Frame 1000 / 1601
[ Info: Frame 1100 / 1601
[ Info: Frame 1200 / 1601
[ Info: Frame 1300 / 1601
[ Info: Frame 1400 / 1601
[ Info: Frame 1500 / 1601
[ Info: Frame 1600 / 1601
[ Info: Saved animation to /home/tll46/SRIM-2026/Stokes/3D/output_T4p5_Ri2500/animation_T4p5_Ri2500.mp4
[ Info: Saved animation for Ri2500 in output_T4p5_Ri2500/
