[2026-07-25 01:42:13] budget 7.25 h; simulations end 08:12:13, then post-processing
[2026-07-25 01:42:13] restarting velocities from 'Centered - Linear/output_Ri0/TidalBL3D_Ri0_fields.jld2'
[2026-07-25 01:42:13] launched Ri0 (pid 2757451)
[2026-07-25 01:43:43] launched Ri500 (pid 2758530)
[2026-07-25 01:45:13] launched Ri2500 (pid 2759329)
[2026-07-25 08:12:15] simulation deadline reached — stopping what is still running
[2026-07-25 08:12:15]   Ri0 at 8.68 periods
[2026-07-25 08:12:15]   Ri500 at 8.90 periods
[2026-07-25 08:13:05] Ri0 reached 8.69 periods
[2026-07-25 08:13:05] Ri500 reached 8.91 periods
[2026-07-25 08:13:05] Ri2500 reached 12.00 periods
[2026-07-25 08:13:05] post-processing
[2026-07-25 08:13:05]   Ri0: Tidal3Dprofiles.jl
[2026-07-25 08:13:36]   Ri0: MeanVelocity.jl
[2026-07-25 08:14:08]   Ri0: Vorticity.jl
[2026-07-25 08:14:59]   Ri0: Tidal3Danimation.jl
[2026-07-25 08:17:14]   Ri500: Tidal3Dprofiles.jl
[2026-07-25 08:17:45]   Ri500: MeanVelocity.jl
[2026-07-25 08:18:17]   Ri500: Vorticity.jl
[2026-07-25 08:19:08]   Ri500: Tidal3Danimation.jl
[2026-07-25 08:21:27]   Ri2500: Tidal3Dprofiles.jl
[2026-07-25 08:21:59]   Ri2500: MeanVelocity.jl
[2026-07-25 08:22:30]   Ri2500: Vorticity.jl
[2026-07-25 08:23:15]   Ri2500: Tidal3Danimation.jl
[2026-07-25 08:26:09]   Figure4.jl
[2026-07-25 08:26:38]   Figure5.jl
[2026-07-25 08:27:06] ALL DONE
[2026-07-25 08:27:06]   Ri0 reached 8.69 periods
[2026-07-25 08:27:06]   Ri500 reached 8.91 periods
[2026-07-25 08:27:06]   Ri2500 reached 12.00 periods
580M	output_Ri0
591M	output_Ri500
769M	output_Ri2500
