
==============================================================================
==== 2026-09-02 22:25:30  P4_T10_r1  (r = 1.0, T = 10.0)
==============================================================================
ekmanrun.jl case P4_T10_r1
  architecture      GPU
  dimensions        75.0 m x 75.0 m x 150.0 m  (+ 20 m sponge, H = 170 m)
  grid              100 x 100 x 400   (first centre at z = 0.1182 m)
  U∞  = 0.0400   f₀ = 1.00e-04   r = N/f = 1.0   N² = 1.000e-08
  profile 4 (softplus), T = 10.0 m, sharp = 6.0
  cᴰ  = 0.00908   ν₀ = 1.0e-06   κ₀ = 1.0e-07   Pr = 10
  duration 8.000e+05 s = 12.73 inertial periods, max Δt = 15 s
  moments every 314 s, x-z slices off, Avg_* writers ON
i:       0, sim time:         0 (0.00 T_f), wall: 45.584 seconds, Δt:   1.80, CFL: 1.08e-01
i:     100, sim time:       NaN (NaN T_f), wall: 1.704 minutes, Δt:    NaN, CFL: NaN
u* = 7.6066e-03 m/s (R² = 0.5422), z₀ fit 1.963e-01 vs imposed 1.600e-03, δ = 76.07 m
case P4_T10_r1 finished at 2026-09-02 22:28:51
[ Info: Oceananigans will use 4 threads
┌ Warning: CUDA runtime library `libcusparse.so.12` was loaded from a system path, `/usr/local/software/spack/2024.2/views/maths/cuda-12.6.3/gcc-11.4.0/leehydd5fuufm35ohlbwth2mqtadrq3f/lib64/libcusparse.so.12`.
│ This may cause errors.
│ 
│ If you're running under a profiler, this situation is expected. Otherwise,
│ ensure that your library path environment variable (e.g., `PATH` on Windows
│ or `LD_LIBRARY_PATH` on Linux) does not include CUDA library paths.
│ 
│ In any other case, please file an issue.
└ @ CUDACore ~/.julia/packages/CUDACore/NlVPI/src/initialization.jl:199
┌ Warning: CUDA runtime library `libnvJitLink.so.12` was loaded from a system path, `/usr/local/software/spack/2024.2/views/maths/cuda-12.6.3/gcc-11.4.0/leehydd5fuufm35ohlbwth2mqtadrq3f/lib64/libnvJitLink.so.12`.
│ This may cause errors.
│ 
│ If you're running under a profiler, this situation is expected. Otherwise,
│ ensure that your library path environment variable (e.g., `PATH` on Windows
│ or `LD_LIBRARY_PATH` on Linux) does not include CUDA library paths.
│ 
│ In any other case, please file an issue.
└ @ CUDACore ~/.julia/packages/CUDACore/NlVPI/src/initialization.jl:199
[ Info: closure auxiliary fields at `model.closure_fields` (Tuple)
[ Info: SGS diffusivity resolved as `model.closure_fields[2].κₑ` — 100×100×400 Field{Center, Center, Center} on RectilinearGrid on CUDAGPU
[ Info: writing 13 plane-averaged profiles to /cephfs/store/damtp/tll46/SRIM-2026/Combined/Data/Ekman_moments/4/r=1.0, T=10.0/Moments.jld2 every 314 s (2547 samples)
[ Info: Initializing simulation...
[ Info: health @ 0.00 T_f: max|⟨w⟩_xy| = 3.730e-19 m/s (= 9.3e-18 U∞); κₑ ∈ [NaN, NaN] m²/s
[ Info:     ... simulation initialization complete (56.518 seconds)
[ Info: Executing initial time step...
[ Info:     ... initial time step complete (4.880 seconds).
[ Info: time = NaN, iteration = 100: NaN found in field u. Stopping simulation.

==============================================================================
==== 2026-09-03 22:31:45  P4_T10_r1  (r = 1.0, T = 10.0)
==============================================================================
ekmanrun.jl case P4_T10_r1
  architecture      GPU
  dimensions        75.0 m x 75.0 m x 150.0 m  (+ 20 m sponge, H = 170 m)
  grid              100 x 100 x 400   (first centre at z = 0.1182 m)
  U∞  = 0.0400   f₀ = 1.00e-04   r = N/f = 1.0   N² = 1.000e-08
  profile 4 (softplus), T = 10.0 m, sharp = 6.0
  cᴰ  = 0.00908   ν₀ = 1.0e-06   κ₀ = 1.0e-07   Pr = 10
  duration 8.000e+05 s = 12.73 inertial periods, max Δt = 15 s
  moments every 314 s, x-z slices off, Avg_* writers ON
i:       0, sim time:         0 (0.00 T_f), wall: 45.812 seconds, Δt:   1.80, CFL: 1.08e-01
i:     100, sim time:       900 (0.01 T_f), wall: 1.695 minutes, Δt:  14.49, CFL: 9.00e-01
i:     200, sim time:      2257 (0.04 T_f), wall: 1.743 minutes, Δt:  14.30, CFL: 9.00e-01
i:     300, sim time:      3528 (0.06 T_f), wall: 1.793 minutes, Δt:  14.18, CFL: 9.00e-01
i:     400, sim time:      4778 (0.08 T_f), wall: 1.840 minutes, Δt:  13.68, CFL: 9.00e-01
i:     500, sim time:      6013 (0.10 T_f), wall: 1.895 minutes, Δt:  12.91, CFL: 9.00e-01
i:     600, sim time:      7222 (0.11 T_f), wall: 1.944 minutes, Δt:  12.88, CFL: 9.00e-01
i:     700, sim time:      8400 (0.13 T_f), wall: 1.991 minutes, Δt:  12.36, CFL: 9.00e-01
i:     800, sim time:      9524 (0.15 T_f), wall: 2.039 minutes, Δt:  11.90, CFL: 9.00e-01
i:     900, sim time:     10612 (0.17 T_f), wall: 2.085 minutes, Δt:  11.75, CFL: 9.00e-01
i:    1000, sim time:     11697 (0.19 T_f), wall: 2.131 minutes, Δt:  11.11, CFL: 9.00e-01
i:    1100, sim time:     12748 (0.20 T_f), wall: 2.177 minutes, Δt:  11.72, CFL: 9.00e-01
i:    1200, sim time:     13816 (0.22 T_f), wall: 2.225 minutes, Δt:  11.42, CFL: 9.00e-01
i:    1300, sim time:     14867 (0.24 T_f), wall: 2.275 minutes, Δt:  11.23, CFL: 9.00e-01
i:    1400, sim time:     15946 (0.25 T_f), wall: 2.321 minutes, Δt:  11.54, CFL: 9.00e-01
i:    1500, sim time:     17011 (0.27 T_f), wall: 2.368 minutes, Δt:  11.16, CFL: 9.00e-01
i:    1600, sim time:     18043 (0.29 T_f), wall: 2.415 minutes, Δt:  10.92, CFL: 9.00e-01
i:    1700, sim time:     19033 (0.30 T_f), wall: 2.461 minutes, Δt:  10.83, CFL: 9.00e-01
i:    1800, sim time:     20022 (0.32 T_f), wall: 2.505 minutes, Δt:  10.82, CFL: 9.00e-01
i:    1900, sim time:     21010 (0.33 T_f), wall: 2.550 minutes, Δt:  10.34, CFL: 9.00e-01
i:    2000, sim time:     21980 (0.35 T_f), wall: 2.594 minutes, Δt:  10.32, CFL: 9.00e-01
i:    2100, sim time:     22962 (0.37 T_f), wall: 2.645 minutes, Δt:   9.91, CFL: 9.00e-01
i:    2200, sim time:     23929 (0.38 T_f), wall: 2.693 minutes, Δt:   9.77, CFL: 9.00e-01
i:    2300, sim time:     24900 (0.40 T_f), wall: 2.738 minutes, Δt:  10.53, CFL: 9.00e-01
i:    2400, sim time:     25882 (0.41 T_f), wall: 2.782 minutes, Δt:  10.39, CFL: 9.00e-01
i:    2500, sim time:     26799 (0.43 T_f), wall: 2.827 minutes, Δt:  10.09, CFL: 9.00e-01
i:    2600, sim time:     27762 (0.44 T_f), wall: 2.872 minutes, Δt:  10.24, CFL: 9.00e-01
i:    2700, sim time:     28719 (0.46 T_f), wall: 2.924 minutes, Δt:   9.71, CFL: 9.00e-01
i:    2800, sim time:     29682 (0.47 T_f), wall: 2.972 minutes, Δt:  10.08, CFL: 9.00e-01
i:    2900, sim time:     30650 (0.49 T_f), wall: 3.018 minutes, Δt:   9.96, CFL: 9.00e-01
i:    3000, sim time:     31557 (0.50 T_f), wall: 3.065 minutes, Δt:   9.69, CFL: 9.00e-01
i:    3100, sim time:     32480 (0.52 T_f), wall: 3.110 minutes, Δt:  10.03, CFL: 9.00e-01
i:    3200, sim time:     33400 (0.53 T_f), wall: 3.153 minutes, Δt:   9.90, CFL: 9.00e-01
i:    3300, sim time:     34300 (0.55 T_f), wall: 3.218 minutes, Δt:   9.68, CFL: 9.00e-01
i:    3400, sim time:     35230 (0.56 T_f), wall: 3.261 minutes, Δt:  10.11, CFL: 9.00e-01
i:    3500, sim time:     36139 (0.58 T_f), wall: 3.306 minutes, Δt:   9.89, CFL: 9.00e-01
i:    3600, sim time:     37049 (0.59 T_f), wall: 3.351 minutes, Δt:   9.72, CFL: 9.00e-01
i:    3700, sim time:     37938 (0.60 T_f), wall: 3.398 minutes, Δt:   9.33, CFL: 9.00e-01
i:    3800, sim time:     38827 (0.62 T_f), wall: 3.446 minutes, Δt:   9.11, CFL: 9.00e-01
i:    3900, sim time:     39718 (0.63 T_f), wall: 3.493 minutes, Δt:   9.40, CFL: 9.00e-01
i:    4000, sim time:     40619 (0.65 T_f), wall: 3.539 minutes, Δt:   9.78, CFL: 9.00e-01
i:    4100, sim time:     41520 (0.66 T_f), wall: 3.584 minutes, Δt:   9.76, CFL: 9.00e-01
i:    4200, sim time:     42419 (0.68 T_f), wall: 3.631 minutes, Δt:   9.38, CFL: 9.00e-01
i:    4300, sim time:     43330 (0.69 T_f), wall: 3.675 minutes, Δt:   9.86, CFL: 9.00e-01
i:    4400, sim time:     44228 (0.70 T_f), wall: 3.724 minutes, Δt:   9.54, CFL: 9.00e-01
i:    4500, sim time:     45119 (0.72 T_f), wall: 3.769 minutes, Δt:   9.67, CFL: 9.00e-01
i:    4600, sim time:     46048 (0.73 T_f), wall: 3.814 minutes, Δt:   9.39, CFL: 9.00e-01
i:    4700, sim time:     46958 (0.75 T_f), wall: 3.858 minutes, Δt:   9.91, CFL: 9.00e-01
i:    4800, sim time:     47879 (0.76 T_f), wall: 3.904 minutes, Δt:   9.84, CFL: 9.00e-01
i:    4900, sim time:     48787 (0.78 T_f), wall: 3.950 minutes, Δt:   9.38, CFL: 9.00e-01
i:    5000, sim time:     49679 (0.79 T_f), wall: 3.999 minutes, Δt:   9.56, CFL: 9.00e-01
i:    5100, sim time:     50554 (0.80 T_f), wall: 4.048 minutes, Δt:   9.60, CFL: 9.00e-01
i:    5200, sim time:     51457 (0.82 T_f), wall: 4.098 minutes, Δt:   9.58, CFL: 9.00e-01
i:    5300, sim time:     52380 (0.83 T_f), wall: 4.142 minutes, Δt:   9.90, CFL: 9.00e-01
i:    5400, sim time:     53268 (0.85 T_f), wall: 4.191 minutes, Δt:  10.01, CFL: 9.00e-01
i:    5500, sim time:     54198 (0.86 T_f), wall: 4.241 minutes, Δt:   9.96, CFL: 9.00e-01
i:    5600, sim time:     55120 (0.88 T_f), wall: 4.288 minutes, Δt:  10.10, CFL: 9.00e-01
i:    5700, sim time:     56049 (0.89 T_f), wall: 4.334 minutes, Δt:   9.92, CFL: 9.00e-01
i:    5800, sim time:     56980 (0.91 T_f), wall: 4.380 minutes, Δt:  10.30, CFL: 9.00e-01
i:    5900, sim time:     57950 (0.92 T_f), wall: 4.429 minutes, Δt:   9.90, CFL: 9.00e-01
i:    6000, sim time:     58896 (0.94 T_f), wall: 4.479 minutes, Δt:   9.44, CFL: 9.00e-01
i:    6100, sim time:     59810 (0.95 T_f), wall: 4.534 minutes, Δt:   9.63, CFL: 9.00e-01
i:    6200, sim time:     60700 (0.97 T_f), wall: 4.583 minutes, Δt:   9.57, CFL: 9.00e-01
i:    6300, sim time:     61600 (0.98 T_f), wall: 4.630 minutes, Δt:   9.42, CFL: 9.00e-01
i:    6400, sim time:     62510 (0.99 T_f), wall: 4.679 minutes, Δt:  10.08, CFL: 9.00e-01
i:    6500, sim time:     63497 (1.01 T_f), wall: 4.724 minutes, Δt:  10.09, CFL: 9.00e-01
i:    6600, sim time:     64420 (1.03 T_f), wall: 4.776 minutes, Δt:  10.27, CFL: 9.00e-01
i:    6700, sim time:     65381 (1.04 T_f), wall: 4.846 minutes, Δt:   9.89, CFL: 9.00e-01
i:    6800, sim time:     66310 (1.06 T_f), wall: 4.892 minutes, Δt:   9.94, CFL: 9.00e-01
i:    6900, sim time:     67247 (1.07 T_f), wall: 4.939 minutes, Δt:  10.43, CFL: 9.00e-01
i:    7000, sim time:     68220 (1.09 T_f), wall: 4.985 minutes, Δt:  10.28, CFL: 9.00e-01
i:    7100, sim time:     69200 (1.10 T_f), wall: 5.031 minutes, Δt:  10.32, CFL: 9.00e-01
i:    7200, sim time:     70184 (1.12 T_f), wall: 5.078 minutes, Δt:  10.62, CFL: 9.00e-01
i:    7300, sim time:     71152 (1.13 T_f), wall: 5.124 minutes, Δt:  10.40, CFL: 9.00e-01
i:    7400, sim time:     72121 (1.15 T_f), wall: 5.171 minutes, Δt:  10.11, CFL: 9.00e-01
i:    7500, sim time:     73092 (1.16 T_f), wall: 5.218 minutes, Δt:  10.25, CFL: 9.00e-01
i:    7600, sim time:     74072 (1.18 T_f), wall: 5.266 minutes, Δt:  10.42, CFL: 9.00e-01
i:    7700, sim time:     75041 (1.19 T_f), wall: 5.316 minutes, Δt:  10.16, CFL: 9.00e-01
i:    7800, sim time:     75949 (1.21 T_f), wall: 5.362 minutes, Δt:   9.96, CFL: 9.00e-01
i:    7900, sim time:     76910 (1.22 T_f), wall: 5.410 minutes, Δt:  10.48, CFL: 9.00e-01
i:    8000, sim time:     77893 (1.24 T_f), wall: 5.458 minutes, Δt:  10.32, CFL: 9.00e-01
i:    8100, sim time:     78877 (1.26 T_f), wall: 5.507 minutes, Δt:  10.64, CFL: 9.00e-01
i:    8200, sim time:     79830 (1.27 T_f), wall: 5.556 minutes, Δt:  10.22, CFL: 9.00e-01
i:    8300, sim time:     80769 (1.29 T_f), wall: 5.604 minutes, Δt:   9.83, CFL: 9.00e-01
i:    8400, sim time:     81741 (1.30 T_f), wall: 5.652 minutes, Δt:  10.08, CFL: 9.00e-01
i:    8500, sim time:     82700 (1.32 T_f), wall: 5.700 minutes, Δt:   9.73, CFL: 9.00e-01
i:    8600, sim time:     83662 (1.33 T_f), wall: 5.749 minutes, Δt:  10.33, CFL: 9.00e-01
i:    8700, sim time:     84596 (1.35 T_f), wall: 5.800 minutes, Δt:   9.69, CFL: 9.00e-01
i:    8800, sim time:     85500 (1.36 T_f), wall: 5.848 minutes, Δt:   9.47, CFL: 9.00e-01
i:    8900, sim time:     86400 (1.38 T_f), wall: 5.897 minutes, Δt:   9.76, CFL: 9.00e-01
i:    9000, sim time:     87300 (1.39 T_f), wall: 5.952 minutes, Δt:   9.81, CFL: 9.00e-01
i:    9100, sim time:     88200 (1.40 T_f), wall: 6.001 minutes, Δt:   9.77, CFL: 9.00e-01
i:    9200, sim time:     89120 (1.42 T_f), wall: 6.052 minutes, Δt:  10.16, CFL: 9.00e-01
i:    9300, sim time:     90019 (1.43 T_f), wall: 6.112 minutes, Δt:   9.59, CFL: 9.00e-01
i:    9400, sim time:     90919 (1.45 T_f), wall: 6.163 minutes, Δt:   9.74, CFL: 9.00e-01
i:    9500, sim time:     91810 (1.46 T_f), wall: 6.215 minutes, Δt:   9.50, CFL: 9.00e-01
i:    9600, sim time:     92738 (1.48 T_f), wall: 6.261 minutes, Δt:   9.68, CFL: 9.00e-01
i:    9700, sim time:     93638 (1.49 T_f), wall: 6.315 minutes, Δt:   9.43, CFL: 9.00e-01
i:    9800, sim time:     94543 (1.50 T_f), wall: 6.365 minutes, Δt:   9.78, CFL: 9.00e-01
i:    9900, sim time:     95449 (1.52 T_f), wall: 6.413 minutes, Δt:  10.00, CFL: 9.00e-01
i:   10000, sim time:     96359 (1.53 T_f), wall: 6.459 minutes, Δt:   9.90, CFL: 9.00e-01
i:   10100, sim time:     97288 (1.55 T_f), wall: 6.511 minutes, Δt:   9.81, CFL: 9.00e-01
i:   10200, sim time:     98241 (1.56 T_f), wall: 6.561 minutes, Δt:  10.43, CFL: 9.00e-01
i:   10300, sim time:     99190 (1.58 T_f), wall: 6.612 minutes, Δt:  10.24, CFL: 9.00e-01
i:   10400, sim time:    100109 (1.59 T_f), wall: 6.663 minutes, Δt:   9.61, CFL: 9.00e-01
i:   10500, sim time:    101050 (1.61 T_f), wall: 6.715 minutes, Δt:   9.90, CFL: 9.00e-01
i:   10600, sim time:    101959 (1.62 T_f), wall: 6.774 minutes, Δt:   9.65, CFL: 9.00e-01
i:   10700, sim time:    102858 (1.64 T_f), wall: 6.824 minutes, Δt:   9.83, CFL: 9.00e-01
i:   10800, sim time:    103770 (1.65 T_f), wall: 6.871 minutes, Δt:   9.69, CFL: 9.00e-01
i:   10900, sim time:    104680 (1.67 T_f), wall: 6.919 minutes, Δt:   9.74, CFL: 9.00e-01
i:   11000, sim time:    105595 (1.68 T_f), wall: 6.969 minutes, Δt:   9.91, CFL: 9.00e-01
i:   11100, sim time:    106561 (1.70 T_f), wall: 7.021 minutes, Δt:  10.17, CFL: 9.00e-01
i:   11200, sim time:    107510 (1.71 T_f), wall: 7.089 minutes, Δt:   9.77, CFL: 9.00e-01
i:   11300, sim time:    108461 (1.73 T_f), wall: 7.141 minutes, Δt:   9.99, CFL: 9.00e-01
i:   11400, sim time:    109389 (1.74 T_f), wall: 7.191 minutes, Δt:  10.03, CFL: 9.00e-01
i:   11500, sim time:    110309 (1.76 T_f), wall: 7.238 minutes, Δt:   9.36, CFL: 9.00e-01
i:   11600, sim time:    111270 (1.77 T_f), wall: 7.290 minutes, Δt:  10.15, CFL: 9.00e-01
i:   11700, sim time:    112230 (1.79 T_f), wall: 7.343 minutes, Δt:  10.05, CFL: 9.00e-01
i:   11800, sim time:    113200 (1.80 T_f), wall: 7.390 minutes, Δt:  10.13, CFL: 9.00e-01
i:   11900, sim time:    114149 (1.82 T_f), wall: 7.440 minutes, Δt:  10.13, CFL: 9.00e-01
i:   12000, sim time:    115100 (1.83 T_f), wall: 7.488 minutes, Δt:  10.12, CFL: 9.00e-01
i:   12100, sim time:    116061 (1.85 T_f), wall: 7.537 minutes, Δt:  10.21, CFL: 9.00e-01
i:   12200, sim time:    117030 (1.86 T_f), wall: 7.585 minutes, Δt:  10.06, CFL: 9.00e-01
i:   12300, sim time:    118000 (1.88 T_f), wall: 7.634 minutes, Δt:  10.09, CFL: 9.00e-01
i:   12400, sim time:    118949 (1.89 T_f), wall: 7.688 minutes, Δt:   9.75, CFL: 9.00e-01
i:   12500, sim time:    119850 (1.91 T_f), wall: 7.738 minutes, Δt:   9.89, CFL: 9.00e-01
i:   12600, sim time:    120779 (1.92 T_f), wall: 7.791 minutes, Δt:   9.97, CFL: 9.00e-01
i:   12700, sim time:    121674 (1.94 T_f), wall: 7.840 minutes, Δt:   9.76, CFL: 9.00e-01
i:   12800, sim time:    122600 (1.95 T_f), wall: 7.895 minutes, Δt:  10.20, CFL: 9.00e-01
i:   12900, sim time:    123552 (1.97 T_f), wall: 7.952 minutes, Δt:  10.19, CFL: 9.00e-01
i:   13000, sim time:    124510 (1.98 T_f), wall: 8.003 minutes, Δt:  10.12, CFL: 9.00e-01
i:   13100, sim time:    125420 (2.00 T_f), wall: 8.052 minutes, Δt:   9.91, CFL: 9.00e-01
i:   13200, sim time:    126361 (2.01 T_f), wall: 8.101 minutes, Δt:  10.04, CFL: 9.00e-01
i:   13300, sim time:    127270 (2.03 T_f), wall: 8.152 minutes, Δt:  10.19, CFL: 9.00e-01
i:   13400, sim time:    128180 (2.04 T_f), wall: 8.199 minutes, Δt:   9.93, CFL: 9.00e-01
i:   13500, sim time:    129094 (2.05 T_f), wall: 8.248 minutes, Δt:   9.88, CFL: 9.00e-01
i:   13600, sim time:    130041 (2.07 T_f), wall: 8.299 minutes, Δt:  10.25, CFL: 9.00e-01
i:   13700, sim time:    130999 (2.08 T_f), wall: 8.349 minutes, Δt:  10.11, CFL: 9.00e-01
i:   13800, sim time:    131973 (2.10 T_f), wall: 8.399 minutes, Δt:  10.36, CFL: 9.00e-01
i:   13900, sim time:    132950 (2.12 T_f), wall: 8.449 minutes, Δt:   9.97, CFL: 9.00e-01
i:   14000, sim time:    133880 (2.13 T_f), wall: 8.499 minutes, Δt:  10.20, CFL: 9.00e-01
i:   14100, sim time:    134800 (2.15 T_f), wall: 8.559 minutes, Δt:  10.01, CFL: 9.00e-01
i:   14200, sim time:    135772 (2.16 T_f), wall: 8.609 minutes, Δt:  10.22, CFL: 9.00e-01
i:   14300, sim time:    136700 (2.18 T_f), wall: 8.658 minutes, Δt:  10.36, CFL: 9.00e-01
i:   14400, sim time:    137682 (2.19 T_f), wall: 8.707 minutes, Δt:  10.17, CFL: 9.00e-01
i:   14500, sim time:    138663 (2.21 T_f), wall: 8.756 minutes, Δt:  10.50, CFL: 9.00e-01
i:   14600, sim time:    139620 (2.22 T_f), wall: 8.804 minutes, Δt:   9.47, CFL: 9.00e-01
i:   14700, sim time:    140519 (2.24 T_f), wall: 8.851 minutes, Δt:   9.79, CFL: 9.00e-01
i:   14800, sim time:    141471 (2.25 T_f), wall: 8.901 minutes, Δt:   9.81, CFL: 9.00e-01
i:   14900, sim time:    142410 (2.27 T_f), wall: 8.951 minutes, Δt:   9.78, CFL: 9.00e-01
i:   15000, sim time:    143293 (2.28 T_f), wall: 8.999 minutes, Δt:   9.30, CFL: 9.00e-01
i:   15100, sim time:    144183 (2.29 T_f), wall: 9.048 minutes, Δt:   9.59, CFL: 9.00e-01
i:   15200, sim time:    145098 (2.31 T_f), wall: 9.099 minutes, Δt:  10.20, CFL: 9.00e-01
i:   15300, sim time:    146050 (2.32 T_f), wall: 9.153 minutes, Δt:   9.60, CFL: 9.00e-01
i:   15400, sim time:    146982 (2.34 T_f), wall: 9.201 minutes, Δt:  10.07, CFL: 9.00e-01
i:   15500, sim time:    147920 (2.35 T_f), wall: 9.250 minutes, Δt:  10.15, CFL: 9.00e-01
i:   15600, sim time:    148887 (2.37 T_f), wall: 9.298 minutes, Δt:  10.40, CFL: 9.00e-01
i:   15700, sim time:    149862 (2.39 T_f), wall: 9.348 minutes, Δt:  10.26, CFL: 9.00e-01
i:   15800, sim time:    150852 (2.40 T_f), wall: 9.399 minutes, Δt:  10.47, CFL: 9.00e-01
i:   15900, sim time:    151798 (2.42 T_f), wall: 9.452 minutes, Δt:   9.98, CFL: 9.00e-01
i:   16000, sim time:    152710 (2.43 T_f), wall: 9.506 minutes, Δt:  10.12, CFL: 9.00e-01
i:   16100, sim time:    153619 (2.44 T_f), wall: 9.559 minutes, Δt:   9.39, CFL: 9.00e-01
i:   16200, sim time:    154520 (2.46 T_f), wall: 9.609 minutes, Δt:   9.95, CFL: 9.00e-01
i:   16300, sim time:    155439 (2.47 T_f), wall: 9.660 minutes, Δt:   9.16, CFL: 9.00e-01
i:   16400, sim time:    156372 (2.49 T_f), wall: 9.715 minutes, Δt:   9.98, CFL: 9.00e-01
i:   16500, sim time:    157286 (2.50 T_f), wall: 9.766 minutes, Δt:   9.56, CFL: 9.00e-01
i:   16600, sim time:    158200 (2.52 T_f), wall: 9.815 minutes, Δt:  10.18, CFL: 9.00e-01
i:   16700, sim time:    159179 (2.53 T_f), wall: 9.866 minutes, Δt:  10.05, CFL: 9.00e-01
i:   16800, sim time:    160089 (2.55 T_f), wall: 9.916 minutes, Δt:   9.81, CFL: 9.00e-01
i:   16900, sim time:    160990 (2.56 T_f), wall: 9.968 minutes, Δt:   9.91, CFL: 9.00e-01
i:   17000, sim time:    161960 (2.58 T_f), wall: 10.022 minutes, Δt:  10.23, CFL: 9.00e-01
i:   17100, sim time:    162889 (2.59 T_f), wall: 10.073 minutes, Δt:   9.82, CFL: 9.00e-01
i:   17200, sim time:    163840 (2.61 T_f), wall: 10.125 minutes, Δt:   9.96, CFL: 9.00e-01
i:   17300, sim time:    164791 (2.62 T_f), wall: 10.174 minutes, Δt:  10.10, CFL: 9.00e-01
i:   17400, sim time:    165700 (2.64 T_f), wall: 10.226 minutes, Δt:   9.30, CFL: 9.00e-01
i:   17500, sim time:    166630 (2.65 T_f), wall: 10.278 minutes, Δt:  10.06, CFL: 9.00e-01
i:   17600, sim time:    167569 (2.67 T_f), wall: 10.333 minutes, Δt:   9.79, CFL: 9.00e-01
i:   17700, sim time:    168468 (2.68 T_f), wall: 10.383 minutes, Δt:   9.74, CFL: 9.00e-01
i:   17800, sim time:    169389 (2.70 T_f), wall: 10.438 minutes, Δt:  10.09, CFL: 9.00e-01
i:   17900, sim time:    170299 (2.71 T_f), wall: 10.492 minutes, Δt:   9.88, CFL: 9.00e-01
i:   18000, sim time:    171221 (2.73 T_f), wall: 10.542 minutes, Δt:  10.14, CFL: 9.00e-01
i:   18100, sim time:    172148 (2.74 T_f), wall: 10.596 minutes, Δt:   9.23, CFL: 9.00e-01
i:   18200, sim time:    173110 (2.76 T_f), wall: 10.654 minutes, Δt:  10.24, CFL: 9.00e-01
i:   18300, sim time:    174045 (2.77 T_f), wall: 10.706 minutes, Δt:   8.83, CFL: 9.00e-01
i:   18400, sim time:    174919 (2.78 T_f), wall: 10.754 minutes, Δt:   9.65, CFL: 9.00e-01
i:   18500, sim time:    175819 (2.80 T_f), wall: 10.808 minutes, Δt:   9.66, CFL: 9.00e-01
i:   18600, sim time:    176719 (2.81 T_f), wall: 10.857 minutes, Δt:   9.73, CFL: 9.00e-01
i:   18700, sim time:    177620 (2.83 T_f), wall: 10.906 minutes, Δt:   9.66, CFL: 9.00e-01
i:   18800, sim time:    178529 (2.84 T_f), wall: 10.956 minutes, Δt:   9.65, CFL: 9.00e-01
i:   18900, sim time:    179427 (2.86 T_f), wall: 11.008 minutes, Δt:   9.30, CFL: 9.00e-01
i:   19000, sim time:    180329 (2.87 T_f), wall: 11.059 minutes, Δt:   9.70, CFL: 9.00e-01
i:   19100, sim time:    181220 (2.88 T_f), wall: 11.115 minutes, Δt:   9.96, CFL: 9.00e-01
i:   19200, sim time:    182120 (2.90 T_f), wall: 11.164 minutes, Δt:   9.50, CFL: 9.00e-01
i:   19300, sim time:    183050 (2.91 T_f), wall: 11.215 minutes, Δt:  10.13, CFL: 9.00e-01
i:   19400, sim time:    183958 (2.93 T_f), wall: 11.263 minutes, Δt:   9.59, CFL: 9.00e-01
i:   19500, sim time:    184885 (2.94 T_f), wall: 11.317 minutes, Δt:   9.78, CFL: 9.00e-01
i:   19600, sim time:    185800 (2.96 T_f), wall: 11.366 minutes, Δt:   9.89, CFL: 9.00e-01
i:   19700, sim time:    186700 (2.97 T_f), wall: 11.417 minutes, Δt:  10.07, CFL: 9.00e-01
i:   19800, sim time:    187619 (2.99 T_f), wall: 11.470 minutes, Δt:   9.70, CFL: 9.00e-01
i:   19900, sim time:    188571 (3.00 T_f), wall: 11.526 minutes, Δt:  10.00, CFL: 9.00e-01
i:   20000, sim time:    189520 (3.02 T_f), wall: 11.578 minutes, Δt:  10.26, CFL: 9.00e-01
i:   20100, sim time:    190439 (3.03 T_f), wall: 11.629 minutes, Δt:   9.49, CFL: 9.00e-01
i:   20200, sim time:    191328 (3.05 T_f), wall: 11.679 minutes, Δt:   9.38, CFL: 9.00e-01
i:   20300, sim time:    192229 (3.06 T_f), wall: 11.734 minutes, Δt:   9.77, CFL: 9.00e-01
i:   20400, sim time:    193129 (3.07 T_f), wall: 11.783 minutes, Δt:  10.01, CFL: 9.00e-01
i:   20500, sim time:    194052 (3.09 T_f), wall: 11.834 minutes, Δt:  10.06, CFL: 9.00e-01
i:   20600, sim time:    194960 (3.10 T_f), wall: 11.884 minutes, Δt:   9.85, CFL: 9.00e-01
i:   20700, sim time:    195910 (3.12 T_f), wall: 11.934 minutes, Δt:  10.02, CFL: 9.00e-01
i:   20800, sim time:    196840 (3.13 T_f), wall: 11.998 minutes, Δt:  10.08, CFL: 9.00e-01
i:   20900, sim time:    197798 (3.15 T_f), wall: 12.046 minutes, Δt:   9.89, CFL: 9.00e-01
i:   21000, sim time:    198710 (3.16 T_f), wall: 12.101 minutes, Δt:  10.30, CFL: 9.00e-01
i:   21100, sim time:    199639 (3.18 T_f), wall: 12.152 minutes, Δt:  10.01, CFL: 9.00e-01
i:   21200, sim time:    200610 (3.19 T_f), wall: 12.204 minutes, Δt:  10.33, CFL: 9.00e-01
i:   21300, sim time:    201588 (3.21 T_f), wall: 12.255 minutes, Δt:  10.17, CFL: 9.00e-01
i:   21400, sim time:    202540 (3.22 T_f), wall: 12.308 minutes, Δt:   9.85, CFL: 9.00e-01
i:   21500, sim time:    203451 (3.24 T_f), wall: 12.363 minutes, Δt:  10.00, CFL: 9.00e-01
i:   21600, sim time:    204424 (3.25 T_f), wall: 12.415 minutes, Δt:  10.03, CFL: 9.00e-01
i:   21700, sim time:    205366 (3.27 T_f), wall: 12.466 minutes, Δt:  10.29, CFL: 9.00e-01
i:   21800, sim time:    206341 (3.28 T_f), wall: 12.522 minutes, Δt:   9.72, CFL: 9.00e-01
i:   21900, sim time:    207279 (3.30 T_f), wall: 12.573 minutes, Δt:   9.68, CFL: 9.00e-01
i:   22000, sim time:    208210 (3.31 T_f), wall: 12.626 minutes, Δt:  10.03, CFL: 9.00e-01
i:   22100, sim time:    209171 (3.33 T_f), wall: 12.677 minutes, Δt:   9.23, CFL: 9.00e-01
i:   22200, sim time:    210110 (3.34 T_f), wall: 12.727 minutes, Δt:  10.19, CFL: 9.00e-01
i:   22300, sim time:    211068 (3.36 T_f), wall: 12.783 minutes, Δt:  10.01, CFL: 9.00e-01
i:   22400, sim time:    212042 (3.37 T_f), wall: 12.836 minutes, Δt:  10.21, CFL: 9.00e-01
i:   22500, sim time:    212967 (3.39 T_f), wall: 12.887 minutes, Δt:   9.35, CFL: 9.00e-01
i:   22600, sim time:    213910 (3.40 T_f), wall: 12.937 minutes, Δt:   9.89, CFL: 9.00e-01
i:   22700, sim time:    214871 (3.42 T_f), wall: 12.994 minutes, Δt:  10.10, CFL: 9.00e-01
i:   22800, sim time:    215851 (3.44 T_f), wall: 13.045 minutes, Δt:  10.03, CFL: 9.00e-01
i:   22900, sim time:    216760 (3.45 T_f), wall: 13.099 minutes, Δt:  10.02, CFL: 9.00e-01
i:   23000, sim time:    217710 (3.46 T_f), wall: 13.158 minutes, Δt:  10.13, CFL: 9.00e-01
i:   23100, sim time:    218640 (3.48 T_f), wall: 13.214 minutes, Δt:  10.09, CFL: 9.00e-01
i:   23200, sim time:    219589 (3.49 T_f), wall: 13.269 minutes, Δt:   9.97, CFL: 9.00e-01
i:   23300, sim time:    220497 (3.51 T_f), wall: 13.326 minutes, Δt:   9.89, CFL: 9.00e-01
i:   23400, sim time:    221400 (3.52 T_f), wall: 13.379 minutes, Δt:  10.08, CFL: 9.00e-01
i:   23500, sim time:    222342 (3.54 T_f), wall: 13.431 minutes, Δt:  10.14, CFL: 9.00e-01
i:   23600, sim time:    223310 (3.55 T_f), wall: 13.484 minutes, Δt:  10.22, CFL: 9.00e-01
i:   23700, sim time:    224260 (3.57 T_f), wall: 13.539 minutes, Δt:   9.97, CFL: 9.00e-01
i:   23800, sim time:    225210 (3.58 T_f), wall: 13.592 minutes, Δt:  10.32, CFL: 9.00e-01
i:   23900, sim time:    226191 (3.60 T_f), wall: 13.643 minutes, Δt:  10.28, CFL: 9.00e-01
i:   24000, sim time:    227138 (3.62 T_f), wall: 13.694 minutes, Δt:   9.80, CFL: 9.00e-01
i:   24100, sim time:    228082 (3.63 T_f), wall: 13.750 minutes, Δt:   9.98, CFL: 9.00e-01
i:   24200, sim time:    229039 (3.65 T_f), wall: 13.800 minutes, Δt:   9.75, CFL: 9.00e-01
i:   24300, sim time:    229979 (3.66 T_f), wall: 13.852 minutes, Δt:   9.89, CFL: 9.00e-01
i:   24400, sim time:    230879 (3.67 T_f), wall: 13.903 minutes, Δt:   9.92, CFL: 9.00e-01
i:   24500, sim time:    231791 (3.69 T_f), wall: 13.953 minutes, Δt:   9.96, CFL: 9.00e-01
i:   24600, sim time:    232719 (3.70 T_f), wall: 14.009 minutes, Δt:   9.67, CFL: 9.00e-01
i:   24700, sim time:    233626 (3.72 T_f), wall: 14.064 minutes, Δt:   9.49, CFL: 9.00e-01
i:   24800, sim time:    234527 (3.73 T_f), wall: 14.113 minutes, Δt:   8.96, CFL: 9.00e-01
i:   24900, sim time:    235409 (3.75 T_f), wall: 14.164 minutes, Δt:   9.48, CFL: 9.00e-01
i:   25000, sim time:    236320 (3.76 T_f), wall: 14.215 minutes, Δt:   9.67, CFL: 9.00e-01
i:   25100, sim time:    237219 (3.78 T_f), wall: 14.269 minutes, Δt:  10.00, CFL: 9.00e-01
i:   25200, sim time:    238141 (3.79 T_f), wall: 14.320 minutes, Δt:  10.07, CFL: 9.00e-01
i:   25300, sim time:    239057 (3.80 T_f), wall: 14.375 minutes, Δt:   9.53, CFL: 9.00e-01
i:   25400, sim time:    239958 (3.82 T_f), wall: 14.430 minutes, Δt:   9.79, CFL: 9.00e-01
i:   25500, sim time:    240858 (3.83 T_f), wall: 14.484 minutes, Δt:  10.08, CFL: 9.00e-01
i:   25600, sim time:    241780 (3.85 T_f), wall: 14.533 minutes, Δt:   9.91, CFL: 9.00e-01
i:   25700, sim time:    242720 (3.86 T_f), wall: 14.587 minutes, Δt:  10.15, CFL: 9.00e-01
i:   25800, sim time:    243631 (3.88 T_f), wall: 14.641 minutes, Δt:  10.28, CFL: 9.00e-01
i:   25900, sim time:    244591 (3.89 T_f), wall: 14.695 minutes, Δt:   9.83, CFL: 9.00e-01
i:   26000, sim time:    245520 (3.91 T_f), wall: 14.751 minutes, Δt:   9.99, CFL: 9.00e-01
i:   26100, sim time:    246459 (3.92 T_f), wall: 14.804 minutes, Δt:   9.99, CFL: 9.00e-01
i:   26200, sim time:    247369 (3.94 T_f), wall: 14.864 minutes, Δt:   9.81, CFL: 9.00e-01
i:   26300, sim time:    248280 (3.95 T_f), wall: 14.921 minutes, Δt:  10.10, CFL: 9.00e-01
i:   26400, sim time:    249229 (3.97 T_f), wall: 14.978 minutes, Δt:   9.29, CFL: 9.00e-01
i:   26500, sim time:    250130 (3.98 T_f), wall: 15.034 minutes, Δt:  10.04, CFL: 9.00e-01
i:   26600, sim time:    251049 (4.00 T_f), wall: 15.091 minutes, Δt:   9.91, CFL: 9.00e-01
i:   26700, sim time:    251959 (4.01 T_f), wall: 15.141 minutes, Δt:  10.00, CFL: 9.00e-01
i:   26800, sim time:    252859 (4.02 T_f), wall: 15.194 minutes, Δt:   9.84, CFL: 9.00e-01
i:   26900, sim time:    253800 (4.04 T_f), wall: 15.245 minutes, Δt:  10.24, CFL: 9.00e-01
i:   27000, sim time:    254741 (4.05 T_f), wall: 15.302 minutes, Δt:  10.04, CFL: 9.00e-01
i:   27100, sim time:    255679 (4.07 T_f), wall: 15.354 minutes, Δt:   9.99, CFL: 9.00e-01
i:   27200, sim time:    256567 (4.08 T_f), wall: 15.403 minutes, Δt:   9.76, CFL: 9.00e-01
i:   27300, sim time:    257467 (4.10 T_f), wall: 15.463 minutes, Δt:   9.67, CFL: 9.00e-01
i:   27400, sim time:    258368 (4.11 T_f), wall: 15.513 minutes, Δt:   9.74, CFL: 9.00e-01
i:   27500, sim time:    259268 (4.13 T_f), wall: 15.570 minutes, Δt:   9.74, CFL: 9.00e-01
i:   27600, sim time:    260168 (4.14 T_f), wall: 15.626 minutes, Δt:   9.64, CFL: 9.00e-01
i:   27700, sim time:    261077 (4.16 T_f), wall: 15.683 minutes, Δt:   9.84, CFL: 9.00e-01
i:   27800, sim time:    262000 (4.17 T_f), wall: 15.734 minutes, Δt:   9.92, CFL: 9.00e-01
i:   27900, sim time:    262910 (4.18 T_f), wall: 15.790 minutes, Δt:   9.98, CFL: 9.00e-01
i:   28000, sim time:    263841 (4.20 T_f), wall: 15.851 minutes, Δt:  10.23, CFL: 9.00e-01
i:   28100, sim time:    264810 (4.21 T_f), wall: 15.905 minutes, Δt:  10.13, CFL: 9.00e-01
i:   28200, sim time:    265719 (4.23 T_f), wall: 15.955 minutes, Δt:   9.83, CFL: 9.00e-01
i:   28300, sim time:    266629 (4.24 T_f), wall: 16.009 minutes, Δt:   9.71, CFL: 9.00e-01
i:   28400, sim time:    267538 (4.26 T_f), wall: 16.062 minutes, Δt:   9.55, CFL: 9.00e-01
i:   28500, sim time:    268429 (4.27 T_f), wall: 16.117 minutes, Δt:   9.76, CFL: 9.00e-01
i:   28600, sim time:    269330 (4.29 T_f), wall: 16.168 minutes, Δt:   9.90, CFL: 9.00e-01
i:   28700, sim time:    270300 (4.30 T_f), wall: 16.219 minutes, Δt:  10.01, CFL: 9.00e-01
i:   28800, sim time:    271240 (4.32 T_f), wall: 16.272 minutes, Δt:   9.96, CFL: 9.00e-01
i:   28900, sim time:    272149 (4.33 T_f), wall: 16.322 minutes, Δt:   9.54, CFL: 9.00e-01
i:   29000, sim time:    273060 (4.35 T_f), wall: 16.378 minutes, Δt:   9.73, CFL: 9.00e-01
i:   29100, sim time:    273999 (4.36 T_f), wall: 16.438 minutes, Δt:   9.75, CFL: 9.00e-01
i:   29200, sim time:    274929 (4.38 T_f), wall: 16.493 minutes, Δt:   9.91, CFL: 9.00e-01
i:   29300, sim time:    275830 (4.39 T_f), wall: 16.549 minutes, Δt:   9.84, CFL: 9.00e-01
i:   29400, sim time:    276749 (4.40 T_f), wall: 16.601 minutes, Δt:   9.35, CFL: 9.00e-01
i:   29500, sim time:    277668 (4.42 T_f), wall: 16.655 minutes, Δt:   9.87, CFL: 9.00e-01
i:   29600, sim time:    278600 (4.43 T_f), wall: 16.710 minutes, Δt:   9.96, CFL: 9.00e-01
i:   29700, sim time:    279551 (4.45 T_f), wall: 16.765 minutes, Δt:   9.95, CFL: 9.00e-01
i:   29800, sim time:    280520 (4.46 T_f), wall: 16.829 minutes, Δt:   9.91, CFL: 9.00e-01
i:   29900, sim time:    281450 (4.48 T_f), wall: 16.883 minutes, Δt:   9.83, CFL: 9.00e-01
i:   30000, sim time:    282360 (4.49 T_f), wall: 16.934 minutes, Δt:   9.99, CFL: 9.00e-01
i:   30100, sim time:    283267 (4.51 T_f), wall: 16.988 minutes, Δt:   9.39, CFL: 9.00e-01
i:   30200, sim time:    284170 (4.52 T_f), wall: 17.038 minutes, Δt:   9.67, CFL: 9.00e-01
i:   30300, sim time:    285110 (4.54 T_f), wall: 17.091 minutes, Δt:  10.03, CFL: 9.00e-01
i:   30400, sim time:    286054 (4.55 T_f), wall: 17.143 minutes, Δt:  10.12, CFL: 9.00e-01
i:   30500, sim time:    286991 (4.57 T_f), wall: 17.197 minutes, Δt:  10.32, CFL: 9.00e-01
i:   30600, sim time:    287900 (4.58 T_f), wall: 17.251 minutes, Δt:   9.97, CFL: 9.00e-01
i:   30700, sim time:    288851 (4.60 T_f), wall: 17.308 minutes, Δt:  10.17, CFL: 9.00e-01
i:   30800, sim time:    289771 (4.61 T_f), wall: 17.361 minutes, Δt:  10.06, CFL: 9.00e-01
i:   30900, sim time:    290690 (4.63 T_f), wall: 17.414 minutes, Δt:  10.00, CFL: 9.00e-01
i:   31000, sim time:    291629 (4.64 T_f), wall: 17.466 minutes, Δt:   9.73, CFL: 9.00e-01
i:   31100, sim time:    292528 (4.66 T_f), wall: 17.517 minutes, Δt:   9.41, CFL: 9.00e-01
i:   31200, sim time:    293430 (4.67 T_f), wall: 17.569 minutes, Δt:  10.01, CFL: 9.00e-01
i:   31300, sim time:    294362 (4.68 T_f), wall: 17.618 minutes, Δt:  10.22, CFL: 9.00e-01
i:   31400, sim time:    295309 (4.70 T_f), wall: 17.675 minutes, Δt:   9.15, CFL: 9.00e-01
i:   31500, sim time:    296228 (4.71 T_f), wall: 17.725 minutes, Δt:   9.89, CFL: 9.00e-01
i:   31600, sim time:    297140 (4.73 T_f), wall: 17.778 minutes, Δt:  10.16, CFL: 9.00e-01
i:   31700, sim time:    298100 (4.74 T_f), wall: 17.833 minutes, Δt:   9.70, CFL: 9.00e-01
i:   31800, sim time:    299031 (4.76 T_f), wall: 17.888 minutes, Δt:  10.47, CFL: 9.00e-01
i:   31900, sim time:    299991 (4.77 T_f), wall: 17.938 minutes, Δt:  10.30, CFL: 9.00e-01
i:   32000, sim time:    300963 (4.79 T_f), wall: 17.990 minutes, Δt:  10.49, CFL: 9.00e-01
i:   32100, sim time:    301900 (4.80 T_f), wall: 18.041 minutes, Δt:   9.42, CFL: 9.00e-01
i:   32200, sim time:    302800 (4.82 T_f), wall: 18.101 minutes, Δt:   9.73, CFL: 9.00e-01
i:   32300, sim time:    303710 (4.83 T_f), wall: 18.155 minutes, Δt:   9.76, CFL: 9.00e-01
i:   32400, sim time:    304610 (4.85 T_f), wall: 18.205 minutes, Δt:   9.87, CFL: 9.00e-01
i:   32500, sim time:    305553 (4.86 T_f), wall: 18.256 minutes, Δt:  10.09, CFL: 9.00e-01
i:   32600, sim time:    306530 (4.88 T_f), wall: 18.313 minutes, Δt:  10.23, CFL: 9.00e-01
i:   32700, sim time:    307510 (4.89 T_f), wall: 18.366 minutes, Δt:  10.22, CFL: 9.00e-01
i:   32800, sim time:    308492 (4.91 T_f), wall: 18.419 minutes, Δt:  10.39, CFL: 9.00e-01
i:   32900, sim time:    309429 (4.92 T_f), wall: 18.471 minutes, Δt:   9.99, CFL: 9.00e-01
i:   33000, sim time:    310390 (4.94 T_f), wall: 18.523 minutes, Δt:   9.80, CFL: 9.00e-01
i:   33100, sim time:    311298 (4.95 T_f), wall: 18.577 minutes, Δt:   9.62, CFL: 9.00e-01
i:   33200, sim time:    312220 (4.97 T_f), wall: 18.633 minutes, Δt:   9.90, CFL: 9.00e-01
i:   33300, sim time:    313171 (4.98 T_f), wall: 18.684 minutes, Δt:  10.14, CFL: 9.00e-01
i:   33400, sim time:    314109 (5.00 T_f), wall: 18.739 minutes, Δt:   9.53, CFL: 9.00e-01
i:   33500, sim time:    315020 (5.01 T_f), wall: 18.794 minutes, Δt:   9.54, CFL: 9.00e-01
i:   33600, sim time:    315900 (5.03 T_f), wall: 18.849 minutes, Δt:   9.53, CFL: 9.00e-01
i:   33700, sim time:    316793 (5.04 T_f), wall: 18.896 minutes, Δt:   9.52, CFL: 9.00e-01
i:   33800, sim time:    317698 (5.06 T_f), wall: 18.949 minutes, Δt:   9.82, CFL: 9.00e-01
i:   33900, sim time:    318620 (5.07 T_f), wall: 19.004 minutes, Δt:   9.99, CFL: 9.00e-01
i:   34000, sim time:    319568 (5.09 T_f), wall: 19.058 minutes, Δt:   9.66, CFL: 9.00e-01
i:   34100, sim time:    320459 (5.10 T_f), wall: 19.112 minutes, Δt:  10.04, CFL: 9.00e-01
i:   34200, sim time:    321390 (5.12 T_f), wall: 19.166 minutes, Δt:  10.15, CFL: 9.00e-01
i:   34300, sim time:    322300 (5.13 T_f), wall: 19.219 minutes, Δt:   9.64, CFL: 9.00e-01
i:   34400, sim time:    323210 (5.14 T_f), wall: 19.274 minutes, Δt:   9.68, CFL: 9.00e-01
i:   34500, sim time:    324130 (5.16 T_f), wall: 19.324 minutes, Δt:  10.21, CFL: 9.00e-01
i:   34600, sim time:    325110 (5.17 T_f), wall: 19.375 minutes, Δt:   9.96, CFL: 9.00e-01
i:   34700, sim time:    326041 (5.19 T_f), wall: 19.432 minutes, Δt:  10.24, CFL: 9.00e-01
i:   34800, sim time:    327010 (5.20 T_f), wall: 19.484 minutes, Δt:   9.72, CFL: 9.00e-01
i:   34900, sim time:    327910 (5.22 T_f), wall: 19.535 minutes, Δt:   9.73, CFL: 9.00e-01
i:   35000, sim time:    328841 (5.23 T_f), wall: 19.590 minutes, Δt:  10.22, CFL: 9.00e-01
i:   35100, sim time:    329769 (5.25 T_f), wall: 19.644 minutes, Δt:   9.75, CFL: 9.00e-01
i:   35200, sim time:    330680 (5.26 T_f), wall: 19.700 minutes, Δt:   9.50, CFL: 9.00e-01
i:   35300, sim time:    331630 (5.28 T_f), wall: 19.756 minutes, Δt:   9.81, CFL: 9.00e-01
i:   35400, sim time:    332588 (5.29 T_f), wall: 19.810 minutes, Δt:  10.16, CFL: 9.00e-01
i:   35500, sim time:    333510 (5.31 T_f), wall: 19.864 minutes, Δt:   9.76, CFL: 9.00e-01
i:   35600, sim time:    334449 (5.32 T_f), wall: 19.918 minutes, Δt:   9.81, CFL: 9.00e-01
i:   35700, sim time:    335352 (5.34 T_f), wall: 19.973 minutes, Δt:  10.06, CFL: 9.00e-01
i:   35800, sim time:    336294 (5.35 T_f), wall: 20.028 minutes, Δt:   9.98, CFL: 9.00e-01
i:   35900, sim time:    337246 (5.37 T_f), wall: 20.084 minutes, Δt:   9.73, CFL: 9.00e-01
i:   36000, sim time:    338200 (5.38 T_f), wall: 20.135 minutes, Δt:  10.25, CFL: 9.00e-01
i:   36100, sim time:    339180 (5.40 T_f), wall: 20.192 minutes, Δt:  10.24, CFL: 9.00e-01
i:   36200, sim time:    340100 (5.41 T_f), wall: 20.248 minutes, Δt:   9.32, CFL: 9.00e-01
i:   36300, sim time:    341000 (5.43 T_f), wall: 20.300 minutes, Δt:   9.81, CFL: 9.00e-01
i:   36400, sim time:    341920 (5.44 T_f), wall: 20.355 minutes, Δt:  10.08, CFL: 9.00e-01
i:   36500, sim time:    342849 (5.46 T_f), wall: 20.411 minutes, Δt:   9.92, CFL: 9.00e-01
i:   36600, sim time:    343750 (5.47 T_f), wall: 20.472 minutes, Δt:   9.88, CFL: 9.00e-01
i:   36700, sim time:    344650 (5.49 T_f), wall: 20.526 minutes, Δt:   9.81, CFL: 9.00e-01
i:   36800, sim time:    345560 (5.50 T_f), wall: 20.578 minutes, Δt:  10.06, CFL: 9.00e-01
i:   36900, sim time:    346468 (5.51 T_f), wall: 20.633 minutes, Δt:   9.90, CFL: 9.00e-01
i:   37000, sim time:    347379 (5.53 T_f), wall: 20.688 minutes, Δt:   9.70, CFL: 9.00e-01
i:   37100, sim time:    348298 (5.54 T_f), wall: 20.743 minutes, Δt:  10.35, CFL: 9.00e-01
i:   37200, sim time:    349186 (5.56 T_f), wall: 20.798 minutes, Δt:   9.09, CFL: 9.00e-01
i:   37300, sim time:    350068 (5.57 T_f), wall: 20.853 minutes, Δt:   9.55, CFL: 9.00e-01
i:   37400, sim time:    350959 (5.59 T_f), wall: 20.904 minutes, Δt:   9.83, CFL: 9.00e-01
i:   37500, sim time:    351900 (5.60 T_f), wall: 20.963 minutes, Δt:  10.11, CFL: 9.00e-01
i:   37600, sim time:    352820 (5.62 T_f), wall: 21.016 minutes, Δt:   9.90, CFL: 9.00e-01
i:   37700, sim time:    353740 (5.63 T_f), wall: 21.073 minutes, Δt:  10.03, CFL: 9.00e-01
i:   37800, sim time:    354651 (5.64 T_f), wall: 21.125 minutes, Δt:   9.97, CFL: 9.00e-01
i:   37900, sim time:    355600 (5.66 T_f), wall: 21.187 minutes, Δt:  10.18, CFL: 9.00e-01
i:   38000, sim time:    356561 (5.67 T_f), wall: 21.243 minutes, Δt:  10.35, CFL: 9.00e-01
i:   38100, sim time:    357520 (5.69 T_f), wall: 21.298 minutes, Δt:  10.06, CFL: 9.00e-01
i:   38200, sim time:    358447 (5.70 T_f), wall: 21.352 minutes, Δt:   9.40, CFL: 9.00e-01
i:   38300, sim time:    359379 (5.72 T_f), wall: 21.408 minutes, Δt:   9.93, CFL: 9.00e-01
i:   38400, sim time:    360290 (5.73 T_f), wall: 21.462 minutes, Δt:  10.13, CFL: 9.00e-01
i:   38500, sim time:    361200 (5.75 T_f), wall: 21.513 minutes, Δt:   9.96, CFL: 9.00e-01
i:   38600, sim time:    362141 (5.76 T_f), wall: 21.573 minutes, Δt:  10.13, CFL: 9.00e-01
i:   38700, sim time:    363099 (5.78 T_f), wall: 21.628 minutes, Δt:  10.32, CFL: 9.00e-01
i:   38800, sim time:    364020 (5.79 T_f), wall: 21.681 minutes, Δt:  10.23, CFL: 9.00e-01
i:   38900, sim time:    364977 (5.81 T_f), wall: 21.731 minutes, Δt:   9.62, CFL: 9.00e-01
i:   39000, sim time:    365890 (5.82 T_f), wall: 21.787 minutes, Δt:  10.11, CFL: 9.00e-01
i:   39100, sim time:    366851 (5.84 T_f), wall: 21.841 minutes, Δt:  10.25, CFL: 9.00e-01
i:   39200, sim time:    367780 (5.85 T_f), wall: 21.892 minutes, Δt:  10.22, CFL: 9.00e-01
i:   39300, sim time:    368700 (5.87 T_f), wall: 21.944 minutes, Δt:   9.51, CFL: 9.00e-01
i:   39400, sim time:    369619 (5.88 T_f), wall: 22.004 minutes, Δt:   9.71, CFL: 9.00e-01
i:   39500, sim time:    370530 (5.90 T_f), wall: 22.058 minutes, Δt:   9.89, CFL: 9.00e-01
i:   39600, sim time:    371428 (5.91 T_f), wall: 22.112 minutes, Δt:   9.48, CFL: 9.00e-01
i:   39700, sim time:    372310 (5.93 T_f), wall: 22.169 minutes, Δt:   9.96, CFL: 9.00e-01
i:   39800, sim time:    373271 (5.94 T_f), wall: 22.222 minutes, Δt:  10.09, CFL: 9.00e-01
i:   39900, sim time:    374240 (5.96 T_f), wall: 22.278 minutes, Δt:  10.22, CFL: 9.00e-01
i:   40000, sim time:    375193 (5.97 T_f), wall: 22.334 minutes, Δt:  10.35, CFL: 9.00e-01
i:   40100, sim time:    376119 (5.99 T_f), wall: 22.394 minutes, Δt:   9.55, CFL: 9.00e-01
i:   40200, sim time:    377029 (6.00 T_f), wall: 22.449 minutes, Δt:   9.76, CFL: 9.00e-01
i:   40300, sim time:    377909 (6.01 T_f), wall: 22.500 minutes, Δt:   9.36, CFL: 9.00e-01
i:   40400, sim time:    378800 (6.03 T_f), wall: 22.553 minutes, Δt:   9.74, CFL: 9.00e-01
i:   40500, sim time:    379700 (6.04 T_f), wall: 22.610 minutes, Δt:   9.16, CFL: 9.00e-01
i:   40600, sim time:    380597 (6.06 T_f), wall: 22.668 minutes, Δt:   9.73, CFL: 9.00e-01
i:   40700, sim time:    381500 (6.07 T_f), wall: 22.727 minutes, Δt:   9.71, CFL: 9.00e-01
i:   40800, sim time:    382409 (6.09 T_f), wall: 22.782 minutes, Δt:   9.28, CFL: 9.00e-01
i:   40900, sim time:    383309 (6.10 T_f), wall: 22.837 minutes, Δt:   9.04, CFL: 9.00e-01
i:   41000, sim time:    384239 (6.12 T_f), wall: 22.891 minutes, Δt:   9.85, CFL: 9.00e-01
i:   41100, sim time:    385190 (6.13 T_f), wall: 22.942 minutes, Δt:   9.94, CFL: 9.00e-01
i:   41200, sim time:    386141 (6.15 T_f), wall: 23.003 minutes, Δt:   9.97, CFL: 9.00e-01
i:   41300, sim time:    387110 (6.16 T_f), wall: 23.061 minutes, Δt:  10.26, CFL: 9.00e-01
i:   41400, sim time:    388028 (6.18 T_f), wall: 23.117 minutes, Δt:   9.21, CFL: 9.00e-01
i:   41500, sim time:    388959 (6.19 T_f), wall: 23.173 minutes, Δt:   9.70, CFL: 9.00e-01
i:   41600, sim time:    389858 (6.20 T_f), wall: 23.233 minutes, Δt:   9.64, CFL: 9.00e-01
i:   41700, sim time:    390821 (6.22 T_f), wall: 23.290 minutes, Δt:   9.96, CFL: 9.00e-01
i:   41800, sim time:    391728 (6.23 T_f), wall: 23.343 minutes, Δt:   9.78, CFL: 9.00e-01
i:   41900, sim time:    392648 (6.25 T_f), wall: 23.402 minutes, Δt:  10.11, CFL: 9.00e-01
i:   42000, sim time:    393556 (6.26 T_f), wall: 23.455 minutes, Δt:   9.36, CFL: 9.00e-01
i:   42100, sim time:    394451 (6.28 T_f), wall: 23.510 minutes, Δt:   9.99, CFL: 9.00e-01
i:   42200, sim time:    395410 (6.29 T_f), wall: 23.562 minutes, Δt:   9.68, CFL: 9.00e-01
i:   42300, sim time:    396341 (6.31 T_f), wall: 23.615 minutes, Δt:  10.04, CFL: 9.00e-01
i:   42400, sim time:    397281 (6.32 T_f), wall: 23.669 minutes, Δt:  10.20, CFL: 9.00e-01
i:   42500, sim time:    398231 (6.34 T_f), wall: 23.725 minutes, Δt:  10.17, CFL: 9.00e-01
i:   42600, sim time:    399151 (6.35 T_f), wall: 23.780 minutes, Δt:  10.03, CFL: 9.00e-01
i:   42700, sim time:    400055 (6.37 T_f), wall: 23.836 minutes, Δt:   9.64, CFL: 9.00e-01
i:   42800, sim time:    400972 (6.38 T_f), wall: 23.892 minutes, Δt:   9.99, CFL: 9.00e-01
i:   42900, sim time:    401900 (6.40 T_f), wall: 23.948 minutes, Δt:  10.10, CFL: 9.00e-01
i:   43000, sim time:    402800 (6.41 T_f), wall: 24.005 minutes, Δt:   9.73, CFL: 9.00e-01
i:   43100, sim time:    403710 (6.43 T_f), wall: 24.064 minutes, Δt:   9.99, CFL: 9.00e-01
i:   43200, sim time:    404610 (6.44 T_f), wall: 24.119 minutes, Δt:   9.85, CFL: 9.00e-01
i:   43300, sim time:    405570 (6.45 T_f), wall: 24.173 minutes, Δt:   9.86, CFL: 9.00e-01
i:   43400, sim time:    406470 (6.47 T_f), wall: 24.227 minutes, Δt:  10.24, CFL: 9.00e-01
i:   43500, sim time:    407410 (6.48 T_f), wall: 24.285 minutes, Δt:   9.99, CFL: 9.00e-01
i:   43600, sim time:    408348 (6.50 T_f), wall: 24.348 minutes, Δt:   9.79, CFL: 9.00e-01
i:   43700, sim time:    409310 (6.51 T_f), wall: 24.425 minutes, Δt:  10.19, CFL: 9.00e-01
i:   43800, sim time:    410271 (6.53 T_f), wall: 24.487 minutes, Δt:  10.30, CFL: 9.00e-01
i:   43900, sim time:    411230 (6.54 T_f), wall: 24.549 minutes, Δt:   9.93, CFL: 9.00e-01
i:   44000, sim time:    412171 (6.56 T_f), wall: 24.601 minutes, Δt:  10.22, CFL: 9.00e-01
i:   44100, sim time:    413140 (6.58 T_f), wall: 24.657 minutes, Δt:   9.76, CFL: 9.00e-01
i:   44200, sim time:    414092 (6.59 T_f), wall: 24.720 minutes, Δt:  10.20, CFL: 9.00e-01
i:   44300, sim time:    415060 (6.61 T_f), wall: 24.780 minutes, Δt:  10.23, CFL: 9.00e-01
i:   44400, sim time:    415997 (6.62 T_f), wall: 24.839 minutes, Δt:   9.56, CFL: 9.00e-01
i:   44500, sim time:    416921 (6.64 T_f), wall: 24.898 minutes, Δt:  10.25, CFL: 9.00e-01
i:   44600, sim time:    417858 (6.65 T_f), wall: 24.957 minutes, Δt:   9.31, CFL: 9.00e-01
i:   44700, sim time:    418800 (6.67 T_f), wall: 25.013 minutes, Δt:   9.85, CFL: 9.00e-01
i:   44800, sim time:    419762 (6.68 T_f), wall: 25.067 minutes, Δt:  10.27, CFL: 9.00e-01
i:   44900, sim time:    420740 (6.70 T_f), wall: 25.125 minutes, Δt:  10.05, CFL: 9.00e-01
i:   45000, sim time:    421700 (6.71 T_f), wall: 25.178 minutes, Δt:   9.75, CFL: 9.00e-01
i:   45100, sim time:    422596 (6.73 T_f), wall: 25.235 minutes, Δt:   9.73, CFL: 9.00e-01
i:   45200, sim time:    423446 (6.74 T_f), wall: 25.288 minutes, Δt:   9.12, CFL: 9.00e-01
i:   45300, sim time:    424348 (6.75 T_f), wall: 25.343 minutes, Δt:   9.85, CFL: 9.00e-01
i:   45400, sim time:    425280 (6.77 T_f), wall: 25.403 minutes, Δt:  10.11, CFL: 9.00e-01
i:   45500, sim time:    426220 (6.78 T_f), wall: 25.458 minutes, Δt:  10.05, CFL: 9.00e-01
i:   45600, sim time:    427181 (6.80 T_f), wall: 25.512 minutes, Δt:  10.10, CFL: 9.00e-01
i:   45700, sim time:    428110 (6.81 T_f), wall: 25.569 minutes, Δt:   9.88, CFL: 9.00e-01
i:   45800, sim time:    429020 (6.83 T_f), wall: 25.625 minutes, Δt:   9.66, CFL: 9.00e-01
i:   45900, sim time:    429957 (6.84 T_f), wall: 25.680 minutes, Δt:   9.43, CFL: 9.00e-01
i:   46000, sim time:    430877 (6.86 T_f), wall: 25.742 minutes, Δt:   9.95, CFL: 9.00e-01
i:   46100, sim time:    431820 (6.87 T_f), wall: 25.799 minutes, Δt:   9.76, CFL: 9.00e-01
i:   46200, sim time:    432730 (6.89 T_f), wall: 25.853 minutes, Δt:  10.05, CFL: 9.00e-01
i:   46300, sim time:    433688 (6.90 T_f), wall: 25.911 minutes, Δt:   9.01, CFL: 9.00e-01
i:   46400, sim time:    434610 (6.92 T_f), wall: 25.971 minutes, Δt:   9.75, CFL: 9.00e-01
i:   46500, sim time:    435500 (6.93 T_f), wall: 26.024 minutes, Δt:   9.57, CFL: 9.00e-01
i:   46600, sim time:    436431 (6.95 T_f), wall: 26.081 minutes, Δt:  10.30, CFL: 9.00e-01
i:   46700, sim time:    437337 (6.96 T_f), wall: 26.137 minutes, Δt:   9.53, CFL: 9.00e-01
i:   46800, sim time:    438229 (6.97 T_f), wall: 26.202 minutes, Δt:   9.89, CFL: 9.00e-01
i:   46900, sim time:    439150 (6.99 T_f), wall: 26.261 minutes, Δt:  10.06, CFL: 9.00e-01
i:   47000, sim time:    440059 (7.00 T_f), wall: 26.325 minutes, Δt:   9.50, CFL: 9.00e-01
i:   47100, sim time:    440946 (7.02 T_f), wall: 26.390 minutes, Δt:   9.22, CFL: 9.00e-01
i:   47200, sim time:    441809 (7.03 T_f), wall: 26.447 minutes, Δt:   9.44, CFL: 9.00e-01
i:   47300, sim time:    442720 (7.05 T_f), wall: 26.501 minutes, Δt:   9.78, CFL: 9.00e-01
i:   47400, sim time:    443651 (7.06 T_f), wall: 26.569 minutes, Δt:  10.03, CFL: 9.00e-01
i:   47500, sim time:    444600 (7.08 T_f), wall: 26.627 minutes, Δt:  10.13, CFL: 9.00e-01
i:   47600, sim time:    445529 (7.09 T_f), wall: 26.687 minutes, Δt:   9.84, CFL: 9.00e-01
i:   47700, sim time:    446441 (7.11 T_f), wall: 26.751 minutes, Δt:  10.27, CFL: 9.00e-01
i:   47800, sim time:    447374 (7.12 T_f), wall: 26.806 minutes, Δt:   9.28, CFL: 9.00e-01
i:   47900, sim time:    448290 (7.13 T_f), wall: 26.866 minutes, Δt:  10.13, CFL: 9.00e-01
i:   48000, sim time:    449248 (7.15 T_f), wall: 26.932 minutes, Δt:   9.95, CFL: 9.00e-01
i:   48100, sim time:    450160 (7.16 T_f), wall: 26.988 minutes, Δt:   9.58, CFL: 9.00e-01
i:   48200, sim time:    451069 (7.18 T_f), wall: 27.048 minutes, Δt:  10.01, CFL: 9.00e-01
i:   48300, sim time:    451967 (7.19 T_f), wall: 27.112 minutes, Δt:   9.70, CFL: 9.00e-01
i:   48400, sim time:    452869 (7.21 T_f), wall: 27.193 minutes, Δt:  10.01, CFL: 9.00e-01
i:   48500, sim time:    453800 (7.22 T_f), wall: 27.255 minutes, Δt:  10.08, CFL: 9.00e-01
i:   48600, sim time:    454729 (7.24 T_f), wall: 27.323 minutes, Δt:   9.93, CFL: 9.00e-01
i:   48700, sim time:    455663 (7.25 T_f), wall: 27.384 minutes, Δt:  10.04, CFL: 9.00e-01
i:   48800, sim time:    456600 (7.27 T_f), wall: 27.442 minutes, Δt:  10.08, CFL: 9.00e-01
i:   48900, sim time:    457568 (7.28 T_f), wall: 27.510 minutes, Δt:   9.97, CFL: 9.00e-01
i:   49000, sim time:    458510 (7.30 T_f), wall: 27.581 minutes, Δt:   9.64, CFL: 9.00e-01
i:   49100, sim time:    459429 (7.31 T_f), wall: 27.637 minutes, Δt:  10.10, CFL: 9.00e-01
i:   49200, sim time:    460394 (7.33 T_f), wall: 27.693 minutes, Δt:  10.07, CFL: 9.00e-01
i:   49300, sim time:    461349 (7.34 T_f), wall: 27.749 minutes, Δt:   9.53, CFL: 9.00e-01
i:   49400, sim time:    462280 (7.36 T_f), wall: 27.810 minutes, Δt:  10.23, CFL: 9.00e-01
i:   49500, sim time:    463219 (7.37 T_f), wall: 27.876 minutes, Δt:   9.70, CFL: 9.00e-01
i:   49600, sim time:    464138 (7.39 T_f), wall: 27.936 minutes, Δt:   9.58, CFL: 9.00e-01
i:   49700, sim time:    465030 (7.40 T_f), wall: 28.006 minutes, Δt:   9.72, CFL: 9.00e-01
i:   49800, sim time:    465929 (7.42 T_f), wall: 28.066 minutes, Δt:   9.64, CFL: 9.00e-01
i:   49900, sim time:    466830 (7.43 T_f), wall: 28.126 minutes, Δt:  10.05, CFL: 9.00e-01
i:   50000, sim time:    467730 (7.44 T_f), wall: 28.193 minutes, Δt:  10.02, CFL: 9.00e-01
i:   50100, sim time:    468640 (7.46 T_f), wall: 28.264 minutes, Δt:   9.94, CFL: 9.00e-01
i:   50200, sim time:    469529 (7.47 T_f), wall: 28.335 minutes, Δt:   9.67, CFL: 9.00e-01
i:   50300, sim time:    470440 (7.49 T_f), wall: 28.397 minutes, Δt:   9.75, CFL: 9.00e-01
i:   50400, sim time:    471363 (7.50 T_f), wall: 28.462 minutes, Δt:   9.82, CFL: 9.00e-01
i:   50500, sim time:    472275 (7.52 T_f), wall: 28.530 minutes, Δt:   9.34, CFL: 9.00e-01
i:   50600, sim time:    473179 (7.53 T_f), wall: 28.598 minutes, Δt:   9.96, CFL: 9.00e-01
i:   50700, sim time:    474100 (7.55 T_f), wall: 28.670 minutes, Δt:  10.13, CFL: 9.00e-01
i:   50800, sim time:    475030 (7.56 T_f), wall: 28.732 minutes, Δt:  10.07, CFL: 9.00e-01
i:   50900, sim time:    475959 (7.58 T_f), wall: 28.801 minutes, Δt:   9.96, CFL: 9.00e-01
i:   51000, sim time:    476850 (7.59 T_f), wall: 28.867 minutes, Δt:  10.07, CFL: 9.00e-01
i:   51100, sim time:    477798 (7.60 T_f), wall: 28.939 minutes, Δt:  10.01, CFL: 9.00e-01
i:   51200, sim time:    478741 (7.62 T_f), wall: 29.012 minutes, Δt:  10.19, CFL: 9.00e-01
i:   51300, sim time:    479665 (7.63 T_f), wall: 29.090 minutes, Δt:   9.58, CFL: 9.00e-01
i:   51400, sim time:    480590 (7.65 T_f), wall: 29.158 minutes, Δt:  10.13, CFL: 9.00e-01
i:   51500, sim time:    481519 (7.66 T_f), wall: 29.221 minutes, Δt:   9.56, CFL: 9.00e-01
i:   51600, sim time:    482400 (7.68 T_f), wall: 29.283 minutes, Δt:   9.17, CFL: 9.00e-01
i:   51700, sim time:    483340 (7.69 T_f), wall: 29.353 minutes, Δt:  10.05, CFL: 9.00e-01
i:   51800, sim time:    484320 (7.71 T_f), wall: 29.434 minutes, Δt:  10.01, CFL: 9.00e-01
i:   51900, sim time:    485240 (7.72 T_f), wall: 29.494 minutes, Δt:  10.19, CFL: 9.00e-01
i:   52000, sim time:    486171 (7.74 T_f), wall: 29.557 minutes, Δt:   9.88, CFL: 9.00e-01
i:   52100, sim time:    487084 (7.75 T_f), wall: 29.636 minutes, Δt:   9.94, CFL: 9.00e-01
i:   52200, sim time:    487985 (7.77 T_f), wall: 29.702 minutes, Δt:   9.78, CFL: 9.00e-01
i:   52300, sim time:    488888 (7.78 T_f), wall: 29.769 minutes, Δt:  10.04, CFL: 9.00e-01
i:   52400, sim time:    489800 (7.80 T_f), wall: 29.842 minutes, Δt:   9.38, CFL: 9.00e-01
i:   52500, sim time:    490710 (7.81 T_f), wall: 29.907 minutes, Δt:   9.47, CFL: 9.00e-01
i:   52600, sim time:    491671 (7.83 T_f), wall: 29.970 minutes, Δt:  10.09, CFL: 9.00e-01
i:   52700, sim time:    492576 (7.84 T_f), wall: 30.030 minutes, Δt:   9.47, CFL: 9.00e-01
i:   52800, sim time:    493488 (7.85 T_f), wall: 30.088 minutes, Δt:   9.74, CFL: 9.00e-01
i:   52900, sim time:    494400 (7.87 T_f), wall: 30.152 minutes, Δt:  10.09, CFL: 9.00e-01
i:   53000, sim time:    495340 (7.88 T_f), wall: 30.217 minutes, Δt:   9.96, CFL: 9.00e-01
i:   53100, sim time:    496278 (7.90 T_f), wall: 30.278 minutes, Δt:   9.77, CFL: 9.00e-01
i:   53200, sim time:    497199 (7.91 T_f), wall: 30.338 minutes, Δt:  10.02, CFL: 9.00e-01
i:   53300, sim time:    498110 (7.93 T_f), wall: 30.406 minutes, Δt:   9.59, CFL: 9.00e-01
i:   53400, sim time:    499029 (7.94 T_f), wall: 30.472 minutes, Δt:   9.88, CFL: 9.00e-01
i:   53500, sim time:    499909 (7.96 T_f), wall: 30.528 minutes, Δt:   9.00, CFL: 9.00e-01
i:   53600, sim time:    500840 (7.97 T_f), wall: 30.591 minutes, Δt:  10.04, CFL: 9.00e-01
i:   53700, sim time:    501792 (7.99 T_f), wall: 30.654 minutes, Δt:   9.75, CFL: 9.00e-01
i:   53800, sim time:    502754 (8.00 T_f), wall: 30.723 minutes, Δt:  10.13, CFL: 9.00e-01
i:   53900, sim time:    503697 (8.02 T_f), wall: 30.784 minutes, Δt:   9.91, CFL: 9.00e-01
i:   54000, sim time:    504640 (8.03 T_f), wall: 30.850 minutes, Δt:   9.90, CFL: 9.00e-01
i:   54100, sim time:    505540 (8.05 T_f), wall: 30.913 minutes, Δt:   9.50, CFL: 9.00e-01
i:   54200, sim time:    506460 (8.06 T_f), wall: 30.982 minutes, Δt:   9.86, CFL: 9.00e-01
i:   54300, sim time:    507361 (8.07 T_f), wall: 31.046 minutes, Δt:  10.13, CFL: 9.00e-01
i:   54400, sim time:    508277 (8.09 T_f), wall: 31.110 minutes, Δt:   9.73, CFL: 9.00e-01
i:   54500, sim time:    509176 (8.10 T_f), wall: 31.165 minutes, Δt:   9.78, CFL: 9.00e-01
i:   54600, sim time:    510099 (8.12 T_f), wall: 31.226 minutes, Δt:  10.02, CFL: 9.00e-01
i:   54700, sim time:    511051 (8.13 T_f), wall: 31.285 minutes, Δt:  10.33, CFL: 9.00e-01
i:   54800, sim time:    512000 (8.15 T_f), wall: 31.341 minutes, Δt:  10.26, CFL: 9.00e-01
i:   54900, sim time:    512971 (8.16 T_f), wall: 31.402 minutes, Δt:  10.22, CFL: 9.00e-01
i:   55000, sim time:    513941 (8.18 T_f), wall: 31.461 minutes, Δt:  10.35, CFL: 9.00e-01
i:   55100, sim time:    514910 (8.20 T_f), wall: 31.524 minutes, Δt:   9.85, CFL: 9.00e-01
i:   55200, sim time:    515872 (8.21 T_f), wall: 31.597 minutes, Δt:  10.06, CFL: 9.00e-01
i:   55300, sim time:    516831 (8.23 T_f), wall: 31.659 minutes, Δt:  10.29, CFL: 9.00e-01
i:   55400, sim time:    517796 (8.24 T_f), wall: 31.715 minutes, Δt:   9.67, CFL: 9.00e-01
i:   55500, sim time:    518770 (8.26 T_f), wall: 31.775 minutes, Δt:  10.33, CFL: 9.00e-01
i:   55600, sim time:    519741 (8.27 T_f), wall: 31.839 minutes, Δt:  10.16, CFL: 9.00e-01
i:   55700, sim time:    520691 (8.29 T_f), wall: 31.939 minutes, Δt:   9.93, CFL: 9.00e-01
i:   55800, sim time:    521610 (8.30 T_f), wall: 32.071 minutes, Δt:  10.18, CFL: 9.00e-01
i:   55900, sim time:    522570 (8.32 T_f), wall: 32.129 minutes, Δt:  10.05, CFL: 9.00e-01
i:   56000, sim time:    523540 (8.33 T_f), wall: 32.192 minutes, Δt:   9.85, CFL: 9.00e-01
i:   56100, sim time:    524461 (8.35 T_f), wall: 32.255 minutes, Δt:  10.23, CFL: 9.00e-01
i:   56200, sim time:    525380 (8.36 T_f), wall: 32.318 minutes, Δt:   9.99, CFL: 9.00e-01
i:   56300, sim time:    526300 (8.38 T_f), wall: 32.377 minutes, Δt:   9.78, CFL: 9.00e-01
i:   56400, sim time:    527206 (8.39 T_f), wall: 32.440 minutes, Δt:   9.19, CFL: 9.00e-01
i:   56500, sim time:    528158 (8.41 T_f), wall: 32.496 minutes, Δt:  10.39, CFL: 9.00e-01
i:   56600, sim time:    529080 (8.42 T_f), wall: 32.554 minutes, Δt:  10.12, CFL: 9.00e-01
i:   56700, sim time:    530062 (8.44 T_f), wall: 32.616 minutes, Δt:  10.36, CFL: 9.00e-01
i:   56800, sim time:    531000 (8.45 T_f), wall: 32.683 minutes, Δt:  10.36, CFL: 9.00e-01
i:   56900, sim time:    531975 (8.47 T_f), wall: 32.748 minutes, Δt:   9.54, CFL: 9.00e-01
i:   57000, sim time:    532900 (8.48 T_f), wall: 32.806 minutes, Δt:  10.49, CFL: 9.00e-01
i:   57100, sim time:    533893 (8.50 T_f), wall: 32.866 minutes, Δt:  10.37, CFL: 9.00e-01
i:   57200, sim time:    534872 (8.51 T_f), wall: 32.925 minutes, Δt:  10.00, CFL: 9.00e-01
i:   57300, sim time:    535840 (8.53 T_f), wall: 32.988 minutes, Δt:   9.95, CFL: 9.00e-01
i:   57400, sim time:    536781 (8.54 T_f), wall: 33.050 minutes, Δt:  10.10, CFL: 9.00e-01
i:   57500, sim time:    537710 (8.56 T_f), wall: 33.105 minutes, Δt:   9.96, CFL: 9.00e-01
i:   57600, sim time:    538628 (8.57 T_f), wall: 33.166 minutes, Δt:   9.87, CFL: 9.00e-01
i:   57700, sim time:    539571 (8.59 T_f), wall: 33.225 minutes, Δt:  10.01, CFL: 9.00e-01
i:   57800, sim time:    540540 (8.60 T_f), wall: 33.296 minutes, Δt:   9.96, CFL: 9.00e-01
i:   57900, sim time:    541429 (8.62 T_f), wall: 33.351 minutes, Δt:   9.47, CFL: 9.00e-01
i:   58000, sim time:    542341 (8.63 T_f), wall: 33.406 minutes, Δt:  10.11, CFL: 9.00e-01
i:   58100, sim time:    543268 (8.65 T_f), wall: 33.486 minutes, Δt:   9.73, CFL: 9.00e-01
i:   58200, sim time:    544172 (8.66 T_f), wall: 33.542 minutes, Δt:  10.03, CFL: 9.00e-01
i:   58300, sim time:    545097 (8.68 T_f), wall: 33.599 minutes, Δt:   9.93, CFL: 9.00e-01
i:   58400, sim time:    546020 (8.69 T_f), wall: 33.661 minutes, Δt:  10.14, CFL: 9.00e-01
i:   58500, sim time:    546918 (8.70 T_f), wall: 33.715 minutes, Δt:   9.30, CFL: 9.00e-01
i:   58600, sim time:    547810 (8.72 T_f), wall: 33.773 minutes, Δt:   9.63, CFL: 9.00e-01
i:   58700, sim time:    548710 (8.73 T_f), wall: 33.836 minutes, Δt:   9.63, CFL: 9.00e-01
i:   58800, sim time:    549630 (8.75 T_f), wall: 33.901 minutes, Δt:  10.16, CFL: 9.00e-01
i:   58900, sim time:    550573 (8.76 T_f), wall: 33.957 minutes, Δt:  10.28, CFL: 9.00e-01
i:   59000, sim time:    551520 (8.78 T_f), wall: 34.021 minutes, Δt:  10.38, CFL: 9.00e-01
i:   59100, sim time:    552427 (8.79 T_f), wall: 34.081 minutes, Δt:   9.21, CFL: 9.00e-01
i:   59200, sim time:    553351 (8.81 T_f), wall: 34.140 minutes, Δt:  10.08, CFL: 9.00e-01
i:   59300, sim time:    554300 (8.82 T_f), wall: 34.203 minutes, Δt:   9.59, CFL: 9.00e-01
i:   59400, sim time:    555219 (8.84 T_f), wall: 34.272 minutes, Δt:  10.01, CFL: 9.00e-01
i:   59500, sim time:    556160 (8.85 T_f), wall: 34.332 minutes, Δt:  10.04, CFL: 9.00e-01
i:   59600, sim time:    557129 (8.87 T_f), wall: 34.393 minutes, Δt:   9.60, CFL: 9.00e-01
i:   59700, sim time:    558049 (8.88 T_f), wall: 34.451 minutes, Δt:   9.79, CFL: 9.00e-01
i:   59800, sim time:    558949 (8.90 T_f), wall: 34.515 minutes, Δt:   9.69, CFL: 9.00e-01
i:   59900, sim time:    559882 (8.91 T_f), wall: 34.574 minutes, Δt:   9.79, CFL: 9.00e-01
i:   60000, sim time:    560799 (8.93 T_f), wall: 34.627 minutes, Δt:  10.13, CFL: 9.00e-01
i:   60100, sim time:    561710 (8.94 T_f), wall: 34.690 minutes, Δt:   9.56, CFL: 9.00e-01
i:   60200, sim time:    562688 (8.96 T_f), wall: 34.747 minutes, Δt:  10.19, CFL: 9.00e-01
i:   60300, sim time:    563620 (8.97 T_f), wall: 34.808 minutes, Δt:  10.01, CFL: 9.00e-01
i:   60400, sim time:    564569 (8.99 T_f), wall: 34.864 minutes, Δt:   9.78, CFL: 9.00e-01
i:   60500, sim time:    565514 (9.00 T_f), wall: 34.926 minutes, Δt:  10.23, CFL: 9.00e-01
i:   60600, sim time:    566475 (9.02 T_f), wall: 34.989 minutes, Δt:   9.62, CFL: 9.00e-01
i:   60700, sim time:    567379 (9.03 T_f), wall: 35.047 minutes, Δt:   9.85, CFL: 9.00e-01
i:   60800, sim time:    568330 (9.05 T_f), wall: 35.111 minutes, Δt:  10.03, CFL: 9.00e-01
i:   60900, sim time:    569282 (9.06 T_f), wall: 35.180 minutes, Δt:  10.24, CFL: 9.00e-01
i:   61000, sim time:    570220 (9.08 T_f), wall: 35.242 minutes, Δt:   9.69, CFL: 9.00e-01
i:   61100, sim time:    571129 (9.09 T_f), wall: 35.300 minutes, Δt:   9.80, CFL: 9.00e-01
i:   61200, sim time:    572000 (9.10 T_f), wall: 35.361 minutes, Δt:   9.52, CFL: 9.00e-01
i:   61300, sim time:    572930 (9.12 T_f), wall: 35.436 minutes, Δt:   9.96, CFL: 9.00e-01
i:   61400, sim time:    573829 (9.13 T_f), wall: 35.496 minutes, Δt:   9.52, CFL: 9.00e-01
i:   61500, sim time:    574770 (9.15 T_f), wall: 35.553 minutes, Δt:  10.07, CFL: 9.00e-01
i:   61600, sim time:    575740 (9.16 T_f), wall: 35.612 minutes, Δt:  10.01, CFL: 9.00e-01
i:   61700, sim time:    576649 (9.18 T_f), wall: 35.683 minutes, Δt:   9.90, CFL: 9.00e-01
i:   61800, sim time:    577559 (9.19 T_f), wall: 35.746 minutes, Δt:   9.81, CFL: 9.00e-01
i:   61900, sim time:    578449 (9.21 T_f), wall: 35.821 minutes, Δt:   9.61, CFL: 9.00e-01
i:   62000, sim time:    579350 (9.22 T_f), wall: 35.888 minutes, Δt:   9.82, CFL: 9.00e-01
i:   62100, sim time:    580282 (9.24 T_f), wall: 35.950 minutes, Δt:   9.84, CFL: 9.00e-01
i:   62200, sim time:    581210 (9.25 T_f), wall: 36.028 minutes, Δt:   9.78, CFL: 9.00e-01
i:   62300, sim time:    582119 (9.26 T_f), wall: 36.088 minutes, Δt:   9.85, CFL: 9.00e-01
i:   62400, sim time:    583030 (9.28 T_f), wall: 36.157 minutes, Δt:  10.10, CFL: 9.00e-01
i:   62500, sim time:    583939 (9.29 T_f), wall: 36.208 minutes, Δt:   9.59, CFL: 9.00e-01
i:   62600, sim time:    584850 (9.31 T_f), wall: 36.271 minutes, Δt:  10.15, CFL: 9.00e-01
i:   62700, sim time:    585831 (9.32 T_f), wall: 36.333 minutes, Δt:  10.19, CFL: 9.00e-01
i:   62800, sim time:    586800 (9.34 T_f), wall: 36.389 minutes, Δt:  10.20, CFL: 9.00e-01
i:   62900, sim time:    587760 (9.35 T_f), wall: 36.448 minutes, Δt:  10.15, CFL: 9.00e-01
i:   63000, sim time:    588731 (9.37 T_f), wall: 36.509 minutes, Δt:  10.24, CFL: 9.00e-01
i:   63100, sim time:    589700 (9.39 T_f), wall: 36.573 minutes, Δt:  10.16, CFL: 9.00e-01
i:   63200, sim time:    590610 (9.40 T_f), wall: 36.642 minutes, Δt:   9.95, CFL: 9.00e-01
i:   63300, sim time:    591550 (9.41 T_f), wall: 36.704 minutes, Δt:   9.95, CFL: 9.00e-01
i:   63400, sim time:    592476 (9.43 T_f), wall: 36.765 minutes, Δt:   9.38, CFL: 9.00e-01
i:   63500, sim time:    593381 (9.44 T_f), wall: 36.826 minutes, Δt:   9.98, CFL: 9.00e-01
i:   63600, sim time:    594310 (9.46 T_f), wall: 36.893 minutes, Δt:  10.31, CFL: 9.00e-01
i:   63700, sim time:    595240 (9.47 T_f), wall: 36.956 minutes, Δt:   9.99, CFL: 9.00e-01
i:   63800, sim time:    596167 (9.49 T_f), wall: 37.015 minutes, Δt:   9.54, CFL: 9.00e-01
i:   63900, sim time:    597088 (9.50 T_f), wall: 37.075 minutes, Δt:   9.80, CFL: 9.00e-01
i:   64000, sim time:    598031 (9.52 T_f), wall: 37.150 minutes, Δt:  10.27, CFL: 9.00e-01
i:   64100, sim time:    598967 (9.53 T_f), wall: 37.210 minutes, Δt:   9.28, CFL: 9.00e-01
i:   64200, sim time:    599881 (9.55 T_f), wall: 37.268 minutes, Δt:   9.99, CFL: 9.00e-01
i:   64300, sim time:    600820 (9.56 T_f), wall: 37.332 minutes, Δt:  10.22, CFL: 9.00e-01
i:   64400, sim time:    601790 (9.58 T_f), wall: 37.392 minutes, Δt:  10.04, CFL: 9.00e-01
i:   64500, sim time:    602749 (9.59 T_f), wall: 37.455 minutes, Δt:   9.50, CFL: 9.00e-01
i:   64600, sim time:    603658 (9.61 T_f), wall: 37.518 minutes, Δt:   9.69, CFL: 9.00e-01
i:   64700, sim time:    604549 (9.62 T_f), wall: 37.578 minutes, Δt:   9.24, CFL: 9.00e-01
i:   64800, sim time:    605388 (9.64 T_f), wall: 37.635 minutes, Δt:   9.00, CFL: 9.00e-01
i:   64900, sim time:    606330 (9.65 T_f), wall: 37.700 minutes, Δt:   9.92, CFL: 9.00e-01
i:   65000, sim time:    607267 (9.66 T_f), wall: 37.767 minutes, Δt:   9.61, CFL: 9.00e-01
i:   65100, sim time:    608197 (9.68 T_f), wall: 37.829 minutes, Δt:   9.73, CFL: 9.00e-01
i:   65200, sim time:    609099 (9.69 T_f), wall: 37.916 minutes, Δt:   9.91, CFL: 9.00e-01
i:   65300, sim time:    610000 (9.71 T_f), wall: 37.980 minutes, Δt:  10.19, CFL: 9.00e-01
i:   65400, sim time:    610951 (9.72 T_f), wall: 38.052 minutes, Δt:  10.08, CFL: 9.00e-01
i:   65500, sim time:    611920 (9.74 T_f), wall: 38.117 minutes, Δt:  10.15, CFL: 9.00e-01
i:   65600, sim time:    612840 (9.75 T_f), wall: 38.179 minutes, Δt:  10.12, CFL: 9.00e-01
i:   65700, sim time:    613794 (9.77 T_f), wall: 38.274 minutes, Δt:  10.54, CFL: 9.00e-01
i:   65800, sim time:    614773 (9.78 T_f), wall: 38.337 minutes, Δt:  10.28, CFL: 9.00e-01
i:   65900, sim time:    615739 (9.80 T_f), wall: 38.401 minutes, Δt:  10.18, CFL: 9.00e-01
i:   66000, sim time:    616691 (9.81 T_f), wall: 38.468 minutes, Δt:  10.17, CFL: 9.00e-01
i:   66100, sim time:    617631 (9.83 T_f), wall: 38.527 minutes, Δt:  10.23, CFL: 9.00e-01
i:   66200, sim time:    618580 (9.85 T_f), wall: 38.582 minutes, Δt:  10.00, CFL: 9.00e-01
i:   66300, sim time:    619510 (9.86 T_f), wall: 38.642 minutes, Δt:   9.88, CFL: 9.00e-01
i:   66400, sim time:    620430 (9.87 T_f), wall: 38.708 minutes, Δt:   9.91, CFL: 9.00e-01
i:   66500, sim time:    621338 (9.89 T_f), wall: 38.797 minutes, Δt:   9.84, CFL: 9.00e-01
i:   66600, sim time:    622277 (9.90 T_f), wall: 38.855 minutes, Δt:   9.72, CFL: 9.00e-01
i:   66700, sim time:    623190 (9.92 T_f), wall: 38.914 minutes, Δt:  10.12, CFL: 9.00e-01
i:   66800, sim time:    624120 (9.93 T_f), wall: 38.974 minutes, Δt:   9.94, CFL: 9.00e-01
i:   66900, sim time:    625092 (9.95 T_f), wall: 39.031 minutes, Δt:  10.17, CFL: 9.00e-01
i:   67000, sim time:    626029 (9.96 T_f), wall: 39.093 minutes, Δt:   9.58, CFL: 9.00e-01
i:   67100, sim time:    626970 (9.98 T_f), wall: 39.160 minutes, Δt:   9.99, CFL: 9.00e-01
i:   67200, sim time:    627878 (9.99 T_f), wall: 39.220 minutes, Δt:   9.94, CFL: 9.00e-01
i:   67300, sim time:    628785 (10.01 T_f), wall: 39.277 minutes, Δt:   9.39, CFL: 9.00e-01
i:   67400, sim time:    629689 (10.02 T_f), wall: 39.341 minutes, Δt:   9.84, CFL: 9.00e-01
i:   67500, sim time:    630592 (10.04 T_f), wall: 39.403 minutes, Δt:   9.77, CFL: 9.00e-01
i:   67600, sim time:    631520 (10.05 T_f), wall: 39.464 minutes, Δt:  10.00, CFL: 9.00e-01
i:   67700, sim time:    632439 (10.07 T_f), wall: 39.532 minutes, Δt:   9.75, CFL: 9.00e-01
i:   67800, sim time:    633338 (10.08 T_f), wall: 39.589 minutes, Δt:   9.88, CFL: 9.00e-01
i:   67900, sim time:    634249 (10.09 T_f), wall: 39.656 minutes, Δt:   9.89, CFL: 9.00e-01
i:   68000, sim time:    635221 (10.11 T_f), wall: 39.718 minutes, Δt:  10.25, CFL: 9.00e-01
i:   68100, sim time:    636164 (10.12 T_f), wall: 39.778 minutes, Δt:  10.28, CFL: 9.00e-01
i:   68200, sim time:    637137 (10.14 T_f), wall: 39.839 minutes, Δt:  10.19, CFL: 9.00e-01
i:   68300, sim time:    638110 (10.16 T_f), wall: 39.903 minutes, Δt:  10.09, CFL: 9.00e-01
i:   68400, sim time:    639030 (10.17 T_f), wall: 39.970 minutes, Δt:   9.97, CFL: 9.00e-01
i:   68500, sim time:    639971 (10.19 T_f), wall: 40.057 minutes, Δt:   9.77, CFL: 9.00e-01
i:   68600, sim time:    640884 (10.20 T_f), wall: 40.124 minutes, Δt:   9.96, CFL: 9.00e-01
i:   68700, sim time:    641826 (10.21 T_f), wall: 40.191 minutes, Δt:   9.60, CFL: 9.00e-01
i:   68800, sim time:    642768 (10.23 T_f), wall: 40.249 minutes, Δt:   9.84, CFL: 9.00e-01
i:   68900, sim time:    643720 (10.25 T_f), wall: 40.307 minutes, Δt:  10.21, CFL: 9.00e-01
i:   69000, sim time:    644672 (10.26 T_f), wall: 40.379 minutes, Δt:  10.22, CFL: 9.00e-01
i:   69100, sim time:    645652 (10.28 T_f), wall: 40.442 minutes, Δt:  10.07, CFL: 9.00e-01
i:   69200, sim time:    646544 (10.29 T_f), wall: 40.498 minutes, Δt:   9.24, CFL: 9.00e-01
i:   69300, sim time:    647440 (10.30 T_f), wall: 40.557 minutes, Δt:   9.92, CFL: 9.00e-01
i:   69400, sim time:    648339 (10.32 T_f), wall: 40.613 minutes, Δt:   9.65, CFL: 9.00e-01
i:   69500, sim time:    649239 (10.33 T_f), wall: 40.674 minutes, Δt:   9.83, CFL: 9.00e-01
i:   69600, sim time:    650194 (10.35 T_f), wall: 40.729 minutes, Δt:  10.44, CFL: 9.00e-01
i:   69700, sim time:    651161 (10.36 T_f), wall: 40.798 minutes, Δt:  10.24, CFL: 9.00e-01
i:   69800, sim time:    652100 (10.38 T_f), wall: 40.861 minutes, Δt:   9.86, CFL: 9.00e-01
i:   69900, sim time:    653071 (10.39 T_f), wall: 40.943 minutes, Δt:  10.24, CFL: 9.00e-01
i:   70000, sim time:    654020 (10.41 T_f), wall: 41.002 minutes, Δt:  10.23, CFL: 9.00e-01
i:   70100, sim time:    654989 (10.42 T_f), wall: 41.073 minutes, Δt:  10.05, CFL: 9.00e-01
i:   70200, sim time:    655940 (10.44 T_f), wall: 41.131 minutes, Δt:  10.27, CFL: 9.00e-01
i:   70300, sim time:    656910 (10.46 T_f), wall: 41.197 minutes, Δt:  10.06, CFL: 9.00e-01
i:   70400, sim time:    657870 (10.47 T_f), wall: 41.263 minutes, Δt:   9.86, CFL: 9.00e-01
i:   70500, sim time:    658769 (10.48 T_f), wall: 41.332 minutes, Δt:   9.80, CFL: 9.00e-01
i:   70600, sim time:    659679 (10.50 T_f), wall: 41.398 minutes, Δt:  10.14, CFL: 9.00e-01
i:   70700, sim time:    660568 (10.51 T_f), wall: 41.463 minutes, Δt:   9.76, CFL: 9.00e-01
i:   70800, sim time:    661498 (10.53 T_f), wall: 41.527 minutes, Δt:   9.87, CFL: 9.00e-01
i:   70900, sim time:    662420 (10.54 T_f), wall: 41.589 minutes, Δt:   9.73, CFL: 9.00e-01
i:   71000, sim time:    663349 (10.56 T_f), wall: 41.658 minutes, Δt:   9.61, CFL: 9.00e-01
i:   71100, sim time:    664249 (10.57 T_f), wall: 41.720 minutes, Δt:  10.03, CFL: 9.00e-01
i:   71200, sim time:    665200 (10.59 T_f), wall: 41.775 minutes, Δt:   9.92, CFL: 9.00e-01
i:   71300, sim time:    666110 (10.60 T_f), wall: 41.839 minutes, Δt:   9.94, CFL: 9.00e-01
i:   71400, sim time:    667000 (10.62 T_f), wall: 41.897 minutes, Δt:   9.25, CFL: 9.00e-01
i:   71500, sim time:    667910 (10.63 T_f), wall: 41.962 minutes, Δt:  10.11, CFL: 9.00e-01
i:   71600, sim time:    668860 (10.65 T_f), wall: 42.032 minutes, Δt:  10.07, CFL: 9.00e-01
i:   71700, sim time:    669800 (10.66 T_f), wall: 42.092 minutes, Δt:   9.56, CFL: 9.00e-01
i:   71800, sim time:    670714 (10.67 T_f), wall: 42.151 minutes, Δt:   9.75, CFL: 9.00e-01
i:   71900, sim time:    671641 (10.69 T_f), wall: 42.215 minutes, Δt:  10.11, CFL: 9.00e-01
i:   72000, sim time:    672561 (10.70 T_f), wall: 42.271 minutes, Δt:  10.25, CFL: 9.00e-01
i:   72100, sim time:    673521 (10.72 T_f), wall: 42.340 minutes, Δt:  10.11, CFL: 9.00e-01
i:   72200, sim time:    674459 (10.73 T_f), wall: 42.406 minutes, Δt:  10.03, CFL: 9.00e-01
i:   72300, sim time:    675414 (10.75 T_f), wall: 42.480 minutes, Δt:   9.36, CFL: 9.00e-01
i:   72400, sim time:    676330 (10.76 T_f), wall: 42.540 minutes, Δt:  10.21, CFL: 9.00e-01
i:   72500, sim time:    677264 (10.78 T_f), wall: 42.612 minutes, Δt:   9.27, CFL: 9.00e-01
i:   72600, sim time:    678200 (10.79 T_f), wall: 42.669 minutes, Δt:  10.27, CFL: 9.00e-01
i:   72700, sim time:    679150 (10.81 T_f), wall: 42.734 minutes, Δt:   9.89, CFL: 9.00e-01
i:   72800, sim time:    680060 (10.82 T_f), wall: 42.796 minutes, Δt:   9.88, CFL: 9.00e-01
i:   72900, sim time:    680987 (10.84 T_f), wall: 42.858 minutes, Δt:   9.83, CFL: 9.00e-01
i:   73000, sim time:    681899 (10.85 T_f), wall: 42.927 minutes, Δt:   9.87, CFL: 9.00e-01
i:   73100, sim time:    682798 (10.87 T_f), wall: 42.993 minutes, Δt:  10.21, CFL: 9.00e-01
i:   73200, sim time:    683720 (10.88 T_f), wall: 43.064 minutes, Δt:  10.29, CFL: 9.00e-01
i:   73300, sim time:    684628 (10.90 T_f), wall: 43.130 minutes, Δt:   9.53, CFL: 9.00e-01
i:   73400, sim time:    685530 (10.91 T_f), wall: 43.189 minutes, Δt:  10.08, CFL: 9.00e-01
i:   73500, sim time:    686500 (10.93 T_f), wall: 43.248 minutes, Δt:  10.34, CFL: 9.00e-01
i:   73600, sim time:    687461 (10.94 T_f), wall: 43.320 minutes, Δt:  10.16, CFL: 9.00e-01
i:   73700, sim time:    688359 (10.96 T_f), wall: 43.380 minutes, Δt:   9.89, CFL: 9.00e-01
i:   73800, sim time:    689260 (10.97 T_f), wall: 43.438 minutes, Δt:  10.02, CFL: 9.00e-01
i:   73900, sim time:    690221 (10.99 T_f), wall: 43.509 minutes, Δt:   9.97, CFL: 9.00e-01
i:   74000, sim time:    691174 (11.00 T_f), wall: 43.564 minutes, Δt:  10.20, CFL: 9.00e-01
i:   74100, sim time:    692151 (11.02 T_f), wall: 43.620 minutes, Δt:  10.26, CFL: 9.00e-01
i:   74200, sim time:    693110 (11.03 T_f), wall: 43.681 minutes, Δt:  10.22, CFL: 9.00e-01
i:   74300, sim time:    694050 (11.05 T_f), wall: 43.742 minutes, Δt:  10.41, CFL: 9.00e-01
i:   74400, sim time:    695030 (11.06 T_f), wall: 43.800 minutes, Δt:  10.25, CFL: 9.00e-01
i:   74500, sim time:    695970 (11.08 T_f), wall: 43.857 minutes, Δt:  10.10, CFL: 9.00e-01
i:   74600, sim time:    696920 (11.09 T_f), wall: 43.931 minutes, Δt:  10.02, CFL: 9.00e-01
i:   74700, sim time:    697851 (11.11 T_f), wall: 43.990 minutes, Δt:  10.19, CFL: 9.00e-01
i:   74800, sim time:    698800 (11.12 T_f), wall: 44.045 minutes, Δt:   9.82, CFL: 9.00e-01
i:   74900, sim time:    699751 (11.14 T_f), wall: 44.104 minutes, Δt:  10.16, CFL: 9.00e-01
i:   75000, sim time:    700693 (11.15 T_f), wall: 44.175 minutes, Δt:  10.36, CFL: 9.00e-01
i:   75100, sim time:    701637 (11.17 T_f), wall: 44.235 minutes, Δt:   8.98, CFL: 9.00e-01
i:   75200, sim time:    702510 (11.18 T_f), wall: 44.295 minutes, Δt:   9.37, CFL: 9.00e-01
i:   75300, sim time:    703380 (11.19 T_f), wall: 44.357 minutes, Δt:   9.94, CFL: 9.00e-01
i:   75400, sim time:    704322 (11.21 T_f), wall: 44.415 minutes, Δt:   9.92, CFL: 9.00e-01
i:   75500, sim time:    705220 (11.22 T_f), wall: 44.473 minutes, Δt:   9.94, CFL: 9.00e-01
i:   75600, sim time:    706140 (11.24 T_f), wall: 44.529 minutes, Δt:  10.03, CFL: 9.00e-01
i:   75700, sim time:    707049 (11.25 T_f), wall: 44.594 minutes, Δt:   9.70, CFL: 9.00e-01
i:   75800, sim time:    707978 (11.27 T_f), wall: 44.662 minutes, Δt:   9.79, CFL: 9.00e-01
i:   75900, sim time:    708893 (11.28 T_f), wall: 44.727 minutes, Δt:  10.38, CFL: 9.00e-01
i:   76000, sim time:    709871 (11.30 T_f), wall: 44.794 minutes, Δt:  10.02, CFL: 9.00e-01
i:   76100, sim time:    710800 (11.31 T_f), wall: 44.852 minutes, Δt:   9.72, CFL: 9.00e-01
i:   76200, sim time:    711720 (11.33 T_f), wall: 44.911 minutes, Δt:   9.98, CFL: 9.00e-01
i:   76300, sim time:    712694 (11.34 T_f), wall: 44.977 minutes, Δt:  10.41, CFL: 9.00e-01
i:   76400, sim time:    713671 (11.36 T_f), wall: 45.044 minutes, Δt:   9.88, CFL: 9.00e-01
i:   76500, sim time:    714579 (11.37 T_f), wall: 45.100 minutes, Δt:   9.70, CFL: 9.00e-01
i:   76600, sim time:    715500 (11.39 T_f), wall: 45.156 minutes, Δt:  10.10, CFL: 9.00e-01
i:   76700, sim time:    716391 (11.40 T_f), wall: 45.216 minutes, Δt:   9.18, CFL: 9.00e-01
i:   76800, sim time:    717272 (11.42 T_f), wall: 45.283 minutes, Δt:   9.61, CFL: 9.00e-01
i:   76900, sim time:    718221 (11.43 T_f), wall: 45.367 minutes, Δt:  10.30, CFL: 9.00e-01
i:   77000, sim time:    719190 (11.45 T_f), wall: 45.424 minutes, Δt:   9.99, CFL: 9.00e-01
i:   77100, sim time:    720140 (11.46 T_f), wall: 45.484 minutes, Δt:  10.27, CFL: 9.00e-01
i:   77200, sim time:    721100 (11.48 T_f), wall: 45.540 minutes, Δt:   9.73, CFL: 9.00e-01
i:   77300, sim time:    722029 (11.49 T_f), wall: 45.601 minutes, Δt:   9.66, CFL: 9.00e-01
i:   77400, sim time:    722959 (11.51 T_f), wall: 45.657 minutes, Δt:  10.25, CFL: 9.00e-01
i:   77500, sim time:    723910 (11.52 T_f), wall: 45.718 minutes, Δt:   9.97, CFL: 9.00e-01
i:   77600, sim time:    724795 (11.54 T_f), wall: 45.777 minutes, Δt:   9.47, CFL: 9.00e-01
i:   77700, sim time:    725720 (11.55 T_f), wall: 45.839 minutes, Δt:   9.66, CFL: 9.00e-01
i:   77800, sim time:    726630 (11.56 T_f), wall: 45.899 minutes, Δt:   9.94, CFL: 9.00e-01
i:   77900, sim time:    727538 (11.58 T_f), wall: 45.955 minutes, Δt:   9.84, CFL: 9.00e-01
i:   78000, sim time:    728449 (11.59 T_f), wall: 46.025 minutes, Δt:   9.66, CFL: 9.00e-01
i:   78100, sim time:    729347 (11.61 T_f), wall: 46.082 minutes, Δt:   9.77, CFL: 9.00e-01
i:   78200, sim time:    730234 (11.62 T_f), wall: 46.146 minutes, Δt:   8.69, CFL: 9.00e-01
i:   78300, sim time:    731095 (11.64 T_f), wall: 46.198 minutes, Δt:   9.47, CFL: 9.00e-01
i:   78400, sim time:    731995 (11.65 T_f), wall: 46.253 minutes, Δt:   9.90, CFL: 9.00e-01
i:   78500, sim time:    732900 (11.66 T_f), wall: 46.317 minutes, Δt:   9.42, CFL: 9.00e-01
i:   78600, sim time:    733800 (11.68 T_f), wall: 46.373 minutes, Δt:   9.91, CFL: 9.00e-01
i:   78700, sim time:    734710 (11.69 T_f), wall: 46.439 minutes, Δt:  10.06, CFL: 9.00e-01
i:   78800, sim time:    735657 (11.71 T_f), wall: 46.496 minutes, Δt:   9.49, CFL: 9.00e-01
i:   78900, sim time:    736558 (11.72 T_f), wall: 46.559 minutes, Δt:   9.69, CFL: 9.00e-01
i:   79000, sim time:    737471 (11.74 T_f), wall: 46.633 minutes, Δt:   9.99, CFL: 9.00e-01
i:   79100, sim time:    738389 (11.75 T_f), wall: 46.697 minutes, Δt:   9.97, CFL: 9.00e-01
i:   79200, sim time:    739300 (11.77 T_f), wall: 46.758 minutes, Δt:   9.69, CFL: 9.00e-01
i:   79300, sim time:    740200 (11.78 T_f), wall: 46.842 minutes, Δt:   9.58, CFL: 9.00e-01
i:   79400, sim time:    741100 (11.79 T_f), wall: 46.934 minutes, Δt:   9.59, CFL: 9.00e-01
i:   79500, sim time:    742010 (11.81 T_f), wall: 47.010 minutes, Δt:   9.38, CFL: 9.00e-01
i:   79600, sim time:    742900 (11.82 T_f), wall: 47.064 minutes, Δt:   9.73, CFL: 9.00e-01
i:   79700, sim time:    743821 (11.84 T_f), wall: 47.122 minutes, Δt:  10.17, CFL: 9.00e-01
i:   79800, sim time:    744773 (11.85 T_f), wall: 47.179 minutes, Δt:   9.34, CFL: 9.00e-01
i:   79900, sim time:    745700 (11.87 T_f), wall: 47.244 minutes, Δt:   9.64, CFL: 9.00e-01
i:   80000, sim time:    746662 (11.88 T_f), wall: 47.304 minutes, Δt:  10.00, CFL: 9.00e-01
i:   80100, sim time:    747596 (11.90 T_f), wall: 47.355 minutes, Δt:   9.82, CFL: 9.00e-01
i:   80200, sim time:    748541 (11.91 T_f), wall: 47.418 minutes, Δt:  10.15, CFL: 9.00e-01
i:   80300, sim time:    749500 (11.93 T_f), wall: 47.478 minutes, Δt:  10.24, CFL: 9.00e-01
i:   80400, sim time:    750431 (11.94 T_f), wall: 47.538 minutes, Δt:  10.03, CFL: 9.00e-01
i:   80500, sim time:    751400 (11.96 T_f), wall: 47.605 minutes, Δt:   9.96, CFL: 9.00e-01
i:   80600, sim time:    752310 (11.97 T_f), wall: 47.662 minutes, Δt:  10.02, CFL: 9.00e-01
i:   80700, sim time:    753229 (11.99 T_f), wall: 47.730 minutes, Δt:   9.63, CFL: 9.00e-01
i:   80800, sim time:    754128 (12.00 T_f), wall: 47.790 minutes, Δt:   9.52, CFL: 9.00e-01
i:   80900, sim time:    755050 (12.02 T_f), wall: 47.847 minutes, Δt:  10.03, CFL: 9.00e-01
i:   81000, sim time:    755940 (12.03 T_f), wall: 47.910 minutes, Δt:  10.07, CFL: 9.00e-01
i:   81100, sim time:    756849 (12.05 T_f), wall: 47.967 minutes, Δt:   9.65, CFL: 9.00e-01
i:   81200, sim time:    757768 (12.06 T_f), wall: 48.031 minutes, Δt:   9.84, CFL: 9.00e-01
i:   81300, sim time:    758664 (12.07 T_f), wall: 48.100 minutes, Δt:  10.25, CFL: 9.00e-01
i:   81400, sim time:    759585 (12.09 T_f), wall: 48.161 minutes, Δt:   9.58, CFL: 9.00e-01
i:   81500, sim time:    760539 (12.10 T_f), wall: 48.228 minutes, Δt:  10.26, CFL: 9.00e-01
i:   81600, sim time:    761510 (12.12 T_f), wall: 48.284 minutes, Δt:   9.68, CFL: 9.00e-01
i:   81700, sim time:    762439 (12.13 T_f), wall: 48.344 minutes, Δt:   9.75, CFL: 9.00e-01
i:   81800, sim time:    763385 (12.15 T_f), wall: 48.404 minutes, Δt:  10.41, CFL: 9.00e-01
i:   81900, sim time:    764320 (12.16 T_f), wall: 48.466 minutes, Δt:   9.78, CFL: 9.00e-01
i:   82000, sim time:    765239 (12.18 T_f), wall: 48.538 minutes, Δt:  10.25, CFL: 9.00e-01
i:   82100, sim time:    766160 (12.19 T_f), wall: 48.595 minutes, Δt:   9.78, CFL: 9.00e-01
i:   82200, sim time:    767083 (12.21 T_f), wall: 48.667 minutes, Δt:  10.15, CFL: 9.00e-01
i:   82300, sim time:    767978 (12.22 T_f), wall: 48.729 minutes, Δt:   9.86, CFL: 9.00e-01
i:   82400, sim time:    768910 (12.24 T_f), wall: 48.788 minutes, Δt:  10.27, CFL: 9.00e-01
i:   82500, sim time:    769894 (12.25 T_f), wall: 48.850 minutes, Δt:  10.31, CFL: 9.00e-01
i:   82600, sim time:    770849 (12.27 T_f), wall: 48.918 minutes, Δt:   9.55, CFL: 9.00e-01
i:   82700, sim time:    771749 (12.28 T_f), wall: 48.983 minutes, Δt:   9.86, CFL: 9.00e-01
i:   82800, sim time:    772671 (12.30 T_f), wall: 49.043 minutes, Δt:  10.11, CFL: 9.00e-01
i:   82900, sim time:    773600 (12.31 T_f), wall: 49.110 minutes, Δt:  10.02, CFL: 9.00e-01
i:   83000, sim time:    774538 (12.33 T_f), wall: 49.174 minutes, Δt:   9.40, CFL: 9.00e-01
i:   83100, sim time:    775441 (12.34 T_f), wall: 49.232 minutes, Δt:  10.17, CFL: 9.00e-01
i:   83200, sim time:    776420 (12.36 T_f), wall: 49.294 minutes, Δt:  10.51, CFL: 9.00e-01
i:   83300, sim time:    777388 (12.37 T_f), wall: 49.366 minutes, Δt:   9.77, CFL: 9.00e-01
i:   83400, sim time:    778321 (12.39 T_f), wall: 49.424 minutes, Δt:  10.33, CFL: 9.00e-01
i:   83500, sim time:    779230 (12.40 T_f), wall: 49.486 minutes, Δt:  10.15, CFL: 9.00e-01
i:   83600, sim time:    780179 (12.42 T_f), wall: 49.543 minutes, Δt:  10.19, CFL: 9.00e-01
i:   83700, sim time:    781097 (12.43 T_f), wall: 49.601 minutes, Δt:   9.77, CFL: 9.00e-01
i:   83800, sim time:    782060 (12.45 T_f), wall: 49.661 minutes, Δt:   9.84, CFL: 9.00e-01
i:   83900, sim time:    782949 (12.46 T_f), wall: 49.716 minutes, Δt:   9.89, CFL: 9.00e-01
i:   84000, sim time:    783869 (12.48 T_f), wall: 49.774 minutes, Δt:   9.87, CFL: 9.00e-01
i:   84100, sim time:    784810 (12.49 T_f), wall: 49.836 minutes, Δt:   9.92, CFL: 9.00e-01
i:   84200, sim time:    785749 (12.51 T_f), wall: 49.897 minutes, Δt:   9.89, CFL: 9.00e-01
i:   84300, sim time:    786649 (12.52 T_f), wall: 49.968 minutes, Δt:  10.10, CFL: 9.00e-01
i:   84400, sim time:    787571 (12.53 T_f), wall: 50.031 minutes, Δt:  10.14, CFL: 9.00e-01
i:   84500, sim time:    788494 (12.55 T_f), wall: 50.099 minutes, Δt:  10.09, CFL: 9.00e-01
i:   84600, sim time:    789451 (12.56 T_f), wall: 50.175 minutes, Δt:  10.21, CFL: 9.00e-01
i:   84700, sim time:    790430 (12.58 T_f), wall: 50.246 minutes, Δt:  10.36, CFL: 9.00e-01
i:   84800, sim time:    791370 (12.60 T_f), wall: 50.312 minutes, Δt:   9.89, CFL: 9.00e-01
i:   84900, sim time:    792281 (12.61 T_f), wall: 50.381 minutes, Δt:   9.63, CFL: 9.00e-01
i:   85000, sim time:    793200 (12.62 T_f), wall: 50.438 minutes, Δt:   9.92, CFL: 9.00e-01
i:   85100, sim time:    794106 (12.64 T_f), wall: 50.500 minutes, Δt:   9.97, CFL: 9.00e-01
i:   85200, sim time:    795039 (12.65 T_f), wall: 50.567 minutes, Δt:   9.85, CFL: 9.00e-01
i:   85300, sim time:    795948 (12.67 T_f), wall: 50.631 minutes, Δt:   9.75, CFL: 9.00e-01
i:   85400, sim time:    796838 (12.68 T_f), wall: 50.694 minutes, Δt:   9.40, CFL: 9.00e-01
i:   85500, sim time:    797740 (12.70 T_f), wall: 50.769 minutes, Δt:  10.07, CFL: 9.00e-01
i:   85600, sim time:    798669 (12.71 T_f), wall: 50.842 minutes, Δt:   9.71, CFL: 9.00e-01
i:   85700, sim time:    799570 (12.73 T_f), wall: 50.904 minutes, Δt:  10.27, CFL: 9.00e-01
u* = 4.5665e-03 m/s (R² = 0.5523), z₀ fit 2.002e-01 vs imposed 1.600e-03, δ = 45.66 m
case P4_T10_r1 finished at 2026-09-03 23:24:31
[ Info: Oceananigans will use 4 threads
┌ Warning: CUDA runtime library `libcusparse.so.12` was loaded from a system path, `/usr/local/software/spack/2024.2/views/maths/cuda-12.6.3/gcc-11.4.0/leehydd5fuufm35ohlbwth2mqtadrq3f/lib64/libcusparse.so.12`.
│ This may cause errors.
│ 
│ If you're running under a profiler, this situation is expected. Otherwise,
│ ensure that your library path environment variable (e.g., `PATH` on Windows
│ or `LD_LIBRARY_PATH` on Linux) does not include CUDA library paths.
│ 
│ In any other case, please file an issue.
└ @ CUDACore ~/.julia/packages/CUDACore/NlVPI/src/initialization.jl:199
┌ Warning: CUDA runtime library `libnvJitLink.so.12` was loaded from a system path, `/usr/local/software/spack/2024.2/views/maths/cuda-12.6.3/gcc-11.4.0/leehydd5fuufm35ohlbwth2mqtadrq3f/lib64/libnvJitLink.so.12`.
│ This may cause errors.
│ 
│ If you're running under a profiler, this situation is expected. Otherwise,
│ ensure that your library path environment variable (e.g., `PATH` on Windows
│ or `LD_LIBRARY_PATH` on Linux) does not include CUDA library paths.
│ 
│ In any other case, please file an issue.
└ @ CUDACore ~/.julia/packages/CUDACore/NlVPI/src/initialization.jl:199
[ Info: closure auxiliary fields at `model.closure_fields` (Tuple)
[ Info: SGS diffusivity resolved as `model.closure_fields[2].κₑ` — 100×100×400 Field{Center, Center, Center} on RectilinearGrid on CUDAGPU
[ Info: writing 13 plane-averaged profiles to /cephfs/store/damtp/tll46/SRIM-2026/Combined/Data/Ekman_moments/4/r=1.0, T=10.0/Moments.jld2 every 314 s (2547 samples)
[ Info: Initializing simulation...
[ Info: health @ 0.00 T_f: max|⟨w⟩_xy| = 3.730e-19 m/s (= 9.3e-18 U∞); κₑ ∈ [0.000e+00, 1.970e-03] m²/s
[ Info:     ... simulation initialization complete (55.337 seconds)
[ Info: Executing initial time step...
[ Info:     ... initial time step complete (4.873 seconds).
[ Info: health @ 0.64 T_f: max|⟨w⟩_xy| = 1.457e-20 m/s (= 3.6e-19 U∞); κₑ ∈ [0.000e+00, 2.005e-03] m²/s
[ Info: health @ 1.27 T_f: max|⟨w⟩_xy| = 1.804e-20 m/s (= 4.5e-19 U∞); κₑ ∈ [0.000e+00, 1.777e-03] m²/s
[ Info: health @ 1.91 T_f: max|⟨w⟩_xy| = 1.110e-20 m/s (= 2.8e-19 U∞); κₑ ∈ [0.000e+00, 2.086e-03] m²/s
[ Info: health @ 2.55 T_f: max|⟨w⟩_xy| = 6.939e-21 m/s (= 1.7e-19 U∞); κₑ ∈ [0.000e+00, 1.901e-03] m²/s
[ Info: health @ 3.18 T_f: max|⟨w⟩_xy| = 1.943e-20 m/s (= 4.9e-19 U∞); κₑ ∈ [0.000e+00, 1.956e-03] m²/s
[ Info: health @ 3.82 T_f: max|⟨w⟩_xy| = 8.327e-21 m/s (= 2.1e-19 U∞); κₑ ∈ [0.000e+00, 2.167e-03] m²/s
[ Info: health @ 4.46 T_f: max|⟨w⟩_xy| = 2.012e-20 m/s (= 5.0e-19 U∞); κₑ ∈ [0.000e+00, 1.819e-03] m²/s
[ Info: health @ 5.09 T_f: max|⟨w⟩_xy| = 1.422e-20 m/s (= 3.6e-19 U∞); κₑ ∈ [0.000e+00, 2.029e-03] m²/s
[ Info: health @ 5.73 T_f: max|⟨w⟩_xy| = 6.939e-21 m/s (= 1.7e-19 U∞); κₑ ∈ [0.000e+00, 1.812e-03] m²/s
[ Info: health @ 6.37 T_f: max|⟨w⟩_xy| = 8.327e-21 m/s (= 2.1e-19 U∞); κₑ ∈ [0.000e+00, 1.853e-03] m²/s
[ Info: health @ 7.00 T_f: max|⟨w⟩_xy| = 6.939e-21 m/s (= 1.7e-19 U∞); κₑ ∈ [0.000e+00, 1.926e-03] m²/s
[ Info: health @ 7.64 T_f: max|⟨w⟩_xy| = 2.220e-20 m/s (= 5.6e-19 U∞); κₑ ∈ [0.000e+00, 1.886e-03] m²/s
[ Info: health @ 8.28 T_f: max|⟨w⟩_xy| = 1.804e-20 m/s (= 4.5e-19 U∞); κₑ ∈ [0.000e+00, 2.438e-03] m²/s
[ Info: health @ 8.91 T_f: max|⟨w⟩_xy| = 9.714e-21 m/s (= 2.4e-19 U∞); κₑ ∈ [0.000e+00, 1.822e-03] m²/s
[ Info: health @ 9.55 T_f: max|⟨w⟩_xy| = 1.943e-20 m/s (= 4.9e-19 U∞); κₑ ∈ [0.000e+00, 2.265e-03] m²/s
[ Info: health @ 10.19 T_f: max|⟨w⟩_xy| = 8.327e-21 m/s (= 2.1e-19 U∞); κₑ ∈ [0.000e+00, 2.116e-03] m²/s
[ Info: health @ 10.82 T_f: max|⟨w⟩_xy| = 1.388e-20 m/s (= 3.5e-19 U∞); κₑ ∈ [0.000e+00, 1.994e-03] m²/s
[ Info: health @ 11.46 T_f: max|⟨w⟩_xy| = 1.388e-20 m/s (= 3.5e-19 U∞); κₑ ∈ [0.000e+00, 1.960e-03] m²/s
[ Info: health @ 12.10 T_f: max|⟨w⟩_xy| = 1.735e-20 m/s (= 4.3e-19 U∞); κₑ ∈ [0.000e+00, 2.049e-03] m²/s
[ Info: Simulation is stopping after running for 50.293 minutes.
[ Info: Simulation time 9.259 days equals or exceeds stop time 9.259 days.
[ Info: health @ 12.73 T_f: max|⟨w⟩_xy| = 1.388e-20 m/s (= 3.5e-19 U∞); κₑ ∈ [0.000e+00, 2.231e-03] m²/s
