
==============================================================================
==== 2026-09-02 22:15:33  P4_T10_r10  (r = 10.0, T = 10.0)
==============================================================================
ekmanrun.jl case P4_T10_r10
  architecture      GPU
  dimensions        75.0 m x 75.0 m x 150.0 m  (+ 20 m sponge, H = 170 m)
  grid              100 x 100 x 400   (first centre at z = 0.1182 m)
  U∞  = 0.0400   f₀ = 1.00e-04   r = N/f = 10.0   N² = 1.000e-06
  profile 4 (softplus), T = 10.0 m, sharp = 6.0
  cᴰ  = 0.00908   ν₀ = 1.0e-06   κ₀ = 1.0e-07   Pr = 10
  duration 8.000e+05 s = 12.73 inertial periods, max Δt = 15 s
  moments every 314 s, x-z slices off, Avg_* writers ON
i:       0, sim time:         0 (0.00 T_f), wall: 44.622 seconds, Δt:   1.80, CFL: 1.07e-01
i:     100, sim time:       NaN (NaN T_f), wall: 1.652 minutes, Δt:    NaN, CFL: NaN
u* = 7.6070e-03 m/s (R² = 0.5422), z₀ fit 1.964e-01 vs imposed 1.600e-03, δ = 76.07 m
case P4_T10_r10 finished at 2026-09-02 22:18:49
[ Info: Oceananigans will use 4 threads
┌ Warning: CUDA runtime library `libcusparse.so.12` was loaded from a system path, `/usr/local/software/spack/2024.2/views/maths/cuda-12.6.3/gcc-11.4.0/leehydd5fuufm35ohlbwth2mqtadrq3f/lib64/libcusparse.so.12`.
│ This may cause errors.
│ 
│ If you're running under a profiler, this situation is expected. Otherwise,
│ ensure that your library path environment variable (e.g., `PATH` on Windows
│ or `LD_LIBRARY_PATH` on Linux) does not include CUDA library paths.
│ 
│ In any other case, please file an issue.
└ @ CUDACore ~/.julia/packages/CUDACore/NlVPI/src/initialization.jl:199
┌ Warning: CUDA runtime library `libnvJitLink.so.12` was loaded from a system path, `/usr/local/software/spack/2024.2/views/maths/cuda-12.6.3/gcc-11.4.0/leehydd5fuufm35ohlbwth2mqtadrq3f/lib64/libnvJitLink.so.12`.
│ This may cause errors.
│ 
│ If you're running under a profiler, this situation is expected. Otherwise,
│ ensure that your library path environment variable (e.g., `PATH` on Windows
│ or `LD_LIBRARY_PATH` on Linux) does not include CUDA library paths.
│ 
│ In any other case, please file an issue.
└ @ CUDACore ~/.julia/packages/CUDACore/NlVPI/src/initialization.jl:199
[ Info: closure auxiliary fields at `model.closure_fields` (Tuple)
[ Info: SGS diffusivity resolved as `model.closure_fields[2].κₑ` — 100×100×400 Field{Center, Center, Center} on RectilinearGrid on CUDAGPU
[ Info: writing 13 plane-averaged profiles to /cephfs/store/damtp/tll46/SRIM-2026/Combined/Data/Ekman_moments/4/r=10.0, T=10.0/Moments.jld2 every 314 s (2547 samples)
[ Info: Initializing simulation...
[ Info: health @ 0.00 T_f: max|⟨w⟩_xy| = 2.085e-19 m/s (= 5.2e-18 U∞); κₑ ∈ [NaN, NaN] m²/s
[ Info:     ... simulation initialization complete (54.471 seconds)
[ Info: Executing initial time step...
[ Info:     ... initial time step complete (4.961 seconds).
[ Info: time = NaN, iteration = 100: NaN found in field u. Stopping simulation.

==============================================================================
==== 2026-09-03 19:54:42  P4_T10_r10  (r = 10.0, T = 10.0)
==============================================================================
ekmanrun.jl case P4_T10_r10
  architecture      GPU
  dimensions        75.0 m x 75.0 m x 150.0 m  (+ 20 m sponge, H = 170 m)
  grid              100 x 100 x 400   (first centre at z = 0.1182 m)
  U∞  = 0.0400   f₀ = 1.00e-04   r = N/f = 10.0   N² = 1.000e-06
  profile 4 (softplus), T = 10.0 m, sharp = 6.0
  cᴰ  = 0.00908   ν₀ = 1.0e-06   κ₀ = 1.0e-07   Pr = 10
  duration 8.000e+05 s = 12.73 inertial periods, max Δt = 15 s
  moments every 314 s, x-z slices off, Avg_* writers ON
i:       0, sim time:         0 (0.00 T_f), wall: 46.128 seconds, Δt:   1.80, CFL: 1.07e-01
i:     100, sim time:       900 (0.01 T_f), wall: 1.691 minutes, Δt:  14.69, CFL: 9.00e-01
i:     200, sim time:      2200 (0.04 T_f), wall: 1.739 minutes, Δt:  13.72, CFL: 9.00e-01
i:     300, sim time:      3468 (0.06 T_f), wall: 1.789 minutes, Δt:  14.14, CFL: 9.00e-01
i:     400, sim time:      4710 (0.07 T_f), wall: 1.839 minutes, Δt:  13.30, CFL: 9.00e-01
i:     500, sim time:      5966 (0.09 T_f), wall: 1.888 minutes, Δt:  13.51, CFL: 9.00e-01
i:     600, sim time:      7167 (0.11 T_f), wall: 1.942 minutes, Δt:  13.40, CFL: 9.00e-01
i:     700, sim time:      8300 (0.13 T_f), wall: 1.990 minutes, Δt:  12.30, CFL: 9.00e-01
i:     800, sim time:      9412 (0.15 T_f), wall: 2.044 minutes, Δt:  12.26, CFL: 9.00e-01
i:     900, sim time:     10525 (0.17 T_f), wall: 2.091 minutes, Δt:  12.21, CFL: 9.00e-01
i:    1000, sim time:     11611 (0.18 T_f), wall: 2.139 minutes, Δt:  11.21, CFL: 9.00e-01
i:    1100, sim time:     12699 (0.20 T_f), wall: 2.187 minutes, Δt:  10.97, CFL: 9.00e-01
i:    1200, sim time:     13733 (0.22 T_f), wall: 2.234 minutes, Δt:  10.95, CFL: 9.00e-01
i:    1300, sim time:     14769 (0.24 T_f), wall: 2.284 minutes, Δt:  10.86, CFL: 9.00e-01
i:    1400, sim time:     15834 (0.25 T_f), wall: 2.333 minutes, Δt:  11.14, CFL: 9.00e-01
i:    1500, sim time:     16867 (0.27 T_f), wall: 2.384 minutes, Δt:  11.11, CFL: 9.00e-01
i:    1600, sim time:     17898 (0.28 T_f), wall: 2.436 minutes, Δt:  10.87, CFL: 9.00e-01
i:    1700, sim time:     18900 (0.30 T_f), wall: 2.487 minutes, Δt:  10.78, CFL: 9.00e-01
i:    1800, sim time:     19900 (0.32 T_f), wall: 2.534 minutes, Δt:  10.50, CFL: 9.00e-01
i:    1900, sim time:     20885 (0.33 T_f), wall: 2.583 minutes, Δt:  10.41, CFL: 9.00e-01
i:    2000, sim time:     21871 (0.35 T_f), wall: 2.640 minutes, Δt:  10.30, CFL: 9.00e-01
i:    2100, sim time:     22875 (0.36 T_f), wall: 2.684 minutes, Δt:  10.71, CFL: 9.00e-01
i:    2200, sim time:     23851 (0.38 T_f), wall: 2.733 minutes, Δt:  10.32, CFL: 9.00e-01
i:    2300, sim time:     24826 (0.40 T_f), wall: 2.781 minutes, Δt:  10.25, CFL: 9.00e-01
i:    2400, sim time:     25799 (0.41 T_f), wall: 2.824 minutes, Δt:  10.29, CFL: 9.00e-01
i:    2500, sim time:     26761 (0.43 T_f), wall: 2.870 minutes, Δt:  10.20, CFL: 9.00e-01
i:    2600, sim time:     27710 (0.44 T_f), wall: 2.920 minutes, Δt:  10.03, CFL: 9.00e-01
i:    2700, sim time:     28630 (0.46 T_f), wall: 2.968 minutes, Δt:  10.16, CFL: 9.00e-01
i:    2800, sim time:     29600 (0.47 T_f), wall: 3.015 minutes, Δt:  10.52, CFL: 9.00e-01
i:    2900, sim time:     30570 (0.49 T_f), wall: 3.064 minutes, Δt:  10.27, CFL: 9.00e-01
i:    3000, sim time:     31520 (0.50 T_f), wall: 3.116 minutes, Δt:  10.06, CFL: 9.00e-01
i:    3100, sim time:     32491 (0.52 T_f), wall: 3.166 minutes, Δt:  10.00, CFL: 9.00e-01
i:    3200, sim time:     33430 (0.53 T_f), wall: 3.212 minutes, Δt:   9.90, CFL: 9.00e-01
i:    3300, sim time:     34341 (0.55 T_f), wall: 3.258 minutes, Δt:  10.20, CFL: 9.00e-01
i:    3400, sim time:     35300 (0.56 T_f), wall: 3.309 minutes, Δt:   9.57, CFL: 9.00e-01
i:    3500, sim time:     36198 (0.58 T_f), wall: 3.355 minutes, Δt:   9.97, CFL: 9.00e-01
i:    3600, sim time:     37100 (0.59 T_f), wall: 3.401 minutes, Δt:  10.13, CFL: 9.00e-01
i:    3700, sim time:     38048 (0.61 T_f), wall: 3.450 minutes, Δt:   9.82, CFL: 9.00e-01
i:    3800, sim time:     38966 (0.62 T_f), wall: 3.497 minutes, Δt:   9.67, CFL: 9.00e-01
i:    3900, sim time:     39868 (0.63 T_f), wall: 3.542 minutes, Δt:   9.88, CFL: 9.00e-01
i:    4000, sim time:     40737 (0.65 T_f), wall: 3.586 minutes, Δt:   9.22, CFL: 9.00e-01
i:    4100, sim time:     41628 (0.66 T_f), wall: 3.635 minutes, Δt:   9.24, CFL: 9.00e-01
i:    4200, sim time:     42500 (0.68 T_f), wall: 3.681 minutes, Δt:   9.61, CFL: 9.00e-01
i:    4300, sim time:     43400 (0.69 T_f), wall: 3.728 minutes, Δt:   9.78, CFL: 9.00e-01
i:    4400, sim time:     44293 (0.70 T_f), wall: 3.774 minutes, Δt:   9.76, CFL: 9.00e-01
i:    4500, sim time:     45163 (0.72 T_f), wall: 3.820 minutes, Δt:   9.06, CFL: 9.00e-01
i:    4600, sim time:     46029 (0.73 T_f), wall: 3.868 minutes, Δt:   9.62, CFL: 9.00e-01
i:    4700, sim time:     46919 (0.75 T_f), wall: 3.917 minutes, Δt:   9.75, CFL: 9.00e-01
i:    4800, sim time:     47830 (0.76 T_f), wall: 3.964 minutes, Δt:   9.56, CFL: 9.00e-01
i:    4900, sim time:     48729 (0.78 T_f), wall: 4.011 minutes, Δt:   9.22, CFL: 9.00e-01
i:    5000, sim time:     49632 (0.79 T_f), wall: 4.062 minutes, Δt:   9.99, CFL: 9.00e-01
i:    5100, sim time:     50549 (0.80 T_f), wall: 4.109 minutes, Δt:   9.52, CFL: 9.00e-01
i:    5200, sim time:     51459 (0.82 T_f), wall: 4.159 minutes, Δt:   9.95, CFL: 9.00e-01
i:    5300, sim time:     52359 (0.83 T_f), wall: 4.207 minutes, Δt:  10.06, CFL: 9.00e-01
i:    5400, sim time:     53245 (0.85 T_f), wall: 4.257 minutes, Δt:   9.25, CFL: 9.00e-01
i:    5500, sim time:     54149 (0.86 T_f), wall: 4.303 minutes, Δt:   9.79, CFL: 9.00e-01
i:    5600, sim time:     55058 (0.88 T_f), wall: 4.355 minutes, Δt:   9.56, CFL: 9.00e-01
i:    5700, sim time:     55958 (0.89 T_f), wall: 4.404 minutes, Δt:   9.81, CFL: 9.00e-01
i:    5800, sim time:     56854 (0.90 T_f), wall: 4.455 minutes, Δt:   9.72, CFL: 9.00e-01
i:    5900, sim time:     57771 (0.92 T_f), wall: 4.503 minutes, Δt:   9.85, CFL: 9.00e-01
i:    6000, sim time:     58665 (0.93 T_f), wall: 4.550 minutes, Δt:   9.59, CFL: 9.00e-01
i:    6100, sim time:     59589 (0.95 T_f), wall: 4.598 minutes, Δt:   9.87, CFL: 9.00e-01
i:    6200, sim time:     60510 (0.96 T_f), wall: 4.646 minutes, Δt:   9.79, CFL: 9.00e-01
i:    6300, sim time:     61471 (0.98 T_f), wall: 4.696 minutes, Δt:  10.05, CFL: 9.00e-01
i:    6400, sim time:     62450 (0.99 T_f), wall: 4.750 minutes, Δt:  10.22, CFL: 9.00e-01
i:    6500, sim time:     63428 (1.01 T_f), wall: 4.801 minutes, Δt:  10.21, CFL: 9.00e-01
i:    6600, sim time:     64380 (1.02 T_f), wall: 4.858 minutes, Δt:  10.14, CFL: 9.00e-01
i:    6700, sim time:     65354 (1.04 T_f), wall: 4.911 minutes, Δt:  10.55, CFL: 9.00e-01
i:    6800, sim time:     66342 (1.06 T_f), wall: 4.969 minutes, Δt:  10.22, CFL: 9.00e-01
i:    6900, sim time:     67259 (1.07 T_f), wall: 5.020 minutes, Δt:   9.91, CFL: 9.00e-01
i:    7000, sim time:     68189 (1.09 T_f), wall: 5.069 minutes, Δt:  10.21, CFL: 9.00e-01
i:    7100, sim time:     69170 (1.10 T_f), wall: 5.128 minutes, Δt:   9.98, CFL: 9.00e-01
i:    7200, sim time:     70142 (1.12 T_f), wall: 5.177 minutes, Δt:  10.42, CFL: 9.00e-01
i:    7300, sim time:     71121 (1.13 T_f), wall: 5.229 minutes, Δt:  10.61, CFL: 9.00e-01
i:    7400, sim time:     72100 (1.15 T_f), wall: 5.276 minutes, Δt:  10.51, CFL: 9.00e-01
i:    7500, sim time:     73083 (1.16 T_f), wall: 5.327 minutes, Δt:  10.59, CFL: 9.00e-01
i:    7600, sim time:     74040 (1.18 T_f), wall: 5.377 minutes, Δt:   9.57, CFL: 9.00e-01
i:    7700, sim time:     74963 (1.19 T_f), wall: 5.437 minutes, Δt:  10.18, CFL: 9.00e-01
i:    7800, sim time:     75900 (1.21 T_f), wall: 5.505 minutes, Δt:  10.21, CFL: 9.00e-01
i:    7900, sim time:     76873 (1.22 T_f), wall: 5.554 minutes, Δt:  10.38, CFL: 9.00e-01
i:    8000, sim time:     77852 (1.24 T_f), wall: 5.607 minutes, Δt:  10.60, CFL: 9.00e-01
i:    8100, sim time:     78834 (1.25 T_f), wall: 5.657 minutes, Δt:  10.01, CFL: 9.00e-01
i:    8200, sim time:     79766 (1.27 T_f), wall: 5.712 minutes, Δt:   9.92, CFL: 9.00e-01
i:    8300, sim time:     80700 (1.28 T_f), wall: 5.761 minutes, Δt:   9.76, CFL: 9.00e-01
i:    8400, sim time:     81640 (1.30 T_f), wall: 5.813 minutes, Δt:  10.34, CFL: 9.00e-01
i:    8500, sim time:     82600 (1.31 T_f), wall: 5.860 minutes, Δt:  10.11, CFL: 9.00e-01
i:    8600, sim time:     83586 (1.33 T_f), wall: 5.909 minutes, Δt:  10.40, CFL: 9.00e-01
i:    8700, sim time:     84540 (1.35 T_f), wall: 5.958 minutes, Δt:  10.30, CFL: 9.00e-01
i:    8800, sim time:     85530 (1.36 T_f), wall: 6.010 minutes, Δt:  10.24, CFL: 9.00e-01
i:    8900, sim time:     86490 (1.38 T_f), wall: 6.061 minutes, Δt:   9.93, CFL: 9.00e-01
i:    9000, sim time:     87450 (1.39 T_f), wall: 6.114 minutes, Δt:  10.18, CFL: 9.00e-01
i:    9100, sim time:     88430 (1.41 T_f), wall: 6.164 minutes, Δt:  10.28, CFL: 9.00e-01
i:    9200, sim time:     89383 (1.42 T_f), wall: 6.212 minutes, Δt:   9.23, CFL: 9.00e-01
i:    9300, sim time:     90310 (1.44 T_f), wall: 6.260 minutes, Δt:   9.96, CFL: 9.00e-01
i:    9400, sim time:     91210 (1.45 T_f), wall: 6.312 minutes, Δt:   9.74, CFL: 9.00e-01
i:    9500, sim time:     92110 (1.47 T_f), wall: 6.359 minutes, Δt:  10.06, CFL: 9.00e-01
i:    9600, sim time:     93029 (1.48 T_f), wall: 6.409 minutes, Δt:  10.00, CFL: 9.00e-01
i:    9700, sim time:     93941 (1.50 T_f), wall: 6.458 minutes, Δt:  10.12, CFL: 9.00e-01
i:    9800, sim time:     94848 (1.51 T_f), wall: 6.507 minutes, Δt:  10.15, CFL: 9.00e-01
i:    9900, sim time:     95770 (1.52 T_f), wall: 6.557 minutes, Δt:   9.27, CFL: 9.00e-01
i:   10000, sim time:     96648 (1.54 T_f), wall: 6.613 minutes, Δt:   9.75, CFL: 9.00e-01
i:   10100, sim time:     97579 (1.55 T_f), wall: 6.660 minutes, Δt:   9.50, CFL: 9.00e-01
i:   10200, sim time:     98479 (1.57 T_f), wall: 6.708 minutes, Δt:   9.96, CFL: 9.00e-01
i:   10300, sim time:     99400 (1.58 T_f), wall: 6.755 minutes, Δt:   9.74, CFL: 9.00e-01
i:   10400, sim time:    100297 (1.60 T_f), wall: 6.806 minutes, Δt:   9.78, CFL: 9.00e-01
i:   10500, sim time:    101200 (1.61 T_f), wall: 6.855 minutes, Δt:   9.98, CFL: 9.00e-01
i:   10600, sim time:    102160 (1.63 T_f), wall: 6.902 minutes, Δt:  10.15, CFL: 9.00e-01
i:   10700, sim time:    103092 (1.64 T_f), wall: 6.958 minutes, Δt:  10.33, CFL: 9.00e-01
i:   10800, sim time:    104010 (1.66 T_f), wall: 7.012 minutes, Δt:   9.79, CFL: 9.00e-01
i:   10900, sim time:    104941 (1.67 T_f), wall: 7.059 minutes, Δt:  10.03, CFL: 9.00e-01
i:   11000, sim time:    105856 (1.68 T_f), wall: 7.110 minutes, Δt:   9.43, CFL: 9.00e-01
i:   11100, sim time:    106760 (1.70 T_f), wall: 7.162 minutes, Δt:   9.99, CFL: 9.00e-01
i:   11200, sim time:    107661 (1.71 T_f), wall: 7.212 minutes, Δt:  10.18, CFL: 9.00e-01
i:   11300, sim time:    108568 (1.73 T_f), wall: 7.261 minutes, Δt:   9.72, CFL: 9.00e-01
i:   11400, sim time:    109500 (1.74 T_f), wall: 7.309 minutes, Δt:   9.94, CFL: 9.00e-01
i:   11500, sim time:    110420 (1.76 T_f), wall: 7.360 minutes, Δt:  10.06, CFL: 9.00e-01
i:   11600, sim time:    111339 (1.77 T_f), wall: 7.410 minutes, Δt:   9.99, CFL: 9.00e-01
i:   11700, sim time:    112269 (1.79 T_f), wall: 7.461 minutes, Δt:   9.92, CFL: 9.00e-01
i:   11800, sim time:    113210 (1.80 T_f), wall: 7.512 minutes, Δt:  10.34, CFL: 9.00e-01
i:   11900, sim time:    114149 (1.82 T_f), wall: 7.560 minutes, Δt:   9.77, CFL: 9.00e-01
i:   12000, sim time:    115100 (1.83 T_f), wall: 7.609 minutes, Δt:  10.00, CFL: 9.00e-01
i:   12100, sim time:    115994 (1.85 T_f), wall: 7.664 minutes, Δt:   9.50, CFL: 9.00e-01
i:   12200, sim time:    116897 (1.86 T_f), wall: 7.719 minutes, Δt:   9.76, CFL: 9.00e-01
i:   12300, sim time:    117800 (1.87 T_f), wall: 7.769 minutes, Δt:   9.54, CFL: 9.00e-01
i:   12400, sim time:    118740 (1.89 T_f), wall: 7.823 minutes, Δt:   9.75, CFL: 9.00e-01
i:   12500, sim time:    119654 (1.90 T_f), wall: 7.875 minutes, Δt:   9.77, CFL: 9.00e-01
i:   12600, sim time:    120600 (1.92 T_f), wall: 7.925 minutes, Δt:  10.22, CFL: 9.00e-01
i:   12700, sim time:    121559 (1.93 T_f), wall: 7.974 minutes, Δt:  10.11, CFL: 9.00e-01
i:   12800, sim time:    122470 (1.95 T_f), wall: 8.027 minutes, Δt:  10.05, CFL: 9.00e-01
i:   12900, sim time:    123402 (1.96 T_f), wall: 8.079 minutes, Δt:  10.18, CFL: 9.00e-01
i:   13000, sim time:    124319 (1.98 T_f), wall: 8.132 minutes, Δt:   9.74, CFL: 9.00e-01
i:   13100, sim time:    125240 (1.99 T_f), wall: 8.182 minutes, Δt:  10.00, CFL: 9.00e-01
i:   13200, sim time:    126196 (2.01 T_f), wall: 8.230 minutes, Δt:   9.38, CFL: 9.00e-01
i:   13300, sim time:    127120 (2.02 T_f), wall: 8.280 minutes, Δt:  10.27, CFL: 9.00e-01
i:   13400, sim time:    128061 (2.04 T_f), wall: 8.332 minutes, Δt:   9.84, CFL: 9.00e-01
i:   13500, sim time:    129010 (2.05 T_f), wall: 8.382 minutes, Δt:  10.00, CFL: 9.00e-01
i:   13600, sim time:    129940 (2.07 T_f), wall: 8.428 minutes, Δt:  10.01, CFL: 9.00e-01
i:   13700, sim time:    130921 (2.08 T_f), wall: 8.475 minutes, Δt:  10.46, CFL: 9.00e-01
i:   13800, sim time:    131880 (2.10 T_f), wall: 8.524 minutes, Δt:  10.14, CFL: 9.00e-01
i:   13900, sim time:    132800 (2.11 T_f), wall: 8.573 minutes, Δt:  10.10, CFL: 9.00e-01
i:   14000, sim time:    133750 (2.13 T_f), wall: 8.621 minutes, Δt:   9.93, CFL: 9.00e-01
i:   14100, sim time:    134699 (2.14 T_f), wall: 8.672 minutes, Δt:   9.00, CFL: 9.00e-01
i:   14200, sim time:    135630 (2.16 T_f), wall: 8.723 minutes, Δt:  10.13, CFL: 9.00e-01
i:   14300, sim time:    136600 (2.17 T_f), wall: 8.771 minutes, Δt:   9.86, CFL: 9.00e-01
i:   14400, sim time:    137573 (2.19 T_f), wall: 8.823 minutes, Δt:  10.19, CFL: 9.00e-01
i:   14500, sim time:    138500 (2.20 T_f), wall: 8.871 minutes, Δt:  10.02, CFL: 9.00e-01
i:   14600, sim time:    139478 (2.22 T_f), wall: 8.920 minutes, Δt:  10.51, CFL: 9.00e-01
i:   14700, sim time:    140452 (2.24 T_f), wall: 8.973 minutes, Δt:  10.26, CFL: 9.00e-01
i:   14800, sim time:    141431 (2.25 T_f), wall: 9.023 minutes, Δt:  10.25, CFL: 9.00e-01
i:   14900, sim time:    142362 (2.27 T_f), wall: 9.074 minutes, Δt:  10.29, CFL: 9.00e-01
i:   15000, sim time:    143330 (2.28 T_f), wall: 9.123 minutes, Δt:   9.75, CFL: 9.00e-01
i:   15100, sim time:    144282 (2.30 T_f), wall: 9.172 minutes, Δt:  10.47, CFL: 9.00e-01
i:   15200, sim time:    145239 (2.31 T_f), wall: 9.222 minutes, Δt:   9.93, CFL: 9.00e-01
i:   15300, sim time:    146210 (2.33 T_f), wall: 9.271 minutes, Δt:  10.31, CFL: 9.00e-01
i:   15400, sim time:    147190 (2.34 T_f), wall: 9.319 minutes, Δt:  10.01, CFL: 9.00e-01
i:   15500, sim time:    148100 (2.36 T_f), wall: 9.369 minutes, Δt:  10.27, CFL: 9.00e-01
i:   15600, sim time:    149073 (2.37 T_f), wall: 9.419 minutes, Δt:  10.54, CFL: 9.00e-01
i:   15700, sim time:    150051 (2.39 T_f), wall: 9.469 minutes, Δt:  10.14, CFL: 9.00e-01
i:   15800, sim time:    150992 (2.40 T_f), wall: 9.518 minutes, Δt:  10.09, CFL: 9.00e-01
i:   15900, sim time:    151939 (2.42 T_f), wall: 9.567 minutes, Δt:   9.89, CFL: 9.00e-01
i:   16000, sim time:    152888 (2.43 T_f), wall: 9.617 minutes, Δt:   9.71, CFL: 9.00e-01
i:   16100, sim time:    153831 (2.45 T_f), wall: 9.672 minutes, Δt:  10.04, CFL: 9.00e-01
i:   16200, sim time:    154788 (2.46 T_f), wall: 9.722 minutes, Δt:  10.05, CFL: 9.00e-01
i:   16300, sim time:    155720 (2.48 T_f), wall: 9.776 minutes, Δt:   9.67, CFL: 9.00e-01
i:   16400, sim time:    156647 (2.49 T_f), wall: 9.824 minutes, Δt:   9.36, CFL: 9.00e-01
i:   16500, sim time:    157590 (2.51 T_f), wall: 9.878 minutes, Δt:   9.99, CFL: 9.00e-01
i:   16600, sim time:    158510 (2.52 T_f), wall: 9.928 minutes, Δt:   9.97, CFL: 9.00e-01
i:   16700, sim time:    159419 (2.54 T_f), wall: 9.981 minutes, Δt:   9.73, CFL: 9.00e-01
i:   16800, sim time:    160380 (2.55 T_f), wall: 10.032 minutes, Δt:   9.82, CFL: 9.00e-01
i:   16900, sim time:    161310 (2.57 T_f), wall: 10.084 minutes, Δt:   9.90, CFL: 9.00e-01
i:   17000, sim time:    162250 (2.58 T_f), wall: 10.135 minutes, Δt:  10.37, CFL: 9.00e-01
i:   17100, sim time:    163220 (2.60 T_f), wall: 10.188 minutes, Δt:   9.98, CFL: 9.00e-01
i:   17200, sim time:    164171 (2.61 T_f), wall: 10.239 minutes, Δt:  10.24, CFL: 9.00e-01
i:   17300, sim time:    165120 (2.63 T_f), wall: 10.294 minutes, Δt:  10.13, CFL: 9.00e-01
i:   17400, sim time:    166047 (2.64 T_f), wall: 10.350 minutes, Δt:   9.37, CFL: 9.00e-01
i:   17500, sim time:    166937 (2.66 T_f), wall: 10.400 minutes, Δt:   9.04, CFL: 9.00e-01
i:   17600, sim time:    167862 (2.67 T_f), wall: 10.447 minutes, Δt:  10.12, CFL: 9.00e-01
i:   17700, sim time:    168766 (2.69 T_f), wall: 10.504 minutes, Δt:   9.20, CFL: 9.00e-01
i:   17800, sim time:    169691 (2.70 T_f), wall: 10.558 minutes, Δt:   9.84, CFL: 9.00e-01
i:   17900, sim time:    170630 (2.72 T_f), wall: 10.615 minutes, Δt:   9.50, CFL: 9.00e-01
i:   18000, sim time:    171540 (2.73 T_f), wall: 10.665 minutes, Δt:  10.02, CFL: 9.00e-01
i:   18100, sim time:    172498 (2.75 T_f), wall: 10.718 minutes, Δt:   9.90, CFL: 9.00e-01
i:   18200, sim time:    173400 (2.76 T_f), wall: 10.770 minutes, Δt:   9.75, CFL: 9.00e-01
i:   18300, sim time:    174330 (2.77 T_f), wall: 10.821 minutes, Δt:  10.13, CFL: 9.00e-01
i:   18400, sim time:    175280 (2.79 T_f), wall: 10.874 minutes, Δt:   9.86, CFL: 9.00e-01
i:   18500, sim time:    176210 (2.80 T_f), wall: 10.927 minutes, Δt:  10.05, CFL: 9.00e-01
i:   18600, sim time:    177119 (2.82 T_f), wall: 10.979 minutes, Δt:   9.64, CFL: 9.00e-01
i:   18700, sim time:    178068 (2.83 T_f), wall: 11.030 minutes, Δt:  10.12, CFL: 9.00e-01
i:   18800, sim time:    179010 (2.85 T_f), wall: 11.083 minutes, Δt:  10.10, CFL: 9.00e-01
i:   18900, sim time:    179920 (2.86 T_f), wall: 11.136 minutes, Δt:  10.29, CFL: 9.00e-01
i:   19000, sim time:    180894 (2.88 T_f), wall: 11.193 minutes, Δt:  10.10, CFL: 9.00e-01
i:   19100, sim time:    181877 (2.89 T_f), wall: 11.246 minutes, Δt:  10.36, CFL: 9.00e-01
i:   19200, sim time:    182820 (2.91 T_f), wall: 11.295 minutes, Δt:   9.71, CFL: 9.00e-01
i:   19300, sim time:    183761 (2.92 T_f), wall: 11.344 minutes, Δt:  10.06, CFL: 9.00e-01
i:   19400, sim time:    184730 (2.94 T_f), wall: 11.399 minutes, Δt:  10.01, CFL: 9.00e-01
i:   19500, sim time:    185670 (2.96 T_f), wall: 11.452 minutes, Δt:   9.97, CFL: 9.00e-01
i:   19600, sim time:    186610 (2.97 T_f), wall: 11.504 minutes, Δt:  10.20, CFL: 9.00e-01
i:   19700, sim time:    187591 (2.99 T_f), wall: 11.559 minutes, Δt:  10.11, CFL: 9.00e-01
i:   19800, sim time:    188539 (3.00 T_f), wall: 11.613 minutes, Δt:   9.76, CFL: 9.00e-01
i:   19900, sim time:    189440 (3.02 T_f), wall: 11.668 minutes, Δt:  10.24, CFL: 9.00e-01
i:   20000, sim time:    190380 (3.03 T_f), wall: 11.719 minutes, Δt:  10.12, CFL: 9.00e-01
i:   20100, sim time:    191310 (3.04 T_f), wall: 11.774 minutes, Δt:  10.24, CFL: 9.00e-01
i:   20200, sim time:    192229 (3.06 T_f), wall: 11.833 minutes, Δt:   9.71, CFL: 9.00e-01
i:   20300, sim time:    193182 (3.07 T_f), wall: 11.887 minutes, Δt:  10.28, CFL: 9.00e-01
i:   20400, sim time:    194120 (3.09 T_f), wall: 11.940 minutes, Δt:  10.42, CFL: 9.00e-01
i:   20500, sim time:    195080 (3.10 T_f), wall: 11.992 minutes, Δt:  10.32, CFL: 9.00e-01
i:   20600, sim time:    196000 (3.12 T_f), wall: 12.044 minutes, Δt:   9.42, CFL: 9.00e-01
i:   20700, sim time:    196921 (3.13 T_f), wall: 12.100 minutes, Δt:  10.40, CFL: 9.00e-01
i:   20800, sim time:    197891 (3.15 T_f), wall: 12.158 minutes, Δt:   9.95, CFL: 9.00e-01
i:   20900, sim time:    198873 (3.17 T_f), wall: 12.213 minutes, Δt:  10.68, CFL: 9.00e-01
i:   21000, sim time:    199852 (3.18 T_f), wall: 12.266 minutes, Δt:  10.29, CFL: 9.00e-01
i:   21100, sim time:    200810 (3.20 T_f), wall: 12.318 minutes, Δt:   9.78, CFL: 9.00e-01
i:   21200, sim time:    201741 (3.21 T_f), wall: 12.371 minutes, Δt:  10.14, CFL: 9.00e-01
i:   21300, sim time:    202649 (3.23 T_f), wall: 12.423 minutes, Δt:  10.10, CFL: 9.00e-01
i:   21400, sim time:    203568 (3.24 T_f), wall: 12.475 minutes, Δt:  10.01, CFL: 9.00e-01
i:   21500, sim time:    204471 (3.25 T_f), wall: 12.529 minutes, Δt:   9.57, CFL: 9.00e-01
i:   21600, sim time:    205356 (3.27 T_f), wall: 12.599 minutes, Δt:   9.88, CFL: 9.00e-01
i:   21700, sim time:    206300 (3.28 T_f), wall: 12.654 minutes, Δt:   9.89, CFL: 9.00e-01
i:   21800, sim time:    207240 (3.30 T_f), wall: 12.706 minutes, Δt:  10.31, CFL: 9.00e-01
i:   21900, sim time:    208210 (3.31 T_f), wall: 12.764 minutes, Δt:  10.19, CFL: 9.00e-01
i:   22000, sim time:    209196 (3.33 T_f), wall: 12.814 minutes, Δt:  10.42, CFL: 9.00e-01
i:   22100, sim time:    210179 (3.35 T_f), wall: 12.869 minutes, Δt:  10.00, CFL: 9.00e-01
i:   22200, sim time:    211163 (3.36 T_f), wall: 12.922 minutes, Δt:  10.35, CFL: 9.00e-01
i:   22300, sim time:    212120 (3.38 T_f), wall: 12.977 minutes, Δt:  10.13, CFL: 9.00e-01
i:   22400, sim time:    213048 (3.39 T_f), wall: 13.030 minutes, Δt:   9.60, CFL: 9.00e-01
i:   22500, sim time:    213959 (3.41 T_f), wall: 13.083 minutes, Δt:   9.81, CFL: 9.00e-01
i:   22600, sim time:    214910 (3.42 T_f), wall: 13.135 minutes, Δt:  10.12, CFL: 9.00e-01
i:   22700, sim time:    215873 (3.44 T_f), wall: 13.194 minutes, Δt:  10.41, CFL: 9.00e-01
i:   22800, sim time:    216800 (3.45 T_f), wall: 13.243 minutes, Δt:  10.07, CFL: 9.00e-01
i:   22900, sim time:    217698 (3.46 T_f), wall: 13.299 minutes, Δt:   9.95, CFL: 9.00e-01
i:   23000, sim time:    218630 (3.48 T_f), wall: 13.351 minutes, Δt:   9.96, CFL: 9.00e-01
i:   23100, sim time:    219550 (3.49 T_f), wall: 13.400 minutes, Δt:  10.18, CFL: 9.00e-01
i:   23200, sim time:    220510 (3.51 T_f), wall: 13.455 minutes, Δt:   9.31, CFL: 9.00e-01
i:   23300, sim time:    221440 (3.52 T_f), wall: 13.506 minutes, Δt:  10.27, CFL: 9.00e-01
i:   23400, sim time:    222410 (3.54 T_f), wall: 13.558 minutes, Δt:  10.20, CFL: 9.00e-01
i:   23500, sim time:    223341 (3.55 T_f), wall: 13.614 minutes, Δt:  10.30, CFL: 9.00e-01
i:   23600, sim time:    224300 (3.57 T_f), wall: 13.668 minutes, Δt:  10.04, CFL: 9.00e-01
i:   23700, sim time:    225272 (3.59 T_f), wall: 13.722 minutes, Δt:  10.15, CFL: 9.00e-01
i:   23800, sim time:    226250 (3.60 T_f), wall: 13.776 minutes, Δt:   9.64, CFL: 9.00e-01
i:   23900, sim time:    227171 (3.62 T_f), wall: 13.828 minutes, Δt:  10.08, CFL: 9.00e-01
i:   24000, sim time:    228140 (3.63 T_f), wall: 13.891 minutes, Δt:  10.03, CFL: 9.00e-01
i:   24100, sim time:    229078 (3.65 T_f), wall: 13.942 minutes, Δt:   9.82, CFL: 9.00e-01
i:   24200, sim time:    230000 (3.66 T_f), wall: 13.996 minutes, Δt:   9.80, CFL: 9.00e-01
i:   24300, sim time:    230958 (3.68 T_f), wall: 14.049 minutes, Δt:   9.36, CFL: 9.00e-01
i:   24400, sim time:    231848 (3.69 T_f), wall: 14.107 minutes, Δt:   9.51, CFL: 9.00e-01
i:   24500, sim time:    232798 (3.71 T_f), wall: 14.160 minutes, Δt:   9.90, CFL: 9.00e-01
i:   24600, sim time:    233719 (3.72 T_f), wall: 14.214 minutes, Δt:   9.79, CFL: 9.00e-01
i:   24700, sim time:    234610 (3.73 T_f), wall: 14.274 minutes, Δt:   9.64, CFL: 9.00e-01
i:   24800, sim time:    235510 (3.75 T_f), wall: 14.324 minutes, Δt:   9.62, CFL: 9.00e-01
i:   24900, sim time:    236431 (3.76 T_f), wall: 14.375 minutes, Δt:  10.31, CFL: 9.00e-01
i:   25000, sim time:    237370 (3.78 T_f), wall: 14.424 minutes, Δt:  10.06, CFL: 9.00e-01
i:   25100, sim time:    238321 (3.79 T_f), wall: 14.475 minutes, Δt:  10.37, CFL: 9.00e-01
i:   25200, sim time:    239268 (3.81 T_f), wall: 14.530 minutes, Δt:   9.92, CFL: 9.00e-01
i:   25300, sim time:    240210 (3.82 T_f), wall: 14.585 minutes, Δt:   9.86, CFL: 9.00e-01
i:   25400, sim time:    241183 (3.84 T_f), wall: 14.641 minutes, Δt:  10.34, CFL: 9.00e-01
i:   25500, sim time:    242160 (3.85 T_f), wall: 14.693 minutes, Δt:  10.08, CFL: 9.00e-01
i:   25600, sim time:    243141 (3.87 T_f), wall: 14.749 minutes, Δt:  10.22, CFL: 9.00e-01
i:   25700, sim time:    244099 (3.88 T_f), wall: 14.801 minutes, Δt:  10.02, CFL: 9.00e-01
i:   25800, sim time:    245040 (3.90 T_f), wall: 14.860 minutes, Δt:   9.74, CFL: 9.00e-01
i:   25900, sim time:    245959 (3.91 T_f), wall: 14.912 minutes, Δt:  10.00, CFL: 9.00e-01
i:   26000, sim time:    246930 (3.93 T_f), wall: 14.969 minutes, Δt:   9.85, CFL: 9.00e-01
i:   26100, sim time:    247882 (3.95 T_f), wall: 15.021 minutes, Δt:   9.98, CFL: 9.00e-01
i:   26200, sim time:    248860 (3.96 T_f), wall: 15.076 minutes, Δt:   9.93, CFL: 9.00e-01
i:   26300, sim time:    249791 (3.98 T_f), wall: 15.129 minutes, Δt:  10.29, CFL: 9.00e-01
i:   26400, sim time:    250773 (3.99 T_f), wall: 15.190 minutes, Δt:  10.33, CFL: 9.00e-01
i:   26500, sim time:    251753 (4.01 T_f), wall: 15.248 minutes, Δt:  10.49, CFL: 9.00e-01
i:   26600, sim time:    252721 (4.02 T_f), wall: 15.303 minutes, Δt:  10.61, CFL: 9.00e-01
i:   26700, sim time:    253681 (4.04 T_f), wall: 15.358 minutes, Δt:   9.97, CFL: 9.00e-01
i:   26800, sim time:    254590 (4.05 T_f), wall: 15.414 minutes, Δt:  10.12, CFL: 9.00e-01
i:   26900, sim time:    255519 (4.07 T_f), wall: 15.469 minutes, Δt:   9.41, CFL: 9.00e-01
i:   27000, sim time:    256440 (4.08 T_f), wall: 15.525 minutes, Δt:   9.88, CFL: 9.00e-01
i:   27100, sim time:    257329 (4.10 T_f), wall: 15.580 minutes, Δt:   9.45, CFL: 9.00e-01
i:   27200, sim time:    258228 (4.11 T_f), wall: 15.631 minutes, Δt:   9.11, CFL: 9.00e-01
i:   27300, sim time:    259149 (4.12 T_f), wall: 15.687 minutes, Δt:   9.70, CFL: 9.00e-01
i:   27400, sim time:    260098 (4.14 T_f), wall: 15.740 minutes, Δt:   9.94, CFL: 9.00e-01
i:   27500, sim time:    261021 (4.15 T_f), wall: 15.799 minutes, Δt:  10.08, CFL: 9.00e-01
i:   27600, sim time:    261939 (4.17 T_f), wall: 15.853 minutes, Δt:   9.97, CFL: 9.00e-01
i:   27700, sim time:    262890 (4.18 T_f), wall: 15.906 minutes, Δt:  10.24, CFL: 9.00e-01
i:   27800, sim time:    263830 (4.20 T_f), wall: 15.963 minutes, Δt:  10.16, CFL: 9.00e-01
i:   27900, sim time:    264771 (4.21 T_f), wall: 16.022 minutes, Δt:   9.55, CFL: 9.00e-01
i:   28000, sim time:    265700 (4.23 T_f), wall: 16.073 minutes, Δt:  10.18, CFL: 9.00e-01
i:   28100, sim time:    266641 (4.24 T_f), wall: 16.133 minutes, Δt:  10.15, CFL: 9.00e-01
i:   28200, sim time:    267598 (4.26 T_f), wall: 16.185 minutes, Δt:   9.89, CFL: 9.00e-01
i:   28300, sim time:    268520 (4.27 T_f), wall: 16.246 minutes, Δt:   9.52, CFL: 9.00e-01
i:   28400, sim time:    269472 (4.29 T_f), wall: 16.300 minutes, Δt:  10.29, CFL: 9.00e-01
i:   28500, sim time:    270420 (4.30 T_f), wall: 16.575 minutes, Δt:  10.19, CFL: 9.00e-01
i:   28600, sim time:    271400 (4.32 T_f), wall: 16.629 minutes, Δt:  10.30, CFL: 9.00e-01
i:   28700, sim time:    272348 (4.33 T_f), wall: 16.685 minutes, Δt:   9.71, CFL: 9.00e-01
i:   28800, sim time:    273321 (4.35 T_f), wall: 17.093 minutes, Δt:  10.28, CFL: 9.00e-01
i:   28900, sim time:    274281 (4.37 T_f), wall: 17.146 minutes, Δt:  10.52, CFL: 9.00e-01
i:   29000, sim time:    275210 (4.38 T_f), wall: 17.204 minutes, Δt:   9.67, CFL: 9.00e-01
i:   29100, sim time:    276110 (4.39 T_f), wall: 17.259 minutes, Δt:  10.07, CFL: 9.00e-01
i:   29200, sim time:    277068 (4.41 T_f), wall: 17.313 minutes, Δt:   9.70, CFL: 9.00e-01
i:   29300, sim time:    277989 (4.42 T_f), wall: 17.367 minutes, Δt:   9.73, CFL: 9.00e-01
i:   29400, sim time:    278910 (4.44 T_f), wall: 17.420 minutes, Δt:  10.07, CFL: 9.00e-01
i:   29500, sim time:    279829 (4.45 T_f), wall: 17.476 minutes, Δt:   9.79, CFL: 9.00e-01
i:   29600, sim time:    280786 (4.47 T_f), wall: 17.530 minutes, Δt:  10.10, CFL: 9.00e-01
i:   29700, sim time:    281762 (4.48 T_f), wall: 17.585 minutes, Δt:  10.39, CFL: 9.00e-01
i:   29800, sim time:    282751 (4.50 T_f), wall: 17.642 minutes, Δt:  10.39, CFL: 9.00e-01
i:   29900, sim time:    283731 (4.52 T_f), wall: 17.694 minutes, Δt:  10.05, CFL: 9.00e-01
i:   30000, sim time:    284710 (4.53 T_f), wall: 17.753 minutes, Δt:  10.38, CFL: 9.00e-01
i:   30100, sim time:    285672 (4.55 T_f), wall: 17.811 minutes, Δt:  10.24, CFL: 9.00e-01
i:   30200, sim time:    286651 (4.56 T_f), wall: 17.868 minutes, Δt:   9.83, CFL: 9.00e-01
i:   30300, sim time:    287621 (4.58 T_f), wall: 17.924 minutes, Δt:  10.41, CFL: 9.00e-01
i:   30400, sim time:    288587 (4.59 T_f), wall: 17.975 minutes, Δt:  10.30, CFL: 9.00e-01
i:   30500, sim time:    289549 (4.61 T_f), wall: 18.031 minutes, Δt:  10.44, CFL: 9.00e-01
i:   30600, sim time:    290500 (4.62 T_f), wall: 18.086 minutes, Δt:  10.20, CFL: 9.00e-01
i:   30700, sim time:    291440 (4.64 T_f), wall: 18.145 minutes, Δt:   9.59, CFL: 9.00e-01
i:   30800, sim time:    292385 (4.65 T_f), wall: 18.197 minutes, Δt:  10.20, CFL: 9.00e-01
i:   30900, sim time:    293310 (4.67 T_f), wall: 18.255 minutes, Δt:   9.76, CFL: 9.00e-01
i:   31000, sim time:    294218 (4.68 T_f), wall: 18.309 minutes, Δt:   9.92, CFL: 9.00e-01
i:   31100, sim time:    295131 (4.70 T_f), wall: 18.360 minutes, Δt:   9.93, CFL: 9.00e-01
i:   31200, sim time:    296086 (4.71 T_f), wall: 18.415 minutes, Δt:   9.74, CFL: 9.00e-01
i:   31300, sim time:    296978 (4.73 T_f), wall: 18.469 minutes, Δt:   9.83, CFL: 9.00e-01
i:   31400, sim time:    297931 (4.74 T_f), wall: 18.525 minutes, Δt:  10.26, CFL: 9.00e-01
i:   31500, sim time:    298900 (4.76 T_f), wall: 18.581 minutes, Δt:   9.76, CFL: 9.00e-01
i:   31600, sim time:    299838 (4.77 T_f), wall: 18.637 minutes, Δt:   9.75, CFL: 9.00e-01
i:   31700, sim time:    300781 (4.79 T_f), wall: 18.690 minutes, Δt:  10.16, CFL: 9.00e-01
i:   31800, sim time:    301730 (4.80 T_f), wall: 18.751 minutes, Δt:  10.15, CFL: 9.00e-01
i:   31900, sim time:    302671 (4.82 T_f), wall: 18.806 minutes, Δt:  10.06, CFL: 9.00e-01
i:   32000, sim time:    303648 (4.83 T_f), wall: 18.868 minutes, Δt:   9.78, CFL: 9.00e-01
i:   32100, sim time:    304575 (4.85 T_f), wall: 18.931 minutes, Δt:   9.73, CFL: 9.00e-01
i:   32200, sim time:    305487 (4.86 T_f), wall: 18.988 minutes, Δt:   9.70, CFL: 9.00e-01
i:   32300, sim time:    306430 (4.88 T_f), wall: 19.043 minutes, Δt:  10.26, CFL: 9.00e-01
i:   32400, sim time:    307360 (4.89 T_f), wall: 19.095 minutes, Δt:  10.09, CFL: 9.00e-01
i:   32500, sim time:    308321 (4.91 T_f), wall: 19.153 minutes, Δt:  10.04, CFL: 9.00e-01
i:   32600, sim time:    309239 (4.92 T_f), wall: 19.208 minutes, Δt:   9.88, CFL: 9.00e-01
i:   32700, sim time:    310196 (4.94 T_f), wall: 19.265 minutes, Δt:   9.57, CFL: 9.00e-01
i:   32800, sim time:    311089 (4.95 T_f), wall: 19.324 minutes, Δt:  10.04, CFL: 9.00e-01
i:   32900, sim time:    312000 (4.97 T_f), wall: 19.381 minutes, Δt:   9.29, CFL: 9.00e-01
i:   33000, sim time:    312896 (4.98 T_f), wall: 19.446 minutes, Δt:   9.69, CFL: 9.00e-01
i:   33100, sim time:    313770 (4.99 T_f), wall: 19.503 minutes, Δt:   9.67, CFL: 9.00e-01
i:   33200, sim time:    314697 (5.01 T_f), wall: 19.559 minutes, Δt:   9.95, CFL: 9.00e-01
i:   33300, sim time:    315610 (5.02 T_f), wall: 19.614 minutes, Δt:  10.06, CFL: 9.00e-01
i:   33400, sim time:    316582 (5.04 T_f), wall: 19.664 minutes, Δt:  10.08, CFL: 9.00e-01
i:   33500, sim time:    317541 (5.05 T_f), wall: 19.720 minutes, Δt:   9.91, CFL: 9.00e-01
i:   33600, sim time:    318479 (5.07 T_f), wall: 19.778 minutes, Δt:   9.98, CFL: 9.00e-01
i:   33700, sim time:    319450 (5.08 T_f), wall: 19.843 minutes, Δt:   9.84, CFL: 9.00e-01
i:   33800, sim time:    320379 (5.10 T_f), wall: 19.893 minutes, Δt:   9.86, CFL: 9.00e-01
i:   33900, sim time:    321310 (5.11 T_f), wall: 19.948 minutes, Δt:   9.79, CFL: 9.00e-01
i:   34000, sim time:    322259 (5.13 T_f), wall: 20.004 minutes, Δt:   9.81, CFL: 9.00e-01
i:   34100, sim time:    323174 (5.14 T_f), wall: 20.057 minutes, Δt:   9.74, CFL: 9.00e-01
i:   34200, sim time:    324087 (5.16 T_f), wall: 20.118 minutes, Δt:   9.74, CFL: 9.00e-01
i:   34300, sim time:    324990 (5.17 T_f), wall: 20.167 minutes, Δt:   9.86, CFL: 9.00e-01
i:   34400, sim time:    325942 (5.19 T_f), wall: 20.222 minutes, Δt:  10.11, CFL: 9.00e-01
i:   34500, sim time:    326855 (5.20 T_f), wall: 20.276 minutes, Δt:   9.57, CFL: 9.00e-01
i:   34600, sim time:    327760 (5.22 T_f), wall: 20.329 minutes, Δt:  10.01, CFL: 9.00e-01
i:   34700, sim time:    328690 (5.23 T_f), wall: 20.380 minutes, Δt:   9.86, CFL: 9.00e-01
i:   34800, sim time:    329590 (5.25 T_f), wall: 20.436 minutes, Δt:   9.85, CFL: 9.00e-01
i:   34900, sim time:    330520 (5.26 T_f), wall: 20.495 minutes, Δt:   9.93, CFL: 9.00e-01
i:   35000, sim time:    331478 (5.28 T_f), wall: 20.552 minutes, Δt:   9.85, CFL: 9.00e-01
i:   35100, sim time:    332382 (5.29 T_f), wall: 20.605 minutes, Δt:  10.22, CFL: 9.00e-01
i:   35200, sim time:    333357 (5.31 T_f), wall: 20.661 minutes, Δt:   9.34, CFL: 9.00e-01
i:   35300, sim time:    334249 (5.32 T_f), wall: 20.721 minutes, Δt:  10.06, CFL: 9.00e-01
i:   35400, sim time:    335180 (5.33 T_f), wall: 20.776 minutes, Δt:   9.89, CFL: 9.00e-01
i:   35500, sim time:    336079 (5.35 T_f), wall: 20.828 minutes, Δt:  10.23, CFL: 9.00e-01
i:   35600, sim time:    337000 (5.36 T_f), wall: 20.883 minutes, Δt:  10.01, CFL: 9.00e-01
i:   35700, sim time:    337942 (5.38 T_f), wall: 20.937 minutes, Δt:  10.28, CFL: 9.00e-01
i:   35800, sim time:    338920 (5.39 T_f), wall: 20.991 minutes, Δt:  10.23, CFL: 9.00e-01
i:   35900, sim time:    339900 (5.41 T_f), wall: 21.044 minutes, Δt:  10.20, CFL: 9.00e-01
i:   36000, sim time:    340860 (5.42 T_f), wall: 21.096 minutes, Δt:   9.93, CFL: 9.00e-01
i:   36100, sim time:    341792 (5.44 T_f), wall: 21.150 minutes, Δt:  10.08, CFL: 9.00e-01
i:   36200, sim time:    342760 (5.46 T_f), wall: 21.210 minutes, Δt:  10.18, CFL: 9.00e-01
i:   36300, sim time:    343700 (5.47 T_f), wall: 21.265 minutes, Δt:  10.28, CFL: 9.00e-01
i:   36400, sim time:    344640 (5.49 T_f), wall: 21.321 minutes, Δt:   9.76, CFL: 9.00e-01
i:   36500, sim time:    345610 (5.50 T_f), wall: 21.377 minutes, Δt:  10.35, CFL: 9.00e-01
i:   36600, sim time:    346530 (5.52 T_f), wall: 21.429 minutes, Δt:  10.24, CFL: 9.00e-01
i:   36700, sim time:    347487 (5.53 T_f), wall: 21.489 minutes, Δt:   9.62, CFL: 9.00e-01
i:   36800, sim time:    348389 (5.54 T_f), wall: 21.549 minutes, Δt:  10.08, CFL: 9.00e-01
i:   36900, sim time:    349330 (5.56 T_f), wall: 21.601 minutes, Δt:  10.21, CFL: 9.00e-01
i:   37000, sim time:    350250 (5.57 T_f), wall: 21.660 minutes, Δt:   9.88, CFL: 9.00e-01
i:   37100, sim time:    351146 (5.59 T_f), wall: 21.714 minutes, Δt:   9.58, CFL: 9.00e-01
i:   37200, sim time:    352039 (5.60 T_f), wall: 21.771 minutes, Δt:   9.75, CFL: 9.00e-01
i:   37300, sim time:    352956 (5.62 T_f), wall: 21.835 minutes, Δt:   9.96, CFL: 9.00e-01
i:   37400, sim time:    353898 (5.63 T_f), wall: 21.888 minutes, Δt:  10.22, CFL: 9.00e-01
i:   37500, sim time:    354820 (5.65 T_f), wall: 21.953 minutes, Δt:  10.19, CFL: 9.00e-01
i:   37600, sim time:    355739 (5.66 T_f), wall: 22.019 minutes, Δt:   9.51, CFL: 9.00e-01
i:   37700, sim time:    356693 (5.68 T_f), wall: 22.079 minutes, Δt:  10.35, CFL: 9.00e-01
i:   37800, sim time:    357656 (5.69 T_f), wall: 22.139 minutes, Δt:  10.34, CFL: 9.00e-01
i:   37900, sim time:    358630 (5.71 T_f), wall: 22.196 minutes, Δt:  10.17, CFL: 9.00e-01
i:   38000, sim time:    359592 (5.72 T_f), wall: 22.252 minutes, Δt:  10.28, CFL: 9.00e-01
i:   38100, sim time:    360572 (5.74 T_f), wall: 22.310 minutes, Δt:  10.31, CFL: 9.00e-01
i:   38200, sim time:    361549 (5.75 T_f), wall: 22.373 minutes, Δt:   9.99, CFL: 9.00e-01
i:   38300, sim time:    362470 (5.77 T_f), wall: 22.434 minutes, Δt:  10.09, CFL: 9.00e-01
i:   38400, sim time:    363410 (5.78 T_f), wall: 22.501 minutes, Δt:  10.28, CFL: 9.00e-01
i:   38500, sim time:    364392 (5.80 T_f), wall: 22.579 minutes, Δt:  10.03, CFL: 9.00e-01
i:   38600, sim time:    365362 (5.81 T_f), wall: 22.653 minutes, Δt:  10.07, CFL: 9.00e-01
i:   38700, sim time:    366296 (5.83 T_f), wall: 22.729 minutes, Δt:   9.32, CFL: 9.00e-01
i:   38800, sim time:    367241 (5.84 T_f), wall: 22.813 minutes, Δt:   9.92, CFL: 9.00e-01
i:   38900, sim time:    368168 (5.86 T_f), wall: 22.891 minutes, Δt:   9.64, CFL: 9.00e-01
i:   39000, sim time:    369078 (5.87 T_f), wall: 22.956 minutes, Δt:  10.11, CFL: 9.00e-01
i:   39100, sim time:    370000 (5.89 T_f), wall: 23.013 minutes, Δt:  10.22, CFL: 9.00e-01
i:   39200, sim time:    370951 (5.90 T_f), wall: 23.073 minutes, Δt:  10.32, CFL: 9.00e-01
i:   39300, sim time:    371900 (5.92 T_f), wall: 23.128 minutes, Δt:  10.19, CFL: 9.00e-01
i:   39400, sim time:    372830 (5.93 T_f), wall: 23.221 minutes, Δt:  10.15, CFL: 9.00e-01
i:   39500, sim time:    373751 (5.95 T_f), wall: 23.285 minutes, Δt:  10.18, CFL: 9.00e-01
i:   39600, sim time:    374683 (5.96 T_f), wall: 23.344 minutes, Δt:  10.35, CFL: 9.00e-01
i:   39700, sim time:    375600 (5.98 T_f), wall: 23.400 minutes, Δt:   9.82, CFL: 9.00e-01
i:   39800, sim time:    376530 (5.99 T_f), wall: 23.466 minutes, Δt:  10.02, CFL: 9.00e-01
i:   39900, sim time:    377437 (6.01 T_f), wall: 23.527 minutes, Δt:   9.87, CFL: 9.00e-01
i:   40000, sim time:    378370 (6.02 T_f), wall: 23.577 minutes, Δt:   9.50, CFL: 9.00e-01
i:   40100, sim time:    379310 (6.04 T_f), wall: 23.634 minutes, Δt:  10.10, CFL: 9.00e-01
i:   40200, sim time:    380241 (6.05 T_f), wall: 23.687 minutes, Δt:  10.17, CFL: 9.00e-01
i:   40300, sim time:    381196 (6.07 T_f), wall: 23.741 minutes, Δt:   9.98, CFL: 9.00e-01
i:   40400, sim time:    382120 (6.08 T_f), wall: 23.806 minutes, Δt:   9.81, CFL: 9.00e-01
i:   40500, sim time:    383058 (6.10 T_f), wall: 23.876 minutes, Δt:   9.78, CFL: 9.00e-01
i:   40600, sim time:    383986 (6.11 T_f), wall: 23.930 minutes, Δt:  10.11, CFL: 9.00e-01
i:   40700, sim time:    384920 (6.13 T_f), wall: 23.989 minutes, Δt:  10.09, CFL: 9.00e-01
i:   40800, sim time:    385851 (6.14 T_f), wall: 24.044 minutes, Δt:   9.95, CFL: 9.00e-01
i:   40900, sim time:    386810 (6.16 T_f), wall: 24.103 minutes, Δt:  10.30, CFL: 9.00e-01
i:   41000, sim time:    387749 (6.17 T_f), wall: 24.156 minutes, Δt:   9.80, CFL: 9.00e-01
i:   41100, sim time:    388680 (6.19 T_f), wall: 24.211 minutes, Δt:  10.39, CFL: 9.00e-01
i:   41200, sim time:    389620 (6.20 T_f), wall: 24.276 minutes, Δt:   9.90, CFL: 9.00e-01
i:   41300, sim time:    390571 (6.22 T_f), wall: 24.326 minutes, Δt:  10.25, CFL: 9.00e-01
i:   41400, sim time:    391500 (6.23 T_f), wall: 24.382 minutes, Δt:  10.21, CFL: 9.00e-01
i:   41500, sim time:    392469 (6.25 T_f), wall: 24.436 minutes, Δt:  10.02, CFL: 9.00e-01
i:   41600, sim time:    393420 (6.26 T_f), wall: 24.496 minutes, Δt:  10.13, CFL: 9.00e-01
i:   41700, sim time:    394359 (6.28 T_f), wall: 24.555 minutes, Δt:   9.83, CFL: 9.00e-01
i:   41800, sim time:    395300 (6.29 T_f), wall: 24.613 minutes, Δt:  10.07, CFL: 9.00e-01
i:   41900, sim time:    396240 (6.31 T_f), wall: 24.673 minutes, Δt:  10.11, CFL: 9.00e-01
i:   42000, sim time:    397149 (6.32 T_f), wall: 24.730 minutes, Δt:   9.88, CFL: 9.00e-01
i:   42100, sim time:    398068 (6.34 T_f), wall: 24.788 minutes, Δt:   9.73, CFL: 9.00e-01
i:   42200, sim time:    399000 (6.35 T_f), wall: 24.841 minutes, Δt:  10.38, CFL: 9.00e-01
i:   42300, sim time:    399951 (6.37 T_f), wall: 24.897 minutes, Δt:  10.20, CFL: 9.00e-01
i:   42400, sim time:    400920 (6.38 T_f), wall: 24.954 minutes, Δt:  10.20, CFL: 9.00e-01
i:   42500, sim time:    401850 (6.40 T_f), wall: 25.010 minutes, Δt:   9.94, CFL: 9.00e-01
i:   42600, sim time:    402791 (6.41 T_f), wall: 25.085 minutes, Δt:  10.28, CFL: 9.00e-01
i:   42700, sim time:    403700 (6.43 T_f), wall: 25.183 minutes, Δt:   9.74, CFL: 9.00e-01
i:   42800, sim time:    404610 (6.44 T_f), wall: 25.241 minutes, Δt:   9.50, CFL: 9.00e-01
i:   42900, sim time:    405510 (6.45 T_f), wall: 25.296 minutes, Δt:  10.10, CFL: 9.00e-01
i:   43000, sim time:    406459 (6.47 T_f), wall: 25.352 minutes, Δt:   9.84, CFL: 9.00e-01
i:   43100, sim time:    407398 (6.48 T_f), wall: 25.408 minutes, Δt:   9.80, CFL: 9.00e-01
i:   43200, sim time:    408351 (6.50 T_f), wall: 25.476 minutes, Δt:  10.14, CFL: 9.00e-01
i:   43300, sim time:    409300 (6.51 T_f), wall: 25.534 minutes, Δt:  10.02, CFL: 9.00e-01
i:   43400, sim time:    410258 (6.53 T_f), wall: 25.600 minutes, Δt:   9.77, CFL: 9.00e-01
i:   43500, sim time:    411151 (6.54 T_f), wall: 25.659 minutes, Δt:   9.94, CFL: 9.00e-01
i:   43600, sim time:    412075 (6.56 T_f), wall: 25.717 minutes, Δt:   9.63, CFL: 9.00e-01
i:   43700, sim time:    412979 (6.57 T_f), wall: 25.771 minutes, Δt:   9.95, CFL: 9.00e-01
i:   43800, sim time:    413930 (6.59 T_f), wall: 25.827 minutes, Δt:  10.17, CFL: 9.00e-01
i:   43900, sim time:    414870 (6.60 T_f), wall: 25.883 minutes, Δt:   9.90, CFL: 9.00e-01
i:   44000, sim time:    415820 (6.62 T_f), wall: 25.940 minutes, Δt:  10.21, CFL: 9.00e-01
i:   44100, sim time:    416760 (6.63 T_f), wall: 25.994 minutes, Δt:   9.94, CFL: 9.00e-01
i:   44200, sim time:    417681 (6.65 T_f), wall: 26.050 minutes, Δt:  10.00, CFL: 9.00e-01
i:   44300, sim time:    418609 (6.66 T_f), wall: 26.108 minutes, Δt:   9.93, CFL: 9.00e-01
i:   44400, sim time:    419586 (6.68 T_f), wall: 26.168 minutes, Δt:  10.23, CFL: 9.00e-01
i:   44500, sim time:    420520 (6.69 T_f), wall: 26.228 minutes, Δt:  10.16, CFL: 9.00e-01
i:   44600, sim time:    421492 (6.71 T_f), wall: 26.287 minutes, Δt:  10.17, CFL: 9.00e-01
i:   44700, sim time:    422471 (6.72 T_f), wall: 26.347 minutes, Δt:   9.90, CFL: 9.00e-01
i:   44800, sim time:    423420 (6.74 T_f), wall: 26.409 minutes, Δt:  10.36, CFL: 9.00e-01
i:   44900, sim time:    424370 (6.75 T_f), wall: 26.468 minutes, Δt:   9.84, CFL: 9.00e-01
i:   45000, sim time:    425299 (6.77 T_f), wall: 26.526 minutes, Δt:   9.68, CFL: 9.00e-01
i:   45100, sim time:    426250 (6.78 T_f), wall: 26.585 minutes, Δt:   9.85, CFL: 9.00e-01
i:   45200, sim time:    427191 (6.80 T_f), wall: 26.641 minutes, Δt:   9.89, CFL: 9.00e-01
i:   45300, sim time:    428161 (6.81 T_f), wall: 26.703 minutes, Δt:  10.04, CFL: 9.00e-01
i:   45400, sim time:    429082 (6.83 T_f), wall: 26.759 minutes, Δt:  10.12, CFL: 9.00e-01
i:   45500, sim time:    430053 (6.84 T_f), wall: 26.821 minutes, Δt:  10.33, CFL: 9.00e-01
i:   45600, sim time:    431020 (6.86 T_f), wall: 26.879 minutes, Δt:  10.07, CFL: 9.00e-01
i:   45700, sim time:    432000 (6.88 T_f), wall: 26.938 minutes, Δt:  10.23, CFL: 9.00e-01
i:   45800, sim time:    432962 (6.89 T_f), wall: 26.995 minutes, Δt:  10.31, CFL: 9.00e-01
i:   45900, sim time:    433878 (6.91 T_f), wall: 27.051 minutes, Δt:  10.06, CFL: 9.00e-01
i:   46000, sim time:    434800 (6.92 T_f), wall: 27.108 minutes, Δt:  10.17, CFL: 9.00e-01
i:   46100, sim time:    435720 (6.93 T_f), wall: 27.171 minutes, Δt:   9.93, CFL: 9.00e-01
i:   46200, sim time:    436619 (6.95 T_f), wall: 27.230 minutes, Δt:   9.65, CFL: 9.00e-01
i:   46300, sim time:    437542 (6.96 T_f), wall: 27.284 minutes, Δt:  10.30, CFL: 9.00e-01
i:   46400, sim time:    438510 (6.98 T_f), wall: 27.349 minutes, Δt:   9.85, CFL: 9.00e-01
i:   46500, sim time:    439440 (6.99 T_f), wall: 27.405 minutes, Δt:  10.21, CFL: 9.00e-01
i:   46600, sim time:    440400 (7.01 T_f), wall: 27.460 minutes, Δt:  10.19, CFL: 9.00e-01
i:   46700, sim time:    441370 (7.02 T_f), wall: 27.524 minutes, Δt:  10.22, CFL: 9.00e-01
i:   46800, sim time:    442341 (7.04 T_f), wall: 27.615 minutes, Δt:  10.24, CFL: 9.00e-01
i:   46900, sim time:    443310 (7.06 T_f), wall: 27.672 minutes, Δt:  10.10, CFL: 9.00e-01
i:   47000, sim time:    444229 (7.07 T_f), wall: 27.731 minutes, Δt:   9.54, CFL: 9.00e-01
i:   47100, sim time:    445159 (7.08 T_f), wall: 27.791 minutes, Δt:  10.06, CFL: 9.00e-01
i:   47200, sim time:    446100 (7.10 T_f), wall: 27.849 minutes, Δt:   9.82, CFL: 9.00e-01
i:   47300, sim time:    447010 (7.11 T_f), wall: 27.904 minutes, Δt:  10.11, CFL: 9.00e-01
i:   47400, sim time:    447961 (7.13 T_f), wall: 27.959 minutes, Δt:  10.43, CFL: 9.00e-01
i:   47500, sim time:    448930 (7.14 T_f), wall: 28.022 minutes, Δt:  10.33, CFL: 9.00e-01
i:   47600, sim time:    449893 (7.16 T_f), wall: 28.080 minutes, Δt:  10.39, CFL: 9.00e-01
i:   47700, sim time:    450872 (7.18 T_f), wall: 28.146 minutes, Δt:   9.97, CFL: 9.00e-01
i:   47800, sim time:    451800 (7.19 T_f), wall: 28.206 minutes, Δt:   9.98, CFL: 9.00e-01
i:   47900, sim time:    452719 (7.21 T_f), wall: 28.263 minutes, Δt:   9.59, CFL: 9.00e-01
i:   48000, sim time:    453671 (7.22 T_f), wall: 28.320 minutes, Δt:  10.20, CFL: 9.00e-01
i:   48100, sim time:    454630 (7.24 T_f), wall: 28.379 minutes, Δt:   9.88, CFL: 9.00e-01
i:   48200, sim time:    455560 (7.25 T_f), wall: 28.437 minutes, Δt:   9.80, CFL: 9.00e-01
i:   48300, sim time:    456510 (7.27 T_f), wall: 28.498 minutes, Δt:  10.19, CFL: 9.00e-01
i:   48400, sim time:    457442 (7.28 T_f), wall: 28.556 minutes, Δt:  10.45, CFL: 9.00e-01
i:   48500, sim time:    458400 (7.30 T_f), wall: 28.613 minutes, Δt:  10.13, CFL: 9.00e-01
i:   48600, sim time:    459361 (7.31 T_f), wall: 28.693 minutes, Δt:  10.09, CFL: 9.00e-01
i:   48700, sim time:    460258 (7.33 T_f), wall: 28.759 minutes, Δt:   9.65, CFL: 9.00e-01
i:   48800, sim time:    461182 (7.34 T_f), wall: 28.813 minutes, Δt:  10.23, CFL: 9.00e-01
i:   48900, sim time:    462092 (7.35 T_f), wall: 28.871 minutes, Δt:  10.11, CFL: 9.00e-01
i:   49000, sim time:    463052 (7.37 T_f), wall: 28.931 minutes, Δt:  10.05, CFL: 9.00e-01
i:   49100, sim time:    463992 (7.38 T_f), wall: 28.984 minutes, Δt:  10.17, CFL: 9.00e-01
i:   49200, sim time:    464919 (7.40 T_f), wall: 29.040 minutes, Δt:   9.75, CFL: 9.00e-01
i:   49300, sim time:    465819 (7.41 T_f), wall: 29.094 minutes, Δt:   9.86, CFL: 9.00e-01
i:   49400, sim time:    466737 (7.43 T_f), wall: 29.151 minutes, Δt:   9.10, CFL: 9.00e-01
i:   49500, sim time:    467669 (7.44 T_f), wall: 29.208 minutes, Δt:   9.83, CFL: 9.00e-01
i:   49600, sim time:    468571 (7.46 T_f), wall: 29.267 minutes, Δt:  10.08, CFL: 9.00e-01
i:   49700, sim time:    469480 (7.47 T_f), wall: 29.324 minutes, Δt:   9.80, CFL: 9.00e-01
i:   49800, sim time:    470372 (7.49 T_f), wall: 29.403 minutes, Δt:   9.26, CFL: 9.00e-01
i:   49900, sim time:    471258 (7.50 T_f), wall: 29.465 minutes, Δt:   9.96, CFL: 9.00e-01
i:   50000, sim time:    472190 (7.52 T_f), wall: 29.518 minutes, Δt:  10.16, CFL: 9.00e-01
i:   50100, sim time:    473130 (7.53 T_f), wall: 29.577 minutes, Δt:  10.29, CFL: 9.00e-01
i:   50200, sim time:    474092 (7.55 T_f), wall: 29.641 minutes, Δt:  10.19, CFL: 9.00e-01
i:   50300, sim time:    475028 (7.56 T_f), wall: 29.704 minutes, Δt:   9.60, CFL: 9.00e-01
i:   50400, sim time:    475960 (7.58 T_f), wall: 29.758 minutes, Δt:   9.94, CFL: 9.00e-01
i:   50500, sim time:    476920 (7.59 T_f), wall: 29.816 minutes, Δt:   9.88, CFL: 9.00e-01
i:   50600, sim time:    477849 (7.61 T_f), wall: 29.870 minutes, Δt:  10.03, CFL: 9.00e-01
i:   50700, sim time:    478771 (7.62 T_f), wall: 29.931 minutes, Δt:  10.10, CFL: 9.00e-01
i:   50800, sim time:    479710 (7.63 T_f), wall: 29.992 minutes, Δt:  10.05, CFL: 9.00e-01
i:   50900, sim time:    480619 (7.65 T_f), wall: 30.050 minutes, Δt:   9.64, CFL: 9.00e-01
i:   51000, sim time:    481539 (7.66 T_f), wall: 30.108 minutes, Δt:   9.88, CFL: 9.00e-01
i:   51100, sim time:    482461 (7.68 T_f), wall: 30.166 minutes, Δt:  10.12, CFL: 9.00e-01
i:   51200, sim time:    483387 (7.69 T_f), wall: 30.224 minutes, Δt:   9.63, CFL: 9.00e-01
i:   51300, sim time:    484291 (7.71 T_f), wall: 30.287 minutes, Δt:  10.07, CFL: 9.00e-01
i:   51400, sim time:    485220 (7.72 T_f), wall: 30.346 minutes, Δt:  10.04, CFL: 9.00e-01
i:   51500, sim time:    486170 (7.74 T_f), wall: 30.408 minutes, Δt:   9.85, CFL: 9.00e-01
i:   51600, sim time:    487074 (7.75 T_f), wall: 30.468 minutes, Δt:  10.11, CFL: 9.00e-01
i:   51700, sim time:    487985 (7.77 T_f), wall: 30.527 minutes, Δt:   9.80, CFL: 9.00e-01
i:   51800, sim time:    488886 (7.78 T_f), wall: 30.587 minutes, Δt:   9.51, CFL: 9.00e-01
i:   51900, sim time:    489778 (7.80 T_f), wall: 30.643 minutes, Δt:   9.81, CFL: 9.00e-01
i:   52000, sim time:    490688 (7.81 T_f), wall: 30.708 minutes, Δt:   9.56, CFL: 9.00e-01
i:   52100, sim time:    491600 (7.82 T_f), wall: 30.765 minutes, Δt:   9.81, CFL: 9.00e-01
i:   52200, sim time:    492500 (7.84 T_f), wall: 30.829 minutes, Δt:   9.28, CFL: 9.00e-01
i:   52300, sim time:    493419 (7.85 T_f), wall: 30.885 minutes, Δt:   9.88, CFL: 9.00e-01
i:   52400, sim time:    494320 (7.87 T_f), wall: 30.946 minutes, Δt:  10.02, CFL: 9.00e-01
i:   52500, sim time:    495298 (7.88 T_f), wall: 31.001 minutes, Δt:   9.68, CFL: 9.00e-01
i:   52600, sim time:    496231 (7.90 T_f), wall: 31.060 minutes, Δt:  10.22, CFL: 9.00e-01
i:   52700, sim time:    497171 (7.91 T_f), wall: 31.118 minutes, Δt:  10.10, CFL: 9.00e-01
i:   52800, sim time:    498121 (7.93 T_f), wall: 31.182 minutes, Δt:  10.25, CFL: 9.00e-01
i:   52900, sim time:    499029 (7.94 T_f), wall: 31.242 minutes, Δt:   9.92, CFL: 9.00e-01
i:   53000, sim time:    499950 (7.96 T_f), wall: 31.299 minutes, Δt:  10.30, CFL: 9.00e-01
i:   53100, sim time:    500891 (7.97 T_f), wall: 31.355 minutes, Δt:  10.07, CFL: 9.00e-01
i:   53200, sim time:    501838 (7.99 T_f), wall: 31.414 minutes, Δt:   9.67, CFL: 9.00e-01
i:   53300, sim time:    502800 (8.00 T_f), wall: 31.473 minutes, Δt:  10.27, CFL: 9.00e-01
i:   53400, sim time:    503730 (8.02 T_f), wall: 31.531 minutes, Δt:  10.01, CFL: 9.00e-01
i:   53500, sim time:    504680 (8.03 T_f), wall: 31.595 minutes, Δt:  10.02, CFL: 9.00e-01
i:   53600, sim time:    505600 (8.05 T_f), wall: 31.656 minutes, Δt:   9.98, CFL: 9.00e-01
i:   53700, sim time:    506569 (8.06 T_f), wall: 31.717 minutes, Δt:   9.68, CFL: 9.00e-01
i:   53800, sim time:    507462 (8.08 T_f), wall: 31.773 minutes, Δt:   9.62, CFL: 9.00e-01
i:   53900, sim time:    508376 (8.09 T_f), wall: 31.831 minutes, Δt:   9.77, CFL: 9.00e-01
i:   54000, sim time:    509278 (8.11 T_f), wall: 31.883 minutes, Δt:   9.50, CFL: 9.00e-01
i:   54100, sim time:    510210 (8.12 T_f), wall: 31.941 minutes, Δt:  10.19, CFL: 9.00e-01
i:   54200, sim time:    511189 (8.14 T_f), wall: 32.000 minutes, Δt:   9.76, CFL: 9.00e-01
i:   54300, sim time:    512130 (8.15 T_f), wall: 32.063 minutes, Δt:   9.77, CFL: 9.00e-01
i:   54400, sim time:    513073 (8.17 T_f), wall: 32.122 minutes, Δt:  10.55, CFL: 9.00e-01
i:   54500, sim time:    514039 (8.18 T_f), wall: 32.189 minutes, Δt:  10.29, CFL: 9.00e-01
i:   54600, sim time:    514980 (8.20 T_f), wall: 32.251 minutes, Δt:   9.76, CFL: 9.00e-01
i:   54700, sim time:    515932 (8.21 T_f), wall: 32.308 minutes, Δt:   9.92, CFL: 9.00e-01
i:   54800, sim time:    516894 (8.23 T_f), wall: 32.367 minutes, Δt:   9.85, CFL: 9.00e-01
i:   54900, sim time:    517862 (8.24 T_f), wall: 32.435 minutes, Δt:  10.43, CFL: 9.00e-01
i:   55000, sim time:    518820 (8.26 T_f), wall: 32.495 minutes, Δt:  10.25, CFL: 9.00e-01
i:   55100, sim time:    519790 (8.27 T_f), wall: 32.550 minutes, Δt:  10.10, CFL: 9.00e-01
i:   55200, sim time:    520730 (8.29 T_f), wall: 32.610 minutes, Δt:   9.84, CFL: 9.00e-01
i:   55300, sim time:    521649 (8.30 T_f), wall: 32.673 minutes, Δt:  10.09, CFL: 9.00e-01
i:   55400, sim time:    522600 (8.32 T_f), wall: 32.727 minutes, Δt:  10.04, CFL: 9.00e-01
i:   55500, sim time:    523583 (8.33 T_f), wall: 32.788 minutes, Δt:  10.22, CFL: 9.00e-01
i:   55600, sim time:    524520 (8.35 T_f), wall: 32.847 minutes, Δt:  10.20, CFL: 9.00e-01
i:   55700, sim time:    525480 (8.36 T_f), wall: 32.937 minutes, Δt:  10.04, CFL: 9.00e-01
i:   55800, sim time:    526420 (8.38 T_f), wall: 32.994 minutes, Δt:  10.19, CFL: 9.00e-01
i:   55900, sim time:    527367 (8.39 T_f), wall: 33.046 minutes, Δt:   9.77, CFL: 9.00e-01
i:   56000, sim time:    528280 (8.41 T_f), wall: 33.112 minutes, Δt:   9.85, CFL: 9.00e-01
i:   56100, sim time:    529190 (8.42 T_f), wall: 33.173 minutes, Δt:   9.93, CFL: 9.00e-01
i:   56200, sim time:    530081 (8.44 T_f), wall: 33.239 minutes, Δt:   9.76, CFL: 9.00e-01
i:   56300, sim time:    530983 (8.45 T_f), wall: 33.292 minutes, Δt:   9.69, CFL: 9.00e-01
i:   56400, sim time:    531899 (8.47 T_f), wall: 33.355 minutes, Δt:   9.76, CFL: 9.00e-01
i:   56500, sim time:    532858 (8.48 T_f), wall: 33.422 minutes, Δt:   9.98, CFL: 9.00e-01
i:   56600, sim time:    533820 (8.50 T_f), wall: 33.485 minutes, Δt:  10.20, CFL: 9.00e-01
i:   56700, sim time:    534800 (8.51 T_f), wall: 33.543 minutes, Δt:  10.41, CFL: 9.00e-01
i:   56800, sim time:    535782 (8.53 T_f), wall: 33.605 minutes, Δt:  10.34, CFL: 9.00e-01
i:   56900, sim time:    536739 (8.54 T_f), wall: 33.667 minutes, Δt:   9.89, CFL: 9.00e-01
i:   57000, sim time:    537670 (8.56 T_f), wall: 33.727 minutes, Δt:   9.97, CFL: 9.00e-01
i:   57100, sim time:    538600 (8.57 T_f), wall: 33.781 minutes, Δt:  10.00, CFL: 9.00e-01
i:   57200, sim time:    539551 (8.59 T_f), wall: 33.843 minutes, Δt:  10.24, CFL: 9.00e-01
i:   57300, sim time:    540510 (8.60 T_f), wall: 33.910 minutes, Δt:  10.11, CFL: 9.00e-01
i:   57400, sim time:    541420 (8.62 T_f), wall: 33.968 minutes, Δt:   9.96, CFL: 9.00e-01
i:   57500, sim time:    542345 (8.63 T_f), wall: 34.034 minutes, Δt:   8.99, CFL: 9.00e-01
i:   57600, sim time:    543230 (8.65 T_f), wall: 34.091 minutes, Δt:   9.94, CFL: 9.00e-01
i:   57700, sim time:    544193 (8.66 T_f), wall: 34.144 minutes, Δt:  10.10, CFL: 9.00e-01
i:   57800, sim time:    545145 (8.68 T_f), wall: 34.210 minutes, Δt:  10.15, CFL: 9.00e-01
i:   57900, sim time:    546086 (8.69 T_f), wall: 34.282 minutes, Δt:   9.91, CFL: 9.00e-01
i:   58000, sim time:    547020 (8.71 T_f), wall: 34.347 minutes, Δt:  10.10, CFL: 9.00e-01
i:   58100, sim time:    547950 (8.72 T_f), wall: 34.400 minutes, Δt:  10.34, CFL: 9.00e-01
i:   58200, sim time:    548921 (8.74 T_f), wall: 34.470 minutes, Δt:  10.41, CFL: 9.00e-01
i:   58300, sim time:    549900 (8.75 T_f), wall: 34.525 minutes, Δt:   9.96, CFL: 9.00e-01
i:   58400, sim time:    550810 (8.77 T_f), wall: 34.583 minutes, Δt:  10.12, CFL: 9.00e-01
i:   58500, sim time:    551750 (8.78 T_f), wall: 34.646 minutes, Δt:   9.84, CFL: 9.00e-01
i:   58600, sim time:    552700 (8.80 T_f), wall: 34.702 minutes, Δt:  10.31, CFL: 9.00e-01
i:   58700, sim time:    553661 (8.81 T_f), wall: 34.761 minutes, Δt:   9.90, CFL: 9.00e-01
i:   58800, sim time:    554573 (8.83 T_f), wall: 34.823 minutes, Δt:   9.92, CFL: 9.00e-01
i:   58900, sim time:    555521 (8.84 T_f), wall: 34.891 minutes, Δt:  10.36, CFL: 9.00e-01
i:   59000, sim time:    556476 (8.86 T_f), wall: 34.952 minutes, Δt:  10.16, CFL: 9.00e-01
i:   59100, sim time:    557400 (8.87 T_f), wall: 35.010 minutes, Δt:  10.04, CFL: 9.00e-01
i:   59200, sim time:    558331 (8.89 T_f), wall: 35.078 minutes, Δt:  10.20, CFL: 9.00e-01
i:   59300, sim time:    559300 (8.90 T_f), wall: 35.180 minutes, Δt:  10.41, CFL: 9.00e-01
i:   59400, sim time:    560241 (8.92 T_f), wall: 35.242 minutes, Δt:  10.02, CFL: 9.00e-01
i:   59500, sim time:    561220 (8.93 T_f), wall: 35.301 minutes, Δt:   9.94, CFL: 9.00e-01
i:   59600, sim time:    562191 (8.95 T_f), wall: 35.357 minutes, Δt:   9.99, CFL: 9.00e-01
i:   59700, sim time:    563129 (8.96 T_f), wall: 35.419 minutes, Δt:   9.94, CFL: 9.00e-01
i:   59800, sim time:    564092 (8.98 T_f), wall: 35.487 minutes, Δt:  10.15, CFL: 9.00e-01
i:   59900, sim time:    565059 (8.99 T_f), wall: 35.544 minutes, Δt:  10.16, CFL: 9.00e-01
i:   60000, sim time:    566020 (9.01 T_f), wall: 35.602 minutes, Δt:  10.02, CFL: 9.00e-01
i:   60100, sim time:    566993 (9.02 T_f), wall: 35.661 minutes, Δt:  10.33, CFL: 9.00e-01
i:   60200, sim time:    567931 (9.04 T_f), wall: 35.724 minutes, Δt:  10.41, CFL: 9.00e-01
i:   60300, sim time:    568910 (9.05 T_f), wall: 35.786 minutes, Δt:   9.89, CFL: 9.00e-01
i:   60400, sim time:    569869 (9.07 T_f), wall: 35.851 minutes, Δt:  10.59, CFL: 9.00e-01
i:   60500, sim time:    570830 (9.09 T_f), wall: 35.917 minutes, Δt:  10.08, CFL: 9.00e-01
i:   60600, sim time:    571737 (9.10 T_f), wall: 35.973 minutes, Δt:   9.38, CFL: 9.00e-01
i:   60700, sim time:    572670 (9.11 T_f), wall: 36.043 minutes, Δt:   9.87, CFL: 9.00e-01
i:   60800, sim time:    573620 (9.13 T_f), wall: 36.109 minutes, Δt:  10.09, CFL: 9.00e-01
i:   60900, sim time:    574550 (9.14 T_f), wall: 36.172 minutes, Δt:   9.63, CFL: 9.00e-01
i:   61000, sim time:    575469 (9.16 T_f), wall: 36.232 minutes, Δt:   9.93, CFL: 9.00e-01
i:   61100, sim time:    576379 (9.17 T_f), wall: 36.288 minutes, Δt:   9.94, CFL: 9.00e-01
i:   61200, sim time:    577330 (9.19 T_f), wall: 36.351 minutes, Δt:   9.89, CFL: 9.00e-01
i:   61300, sim time:    578241 (9.20 T_f), wall: 36.410 minutes, Δt:   9.93, CFL: 9.00e-01
i:   61400, sim time:    579118 (9.22 T_f), wall: 36.467 minutes, Δt:   9.29, CFL: 9.00e-01
i:   61500, sim time:    580038 (9.23 T_f), wall: 36.536 minutes, Δt:   9.39, CFL: 9.00e-01
i:   61600, sim time:    580938 (9.25 T_f), wall: 36.595 minutes, Δt:   9.35, CFL: 9.00e-01
i:   61700, sim time:    581809 (9.26 T_f), wall: 36.654 minutes, Δt:   9.83, CFL: 9.00e-01
i:   61800, sim time:    582709 (9.27 T_f), wall: 36.719 minutes, Δt:   9.50, CFL: 9.00e-01
i:   61900, sim time:    583600 (9.29 T_f), wall: 36.779 minutes, Δt:   9.68, CFL: 9.00e-01
i:   62000, sim time:    584500 (9.30 T_f), wall: 36.837 minutes, Δt:   9.56, CFL: 9.00e-01
i:   62100, sim time:    585400 (9.32 T_f), wall: 36.891 minutes, Δt:   9.67, CFL: 9.00e-01
i:   62200, sim time:    586300 (9.33 T_f), wall: 36.948 minutes, Δt:   9.80, CFL: 9.00e-01
i:   62300, sim time:    587210 (9.35 T_f), wall: 37.010 minutes, Δt:  10.23, CFL: 9.00e-01
i:   62400, sim time:    588132 (9.36 T_f), wall: 37.070 minutes, Δt:   9.71, CFL: 9.00e-01
i:   62500, sim time:    589029 (9.37 T_f), wall: 37.129 minutes, Δt:   9.65, CFL: 9.00e-01
i:   62600, sim time:    589949 (9.39 T_f), wall: 37.192 minutes, Δt:  10.02, CFL: 9.00e-01
i:   62700, sim time:    590850 (9.40 T_f), wall: 37.255 minutes, Δt:  10.11, CFL: 9.00e-01
i:   62800, sim time:    591830 (9.42 T_f), wall: 37.317 minutes, Δt:  10.14, CFL: 9.00e-01
i:   62900, sim time:    592800 (9.43 T_f), wall: 37.373 minutes, Δt:  10.00, CFL: 9.00e-01
i:   63000, sim time:    593762 (9.45 T_f), wall: 37.433 minutes, Δt:  10.32, CFL: 9.00e-01
i:   63100, sim time:    594716 (9.47 T_f), wall: 37.494 minutes, Δt:  10.41, CFL: 9.00e-01
i:   63200, sim time:    595668 (9.48 T_f), wall: 37.555 minutes, Δt:  10.26, CFL: 9.00e-01
i:   63300, sim time:    596641 (9.50 T_f), wall: 37.615 minutes, Δt:  10.38, CFL: 9.00e-01
i:   63400, sim time:    597620 (9.51 T_f), wall: 37.679 minutes, Δt:   9.82, CFL: 9.00e-01
i:   63500, sim time:    598581 (9.53 T_f), wall: 37.739 minutes, Δt:  10.14, CFL: 9.00e-01
i:   63600, sim time:    599530 (9.54 T_f), wall: 37.801 minutes, Δt:  10.13, CFL: 9.00e-01
i:   63700, sim time:    600491 (9.56 T_f), wall: 37.861 minutes, Δt:  10.34, CFL: 9.00e-01
i:   63800, sim time:    601472 (9.57 T_f), wall: 37.919 minutes, Δt:  10.17, CFL: 9.00e-01
i:   63900, sim time:    602430 (9.59 T_f), wall: 37.984 minutes, Δt:  10.28, CFL: 9.00e-01
i:   64000, sim time:    603400 (9.60 T_f), wall: 38.043 minutes, Δt:  10.14, CFL: 9.00e-01
i:   64100, sim time:    604351 (9.62 T_f), wall: 38.107 minutes, Δt:  10.31, CFL: 9.00e-01
i:   64200, sim time:    605310 (9.63 T_f), wall: 38.169 minutes, Δt:  10.35, CFL: 9.00e-01
i:   64300, sim time:    606300 (9.65 T_f), wall: 38.230 minutes, Δt:  10.22, CFL: 9.00e-01
i:   64400, sim time:    607276 (9.67 T_f), wall: 38.292 minutes, Δt:  10.03, CFL: 9.00e-01
i:   64500, sim time:    608228 (9.68 T_f), wall: 38.353 minutes, Δt:  10.02, CFL: 9.00e-01
i:   64600, sim time:    609160 (9.70 T_f), wall: 38.408 minutes, Δt:  10.00, CFL: 9.00e-01
i:   64700, sim time:    610100 (9.71 T_f), wall: 38.471 minutes, Δt:  10.06, CFL: 9.00e-01
i:   64800, sim time:    611000 (9.72 T_f), wall: 38.533 minutes, Δt:   8.98, CFL: 9.00e-01
i:   64900, sim time:    611910 (9.74 T_f), wall: 38.600 minutes, Δt:   9.75, CFL: 9.00e-01
i:   65000, sim time:    612830 (9.75 T_f), wall: 38.664 minutes, Δt:   9.84, CFL: 9.00e-01
i:   65100, sim time:    613762 (9.77 T_f), wall: 38.719 minutes, Δt:  10.03, CFL: 9.00e-01
i:   65200, sim time:    614741 (9.78 T_f), wall: 38.775 minutes, Δt:  10.31, CFL: 9.00e-01
i:   65300, sim time:    615720 (9.80 T_f), wall: 38.837 minutes, Δt:   9.87, CFL: 9.00e-01
i:   65400, sim time:    616680 (9.81 T_f), wall: 38.895 minutes, Δt:  10.01, CFL: 9.00e-01
i:   65500, sim time:    617610 (9.83 T_f), wall: 38.952 minutes, Δt:   9.69, CFL: 9.00e-01
i:   65600, sim time:    618548 (9.84 T_f), wall: 39.007 minutes, Δt:   9.59, CFL: 9.00e-01
i:   65700, sim time:    619449 (9.86 T_f), wall: 39.066 minutes, Δt:   9.94, CFL: 9.00e-01
i:   65800, sim time:    620379 (9.87 T_f), wall: 39.128 minutes, Δt:   9.92, CFL: 9.00e-01
i:   65900, sim time:    621300 (9.89 T_f), wall: 39.193 minutes, Δt:   9.52, CFL: 9.00e-01
i:   66000, sim time:    622210 (9.90 T_f), wall: 39.266 minutes, Δt:   9.65, CFL: 9.00e-01
i:   66100, sim time:    623141 (9.92 T_f), wall: 39.329 minutes, Δt:  10.23, CFL: 9.00e-01
i:   66200, sim time:    624100 (9.93 T_f), wall: 39.390 minutes, Δt:   9.40, CFL: 9.00e-01
i:   66300, sim time:    625010 (9.95 T_f), wall: 39.454 minutes, Δt:   9.83, CFL: 9.00e-01
i:   66400, sim time:    625951 (9.96 T_f), wall: 39.515 minutes, Δt:  10.09, CFL: 9.00e-01
i:   66500, sim time:    626910 (9.98 T_f), wall: 39.578 minutes, Δt:  10.20, CFL: 9.00e-01
i:   66600, sim time:    627878 (9.99 T_f), wall: 39.639 minutes, Δt:   9.95, CFL: 9.00e-01
i:   66700, sim time:    628794 (10.01 T_f), wall: 39.695 minutes, Δt:   9.49, CFL: 9.00e-01
i:   66800, sim time:    629720 (10.02 T_f), wall: 39.756 minutes, Δt:  10.01, CFL: 9.00e-01
i:   66900, sim time:    630651 (10.04 T_f), wall: 39.814 minutes, Δt:  10.24, CFL: 9.00e-01
i:   67000, sim time:    631630 (10.05 T_f), wall: 39.873 minutes, Δt:  10.11, CFL: 9.00e-01
i:   67100, sim time:    632571 (10.07 T_f), wall: 39.936 minutes, Δt:  10.10, CFL: 9.00e-01
i:   67200, sim time:    633519 (10.08 T_f), wall: 39.998 minutes, Δt:   9.30, CFL: 9.00e-01
i:   67300, sim time:    634420 (10.10 T_f), wall: 40.065 minutes, Δt:  10.06, CFL: 9.00e-01
i:   67400, sim time:    635367 (10.11 T_f), wall: 40.121 minutes, Δt:   9.53, CFL: 9.00e-01
i:   67500, sim time:    636269 (10.13 T_f), wall: 40.187 minutes, Δt:   9.98, CFL: 9.00e-01
i:   67600, sim time:    637169 (10.14 T_f), wall: 40.246 minutes, Δt:   9.11, CFL: 9.00e-01
i:   67700, sim time:    638067 (10.16 T_f), wall: 40.320 minutes, Δt:   9.83, CFL: 9.00e-01
i:   67800, sim time:    639000 (10.17 T_f), wall: 40.385 minutes, Δt:   9.95, CFL: 9.00e-01
i:   67900, sim time:    639952 (10.19 T_f), wall: 40.448 minutes, Δt:  10.11, CFL: 9.00e-01
i:   68000, sim time:    640869 (10.20 T_f), wall: 40.511 minutes, Δt:   9.94, CFL: 9.00e-01
i:   68100, sim time:    641789 (10.21 T_f), wall: 40.566 minutes, Δt:  10.03, CFL: 9.00e-01
i:   68200, sim time:    642710 (10.23 T_f), wall: 40.630 minutes, Δt:  10.01, CFL: 9.00e-01
i:   68300, sim time:    643670 (10.24 T_f), wall: 40.692 minutes, Δt:  10.04, CFL: 9.00e-01
i:   68400, sim time:    644631 (10.26 T_f), wall: 40.755 minutes, Δt:  10.27, CFL: 9.00e-01
i:   68500, sim time:    645600 (10.28 T_f), wall: 40.811 minutes, Δt:  10.20, CFL: 9.00e-01
i:   68600, sim time:    646526 (10.29 T_f), wall: 40.871 minutes, Δt:   9.90, CFL: 9.00e-01
i:   68700, sim time:    647500 (10.31 T_f), wall: 40.937 minutes, Δt:  10.20, CFL: 9.00e-01
i:   68800, sim time:    648471 (10.32 T_f), wall: 40.995 minutes, Δt:  10.15, CFL: 9.00e-01
i:   68900, sim time:    649441 (10.34 T_f), wall: 41.059 minutes, Δt:  10.23, CFL: 9.00e-01
i:   69000, sim time:    650410 (10.35 T_f), wall: 41.125 minutes, Δt:  10.37, CFL: 9.00e-01
i:   69100, sim time:    651359 (10.37 T_f), wall: 41.181 minutes, Δt:   9.88, CFL: 9.00e-01
i:   69200, sim time:    652258 (10.38 T_f), wall: 41.247 minutes, Δt:   9.75, CFL: 9.00e-01
i:   69300, sim time:    653191 (10.40 T_f), wall: 41.305 minutes, Δt:  10.25, CFL: 9.00e-01
i:   69400, sim time:    654162 (10.41 T_f), wall: 41.363 minutes, Δt:  10.32, CFL: 9.00e-01
i:   69500, sim time:    655120 (10.43 T_f), wall: 41.425 minutes, Δt:  10.42, CFL: 9.00e-01
i:   69600, sim time:    656100 (10.44 T_f), wall: 41.494 minutes, Δt:  10.47, CFL: 9.00e-01
i:   69700, sim time:    657070 (10.46 T_f), wall: 41.557 minutes, Δt:  10.12, CFL: 9.00e-01
i:   69800, sim time:    658041 (10.47 T_f), wall: 41.619 minutes, Δt:  10.34, CFL: 9.00e-01
i:   69900, sim time:    658991 (10.49 T_f), wall: 41.677 minutes, Δt:  10.18, CFL: 9.00e-01
i:   70000, sim time:    659909 (10.50 T_f), wall: 41.739 minutes, Δt:   9.55, CFL: 9.00e-01
i:   70100, sim time:    660818 (10.52 T_f), wall: 41.805 minutes, Δt:   9.40, CFL: 9.00e-01
i:   70200, sim time:    661720 (10.53 T_f), wall: 41.866 minutes, Δt:   9.73, CFL: 9.00e-01
i:   70300, sim time:    662682 (10.55 T_f), wall: 41.932 minutes, Δt:  10.26, CFL: 9.00e-01
i:   70400, sim time:    663650 (10.56 T_f), wall: 41.994 minutes, Δt:  10.15, CFL: 9.00e-01
i:   70500, sim time:    664574 (10.58 T_f), wall: 42.058 minutes, Δt:   9.33, CFL: 9.00e-01
i:   70600, sim time:    665491 (10.59 T_f), wall: 42.114 minutes, Δt:   9.98, CFL: 9.00e-01
i:   70700, sim time:    666439 (10.61 T_f), wall: 42.219 minutes, Δt:  10.10, CFL: 9.00e-01
i:   70800, sim time:    667369 (10.62 T_f), wall: 42.276 minutes, Δt:   9.72, CFL: 9.00e-01
i:   70900, sim time:    668279 (10.64 T_f), wall: 42.339 minutes, Δt:   9.83, CFL: 9.00e-01
i:   71000, sim time:    669195 (10.65 T_f), wall: 42.408 minutes, Δt:  10.44, CFL: 9.00e-01
i:   71100, sim time:    670160 (10.67 T_f), wall: 42.473 minutes, Δt:   9.92, CFL: 9.00e-01
i:   71200, sim time:    671110 (10.68 T_f), wall: 42.533 minutes, Δt:   9.88, CFL: 9.00e-01
i:   71300, sim time:    672020 (10.70 T_f), wall: 42.592 minutes, Δt:  10.32, CFL: 9.00e-01
i:   71400, sim time:    672940 (10.71 T_f), wall: 42.649 minutes, Δt:   9.38, CFL: 9.00e-01
i:   71500, sim time:    673896 (10.73 T_f), wall: 43.188 minutes, Δt:  10.25, CFL: 9.00e-01
i:   71600, sim time:    674842 (10.74 T_f), wall: 43.250 minutes, Δt:  10.38, CFL: 9.00e-01
i:   71700, sim time:    675788 (10.76 T_f), wall: 43.313 minutes, Δt:  10.08, CFL: 9.00e-01
i:   71800, sim time:    676748 (10.77 T_f), wall: 43.374 minutes, Δt:   9.84, CFL: 9.00e-01
i:   71900, sim time:    677695 (10.79 T_f), wall: 43.436 minutes, Δt:  10.35, CFL: 9.00e-01
i:   72000, sim time:    678671 (10.80 T_f), wall: 43.505 minutes, Δt:  10.22, CFL: 9.00e-01
i:   72100, sim time:    679600 (10.82 T_f), wall: 43.561 minutes, Δt:   9.95, CFL: 9.00e-01
i:   72200, sim time:    680497 (10.83 T_f), wall: 43.619 minutes, Δt:   9.63, CFL: 9.00e-01
i:   72300, sim time:    681400 (10.84 T_f), wall: 43.682 minutes, Δt:   9.57, CFL: 9.00e-01
i:   72400, sim time:    682310 (10.86 T_f), wall: 43.744 minutes, Δt:  10.07, CFL: 9.00e-01
i:   72500, sim time:    683230 (10.87 T_f), wall: 43.805 minutes, Δt:  10.22, CFL: 9.00e-01
i:   72600, sim time:    684158 (10.89 T_f), wall: 43.863 minutes, Δt:   9.74, CFL: 9.00e-01
i:   72700, sim time:    685059 (10.90 T_f), wall: 43.925 minutes, Δt:   9.88, CFL: 9.00e-01
i:   72800, sim time:    685989 (10.92 T_f), wall: 43.980 minutes, Δt:   9.64, CFL: 9.00e-01
i:   72900, sim time:    686910 (10.93 T_f), wall: 44.048 minutes, Δt:  10.00, CFL: 9.00e-01
i:   73000, sim time:    687820 (10.95 T_f), wall: 44.111 minutes, Δt:   9.86, CFL: 9.00e-01
i:   73100, sim time:    688750 (10.96 T_f), wall: 44.168 minutes, Δt:  10.02, CFL: 9.00e-01
i:   73200, sim time:    689691 (10.98 T_f), wall: 44.242 minutes, Δt:  10.03, CFL: 9.00e-01
i:   73300, sim time:    690600 (10.99 T_f), wall: 44.301 minutes, Δt:   9.64, CFL: 9.00e-01
i:   73400, sim time:    691531 (11.01 T_f), wall: 44.363 minutes, Δt:  10.17, CFL: 9.00e-01
i:   73500, sim time:    692500 (11.02 T_f), wall: 44.424 minutes, Δt:  10.32, CFL: 9.00e-01
i:   73600, sim time:    693458 (11.04 T_f), wall: 44.490 minutes, Δt:   9.90, CFL: 9.00e-01
i:   73700, sim time:    694420 (11.05 T_f), wall: 44.550 minutes, Δt:   9.76, CFL: 9.00e-01
i:   73800, sim time:    695348 (11.07 T_f), wall: 44.607 minutes, Δt:   9.67, CFL: 9.00e-01
i:   73900, sim time:    696271 (11.08 T_f), wall: 44.667 minutes, Δt:  10.23, CFL: 9.00e-01
i:   74000, sim time:    697200 (11.10 T_f), wall: 44.726 minutes, Δt:   9.95, CFL: 9.00e-01
i:   74100, sim time:    698159 (11.11 T_f), wall: 44.795 minutes, Δt:   9.85, CFL: 9.00e-01
i:   74200, sim time:    699060 (11.13 T_f), wall: 44.852 minutes, Δt:  10.12, CFL: 9.00e-01
i:   74300, sim time:    699991 (11.14 T_f), wall: 44.913 minutes, Δt:   9.20, CFL: 9.00e-01
i:   74400, sim time:    700920 (11.16 T_f), wall: 44.976 minutes, Δt:  10.11, CFL: 9.00e-01
i:   74500, sim time:    701890 (11.17 T_f), wall: 45.040 minutes, Δt:  10.09, CFL: 9.00e-01
i:   74600, sim time:    702860 (11.19 T_f), wall: 45.108 minutes, Δt:  10.07, CFL: 9.00e-01
i:   74700, sim time:    703842 (11.20 T_f), wall: 45.170 minutes, Δt:  10.36, CFL: 9.00e-01
i:   74800, sim time:    704790 (11.22 T_f), wall: 45.227 minutes, Δt:   9.81, CFL: 9.00e-01
i:   74900, sim time:    705730 (11.23 T_f), wall: 45.290 minutes, Δt:   9.96, CFL: 9.00e-01
i:   75000, sim time:    706685 (11.25 T_f), wall: 45.353 minutes, Δt:   9.40, CFL: 9.00e-01
i:   75100, sim time:    707620 (11.26 T_f), wall: 45.420 minutes, Δt:  10.27, CFL: 9.00e-01
i:   75200, sim time:    708597 (11.28 T_f), wall: 45.485 minutes, Δt:   9.74, CFL: 9.00e-01
i:   75300, sim time:    709531 (11.29 T_f), wall: 45.549 minutes, Δt:  10.30, CFL: 9.00e-01
i:   75400, sim time:    710479 (11.31 T_f), wall: 45.609 minutes, Δt:  10.14, CFL: 9.00e-01
i:   75500, sim time:    711421 (11.32 T_f), wall: 45.671 minutes, Δt:  10.19, CFL: 9.00e-01
i:   75600, sim time:    712369 (11.34 T_f), wall: 45.728 minutes, Δt:  10.11, CFL: 9.00e-01
i:   75700, sim time:    713320 (11.35 T_f), wall: 45.789 minutes, Δt:   9.31, CFL: 9.00e-01
i:   75800, sim time:    714240 (11.37 T_f), wall: 45.851 minutes, Δt:  10.02, CFL: 9.00e-01
i:   75900, sim time:    715200 (11.38 T_f), wall: 45.910 minutes, Δt:   9.81, CFL: 9.00e-01
i:   76000, sim time:    716150 (11.40 T_f), wall: 45.973 minutes, Δt:  10.25, CFL: 9.00e-01
i:   76100, sim time:    717076 (11.41 T_f), wall: 46.035 minutes, Δt:   9.55, CFL: 9.00e-01
i:   76200, sim time:    717990 (11.43 T_f), wall: 46.097 minutes, Δt:  10.22, CFL: 9.00e-01
i:   76300, sim time:    718940 (11.44 T_f), wall: 46.167 minutes, Δt:   9.58, CFL: 9.00e-01
i:   76400, sim time:    719848 (11.46 T_f), wall: 46.227 minutes, Δt:   9.78, CFL: 9.00e-01
i:   76500, sim time:    720761 (11.47 T_f), wall: 46.287 minutes, Δt:  10.06, CFL: 9.00e-01
i:   76600, sim time:    721681 (11.49 T_f), wall: 46.350 minutes, Δt:  10.05, CFL: 9.00e-01
i:   76700, sim time:    722620 (11.50 T_f), wall: 46.411 minutes, Δt:   9.46, CFL: 9.00e-01
i:   76800, sim time:    723539 (11.52 T_f), wall: 46.473 minutes, Δt:   9.65, CFL: 9.00e-01
i:   76900, sim time:    724451 (11.53 T_f), wall: 46.535 minutes, Δt:  10.10, CFL: 9.00e-01
i:   77000, sim time:    725389 (11.54 T_f), wall: 46.599 minutes, Δt:   9.95, CFL: 9.00e-01
i:   77100, sim time:    726331 (11.56 T_f), wall: 46.665 minutes, Δt:  10.30, CFL: 9.00e-01
i:   77200, sim time:    727243 (11.57 T_f), wall: 46.727 minutes, Δt:   9.82, CFL: 9.00e-01
i:   77300, sim time:    728158 (11.59 T_f), wall: 46.786 minutes, Δt:   9.60, CFL: 9.00e-01
i:   77400, sim time:    729081 (11.60 T_f), wall: 46.851 minutes, Δt:  10.13, CFL: 9.00e-01
i:   77500, sim time:    730030 (11.62 T_f), wall: 46.917 minutes, Δt:  10.04, CFL: 9.00e-01
i:   77600, sim time:    730950 (11.63 T_f), wall: 46.979 minutes, Δt:  10.12, CFL: 9.00e-01
i:   77700, sim time:    731887 (11.65 T_f), wall: 47.049 minutes, Δt:  10.10, CFL: 9.00e-01
i:   77800, sim time:    732819 (11.66 T_f), wall: 47.112 minutes, Δt:   9.87, CFL: 9.00e-01
i:   77900, sim time:    733739 (11.68 T_f), wall: 47.172 minutes, Δt:   9.85, CFL: 9.00e-01
i:   78000, sim time:    734650 (11.69 T_f), wall: 47.235 minutes, Δt:   9.90, CFL: 9.00e-01
i:   78100, sim time:    735598 (11.71 T_f), wall: 47.303 minutes, Δt:  10.06, CFL: 9.00e-01
i:   78200, sim time:    736546 (11.72 T_f), wall: 47.378 minutes, Δt:   9.43, CFL: 9.00e-01
i:   78300, sim time:    737486 (11.74 T_f), wall: 47.439 minutes, Δt:   9.54, CFL: 9.00e-01
i:   78400, sim time:    738410 (11.75 T_f), wall: 47.509 minutes, Δt:   9.55, CFL: 9.00e-01
i:   78500, sim time:    739372 (11.77 T_f), wall: 47.567 minutes, Δt:  10.08, CFL: 9.00e-01
i:   78600, sim time:    740290 (11.78 T_f), wall: 47.632 minutes, Δt:   9.89, CFL: 9.00e-01
i:   78700, sim time:    741198 (11.80 T_f), wall: 47.697 minutes, Δt:   9.89, CFL: 9.00e-01
i:   78800, sim time:    742130 (11.81 T_f), wall: 47.763 minutes, Δt:   9.93, CFL: 9.00e-01
i:   78900, sim time:    743051 (11.83 T_f), wall: 47.825 minutes, Δt:  10.20, CFL: 9.00e-01
i:   79000, sim time:    743990 (11.84 T_f), wall: 47.882 minutes, Δt:   9.87, CFL: 9.00e-01
i:   79100, sim time:    744888 (11.86 T_f), wall: 47.945 minutes, Δt:   9.83, CFL: 9.00e-01
i:   79200, sim time:    745790 (11.87 T_f), wall: 48.009 minutes, Δt:  10.01, CFL: 9.00e-01
i:   79300, sim time:    746730 (11.88 T_f), wall: 48.072 minutes, Δt:   9.81, CFL: 9.00e-01
i:   79400, sim time:    747644 (11.90 T_f), wall: 48.136 minutes, Δt:  10.07, CFL: 9.00e-01
i:   79500, sim time:    748568 (11.91 T_f), wall: 48.198 minutes, Δt:   9.61, CFL: 9.00e-01
i:   79600, sim time:    749481 (11.93 T_f), wall: 48.263 minutes, Δt:  10.11, CFL: 9.00e-01
i:   79700, sim time:    750420 (11.94 T_f), wall: 48.331 minutes, Δt:   9.93, CFL: 9.00e-01
i:   79800, sim time:    751351 (11.96 T_f), wall: 48.392 minutes, Δt:  10.22, CFL: 9.00e-01
i:   79900, sim time:    752290 (11.97 T_f), wall: 48.455 minutes, Δt:  10.06, CFL: 9.00e-01
i:   80000, sim time:    753230 (11.99 T_f), wall: 48.524 minutes, Δt:   9.77, CFL: 9.00e-01
i:   80100, sim time:    754151 (12.00 T_f), wall: 48.584 minutes, Δt:  10.01, CFL: 9.00e-01
i:   80200, sim time:    755121 (12.02 T_f), wall: 48.649 minutes, Δt:  10.32, CFL: 9.00e-01
i:   80300, sim time:    756075 (12.03 T_f), wall: 48.716 minutes, Δt:   9.55, CFL: 9.00e-01
i:   80400, sim time:    756999 (12.05 T_f), wall: 48.775 minutes, Δt:  10.17, CFL: 9.00e-01
i:   80500, sim time:    757909 (12.06 T_f), wall: 48.837 minutes, Δt:   9.42, CFL: 9.00e-01
i:   80600, sim time:    758829 (12.08 T_f), wall: 48.903 minutes, Δt:   9.86, CFL: 9.00e-01
i:   80700, sim time:    759739 (12.09 T_f), wall: 48.962 minutes, Δt:   9.94, CFL: 9.00e-01
i:   80800, sim time:    760678 (12.11 T_f), wall: 49.020 minutes, Δt:   9.94, CFL: 9.00e-01
i:   80900, sim time:    761567 (12.12 T_f), wall: 49.084 minutes, Δt:   9.83, CFL: 9.00e-01
i:   81000, sim time:    762520 (12.14 T_f), wall: 49.147 minutes, Δt:  10.19, CFL: 9.00e-01
i:   81100, sim time:    763441 (12.15 T_f), wall: 49.211 minutes, Δt:  10.25, CFL: 9.00e-01
i:   81200, sim time:    764357 (12.17 T_f), wall: 49.267 minutes, Δt:   9.35, CFL: 9.00e-01
i:   81300, sim time:    765299 (12.18 T_f), wall: 49.335 minutes, Δt:   9.89, CFL: 9.00e-01
i:   81400, sim time:    766200 (12.19 T_f), wall: 49.393 minutes, Δt:  10.16, CFL: 9.00e-01
i:   81500, sim time:    767142 (12.21 T_f), wall: 49.458 minutes, Δt:  10.24, CFL: 9.00e-01
i:   81600, sim time:    768100 (12.22 T_f), wall: 49.523 minutes, Δt:  10.16, CFL: 9.00e-01
i:   81700, sim time:    769070 (12.24 T_f), wall: 49.594 minutes, Δt:   9.95, CFL: 9.00e-01
i:   81800, sim time:    769967 (12.25 T_f), wall: 49.655 minutes, Δt:   9.91, CFL: 9.00e-01
i:   81900, sim time:    770931 (12.27 T_f), wall: 49.716 minutes, Δt:  10.19, CFL: 9.00e-01
i:   82000, sim time:    771900 (12.29 T_f), wall: 49.775 minutes, Δt:  10.12, CFL: 9.00e-01
i:   82100, sim time:    772810 (12.30 T_f), wall: 49.836 minutes, Δt:   9.87, CFL: 9.00e-01
i:   82200, sim time:    773700 (12.31 T_f), wall: 49.891 minutes, Δt:   9.42, CFL: 9.00e-01
i:   82300, sim time:    774600 (12.33 T_f), wall: 49.948 minutes, Δt:   9.88, CFL: 9.00e-01
i:   82400, sim time:    775500 (12.34 T_f), wall: 50.009 minutes, Δt:   9.08, CFL: 9.00e-01
i:   82500, sim time:    776400 (12.36 T_f), wall: 50.070 minutes, Δt:   9.57, CFL: 9.00e-01
i:   82600, sim time:    777266 (12.37 T_f), wall: 50.137 minutes, Δt:   9.62, CFL: 9.00e-01
i:   82700, sim time:    778156 (12.38 T_f), wall: 50.202 minutes, Δt:   9.23, CFL: 9.00e-01
i:   82800, sim time:    779054 (12.40 T_f), wall: 50.266 minutes, Δt:   9.94, CFL: 9.00e-01
i:   82900, sim time:    779976 (12.41 T_f), wall: 50.327 minutes, Δt:   9.93, CFL: 9.00e-01
i:   83000, sim time:    780900 (12.43 T_f), wall: 50.385 minutes, Δt:   9.79, CFL: 9.00e-01
i:   83100, sim time:    781797 (12.44 T_f), wall: 50.443 minutes, Δt:   8.82, CFL: 9.00e-01
i:   83200, sim time:    782689 (12.46 T_f), wall: 50.504 minutes, Δt:   9.70, CFL: 9.00e-01
i:   83300, sim time:    783574 (12.47 T_f), wall: 50.562 minutes, Δt:   9.17, CFL: 9.00e-01
i:   83400, sim time:    784455 (12.48 T_f), wall: 50.630 minutes, Δt:   9.35, CFL: 9.00e-01
i:   83500, sim time:    785353 (12.50 T_f), wall: 50.690 minutes, Δt:   9.98, CFL: 9.00e-01
i:   83600, sim time:    786276 (12.51 T_f), wall: 50.752 minutes, Δt:   9.94, CFL: 9.00e-01
i:   83700, sim time:    787194 (12.53 T_f), wall: 50.818 minutes, Δt:  10.28, CFL: 9.00e-01
i:   83800, sim time:    788110 (12.54 T_f), wall: 50.877 minutes, Δt:  10.41, CFL: 9.00e-01
i:   83900, sim time:    789092 (12.56 T_f), wall: 50.949 minutes, Δt:  10.36, CFL: 9.00e-01
i:   84000, sim time:    790024 (12.57 T_f), wall: 51.011 minutes, Δt:   9.63, CFL: 9.00e-01
i:   84100, sim time:    790959 (12.59 T_f), wall: 51.068 minutes, Δt:  10.11, CFL: 9.00e-01
i:   84200, sim time:    791899 (12.60 T_f), wall: 51.127 minutes, Δt:   9.76, CFL: 9.00e-01
i:   84300, sim time:    792840 (12.62 T_f), wall: 51.187 minutes, Δt:  10.14, CFL: 9.00e-01
i:   84400, sim time:    793810 (12.63 T_f), wall: 51.254 minutes, Δt:  10.35, CFL: 9.00e-01
i:   84500, sim time:    794744 (12.65 T_f), wall: 51.312 minutes, Δt:  10.29, CFL: 9.00e-01
i:   84600, sim time:    795686 (12.66 T_f), wall: 51.370 minutes, Δt:  10.32, CFL: 9.00e-01
i:   84700, sim time:    796618 (12.68 T_f), wall: 51.426 minutes, Δt:  10.44, CFL: 9.00e-01
i:   84800, sim time:    797600 (12.69 T_f), wall: 51.489 minutes, Δt:  10.24, CFL: 9.00e-01
i:   84900, sim time:    798560 (12.71 T_f), wall: 51.556 minutes, Δt:   9.94, CFL: 9.00e-01
i:   85000, sim time:    799510 (12.72 T_f), wall: 51.624 minutes, Δt:  10.02, CFL: 9.00e-01
u* = 4.5179e-03 m/s (R² = 0.5523), z₀ fit 2.002e-01 vs imposed 1.600e-03, δ = 45.18 m
case P4_T10_r10 finished at 2026-09-03 20:48:05
[ Info: Oceananigans will use 4 threads
┌ Warning: CUDA runtime library `libcusparse.so.12` was loaded from a system path, `/usr/local/software/spack/2024.2/views/maths/cuda-12.6.3/gcc-11.4.0/leehydd5fuufm35ohlbwth2mqtadrq3f/lib64/libcusparse.so.12`.
│ This may cause errors.
│ 
│ If you're running under a profiler, this situation is expected. Otherwise,
│ ensure that your library path environment variable (e.g., `PATH` on Windows
│ or `LD_LIBRARY_PATH` on Linux) does not include CUDA library paths.
│ 
│ In any other case, please file an issue.
└ @ CUDACore ~/.julia/packages/CUDACore/NlVPI/src/initialization.jl:199
┌ Warning: CUDA runtime library `libnvJitLink.so.12` was loaded from a system path, `/usr/local/software/spack/2024.2/views/maths/cuda-12.6.3/gcc-11.4.0/leehydd5fuufm35ohlbwth2mqtadrq3f/lib64/libnvJitLink.so.12`.
│ This may cause errors.
│ 
│ If you're running under a profiler, this situation is expected. Otherwise,
│ ensure that your library path environment variable (e.g., `PATH` on Windows
│ or `LD_LIBRARY_PATH` on Linux) does not include CUDA library paths.
│ 
│ In any other case, please file an issue.
└ @ CUDACore ~/.julia/packages/CUDACore/NlVPI/src/initialization.jl:199
[ Info: closure auxiliary fields at `model.closure_fields` (Tuple)
[ Info: SGS diffusivity resolved as `model.closure_fields[2].κₑ` — 100×100×400 Field{Center, Center, Center} on RectilinearGrid on CUDAGPU
[ Info: writing 13 plane-averaged profiles to /cephfs/store/damtp/tll46/SRIM-2026/Combined/Data/Ekman_moments/4/r=10.0, T=10.0/Moments.jld2 every 314 s (2547 samples)
[ Info: Initializing simulation...
[ Info: health @ 0.00 T_f: max|⟨w⟩_xy| = 2.085e-19 m/s (= 5.2e-18 U∞); κₑ ∈ [0.000e+00, 1.858e-03] m²/s
[ Info:     ... simulation initialization complete (54.842 seconds)
[ Info: Executing initial time step...
[ Info:     ... initial time step complete (4.913 seconds).
[ Info: health @ 0.64 T_f: max|⟨w⟩_xy| = 9.714e-21 m/s (= 2.4e-19 U∞); κₑ ∈ [0.000e+00, 2.062e-03] m²/s
[ Info: health @ 1.27 T_f: max|⟨w⟩_xy| = 1.665e-20 m/s (= 4.2e-19 U∞); κₑ ∈ [0.000e+00, 1.837e-03] m²/s
[ Info: health @ 1.91 T_f: max|⟨w⟩_xy| = 8.327e-21 m/s (= 2.1e-19 U∞); κₑ ∈ [0.000e+00, 1.805e-03] m²/s
[ Info: health @ 2.55 T_f: max|⟨w⟩_xy| = 1.943e-20 m/s (= 4.9e-19 U∞); κₑ ∈ [0.000e+00, 1.802e-03] m²/s
[ Info: health @ 3.18 T_f: max|⟨w⟩_xy| = 1.874e-20 m/s (= 4.7e-19 U∞); κₑ ∈ [0.000e+00, 1.918e-03] m²/s
[ Info: health @ 3.82 T_f: max|⟨w⟩_xy| = 1.665e-20 m/s (= 4.2e-19 U∞); κₑ ∈ [0.000e+00, 1.865e-03] m²/s
[ Info: health @ 4.46 T_f: max|⟨w⟩_xy| = 1.110e-20 m/s (= 2.8e-19 U∞); κₑ ∈ [0.000e+00, 2.170e-03] m²/s
[ Info: health @ 5.09 T_f: max|⟨w⟩_xy| = 1.527e-20 m/s (= 3.8e-19 U∞); κₑ ∈ [0.000e+00, 2.092e-03] m²/s
[ Info: health @ 5.73 T_f: max|⟨w⟩_xy| = 1.527e-20 m/s (= 3.8e-19 U∞); κₑ ∈ [0.000e+00, 1.913e-03] m²/s
[ Info: health @ 6.37 T_f: max|⟨w⟩_xy| = 1.943e-20 m/s (= 4.9e-19 U∞); κₑ ∈ [0.000e+00, 1.887e-03] m²/s
[ Info: health @ 7.00 T_f: max|⟨w⟩_xy| = 2.151e-20 m/s (= 5.4e-19 U∞); κₑ ∈ [0.000e+00, 1.969e-03] m²/s
[ Info: health @ 7.64 T_f: max|⟨w⟩_xy| = 8.327e-21 m/s (= 2.1e-19 U∞); κₑ ∈ [0.000e+00, 1.956e-03] m²/s
[ Info: health @ 8.28 T_f: max|⟨w⟩_xy| = 1.388e-20 m/s (= 3.5e-19 U∞); κₑ ∈ [0.000e+00, 2.255e-03] m²/s
[ Info: health @ 8.91 T_f: max|⟨w⟩_xy| = 9.714e-21 m/s (= 2.4e-19 U∞); κₑ ∈ [0.000e+00, 1.976e-03] m²/s
[ Info: health @ 9.55 T_f: max|⟨w⟩_xy| = 9.714e-21 m/s (= 2.4e-19 U∞); κₑ ∈ [0.000e+00, 2.041e-03] m²/s
[ Info: health @ 10.19 T_f: max|⟨w⟩_xy| = 1.804e-20 m/s (= 4.5e-19 U∞); κₑ ∈ [0.000e+00, 2.216e-03] m²/s
[ Info: health @ 10.82 T_f: max|⟨w⟩_xy| = 1.214e-20 m/s (= 3.0e-19 U∞); κₑ ∈ [0.000e+00, 2.057e-03] m²/s
[ Info: health @ 11.46 T_f: max|⟨w⟩_xy| = 1.665e-20 m/s (= 4.2e-19 U∞); κₑ ∈ [0.000e+00, 1.769e-03] m²/s
[ Info: health @ 12.10 T_f: max|⟨w⟩_xy| = 1.665e-20 m/s (= 4.2e-19 U∞); κₑ ∈ [0.000e+00, 2.010e-03] m²/s
[ Info: Simulation is stopping after running for 51.005 minutes.
[ Info: Simulation time 9.259 days equals or exceeds stop time 9.259 days.
[ Info: health @ 12.73 T_f: max|⟨w⟩_xy| = 9.714e-21 m/s (= 2.4e-19 U∞); κₑ ∈ [0.000e+00, 2.461e-03] m²/s
