
==============================================================================
==== 2026-09-02 22:22:09  P4_T10_r2  (r = 2.0, T = 10.0)
==============================================================================
ekmanrun.jl case P4_T10_r2
  architecture      GPU
  dimensions        75.0 m x 75.0 m x 150.0 m  (+ 20 m sponge, H = 170 m)
  grid              100 x 100 x 400   (first centre at z = 0.1182 m)
  U∞  = 0.0400   f₀ = 1.00e-04   r = N/f = 2.0   N² = 4.000e-08
  profile 4 (softplus), T = 10.0 m, sharp = 6.0
  cᴰ  = 0.00908   ν₀ = 1.0e-06   κ₀ = 1.0e-07   Pr = 10
  duration 8.000e+05 s = 12.73 inertial periods, max Δt = 15 s
  moments every 314 s, x-z slices off, Avg_* writers ON
i:       0, sim time:         0 (0.00 T_f), wall: 46.208 seconds, Δt:   1.80, CFL: 1.07e-01
i:     100, sim time:       NaN (NaN T_f), wall: 1.698 minutes, Δt:    NaN, CFL: NaN
u* = 7.6070e-03 m/s (R² = 0.5422), z₀ fit 1.963e-01 vs imposed 1.600e-03, δ = 76.07 m
case P4_T10_r2 finished at 2026-09-02 22:25:29
[ Info: Oceananigans will use 4 threads
┌ Warning: CUDA runtime library `libcusparse.so.12` was loaded from a system path, `/usr/local/software/spack/2024.2/views/maths/cuda-12.6.3/gcc-11.4.0/leehydd5fuufm35ohlbwth2mqtadrq3f/lib64/libcusparse.so.12`.
│ This may cause errors.
│ 
│ If you're running under a profiler, this situation is expected. Otherwise,
│ ensure that your library path environment variable (e.g., `PATH` on Windows
│ or `LD_LIBRARY_PATH` on Linux) does not include CUDA library paths.
│ 
│ In any other case, please file an issue.
└ @ CUDACore ~/.julia/packages/CUDACore/NlVPI/src/initialization.jl:199
┌ Warning: CUDA runtime library `libnvJitLink.so.12` was loaded from a system path, `/usr/local/software/spack/2024.2/views/maths/cuda-12.6.3/gcc-11.4.0/leehydd5fuufm35ohlbwth2mqtadrq3f/lib64/libnvJitLink.so.12`.
│ This may cause errors.
│ 
│ If you're running under a profiler, this situation is expected. Otherwise,
│ ensure that your library path environment variable (e.g., `PATH` on Windows
│ or `LD_LIBRARY_PATH` on Linux) does not include CUDA library paths.
│ 
│ In any other case, please file an issue.
└ @ CUDACore ~/.julia/packages/CUDACore/NlVPI/src/initialization.jl:199
[ Info: closure auxiliary fields at `model.closure_fields` (Tuple)
[ Info: SGS diffusivity resolved as `model.closure_fields[2].κₑ` — 100×100×400 Field{Center, Center, Center} on RectilinearGrid on CUDAGPU
[ Info: writing 13 plane-averaged profiles to /cephfs/store/damtp/tll46/SRIM-2026/Combined/Data/Ekman_moments/4/r=2.0, T=10.0/Moments.jld2 every 314 s (2547 samples)
[ Info: Initializing simulation...
[ Info: health @ 0.00 T_f: max|⟨w⟩_xy| = 2.647e-19 m/s (= 6.6e-18 U∞); κₑ ∈ [NaN, NaN] m²/s
[ Info:     ... simulation initialization complete (55.428 seconds)
[ Info: Executing initial time step...
[ Info:     ... initial time step complete (5.048 seconds).
[ Info: time = NaN, iteration = 100: NaN found in field u. Stopping simulation.

==============================================================================
==== 2026-09-03 21:40:06  P4_T10_r2  (r = 2.0, T = 10.0)
==============================================================================
ekmanrun.jl case P4_T10_r2
  architecture      GPU
  dimensions        75.0 m x 75.0 m x 150.0 m  (+ 20 m sponge, H = 170 m)
  grid              100 x 100 x 400   (first centre at z = 0.1182 m)
  U∞  = 0.0400   f₀ = 1.00e-04   r = N/f = 2.0   N² = 4.000e-08
  profile 4 (softplus), T = 10.0 m, sharp = 6.0
  cᴰ  = 0.00908   ν₀ = 1.0e-06   κ₀ = 1.0e-07   Pr = 10
  duration 8.000e+05 s = 12.73 inertial periods, max Δt = 15 s
  moments every 314 s, x-z slices off, Avg_* writers ON
i:       0, sim time:         0 (0.00 T_f), wall: 43.984 seconds, Δt:   1.80, CFL: 1.07e-01
i:     100, sim time:       900 (0.01 T_f), wall: 1.641 minutes, Δt:  14.63, CFL: 9.00e-01
i:     200, sim time:      2243 (0.04 T_f), wall: 1.696 minutes, Δt:  14.51, CFL: 9.00e-01
i:     300, sim time:      3586 (0.06 T_f), wall: 1.744 minutes, Δt:  13.87, CFL: 9.00e-01
i:     400, sim time:      4813 (0.08 T_f), wall: 1.794 minutes, Δt:  13.80, CFL: 9.00e-01
i:     500, sim time:      6065 (0.10 T_f), wall: 1.854 minutes, Δt:  12.97, CFL: 9.00e-01
i:     600, sim time:      7246 (0.12 T_f), wall: 1.903 minutes, Δt:  12.05, CFL: 9.00e-01
i:     700, sim time:      8412 (0.13 T_f), wall: 1.958 minutes, Δt:  12.65, CFL: 9.00e-01
i:     800, sim time:      9536 (0.15 T_f), wall: 2.007 minutes, Δt:  11.96, CFL: 9.00e-01
i:     900, sim time:     10600 (0.17 T_f), wall: 2.056 minutes, Δt:  11.31, CFL: 9.00e-01
i:    1000, sim time:     11688 (0.19 T_f), wall: 2.110 minutes, Δt:  11.88, CFL: 9.00e-01
i:    1100, sim time:     12792 (0.20 T_f), wall: 2.159 minutes, Δt:  11.45, CFL: 9.00e-01
i:    1200, sim time:     13837 (0.22 T_f), wall: 2.210 minutes, Δt:  10.78, CFL: 9.00e-01
i:    1300, sim time:     14879 (0.24 T_f), wall: 2.256 minutes, Δt:  11.38, CFL: 9.00e-01
i:    1400, sim time:     15957 (0.25 T_f), wall: 2.307 minutes, Δt:  11.27, CFL: 9.00e-01
i:    1500, sim time:     17011 (0.27 T_f), wall: 2.363 minutes, Δt:  11.33, CFL: 9.00e-01
i:    1600, sim time:     18022 (0.29 T_f), wall: 2.410 minutes, Δt:  11.16, CFL: 9.00e-01
i:    1700, sim time:     19033 (0.30 T_f), wall: 2.461 minutes, Δt:  10.93, CFL: 9.00e-01
i:    1800, sim time:     20031 (0.32 T_f), wall: 2.510 minutes, Δt:  10.46, CFL: 9.00e-01
i:    1900, sim time:     21011 (0.33 T_f), wall: 2.561 minutes, Δt:  10.39, CFL: 9.00e-01
i:    2000, sim time:     21974 (0.35 T_f), wall: 2.611 minutes, Δt:  10.25, CFL: 9.00e-01
i:    2100, sim time:     22964 (0.37 T_f), wall: 2.666 minutes, Δt:  10.58, CFL: 9.00e-01
i:    2200, sim time:     23943 (0.38 T_f), wall: 2.714 minutes, Δt:  10.28, CFL: 9.00e-01
i:    2300, sim time:     24932 (0.40 T_f), wall: 2.770 minutes, Δt:  10.74, CFL: 9.00e-01
i:    2400, sim time:     25921 (0.41 T_f), wall: 2.818 minutes, Δt:  10.56, CFL: 9.00e-01
i:    2500, sim time:     26910 (0.43 T_f), wall: 2.865 minutes, Δt:  10.40, CFL: 9.00e-01
i:    2600, sim time:     27841 (0.44 T_f), wall: 2.912 minutes, Δt:  10.08, CFL: 9.00e-01
i:    2700, sim time:     28800 (0.46 T_f), wall: 2.959 minutes, Δt:   9.98, CFL: 9.00e-01
i:    2800, sim time:     29730 (0.47 T_f), wall: 3.010 minutes, Δt:  10.11, CFL: 9.00e-01
i:    2900, sim time:     30668 (0.49 T_f), wall: 3.058 minutes, Δt:   9.73, CFL: 9.00e-01
i:    3000, sim time:     31576 (0.50 T_f), wall: 3.105 minutes, Δt:   9.38, CFL: 9.00e-01
i:    3100, sim time:     32478 (0.52 T_f), wall: 3.151 minutes, Δt:   9.93, CFL: 9.00e-01
i:    3200, sim time:     33398 (0.53 T_f), wall: 3.196 minutes, Δt:   9.97, CFL: 9.00e-01
i:    3300, sim time:     34300 (0.55 T_f), wall: 3.242 minutes, Δt:   9.89, CFL: 9.00e-01
i:    3400, sim time:     35200 (0.56 T_f), wall: 3.291 minutes, Δt:  10.07, CFL: 9.00e-01
i:    3500, sim time:     36120 (0.57 T_f), wall: 3.339 minutes, Δt:   9.96, CFL: 9.00e-01
i:    3600, sim time:     37029 (0.59 T_f), wall: 3.386 minutes, Δt:   9.79, CFL: 9.00e-01
i:    3700, sim time:     37938 (0.60 T_f), wall: 3.432 minutes, Δt:   9.63, CFL: 9.00e-01
i:    3800, sim time:     38836 (0.62 T_f), wall: 3.486 minutes, Δt:   9.15, CFL: 9.00e-01
i:    3900, sim time:     39710 (0.63 T_f), wall: 3.532 minutes, Δt:   9.71, CFL: 9.00e-01
i:    4000, sim time:     40610 (0.65 T_f), wall: 3.581 minutes, Δt:   9.81, CFL: 9.00e-01
i:    4100, sim time:     41509 (0.66 T_f), wall: 3.626 minutes, Δt:   9.25, CFL: 9.00e-01
i:    4200, sim time:     42410 (0.67 T_f), wall: 3.676 minutes, Δt:   9.74, CFL: 9.00e-01
i:    4300, sim time:     43332 (0.69 T_f), wall: 3.722 minutes, Δt:  10.08, CFL: 9.00e-01
i:    4400, sim time:     44284 (0.70 T_f), wall: 3.771 minutes, Δt:   9.75, CFL: 9.00e-01
i:    4500, sim time:     45198 (0.72 T_f), wall: 3.817 minutes, Δt:   9.86, CFL: 9.00e-01
i:    4600, sim time:     46098 (0.73 T_f), wall: 3.864 minutes, Δt:   9.81, CFL: 9.00e-01
i:    4700, sim time:     46992 (0.75 T_f), wall: 3.911 minutes, Δt:   9.47, CFL: 9.00e-01
i:    4800, sim time:     47910 (0.76 T_f), wall: 3.957 minutes, Δt:   9.95, CFL: 9.00e-01
i:    4900, sim time:     48810 (0.78 T_f), wall: 4.008 minutes, Δt:   9.42, CFL: 9.00e-01
i:    5000, sim time:     49697 (0.79 T_f), wall: 4.053 minutes, Δt:   9.37, CFL: 9.00e-01
i:    5100, sim time:     50593 (0.81 T_f), wall: 4.098 minutes, Δt:   9.50, CFL: 9.00e-01
i:    5200, sim time:     51500 (0.82 T_f), wall: 4.144 minutes, Δt:   9.77, CFL: 9.00e-01
i:    5300, sim time:     52400 (0.83 T_f), wall: 4.190 minutes, Δt:   9.45, CFL: 9.00e-01
i:    5400, sim time:     53300 (0.85 T_f), wall: 4.242 minutes, Δt:   9.82, CFL: 9.00e-01
i:    5500, sim time:     54200 (0.86 T_f), wall: 4.288 minutes, Δt:   9.93, CFL: 9.00e-01
i:    5600, sim time:     55171 (0.88 T_f), wall: 4.335 minutes, Δt:  10.09, CFL: 9.00e-01
i:    5700, sim time:     56095 (0.89 T_f), wall: 4.391 minutes, Δt:   9.78, CFL: 9.00e-01
i:    5800, sim time:     56997 (0.91 T_f), wall: 4.438 minutes, Δt:   9.71, CFL: 9.00e-01
i:    5900, sim time:     57900 (0.92 T_f), wall: 4.487 minutes, Δt:  10.20, CFL: 9.00e-01
i:    6000, sim time:     58819 (0.94 T_f), wall: 4.535 minutes, Δt:   9.88, CFL: 9.00e-01
i:    6100, sim time:     59747 (0.95 T_f), wall: 4.585 minutes, Δt:   9.65, CFL: 9.00e-01
i:    6200, sim time:     60641 (0.97 T_f), wall: 4.630 minutes, Δt:   9.78, CFL: 9.00e-01
i:    6300, sim time:     61554 (0.98 T_f), wall: 4.678 minutes, Δt:   9.87, CFL: 9.00e-01
i:    6400, sim time:     62486 (0.99 T_f), wall: 4.725 minutes, Δt:   9.71, CFL: 9.00e-01
i:    6500, sim time:     63420 (1.01 T_f), wall: 4.776 minutes, Δt:  10.12, CFL: 9.00e-01
i:    6600, sim time:     64338 (1.02 T_f), wall: 4.827 minutes, Δt:   9.45, CFL: 9.00e-01
i:    6700, sim time:     65270 (1.04 T_f), wall: 4.875 minutes, Δt:   9.92, CFL: 9.00e-01
i:    6800, sim time:     66220 (1.05 T_f), wall: 4.927 minutes, Δt:  10.34, CFL: 9.00e-01
i:    6900, sim time:     67179 (1.07 T_f), wall: 4.975 minutes, Δt:   9.83, CFL: 9.00e-01
i:    7000, sim time:     68131 (1.08 T_f), wall: 5.028 minutes, Δt:  10.25, CFL: 9.00e-01
i:    7100, sim time:     69090 (1.10 T_f), wall: 5.077 minutes, Δt:  10.06, CFL: 9.00e-01
i:    7200, sim time:     70062 (1.12 T_f), wall: 5.127 minutes, Δt:   9.94, CFL: 9.00e-01
i:    7300, sim time:     71019 (1.13 T_f), wall: 5.175 minutes, Δt:   9.69, CFL: 9.00e-01
i:    7400, sim time:     71957 (1.15 T_f), wall: 5.221 minutes, Δt:  10.08, CFL: 9.00e-01
i:    7500, sim time:     72910 (1.16 T_f), wall: 5.269 minutes, Δt:   9.83, CFL: 9.00e-01
i:    7600, sim time:     73871 (1.18 T_f), wall: 5.316 minutes, Δt:   9.99, CFL: 9.00e-01
i:    7700, sim time:     74810 (1.19 T_f), wall: 5.367 minutes, Δt:  10.03, CFL: 9.00e-01
i:    7800, sim time:     75729 (1.21 T_f), wall: 5.413 minutes, Δt:   9.95, CFL: 9.00e-01
i:    7900, sim time:     76688 (1.22 T_f), wall: 5.459 minutes, Δt:  10.10, CFL: 9.00e-01
i:    8000, sim time:     77662 (1.24 T_f), wall: 5.513 minutes, Δt:  10.35, CFL: 9.00e-01
i:    8100, sim time:     78641 (1.25 T_f), wall: 5.587 minutes, Δt:  10.55, CFL: 9.00e-01
i:    8200, sim time:     79610 (1.27 T_f), wall: 5.634 minutes, Δt:   9.58, CFL: 9.00e-01
i:    8300, sim time:     80552 (1.28 T_f), wall: 5.681 minutes, Δt:  10.11, CFL: 9.00e-01
i:    8400, sim time:     81500 (1.30 T_f), wall: 5.730 minutes, Δt:   9.92, CFL: 9.00e-01
i:    8500, sim time:     82483 (1.31 T_f), wall: 5.778 minutes, Δt:  10.45, CFL: 9.00e-01
i:    8600, sim time:     83469 (1.33 T_f), wall: 5.827 minutes, Δt:   9.57, CFL: 9.00e-01
i:    8700, sim time:     84400 (1.34 T_f), wall: 5.874 minutes, Δt:  10.25, CFL: 9.00e-01
i:    8800, sim time:     85330 (1.36 T_f), wall: 5.936 minutes, Δt:  10.00, CFL: 9.00e-01
i:    8900, sim time:     86271 (1.37 T_f), wall: 5.986 minutes, Δt:  10.05, CFL: 9.00e-01
i:    9000, sim time:     87198 (1.39 T_f), wall: 6.032 minutes, Δt:   9.30, CFL: 9.00e-01
i:    9100, sim time:     88162 (1.40 T_f), wall: 6.084 minutes, Δt:  10.23, CFL: 9.00e-01
i:    9200, sim time:     89110 (1.42 T_f), wall: 6.169 minutes, Δt:   9.82, CFL: 9.00e-01
i:    9300, sim time:     90083 (1.43 T_f), wall: 6.218 minutes, Δt:  10.21, CFL: 9.00e-01
i:    9400, sim time:     91040 (1.45 T_f), wall: 6.268 minutes, Δt:   9.86, CFL: 9.00e-01
i:    9500, sim time:     91979 (1.46 T_f), wall: 6.315 minutes, Δt:   9.72, CFL: 9.00e-01
i:    9600, sim time:     92859 (1.48 T_f), wall: 6.364 minutes, Δt:   9.91, CFL: 9.00e-01
i:    9700, sim time:     93787 (1.49 T_f), wall: 6.411 minutes, Δt:  10.03, CFL: 9.00e-01
i:    9800, sim time:     94720 (1.51 T_f), wall: 6.460 minutes, Δt:   9.72, CFL: 9.00e-01
i:    9900, sim time:     95641 (1.52 T_f), wall: 6.510 minutes, Δt:  10.22, CFL: 9.00e-01
i:   10000, sim time:     96559 (1.54 T_f), wall: 6.558 minutes, Δt:   9.87, CFL: 9.00e-01
i:   10100, sim time:     97449 (1.55 T_f), wall: 6.610 minutes, Δt:  10.22, CFL: 9.00e-01
i:   10200, sim time:     98381 (1.57 T_f), wall: 6.658 minutes, Δt:  10.01, CFL: 9.00e-01
i:   10300, sim time:     99290 (1.58 T_f), wall: 6.718 minutes, Δt:   9.63, CFL: 9.00e-01
i:   10400, sim time:    100175 (1.59 T_f), wall: 6.765 minutes, Δt:   9.08, CFL: 9.00e-01
i:   10500, sim time:    101074 (1.61 T_f), wall: 6.813 minutes, Δt:   8.97, CFL: 9.00e-01
i:   10600, sim time:    101979 (1.62 T_f), wall: 6.862 minutes, Δt:   9.94, CFL: 9.00e-01
i:   10700, sim time:    102877 (1.64 T_f), wall: 6.910 minutes, Δt:   9.67, CFL: 9.00e-01
i:   10800, sim time:    103810 (1.65 T_f), wall: 6.961 minutes, Δt:  10.10, CFL: 9.00e-01
i:   10900, sim time:    104759 (1.67 T_f), wall: 7.012 minutes, Δt:   9.91, CFL: 9.00e-01
i:   11000, sim time:    105710 (1.68 T_f), wall: 7.060 minutes, Δt:   9.68, CFL: 9.00e-01
i:   11100, sim time:    106609 (1.70 T_f), wall: 7.109 minutes, Δt:   9.64, CFL: 9.00e-01
i:   11200, sim time:    107491 (1.71 T_f), wall: 7.157 minutes, Δt:   8.64, CFL: 9.00e-01
i:   11300, sim time:    108400 (1.73 T_f), wall: 7.205 minutes, Δt:  10.21, CFL: 9.00e-01
i:   11400, sim time:    109329 (1.74 T_f), wall: 7.258 minutes, Δt:   9.95, CFL: 9.00e-01
i:   11500, sim time:    110244 (1.75 T_f), wall: 7.312 minutes, Δt:   9.67, CFL: 9.00e-01
i:   11600, sim time:    111200 (1.77 T_f), wall: 7.388 minutes, Δt:   9.99, CFL: 9.00e-01
i:   11700, sim time:    112083 (1.78 T_f), wall: 7.438 minutes, Δt:   9.58, CFL: 9.00e-01
i:   11800, sim time:    112994 (1.80 T_f), wall: 7.486 minutes, Δt:   9.78, CFL: 9.00e-01
i:   11900, sim time:    113898 (1.81 T_f), wall: 7.535 minutes, Δt:  10.06, CFL: 9.00e-01
i:   12000, sim time:    114797 (1.83 T_f), wall: 7.584 minutes, Δt:   9.90, CFL: 9.00e-01
i:   12100, sim time:    115694 (1.84 T_f), wall: 7.634 minutes, Δt:   9.63, CFL: 9.00e-01
i:   12200, sim time:    116595 (1.86 T_f), wall: 7.683 minutes, Δt:   9.67, CFL: 9.00e-01
i:   12300, sim time:    117500 (1.87 T_f), wall: 7.739 minutes, Δt:   9.86, CFL: 9.00e-01
i:   12400, sim time:    118397 (1.88 T_f), wall: 7.786 minutes, Δt:   9.46, CFL: 9.00e-01
i:   12500, sim time:    119300 (1.90 T_f), wall: 7.859 minutes, Δt:   9.67, CFL: 9.00e-01
i:   12600, sim time:    120200 (1.91 T_f), wall: 7.908 minutes, Δt:  10.11, CFL: 9.00e-01
i:   12700, sim time:    121148 (1.93 T_f), wall: 7.960 minutes, Δt:   9.55, CFL: 9.00e-01
i:   12800, sim time:    122077 (1.94 T_f), wall: 8.010 minutes, Δt:   9.87, CFL: 9.00e-01
i:   12900, sim time:    123041 (1.96 T_f), wall: 8.059 minutes, Δt:  10.13, CFL: 9.00e-01
i:   13000, sim time:    123957 (1.97 T_f), wall: 8.110 minutes, Δt:   9.53, CFL: 9.00e-01
i:   13100, sim time:    124870 (1.99 T_f), wall: 8.159 minutes, Δt:  10.35, CFL: 9.00e-01
i:   13200, sim time:    125829 (2.00 T_f), wall: 8.208 minutes, Δt:   9.66, CFL: 9.00e-01
i:   13300, sim time:    126729 (2.02 T_f), wall: 8.256 minutes, Δt:   9.56, CFL: 9.00e-01
i:   13400, sim time:    127669 (2.03 T_f), wall: 8.305 minutes, Δt:   9.79, CFL: 9.00e-01
i:   13500, sim time:    128577 (2.05 T_f), wall: 8.351 minutes, Δt:   9.40, CFL: 9.00e-01
i:   13600, sim time:    129500 (2.06 T_f), wall: 8.401 minutes, Δt:  10.44, CFL: 9.00e-01
i:   13700, sim time:    130483 (2.08 T_f), wall: 8.454 minutes, Δt:  10.47, CFL: 9.00e-01
i:   13800, sim time:    131429 (2.09 T_f), wall: 8.505 minutes, Δt:   9.61, CFL: 9.00e-01
i:   13900, sim time:    132392 (2.11 T_f), wall: 8.565 minutes, Δt:  10.33, CFL: 9.00e-01
i:   14000, sim time:    133349 (2.12 T_f), wall: 8.615 minutes, Δt:   9.61, CFL: 9.00e-01
i:   14100, sim time:    134260 (2.14 T_f), wall: 8.668 minutes, Δt:   9.88, CFL: 9.00e-01
i:   14200, sim time:    135191 (2.15 T_f), wall: 8.716 minutes, Δt:   9.87, CFL: 9.00e-01
i:   14300, sim time:    136129 (2.17 T_f), wall: 8.765 minutes, Δt:  10.14, CFL: 9.00e-01
i:   14400, sim time:    137110 (2.18 T_f), wall: 8.819 minutes, Δt:  10.18, CFL: 9.00e-01
i:   14500, sim time:    138081 (2.20 T_f), wall: 8.872 minutes, Δt:  10.09, CFL: 9.00e-01
i:   14600, sim time:    139060 (2.21 T_f), wall: 8.922 minutes, Δt:  10.12, CFL: 9.00e-01
i:   14700, sim time:    140041 (2.23 T_f), wall: 8.975 minutes, Δt:  10.32, CFL: 9.00e-01
i:   14800, sim time:    141000 (2.24 T_f), wall: 9.024 minutes, Δt:  10.16, CFL: 9.00e-01
i:   14900, sim time:    141970 (2.26 T_f), wall: 9.073 minutes, Δt:  10.54, CFL: 9.00e-01
i:   15000, sim time:    142910 (2.27 T_f), wall: 9.126 minutes, Δt:   9.93, CFL: 9.00e-01
i:   15100, sim time:    143832 (2.29 T_f), wall: 9.196 minutes, Δt:   9.98, CFL: 9.00e-01
i:   15200, sim time:    144810 (2.30 T_f), wall: 9.250 minutes, Δt:  10.18, CFL: 9.00e-01
i:   15300, sim time:    145751 (2.32 T_f), wall: 9.300 minutes, Δt:  10.16, CFL: 9.00e-01
i:   15400, sim time:    146658 (2.33 T_f), wall: 9.349 minutes, Δt:   9.91, CFL: 9.00e-01
i:   15500, sim time:    147600 (2.35 T_f), wall: 9.402 minutes, Δt:  10.22, CFL: 9.00e-01
i:   15600, sim time:    148522 (2.36 T_f), wall: 9.451 minutes, Δt:  10.23, CFL: 9.00e-01
i:   15700, sim time:    149449 (2.38 T_f), wall: 9.504 minutes, Δt:  10.09, CFL: 9.00e-01
i:   15800, sim time:    150400 (2.39 T_f), wall: 9.558 minutes, Δt:   9.94, CFL: 9.00e-01
i:   15900, sim time:    151341 (2.41 T_f), wall: 9.611 minutes, Δt:   9.67, CFL: 9.00e-01
i:   16000, sim time:    152260 (2.42 T_f), wall: 9.659 minutes, Δt:  10.03, CFL: 9.00e-01
i:   16100, sim time:    153210 (2.44 T_f), wall: 9.709 minutes, Δt:  10.08, CFL: 9.00e-01
i:   16200, sim time:    154140 (2.45 T_f), wall: 9.766 minutes, Δt:   9.86, CFL: 9.00e-01
i:   16300, sim time:    155058 (2.47 T_f), wall: 9.818 minutes, Δt:   9.84, CFL: 9.00e-01
i:   16400, sim time:    156000 (2.48 T_f), wall: 9.870 minutes, Δt:  10.06, CFL: 9.00e-01
i:   16500, sim time:    156910 (2.50 T_f), wall: 9.919 minutes, Δt:   9.80, CFL: 9.00e-01
i:   16600, sim time:    157849 (2.51 T_f), wall: 9.976 minutes, Δt:   9.82, CFL: 9.00e-01
i:   16700, sim time:    158790 (2.53 T_f), wall: 10.029 minutes, Δt:   9.55, CFL: 9.00e-01
i:   16800, sim time:    159700 (2.54 T_f), wall: 10.081 minutes, Δt:   9.97, CFL: 9.00e-01
i:   16900, sim time:    160629 (2.56 T_f), wall: 10.134 minutes, Δt:   9.86, CFL: 9.00e-01
i:   17000, sim time:    161571 (2.57 T_f), wall: 10.181 minutes, Δt:  10.18, CFL: 9.00e-01
i:   17100, sim time:    162520 (2.59 T_f), wall: 10.234 minutes, Δt:   9.74, CFL: 9.00e-01
i:   17200, sim time:    163449 (2.60 T_f), wall: 10.286 minutes, Δt:   9.79, CFL: 9.00e-01
i:   17300, sim time:    164381 (2.62 T_f), wall: 10.336 minutes, Δt:  10.26, CFL: 9.00e-01
i:   17400, sim time:    165294 (2.63 T_f), wall: 10.386 minutes, Δt:   9.63, CFL: 9.00e-01
i:   17500, sim time:    166210 (2.65 T_f), wall: 10.438 minutes, Δt:   9.97, CFL: 9.00e-01
i:   17600, sim time:    167110 (2.66 T_f), wall: 10.488 minutes, Δt:  10.29, CFL: 9.00e-01
i:   17700, sim time:    168030 (2.67 T_f), wall: 10.540 minutes, Δt:  10.18, CFL: 9.00e-01
i:   17800, sim time:    168961 (2.69 T_f), wall: 10.589 minutes, Δt:   9.74, CFL: 9.00e-01
i:   17900, sim time:    169921 (2.70 T_f), wall: 10.641 minutes, Δt:  10.34, CFL: 9.00e-01
i:   18000, sim time:    170865 (2.72 T_f), wall: 10.693 minutes, Δt:   9.86, CFL: 9.00e-01
i:   18100, sim time:    171810 (2.73 T_f), wall: 10.747 minutes, Δt:  10.16, CFL: 9.00e-01
i:   18200, sim time:    172779 (2.75 T_f), wall: 10.795 minutes, Δt:   9.91, CFL: 9.00e-01
i:   18300, sim time:    173710 (2.76 T_f), wall: 10.845 minutes, Δt:  10.08, CFL: 9.00e-01
i:   18400, sim time:    174651 (2.78 T_f), wall: 10.895 minutes, Δt:  10.21, CFL: 9.00e-01
i:   18500, sim time:    175597 (2.79 T_f), wall: 10.946 minutes, Δt:   9.98, CFL: 9.00e-01
i:   18600, sim time:    176500 (2.81 T_f), wall: 10.996 minutes, Δt:  10.24, CFL: 9.00e-01
i:   18700, sim time:    177430 (2.82 T_f), wall: 11.046 minutes, Δt:  10.08, CFL: 9.00e-01
i:   18800, sim time:    178381 (2.84 T_f), wall: 11.095 minutes, Δt:   9.62, CFL: 9.00e-01
i:   18900, sim time:    179290 (2.85 T_f), wall: 11.144 minutes, Δt:  10.15, CFL: 9.00e-01
i:   19000, sim time:    180210 (2.87 T_f), wall: 11.197 minutes, Δt:  10.21, CFL: 9.00e-01
i:   19100, sim time:    181118 (2.88 T_f), wall: 11.247 minutes, Δt:   9.18, CFL: 9.00e-01
i:   19200, sim time:    182031 (2.90 T_f), wall: 11.300 minutes, Δt:  10.21, CFL: 9.00e-01
i:   19300, sim time:    183000 (2.91 T_f), wall: 11.348 minutes, Δt:   9.86, CFL: 9.00e-01
i:   19400, sim time:    183970 (2.93 T_f), wall: 11.402 minutes, Δt:  10.02, CFL: 9.00e-01
i:   19500, sim time:    184910 (2.94 T_f), wall: 11.453 minutes, Δt:   9.77, CFL: 9.00e-01
i:   19600, sim time:    185883 (2.96 T_f), wall: 11.502 minutes, Δt:  10.25, CFL: 9.00e-01
i:   19700, sim time:    186830 (2.97 T_f), wall: 11.552 minutes, Δt:  10.29, CFL: 9.00e-01
i:   19800, sim time:    187772 (2.99 T_f), wall: 11.600 minutes, Δt:   9.93, CFL: 9.00e-01
i:   19900, sim time:    188744 (3.00 T_f), wall: 11.664 minutes, Δt:   9.92, CFL: 9.00e-01
i:   20000, sim time:    189656 (3.02 T_f), wall: 11.715 minutes, Δt:   9.54, CFL: 9.00e-01
i:   20100, sim time:    190558 (3.03 T_f), wall: 11.766 minutes, Δt:   9.81, CFL: 9.00e-01
i:   20200, sim time:    191451 (3.05 T_f), wall: 11.819 minutes, Δt:  10.27, CFL: 9.00e-01
i:   20300, sim time:    192380 (3.06 T_f), wall: 11.869 minutes, Δt:  10.25, CFL: 9.00e-01
i:   20400, sim time:    193339 (3.08 T_f), wall: 11.922 minutes, Δt:   9.80, CFL: 9.00e-01
i:   20500, sim time:    194291 (3.09 T_f), wall: 11.971 minutes, Δt:   9.97, CFL: 9.00e-01
i:   20600, sim time:    195200 (3.11 T_f), wall: 12.017 minutes, Δt:  10.12, CFL: 9.00e-01
i:   20700, sim time:    196140 (3.12 T_f), wall: 12.075 minutes, Δt:   9.80, CFL: 9.00e-01
i:   20800, sim time:    197100 (3.14 T_f), wall: 12.123 minutes, Δt:  10.05, CFL: 9.00e-01
i:   20900, sim time:    198031 (3.15 T_f), wall: 12.174 minutes, Δt:  10.30, CFL: 9.00e-01
i:   21000, sim time:    198978 (3.17 T_f), wall: 12.223 minutes, Δt:   9.90, CFL: 9.00e-01
i:   21100, sim time:    199941 (3.18 T_f), wall: 12.273 minutes, Δt:  10.06, CFL: 9.00e-01
i:   21200, sim time:    200878 (3.20 T_f), wall: 12.322 minutes, Δt:   9.79, CFL: 9.00e-01
i:   21300, sim time:    201767 (3.21 T_f), wall: 12.395 minutes, Δt:   9.50, CFL: 9.00e-01
i:   21400, sim time:    202684 (3.23 T_f), wall: 12.446 minutes, Δt:   9.39, CFL: 9.00e-01
i:   21500, sim time:    203610 (3.24 T_f), wall: 12.497 minutes, Δt:   9.56, CFL: 9.00e-01
i:   21600, sim time:    204510 (3.25 T_f), wall: 12.549 minutes, Δt:   9.90, CFL: 9.00e-01
i:   21700, sim time:    205419 (3.27 T_f), wall: 12.601 minutes, Δt:   9.73, CFL: 9.00e-01
i:   21800, sim time:    206310 (3.28 T_f), wall: 12.649 minutes, Δt:  10.01, CFL: 9.00e-01
i:   21900, sim time:    207230 (3.30 T_f), wall: 12.699 minutes, Δt:   9.87, CFL: 9.00e-01
i:   22000, sim time:    208182 (3.31 T_f), wall: 12.748 minutes, Δt:   9.58, CFL: 9.00e-01
i:   22100, sim time:    209079 (3.33 T_f), wall: 12.798 minutes, Δt:   9.80, CFL: 9.00e-01
i:   22200, sim time:    209987 (3.34 T_f), wall: 12.849 minutes, Δt:   9.71, CFL: 9.00e-01
i:   22300, sim time:    210939 (3.36 T_f), wall: 12.903 minutes, Δt:   9.79, CFL: 9.00e-01
i:   22400, sim time:    211850 (3.37 T_f), wall: 12.954 minutes, Δt:   9.87, CFL: 9.00e-01
i:   22500, sim time:    212745 (3.39 T_f), wall: 13.007 minutes, Δt:   8.82, CFL: 9.00e-01
i:   22600, sim time:    213629 (3.40 T_f), wall: 13.060 minutes, Δt:   9.86, CFL: 9.00e-01
i:   22700, sim time:    214540 (3.41 T_f), wall: 13.108 minutes, Δt:   9.71, CFL: 9.00e-01
i:   22800, sim time:    215413 (3.43 T_f), wall: 13.158 minutes, Δt:   9.38, CFL: 9.00e-01
i:   22900, sim time:    216346 (3.44 T_f), wall: 13.213 minutes, Δt:  10.31, CFL: 9.00e-01
i:   23000, sim time:    217268 (3.46 T_f), wall: 13.266 minutes, Δt:   9.62, CFL: 9.00e-01
i:   23100, sim time:    218181 (3.47 T_f), wall: 13.323 minutes, Δt:   9.98, CFL: 9.00e-01
i:   23200, sim time:    219139 (3.49 T_f), wall: 13.385 minutes, Δt:   9.54, CFL: 9.00e-01
i:   23300, sim time:    220039 (3.50 T_f), wall: 13.439 minutes, Δt:   9.75, CFL: 9.00e-01
i:   23400, sim time:    220939 (3.52 T_f), wall: 13.491 minutes, Δt:   9.89, CFL: 9.00e-01
i:   23500, sim time:    221838 (3.53 T_f), wall: 13.545 minutes, Δt:   9.48, CFL: 9.00e-01
i:   23600, sim time:    222750 (3.55 T_f), wall: 13.603 minutes, Δt:   9.66, CFL: 9.00e-01
i:   23700, sim time:    223639 (3.56 T_f), wall: 13.660 minutes, Δt:   9.75, CFL: 9.00e-01
i:   23800, sim time:    224530 (3.57 T_f), wall: 13.714 minutes, Δt:   9.95, CFL: 9.00e-01
i:   23900, sim time:    225430 (3.59 T_f), wall: 13.766 minutes, Δt:  10.09, CFL: 9.00e-01
i:   24000, sim time:    226356 (3.60 T_f), wall: 13.819 minutes, Δt:   9.66, CFL: 9.00e-01
i:   24100, sim time:    227282 (3.62 T_f), wall: 13.874 minutes, Δt:  10.51, CFL: 9.00e-01
i:   24200, sim time:    228240 (3.63 T_f), wall: 13.934 minutes, Δt:  10.00, CFL: 9.00e-01
i:   24300, sim time:    229183 (3.65 T_f), wall: 13.988 minutes, Δt:  10.42, CFL: 9.00e-01
i:   24400, sim time:    230161 (3.66 T_f), wall: 14.074 minutes, Δt:  10.22, CFL: 9.00e-01
i:   24500, sim time:    231114 (3.68 T_f), wall: 14.129 minutes, Δt:   9.98, CFL: 9.00e-01
i:   24600, sim time:    232056 (3.69 T_f), wall: 14.183 minutes, Δt:  10.31, CFL: 9.00e-01
i:   24700, sim time:    233020 (3.71 T_f), wall: 14.240 minutes, Δt:   9.84, CFL: 9.00e-01
i:   24800, sim time:    233981 (3.72 T_f), wall: 14.295 minutes, Δt:   9.91, CFL: 9.00e-01
i:   24900, sim time:    234910 (3.74 T_f), wall: 14.358 minutes, Δt:  10.01, CFL: 9.00e-01
i:   25000, sim time:    235896 (3.75 T_f), wall: 14.422 minutes, Δt:   9.98, CFL: 9.00e-01
i:   25100, sim time:    236795 (3.77 T_f), wall: 14.482 minutes, Δt:   9.80, CFL: 9.00e-01
i:   25200, sim time:    237720 (3.78 T_f), wall: 14.536 minutes, Δt:  10.05, CFL: 9.00e-01
i:   25300, sim time:    238640 (3.80 T_f), wall: 14.593 minutes, Δt:  10.16, CFL: 9.00e-01
i:   25400, sim time:    239582 (3.81 T_f), wall: 14.645 minutes, Δt:   9.76, CFL: 9.00e-01
i:   25500, sim time:    240486 (3.83 T_f), wall: 14.705 minutes, Δt:   9.54, CFL: 9.00e-01
i:   25600, sim time:    241387 (3.84 T_f), wall: 14.764 minutes, Δt:   9.67, CFL: 9.00e-01
i:   25700, sim time:    242290 (3.86 T_f), wall: 14.819 minutes, Δt:   9.96, CFL: 9.00e-01
i:   25800, sim time:    243200 (3.87 T_f), wall: 14.873 minutes, Δt:   9.80, CFL: 9.00e-01
i:   25900, sim time:    244120 (3.89 T_f), wall: 14.930 minutes, Δt:  10.09, CFL: 9.00e-01
i:   26000, sim time:    245060 (3.90 T_f), wall: 14.981 minutes, Δt:  10.12, CFL: 9.00e-01
i:   26100, sim time:    246000 (3.92 T_f), wall: 15.033 minutes, Δt:  10.27, CFL: 9.00e-01
i:   26200, sim time:    246940 (3.93 T_f), wall: 15.088 minutes, Δt:  10.00, CFL: 9.00e-01
i:   26300, sim time:    247881 (3.95 T_f), wall: 15.145 minutes, Δt:  10.19, CFL: 9.00e-01
i:   26400, sim time:    248810 (3.96 T_f), wall: 15.199 minutes, Δt:  10.01, CFL: 9.00e-01
i:   26500, sim time:    249742 (3.97 T_f), wall: 15.255 minutes, Δt:  10.26, CFL: 9.00e-01
i:   26600, sim time:    250690 (3.99 T_f), wall: 15.315 minutes, Δt:   9.79, CFL: 9.00e-01
i:   26700, sim time:    251610 (4.00 T_f), wall: 15.369 minutes, Δt:   9.88, CFL: 9.00e-01
i:   26800, sim time:    252510 (4.02 T_f), wall: 15.424 minutes, Δt:   9.91, CFL: 9.00e-01
i:   26900, sim time:    253431 (4.03 T_f), wall: 15.479 minutes, Δt:  10.02, CFL: 9.00e-01
i:   27000, sim time:    254378 (4.05 T_f), wall: 15.532 minutes, Δt:   9.64, CFL: 9.00e-01
i:   27100, sim time:    255329 (4.06 T_f), wall: 15.589 minutes, Δt:   9.67, CFL: 9.00e-01
i:   27200, sim time:    256285 (4.08 T_f), wall: 15.645 minutes, Δt:  10.16, CFL: 9.00e-01
i:   27300, sim time:    257210 (4.09 T_f), wall: 15.697 minutes, Δt:   9.79, CFL: 9.00e-01
i:   27400, sim time:    258108 (4.11 T_f), wall: 15.746 minutes, Δt:   9.89, CFL: 9.00e-01
i:   27500, sim time:    259060 (4.12 T_f), wall: 15.801 minutes, Δt:   9.90, CFL: 9.00e-01
i:   27600, sim time:    259957 (4.14 T_f), wall: 15.853 minutes, Δt:   9.67, CFL: 9.00e-01
i:   27700, sim time:    260856 (4.15 T_f), wall: 15.909 minutes, Δt:   9.49, CFL: 9.00e-01
i:   27800, sim time:    261780 (4.17 T_f), wall: 15.961 minutes, Δt:   9.93, CFL: 9.00e-01
i:   27900, sim time:    262680 (4.18 T_f), wall: 16.018 minutes, Δt:   9.99, CFL: 9.00e-01
i:   28000, sim time:    263639 (4.20 T_f), wall: 16.077 minutes, Δt:   9.43, CFL: 9.00e-01
i:   28100, sim time:    264547 (4.21 T_f), wall: 16.134 minutes, Δt:   9.70, CFL: 9.00e-01
i:   28200, sim time:    265482 (4.23 T_f), wall: 16.185 minutes, Δt:  10.07, CFL: 9.00e-01
i:   28300, sim time:    266431 (4.24 T_f), wall: 16.240 minutes, Δt:  10.29, CFL: 9.00e-01
i:   28400, sim time:    267400 (4.26 T_f), wall: 16.289 minutes, Δt:   9.74, CFL: 9.00e-01
i:   28500, sim time:    268330 (4.27 T_f), wall: 16.342 minutes, Δt:   9.97, CFL: 9.00e-01
i:   28600, sim time:    269248 (4.29 T_f), wall: 16.396 minutes, Δt:   9.89, CFL: 9.00e-01
i:   28700, sim time:    270179 (4.30 T_f), wall: 16.446 minutes, Δt:   9.91, CFL: 9.00e-01
i:   28800, sim time:    271097 (4.31 T_f), wall: 16.503 minutes, Δt:   9.72, CFL: 9.00e-01
i:   28900, sim time:    272010 (4.33 T_f), wall: 16.556 minutes, Δt:  10.00, CFL: 9.00e-01
i:   29000, sim time:    272969 (4.34 T_f), wall: 16.618 minutes, Δt:   9.74, CFL: 9.00e-01
i:   29100, sim time:    273877 (4.36 T_f), wall: 16.669 minutes, Δt:   9.76, CFL: 9.00e-01
i:   29200, sim time:    274781 (4.37 T_f), wall: 16.722 minutes, Δt:  10.17, CFL: 9.00e-01
i:   29300, sim time:    275720 (4.39 T_f), wall: 16.775 minutes, Δt:  10.23, CFL: 9.00e-01
i:   29400, sim time:    276644 (4.40 T_f), wall: 16.832 minutes, Δt:   9.83, CFL: 9.00e-01
i:   29500, sim time:    277559 (4.42 T_f), wall: 16.883 minutes, Δt:   9.80, CFL: 9.00e-01
i:   29600, sim time:    278500 (4.43 T_f), wall: 16.939 minutes, Δt:   9.93, CFL: 9.00e-01
i:   29700, sim time:    279419 (4.45 T_f), wall: 17.003 minutes, Δt:   9.28, CFL: 9.00e-01
i:   29800, sim time:    280330 (4.46 T_f), wall: 17.059 minutes, Δt:   9.85, CFL: 9.00e-01
i:   29900, sim time:    281259 (4.48 T_f), wall: 17.112 minutes, Δt:   9.76, CFL: 9.00e-01
i:   30000, sim time:    282174 (4.49 T_f), wall: 17.166 minutes, Δt:   9.34, CFL: 9.00e-01
i:   30100, sim time:    283078 (4.51 T_f), wall: 17.219 minutes, Δt:   9.57, CFL: 9.00e-01
i:   30200, sim time:    283999 (4.52 T_f), wall: 17.276 minutes, Δt:  10.13, CFL: 9.00e-01
i:   30300, sim time:    284887 (4.53 T_f), wall: 17.332 minutes, Δt:   9.62, CFL: 9.00e-01
i:   30400, sim time:    285779 (4.55 T_f), wall: 17.389 minutes, Δt:  10.00, CFL: 9.00e-01
i:   30500, sim time:    286749 (4.56 T_f), wall: 17.450 minutes, Δt:  10.15, CFL: 9.00e-01
i:   30600, sim time:    287710 (4.58 T_f), wall: 17.503 minutes, Δt:  10.19, CFL: 9.00e-01
i:   30700, sim time:    288671 (4.59 T_f), wall: 17.556 minutes, Δt:  10.18, CFL: 9.00e-01
i:   30800, sim time:    289610 (4.61 T_f), wall: 17.612 minutes, Δt:   9.45, CFL: 9.00e-01
i:   30900, sim time:    290530 (4.62 T_f), wall: 17.668 minutes, Δt:  10.12, CFL: 9.00e-01
i:   31000, sim time:    291476 (4.64 T_f), wall: 17.725 minutes, Δt:   9.51, CFL: 9.00e-01
i:   31100, sim time:    292371 (4.65 T_f), wall: 17.781 minutes, Δt:   9.29, CFL: 9.00e-01
i:   31200, sim time:    293267 (4.67 T_f), wall: 17.832 minutes, Δt:   9.36, CFL: 9.00e-01
i:   31300, sim time:    294194 (4.68 T_f), wall: 17.884 minutes, Δt:   9.65, CFL: 9.00e-01
i:   31400, sim time:    295110 (4.70 T_f), wall: 17.945 minutes, Δt:  10.04, CFL: 9.00e-01
i:   31500, sim time:    296049 (4.71 T_f), wall: 17.999 minutes, Δt:   9.97, CFL: 9.00e-01
i:   31600, sim time:    296960 (4.73 T_f), wall: 18.050 minutes, Δt:   9.85, CFL: 9.00e-01
i:   31700, sim time:    297860 (4.74 T_f), wall: 18.108 minutes, Δt:  10.01, CFL: 9.00e-01
i:   31800, sim time:    298789 (4.76 T_f), wall: 18.160 minutes, Δt:  10.22, CFL: 9.00e-01
i:   31900, sim time:    299731 (4.77 T_f), wall: 18.220 minutes, Δt:   9.99, CFL: 9.00e-01
i:   32000, sim time:    300697 (4.79 T_f), wall: 18.274 minutes, Δt:   9.44, CFL: 9.00e-01
i:   32100, sim time:    301582 (4.80 T_f), wall: 18.327 minutes, Δt:   9.53, CFL: 9.00e-01
i:   32200, sim time:    302500 (4.81 T_f), wall: 18.381 minutes, Δt:   9.85, CFL: 9.00e-01
i:   32300, sim time:    303392 (4.83 T_f), wall: 18.431 minutes, Δt:   9.45, CFL: 9.00e-01
i:   32400, sim time:    304294 (4.84 T_f), wall: 18.486 minutes, Δt:   9.42, CFL: 9.00e-01
i:   32500, sim time:    305199 (4.86 T_f), wall: 18.538 minutes, Δt:   9.74, CFL: 9.00e-01
i:   32600, sim time:    306100 (4.87 T_f), wall: 18.594 minutes, Δt:  10.05, CFL: 9.00e-01
i:   32700, sim time:    307019 (4.89 T_f), wall: 18.653 minutes, Δt:   9.61, CFL: 9.00e-01
i:   32800, sim time:    307920 (4.90 T_f), wall: 18.706 minutes, Δt:   9.94, CFL: 9.00e-01
i:   32900, sim time:    308859 (4.92 T_f), wall: 18.759 minutes, Δt:   9.93, CFL: 9.00e-01
i:   33000, sim time:    309757 (4.93 T_f), wall: 18.810 minutes, Δt:   9.64, CFL: 9.00e-01
i:   33100, sim time:    310669 (4.94 T_f), wall: 18.863 minutes, Δt:   9.90, CFL: 9.00e-01
i:   33200, sim time:    311558 (4.96 T_f), wall: 18.914 minutes, Δt:   9.73, CFL: 9.00e-01
i:   33300, sim time:    312471 (4.97 T_f), wall: 18.969 minutes, Δt:  10.25, CFL: 9.00e-01
i:   33400, sim time:    313440 (4.99 T_f), wall: 19.026 minutes, Δt:  10.19, CFL: 9.00e-01
i:   33500, sim time:    314362 (5.00 T_f), wall: 19.086 minutes, Δt:   9.59, CFL: 9.00e-01
i:   33600, sim time:    315300 (5.02 T_f), wall: 19.141 minutes, Δt:  10.36, CFL: 9.00e-01
i:   33700, sim time:    316239 (5.03 T_f), wall: 19.196 minutes, Δt:   9.86, CFL: 9.00e-01
i:   33800, sim time:    317170 (5.05 T_f), wall: 19.248 minutes, Δt:   9.80, CFL: 9.00e-01
i:   33900, sim time:    318100 (5.06 T_f), wall: 19.301 minutes, Δt:   9.92, CFL: 9.00e-01
i:   34000, sim time:    319000 (5.08 T_f), wall: 19.355 minutes, Δt:   9.73, CFL: 9.00e-01
i:   34100, sim time:    319940 (5.09 T_f), wall: 19.407 minutes, Δt:  10.03, CFL: 9.00e-01
i:   34200, sim time:    320900 (5.11 T_f), wall: 19.462 minutes, Δt:  10.01, CFL: 9.00e-01
i:   34300, sim time:    321819 (5.12 T_f), wall: 19.518 minutes, Δt:   9.46, CFL: 9.00e-01
i:   34400, sim time:    322720 (5.14 T_f), wall: 19.573 minutes, Δt:  10.12, CFL: 9.00e-01
i:   34500, sim time:    323637 (5.15 T_f), wall: 19.628 minutes, Δt:   9.37, CFL: 9.00e-01
i:   34600, sim time:    324571 (5.17 T_f), wall: 19.683 minutes, Δt:  10.12, CFL: 9.00e-01
i:   34700, sim time:    325541 (5.18 T_f), wall: 19.742 minutes, Δt:  10.32, CFL: 9.00e-01
i:   34800, sim time:    326492 (5.20 T_f), wall: 19.795 minutes, Δt:  10.19, CFL: 9.00e-01
i:   34900, sim time:    327438 (5.21 T_f), wall: 19.849 minutes, Δt:   9.53, CFL: 9.00e-01
i:   35000, sim time:    328382 (5.23 T_f), wall: 19.900 minutes, Δt:  10.10, CFL: 9.00e-01
i:   35100, sim time:    329330 (5.24 T_f), wall: 19.959 minutes, Δt:  10.01, CFL: 9.00e-01
i:   35200, sim time:    330290 (5.26 T_f), wall: 20.016 minutes, Δt:   9.85, CFL: 9.00e-01
i:   35300, sim time:    331220 (5.27 T_f), wall: 20.071 minutes, Δt:  10.06, CFL: 9.00e-01
i:   35400, sim time:    332169 (5.29 T_f), wall: 20.120 minutes, Δt:   9.72, CFL: 9.00e-01
i:   35500, sim time:    333100 (5.30 T_f), wall: 20.174 minutes, Δt:  10.11, CFL: 9.00e-01
i:   35600, sim time:    334060 (5.32 T_f), wall: 20.230 minutes, Δt:   9.89, CFL: 9.00e-01
i:   35700, sim time:    335010 (5.33 T_f), wall: 20.285 minutes, Δt:  10.21, CFL: 9.00e-01
i:   35800, sim time:    335930 (5.35 T_f), wall: 20.338 minutes, Δt:  10.06, CFL: 9.00e-01
i:   35900, sim time:    336881 (5.36 T_f), wall: 20.392 minutes, Δt:  10.26, CFL: 9.00e-01
i:   36000, sim time:    337820 (5.38 T_f), wall: 20.449 minutes, Δt:  10.03, CFL: 9.00e-01
i:   36100, sim time:    338740 (5.39 T_f), wall: 20.502 minutes, Δt:   9.95, CFL: 9.00e-01
i:   36200, sim time:    339668 (5.41 T_f), wall: 20.558 minutes, Δt:   9.89, CFL: 9.00e-01
i:   36300, sim time:    340600 (5.42 T_f), wall: 20.612 minutes, Δt:   9.62, CFL: 9.00e-01
i:   36400, sim time:    341500 (5.44 T_f), wall: 20.674 minutes, Δt:   9.69, CFL: 9.00e-01
i:   36500, sim time:    342471 (5.45 T_f), wall: 20.734 minutes, Δt:  10.02, CFL: 9.00e-01
i:   36600, sim time:    343420 (5.47 T_f), wall: 20.793 minutes, Δt:   9.93, CFL: 9.00e-01
i:   36700, sim time:    344349 (5.48 T_f), wall: 20.844 minutes, Δt:   9.61, CFL: 9.00e-01
i:   36800, sim time:    345300 (5.50 T_f), wall: 20.900 minutes, Δt:   9.67, CFL: 9.00e-01
i:   36900, sim time:    346200 (5.51 T_f), wall: 20.951 minutes, Δt:  10.03, CFL: 9.00e-01
i:   37000, sim time:    347109 (5.52 T_f), wall: 21.008 minutes, Δt:   9.43, CFL: 9.00e-01
i:   37100, sim time:    348000 (5.54 T_f), wall: 21.058 minutes, Δt:   9.57, CFL: 9.00e-01
i:   37200, sim time:    348881 (5.55 T_f), wall: 21.114 minutes, Δt:   9.11, CFL: 9.00e-01
i:   37300, sim time:    349772 (5.57 T_f), wall: 21.173 minutes, Δt:   8.73, CFL: 9.00e-01
i:   37400, sim time:    350649 (5.58 T_f), wall: 21.227 minutes, Δt:   9.84, CFL: 9.00e-01
i:   37500, sim time:    351559 (5.60 T_f), wall: 21.289 minutes, Δt:   9.77, CFL: 9.00e-01
i:   37600, sim time:    352458 (5.61 T_f), wall: 21.367 minutes, Δt:   9.89, CFL: 9.00e-01
i:   37700, sim time:    353410 (5.62 T_f), wall: 21.421 minutes, Δt:  10.21, CFL: 9.00e-01
i:   37800, sim time:    354340 (5.64 T_f), wall: 21.475 minutes, Δt:  10.14, CFL: 9.00e-01
i:   37900, sim time:    355249 (5.65 T_f), wall: 21.529 minutes, Δt:   9.83, CFL: 9.00e-01
i:   38000, sim time:    356200 (5.67 T_f), wall: 21.582 minutes, Δt:   9.89, CFL: 9.00e-01
i:   38100, sim time:    357088 (5.68 T_f), wall: 21.634 minutes, Δt:  10.11, CFL: 9.00e-01
i:   38200, sim time:    358000 (5.70 T_f), wall: 21.689 minutes, Δt:   9.46, CFL: 9.00e-01
i:   38300, sim time:    358902 (5.71 T_f), wall: 21.746 minutes, Δt:   9.76, CFL: 9.00e-01
i:   38400, sim time:    359820 (5.73 T_f), wall: 21.803 minutes, Δt:   9.89, CFL: 9.00e-01
i:   38500, sim time:    360751 (5.74 T_f), wall: 21.856 minutes, Δt:  10.15, CFL: 9.00e-01
i:   38600, sim time:    361680 (5.76 T_f), wall: 21.911 minutes, Δt:   9.65, CFL: 9.00e-01
i:   38700, sim time:    362590 (5.77 T_f), wall: 21.967 minutes, Δt:  10.03, CFL: 9.00e-01
i:   38800, sim time:    363500 (5.79 T_f), wall: 22.021 minutes, Δt:   9.78, CFL: 9.00e-01
i:   38900, sim time:    364410 (5.80 T_f), wall: 22.086 minutes, Δt:  10.00, CFL: 9.00e-01
i:   39000, sim time:    365330 (5.81 T_f), wall: 22.139 minutes, Δt:  10.03, CFL: 9.00e-01
i:   39100, sim time:    366239 (5.83 T_f), wall: 22.195 minutes, Δt:   9.73, CFL: 9.00e-01
i:   39200, sim time:    367150 (5.84 T_f), wall: 22.248 minutes, Δt:   9.82, CFL: 9.00e-01
i:   39300, sim time:    368036 (5.86 T_f), wall: 22.301 minutes, Δt:   9.63, CFL: 9.00e-01
i:   39400, sim time:    368940 (5.87 T_f), wall: 22.352 minutes, Δt:   9.75, CFL: 9.00e-01
i:   39500, sim time:    369861 (5.89 T_f), wall: 22.405 minutes, Δt:  10.10, CFL: 9.00e-01
i:   39600, sim time:    370782 (5.90 T_f), wall: 22.457 minutes, Δt:  10.37, CFL: 9.00e-01
i:   39700, sim time:    371700 (5.92 T_f), wall: 22.513 minutes, Δt:  10.33, CFL: 9.00e-01
i:   39800, sim time:    372651 (5.93 T_f), wall: 22.566 minutes, Δt:  10.29, CFL: 9.00e-01
i:   39900, sim time:    373620 (5.95 T_f), wall: 22.621 minutes, Δt:  10.09, CFL: 9.00e-01
i:   40000, sim time:    374573 (5.96 T_f), wall: 22.674 minutes, Δt:  10.56, CFL: 9.00e-01
i:   40100, sim time:    375544 (5.98 T_f), wall: 22.727 minutes, Δt:  10.18, CFL: 9.00e-01
i:   40200, sim time:    376500 (5.99 T_f), wall: 22.780 minutes, Δt:  10.00, CFL: 9.00e-01
i:   40300, sim time:    377458 (6.01 T_f), wall: 22.836 minutes, Δt:  10.02, CFL: 9.00e-01
i:   40400, sim time:    378390 (6.02 T_f), wall: 22.890 minutes, Δt:  10.37, CFL: 9.00e-01
i:   40500, sim time:    379312 (6.04 T_f), wall: 22.942 minutes, Δt:   9.29, CFL: 9.00e-01
i:   40600, sim time:    380264 (6.05 T_f), wall: 22.997 minutes, Δt:   9.99, CFL: 9.00e-01
i:   40700, sim time:    381196 (6.07 T_f), wall: 23.050 minutes, Δt:   9.34, CFL: 9.00e-01
i:   40800, sim time:    382110 (6.08 T_f), wall: 23.108 minutes, Δt:  10.35, CFL: 9.00e-01
i:   40900, sim time:    383048 (6.10 T_f), wall: 23.163 minutes, Δt:   9.56, CFL: 9.00e-01
i:   41000, sim time:    383993 (6.11 T_f), wall: 23.214 minutes, Δt:  10.31, CFL: 9.00e-01
i:   41100, sim time:    384964 (6.13 T_f), wall: 23.271 minutes, Δt:  10.21, CFL: 9.00e-01
i:   41200, sim time:    385926 (6.14 T_f), wall: 23.327 minutes, Δt:   9.91, CFL: 9.00e-01
i:   41300, sim time:    386829 (6.16 T_f), wall: 23.379 minutes, Δt:   9.87, CFL: 9.00e-01
i:   41400, sim time:    387751 (6.17 T_f), wall: 23.433 minutes, Δt:   9.80, CFL: 9.00e-01
i:   41500, sim time:    388689 (6.19 T_f), wall: 23.487 minutes, Δt:   9.96, CFL: 9.00e-01
i:   41600, sim time:    389650 (6.20 T_f), wall: 23.543 minutes, Δt:  10.15, CFL: 9.00e-01
i:   41700, sim time:    390551 (6.22 T_f), wall: 23.596 minutes, Δt:  10.11, CFL: 9.00e-01
i:   41800, sim time:    391500 (6.23 T_f), wall: 23.650 minutes, Δt:   9.71, CFL: 9.00e-01
i:   41900, sim time:    392400 (6.25 T_f), wall: 23.702 minutes, Δt:   9.48, CFL: 9.00e-01
i:   42000, sim time:    393331 (6.26 T_f), wall: 23.759 minutes, Δt:  10.09, CFL: 9.00e-01
i:   42100, sim time:    394290 (6.28 T_f), wall: 23.813 minutes, Δt:   9.90, CFL: 9.00e-01
i:   42200, sim time:    395199 (6.29 T_f), wall: 23.865 minutes, Δt:   9.67, CFL: 9.00e-01
i:   42300, sim time:    396130 (6.30 T_f), wall: 23.922 minutes, Δt:  10.06, CFL: 9.00e-01
i:   42400, sim time:    397057 (6.32 T_f), wall: 23.975 minutes, Δt:   9.51, CFL: 9.00e-01
i:   42500, sim time:    397982 (6.33 T_f), wall: 24.034 minutes, Δt:  10.08, CFL: 9.00e-01
i:   42600, sim time:    398894 (6.35 T_f), wall: 24.088 minutes, Δt:   9.50, CFL: 9.00e-01
i:   42700, sim time:    399762 (6.36 T_f), wall: 24.139 minutes, Δt:  10.04, CFL: 9.00e-01
i:   42800, sim time:    400730 (6.38 T_f), wall: 24.195 minutes, Δt:   9.79, CFL: 9.00e-01
i:   42900, sim time:    401677 (6.39 T_f), wall: 24.249 minutes, Δt:  10.16, CFL: 9.00e-01
i:   43000, sim time:    402600 (6.41 T_f), wall: 24.299 minutes, Δt:  10.10, CFL: 9.00e-01
i:   43100, sim time:    403530 (6.42 T_f), wall: 24.354 minutes, Δt:   9.78, CFL: 9.00e-01
i:   43200, sim time:    404462 (6.44 T_f), wall: 24.409 minutes, Δt:   9.89, CFL: 9.00e-01
i:   43300, sim time:    405394 (6.45 T_f), wall: 24.465 minutes, Δt:  10.13, CFL: 9.00e-01
i:   43400, sim time:    406366 (6.47 T_f), wall: 24.521 minutes, Δt:   9.85, CFL: 9.00e-01
i:   43500, sim time:    407298 (6.48 T_f), wall: 24.576 minutes, Δt:  10.22, CFL: 9.00e-01
i:   43600, sim time:    408219 (6.50 T_f), wall: 24.633 minutes, Δt:   9.64, CFL: 9.00e-01
i:   43700, sim time:    409130 (6.51 T_f), wall: 24.681 minutes, Δt:  10.05, CFL: 9.00e-01
i:   43800, sim time:    410071 (6.53 T_f), wall: 24.732 minutes, Δt:  10.13, CFL: 9.00e-01
i:   43900, sim time:    410978 (6.54 T_f), wall: 24.786 minutes, Δt:  10.19, CFL: 9.00e-01
i:   44000, sim time:    411900 (6.56 T_f), wall: 24.841 minutes, Δt:   9.63, CFL: 9.00e-01
i:   44100, sim time:    412794 (6.57 T_f), wall: 24.895 minutes, Δt:   9.74, CFL: 9.00e-01
i:   44200, sim time:    413710 (6.58 T_f), wall: 24.951 minutes, Δt:  10.16, CFL: 9.00e-01
i:   44300, sim time:    414619 (6.60 T_f), wall: 25.006 minutes, Δt:   9.65, CFL: 9.00e-01
i:   44400, sim time:    415530 (6.61 T_f), wall: 25.062 minutes, Δt:   9.98, CFL: 9.00e-01
i:   44500, sim time:    416439 (6.63 T_f), wall: 25.118 minutes, Δt:   9.49, CFL: 9.00e-01
i:   44600, sim time:    417325 (6.64 T_f), wall: 25.169 minutes, Δt:   9.79, CFL: 9.00e-01
i:   44700, sim time:    418218 (6.66 T_f), wall: 25.224 minutes, Δt:   9.26, CFL: 9.00e-01
i:   44800, sim time:    419130 (6.67 T_f), wall: 25.276 minutes, Δt:   9.82, CFL: 9.00e-01
i:   44900, sim time:    420030 (6.68 T_f), wall: 25.331 minutes, Δt:   9.92, CFL: 9.00e-01
i:   45000, sim time:    420994 (6.70 T_f), wall: 25.382 minutes, Δt:  10.38, CFL: 9.00e-01
i:   45100, sim time:    421930 (6.72 T_f), wall: 25.439 minutes, Δt:  10.24, CFL: 9.00e-01
i:   45200, sim time:    422910 (6.73 T_f), wall: 25.497 minutes, Δt:   9.78, CFL: 9.00e-01
i:   45300, sim time:    423848 (6.75 T_f), wall: 25.551 minutes, Δt:   9.28, CFL: 9.00e-01
i:   45400, sim time:    424779 (6.76 T_f), wall: 25.605 minutes, Δt:   9.61, CFL: 9.00e-01
i:   45500, sim time:    425680 (6.77 T_f), wall: 25.664 minutes, Δt:   9.83, CFL: 9.00e-01
i:   45600, sim time:    426620 (6.79 T_f), wall: 25.720 minutes, Δt:  10.15, CFL: 9.00e-01
i:   45700, sim time:    427569 (6.80 T_f), wall: 25.773 minutes, Δt:   9.56, CFL: 9.00e-01
i:   45800, sim time:    428469 (6.82 T_f), wall: 25.825 minutes, Δt:   9.95, CFL: 9.00e-01
i:   45900, sim time:    429386 (6.83 T_f), wall: 25.876 minutes, Δt:   9.27, CFL: 9.00e-01
i:   46000, sim time:    430274 (6.85 T_f), wall: 25.930 minutes, Δt:   9.14, CFL: 9.00e-01
i:   46100, sim time:    431172 (6.86 T_f), wall: 25.984 minutes, Δt:   9.77, CFL: 9.00e-01
i:   46200, sim time:    432074 (6.88 T_f), wall: 26.040 minutes, Δt:   9.67, CFL: 9.00e-01
i:   46300, sim time:    433026 (6.89 T_f), wall: 26.097 minutes, Δt:   9.90, CFL: 9.00e-01
i:   46400, sim time:    433948 (6.91 T_f), wall: 26.152 minutes, Δt:  10.13, CFL: 9.00e-01
i:   46500, sim time:    434870 (6.92 T_f), wall: 26.207 minutes, Δt:   9.90, CFL: 9.00e-01
i:   46600, sim time:    435810 (6.94 T_f), wall: 26.263 minutes, Δt:  10.01, CFL: 9.00e-01
i:   46700, sim time:    436750 (6.95 T_f), wall: 26.315 minutes, Δt:   9.78, CFL: 9.00e-01
i:   46800, sim time:    437658 (6.97 T_f), wall: 26.371 minutes, Δt:   9.98, CFL: 9.00e-01
i:   46900, sim time:    438570 (6.98 T_f), wall: 26.426 minutes, Δt:  10.04, CFL: 9.00e-01
i:   47000, sim time:    439487 (6.99 T_f), wall: 26.485 minutes, Δt:   9.86, CFL: 9.00e-01
i:   47100, sim time:    440400 (7.01 T_f), wall: 26.540 minutes, Δt:   9.14, CFL: 9.00e-01
i:   47200, sim time:    441300 (7.02 T_f), wall: 26.597 minutes, Δt:   9.96, CFL: 9.00e-01
i:   47300, sim time:    442230 (7.04 T_f), wall: 26.658 minutes, Δt:   9.92, CFL: 9.00e-01
i:   47400, sim time:    443158 (7.05 T_f), wall: 26.715 minutes, Δt:   9.73, CFL: 9.00e-01
i:   47500, sim time:    444059 (7.07 T_f), wall: 26.768 minutes, Δt:   9.86, CFL: 9.00e-01
i:   47600, sim time:    444957 (7.08 T_f), wall: 26.827 minutes, Δt:   9.58, CFL: 9.00e-01
i:   47700, sim time:    445880 (7.10 T_f), wall: 26.885 minutes, Δt:   9.54, CFL: 9.00e-01
i:   47800, sim time:    446788 (7.11 T_f), wall: 26.940 minutes, Δt:   9.80, CFL: 9.00e-01
i:   47900, sim time:    447700 (7.13 T_f), wall: 26.999 minutes, Δt:   9.48, CFL: 9.00e-01
i:   48000, sim time:    448610 (7.14 T_f), wall: 27.059 minutes, Δt:   9.66, CFL: 9.00e-01
i:   48100, sim time:    449510 (7.15 T_f), wall: 27.114 minutes, Δt:   9.62, CFL: 9.00e-01
i:   48200, sim time:    450430 (7.17 T_f), wall: 27.174 minutes, Δt:   9.92, CFL: 9.00e-01
i:   48300, sim time:    451330 (7.18 T_f), wall: 27.228 minutes, Δt:  10.14, CFL: 9.00e-01
i:   48400, sim time:    452300 (7.20 T_f), wall: 27.292 minutes, Δt:  10.22, CFL: 9.00e-01
i:   48500, sim time:    453272 (7.21 T_f), wall: 27.349 minutes, Δt:  10.04, CFL: 9.00e-01
i:   48600, sim time:    454231 (7.23 T_f), wall: 27.411 minutes, Δt:  10.00, CFL: 9.00e-01
i:   48700, sim time:    455181 (7.24 T_f), wall: 27.469 minutes, Δt:  10.17, CFL: 9.00e-01
i:   48800, sim time:    456120 (7.26 T_f), wall: 27.530 minutes, Δt:  10.06, CFL: 9.00e-01
i:   48900, sim time:    457071 (7.27 T_f), wall: 27.589 minutes, Δt:  10.29, CFL: 9.00e-01
i:   49000, sim time:    458020 (7.29 T_f), wall: 27.650 minutes, Δt:   9.63, CFL: 9.00e-01
i:   49100, sim time:    458931 (7.30 T_f), wall: 27.705 minutes, Δt:  10.37, CFL: 9.00e-01
i:   49200, sim time:    459856 (7.32 T_f), wall: 27.760 minutes, Δt:   9.18, CFL: 9.00e-01
i:   49300, sim time:    460759 (7.33 T_f), wall: 27.817 minutes, Δt:   9.79, CFL: 9.00e-01
i:   49400, sim time:    461670 (7.35 T_f), wall: 27.875 minutes, Δt:   9.73, CFL: 9.00e-01
i:   49500, sim time:    462580 (7.36 T_f), wall: 27.933 minutes, Δt:   9.44, CFL: 9.00e-01
i:   49600, sim time:    463519 (7.38 T_f), wall: 27.995 minutes, Δt:   9.76, CFL: 9.00e-01
i:   49700, sim time:    464425 (7.39 T_f), wall: 28.056 minutes, Δt:   9.90, CFL: 9.00e-01
i:   49800, sim time:    465388 (7.41 T_f), wall: 28.115 minutes, Δt:  10.11, CFL: 9.00e-01
i:   49900, sim time:    466340 (7.42 T_f), wall: 28.176 minutes, Δt:  10.18, CFL: 9.00e-01
i:   50000, sim time:    467282 (7.44 T_f), wall: 28.233 minutes, Δt:  10.15, CFL: 9.00e-01
i:   50100, sim time:    468200 (7.45 T_f), wall: 28.292 minutes, Δt:  10.06, CFL: 9.00e-01
i:   50200, sim time:    469177 (7.47 T_f), wall: 28.354 minutes, Δt:  10.14, CFL: 9.00e-01
i:   50300, sim time:    470110 (7.48 T_f), wall: 28.413 minutes, Δt:  10.16, CFL: 9.00e-01
i:   50400, sim time:    471050 (7.50 T_f), wall: 28.473 minutes, Δt:   9.89, CFL: 9.00e-01
i:   50500, sim time:    471952 (7.51 T_f), wall: 28.525 minutes, Δt:   9.98, CFL: 9.00e-01
i:   50600, sim time:    472854 (7.53 T_f), wall: 28.590 minutes, Δt:   9.36, CFL: 9.00e-01
i:   50700, sim time:    473800 (7.54 T_f), wall: 28.647 minutes, Δt:   9.80, CFL: 9.00e-01
i:   50800, sim time:    474720 (7.56 T_f), wall: 28.709 minutes, Δt:  10.11, CFL: 9.00e-01
i:   50900, sim time:    475670 (7.57 T_f), wall: 28.768 minutes, Δt:  10.00, CFL: 9.00e-01
i:   51000, sim time:    476582 (7.59 T_f), wall: 28.825 minutes, Δt:   9.20, CFL: 9.00e-01
i:   51100, sim time:    477500 (7.60 T_f), wall: 28.886 minutes, Δt:  10.11, CFL: 9.00e-01
i:   51200, sim time:    478430 (7.61 T_f), wall: 28.944 minutes, Δt:  10.30, CFL: 9.00e-01
i:   51300, sim time:    479338 (7.63 T_f), wall: 28.999 minutes, Δt:   9.36, CFL: 9.00e-01
i:   51400, sim time:    480250 (7.64 T_f), wall: 29.058 minutes, Δt:  10.02, CFL: 9.00e-01
i:   51500, sim time:    481179 (7.66 T_f), wall: 29.111 minutes, Δt:   9.56, CFL: 9.00e-01
i:   51600, sim time:    482067 (7.67 T_f), wall: 29.171 minutes, Δt:   9.89, CFL: 9.00e-01
i:   51700, sim time:    482971 (7.69 T_f), wall: 29.232 minutes, Δt:   9.84, CFL: 9.00e-01
i:   51800, sim time:    483874 (7.70 T_f), wall: 29.291 minutes, Δt:   9.61, CFL: 9.00e-01
i:   51900, sim time:    484810 (7.72 T_f), wall: 29.356 minutes, Δt:   9.74, CFL: 9.00e-01
i:   52000, sim time:    485710 (7.73 T_f), wall: 29.413 minutes, Δt:  10.05, CFL: 9.00e-01
i:   52100, sim time:    486681 (7.75 T_f), wall: 29.472 minutes, Δt:  10.26, CFL: 9.00e-01
i:   52200, sim time:    487652 (7.76 T_f), wall: 29.535 minutes, Δt:  10.07, CFL: 9.00e-01
i:   52300, sim time:    488594 (7.78 T_f), wall: 29.602 minutes, Δt:  10.09, CFL: 9.00e-01
i:   52400, sim time:    489500 (7.79 T_f), wall: 29.662 minutes, Δt:   9.74, CFL: 9.00e-01
i:   52500, sim time:    490400 (7.80 T_f), wall: 29.722 minutes, Δt:   9.14, CFL: 9.00e-01
i:   52600, sim time:    491288 (7.82 T_f), wall: 29.792 minutes, Δt:   9.95, CFL: 9.00e-01
i:   52700, sim time:    492200 (7.83 T_f), wall: 29.849 minutes, Δt:   9.96, CFL: 9.00e-01
i:   52800, sim time:    493090 (7.85 T_f), wall: 29.915 minutes, Δt:   9.90, CFL: 9.00e-01
i:   52900, sim time:    494000 (7.86 T_f), wall: 29.975 minutes, Δt:   9.57, CFL: 9.00e-01
i:   53000, sim time:    494920 (7.88 T_f), wall: 30.036 minutes, Δt:  10.00, CFL: 9.00e-01
i:   53100, sim time:    495868 (7.89 T_f), wall: 30.096 minutes, Δt:  10.07, CFL: 9.00e-01
i:   53200, sim time:    496831 (7.91 T_f), wall: 30.159 minutes, Δt:  10.11, CFL: 9.00e-01
i:   53300, sim time:    497780 (7.92 T_f), wall: 30.220 minutes, Δt:  10.01, CFL: 9.00e-01
i:   53400, sim time:    498710 (7.94 T_f), wall: 30.285 minutes, Δt:  10.06, CFL: 9.00e-01
i:   53500, sim time:    499692 (7.95 T_f), wall: 30.342 minutes, Δt:  10.23, CFL: 9.00e-01
i:   53600, sim time:    500649 (7.97 T_f), wall: 30.403 minutes, Δt:   9.46, CFL: 9.00e-01
i:   53700, sim time:    501600 (7.98 T_f), wall: 30.458 minutes, Δt:   9.92, CFL: 9.00e-01
i:   53800, sim time:    502572 (8.00 T_f), wall: 30.521 minutes, Δt:  10.29, CFL: 9.00e-01
i:   53900, sim time:    503500 (8.01 T_f), wall: 30.577 minutes, Δt:  10.04, CFL: 9.00e-01
i:   54000, sim time:    504397 (8.03 T_f), wall: 30.637 minutes, Δt:   9.74, CFL: 9.00e-01
i:   54100, sim time:    505284 (8.04 T_f), wall: 30.699 minutes, Δt:   9.67, CFL: 9.00e-01
i:   54200, sim time:    506220 (8.06 T_f), wall: 30.765 minutes, Δt:  10.20, CFL: 9.00e-01
i:   54300, sim time:    507170 (8.07 T_f), wall: 30.820 minutes, Δt:  10.13, CFL: 9.00e-01
i:   54400, sim time:    508100 (8.09 T_f), wall: 30.884 minutes, Δt:   9.75, CFL: 9.00e-01
i:   54500, sim time:    509000 (8.10 T_f), wall: 30.941 minutes, Δt:   9.93, CFL: 9.00e-01
i:   54600, sim time:    509946 (8.12 T_f), wall: 31.010 minutes, Δt:  10.36, CFL: 9.00e-01
i:   54700, sim time:    510910 (8.13 T_f), wall: 31.080 minutes, Δt:  10.33, CFL: 9.00e-01
i:   54800, sim time:    511900 (8.15 T_f), wall: 31.147 minutes, Δt:  10.44, CFL: 9.00e-01
i:   54900, sim time:    512830 (8.16 T_f), wall: 31.201 minutes, Δt:  10.02, CFL: 9.00e-01
i:   55000, sim time:    513744 (8.18 T_f), wall: 31.257 minutes, Δt:  10.03, CFL: 9.00e-01
i:   55100, sim time:    514676 (8.19 T_f), wall: 31.319 minutes, Δt:  10.04, CFL: 9.00e-01
i:   55200, sim time:    515598 (8.21 T_f), wall: 31.374 minutes, Δt:   9.45, CFL: 9.00e-01
i:   55300, sim time:    516510 (8.22 T_f), wall: 31.431 minutes, Δt:   9.65, CFL: 9.00e-01
i:   55400, sim time:    517420 (8.23 T_f), wall: 31.495 minutes, Δt:   9.79, CFL: 9.00e-01
i:   55500, sim time:    518361 (8.25 T_f), wall: 31.559 minutes, Δt:  10.24, CFL: 9.00e-01
i:   55600, sim time:    519310 (8.27 T_f), wall: 31.618 minutes, Δt:  10.10, CFL: 9.00e-01
i:   55700, sim time:    520272 (8.28 T_f), wall: 31.686 minutes, Δt:  10.35, CFL: 9.00e-01
i:   55800, sim time:    521220 (8.30 T_f), wall: 31.748 minutes, Δt:   9.76, CFL: 9.00e-01
i:   55900, sim time:    522120 (8.31 T_f), wall: 31.808 minutes, Δt:  10.08, CFL: 9.00e-01
i:   56000, sim time:    523071 (8.32 T_f), wall: 31.862 minutes, Δt:   9.98, CFL: 9.00e-01
i:   56100, sim time:    523978 (8.34 T_f), wall: 31.923 minutes, Δt:   9.72, CFL: 9.00e-01
i:   56200, sim time:    524941 (8.35 T_f), wall: 31.978 minutes, Δt:  10.22, CFL: 9.00e-01
i:   56300, sim time:    525889 (8.37 T_f), wall: 32.034 minutes, Δt:  10.14, CFL: 9.00e-01
i:   56400, sim time:    526810 (8.38 T_f), wall: 32.092 minutes, Δt:   9.96, CFL: 9.00e-01
i:   56500, sim time:    527782 (8.40 T_f), wall: 32.144 minutes, Δt:   9.99, CFL: 9.00e-01
i:   56600, sim time:    528710 (8.41 T_f), wall: 32.204 minutes, Δt:   9.57, CFL: 9.00e-01
i:   56700, sim time:    529620 (8.43 T_f), wall: 32.257 minutes, Δt:   9.78, CFL: 9.00e-01
i:   56800, sim time:    530559 (8.44 T_f), wall: 32.308 minutes, Δt:   9.60, CFL: 9.00e-01
i:   56900, sim time:    531500 (8.46 T_f), wall: 32.369 minutes, Δt:  10.42, CFL: 9.00e-01
i:   57000, sim time:    532440 (8.47 T_f), wall: 32.424 minutes, Δt:  10.23, CFL: 9.00e-01
i:   57100, sim time:    533381 (8.49 T_f), wall: 32.478 minutes, Δt:  10.30, CFL: 9.00e-01
i:   57200, sim time:    534362 (8.50 T_f), wall: 32.537 minutes, Δt:  10.56, CFL: 9.00e-01
i:   57300, sim time:    535341 (8.52 T_f), wall: 32.596 minutes, Δt:  10.28, CFL: 9.00e-01
i:   57400, sim time:    536310 (8.54 T_f), wall: 32.658 minutes, Δt:  10.32, CFL: 9.00e-01
i:   57500, sim time:    537239 (8.55 T_f), wall: 32.720 minutes, Δt:  10.22, CFL: 9.00e-01
i:   57600, sim time:    538188 (8.57 T_f), wall: 32.777 minutes, Δt:   9.63, CFL: 9.00e-01
i:   57700, sim time:    539100 (8.58 T_f), wall: 32.834 minutes, Δt:   9.94, CFL: 9.00e-01
i:   57800, sim time:    540051 (8.60 T_f), wall: 32.895 minutes, Δt:  10.10, CFL: 9.00e-01
i:   57900, sim time:    540963 (8.61 T_f), wall: 32.950 minutes, Δt:   9.36, CFL: 9.00e-01
i:   58000, sim time:    541920 (8.62 T_f), wall: 33.006 minutes, Δt:  10.20, CFL: 9.00e-01
i:   58100, sim time:    542830 (8.64 T_f), wall: 33.059 minutes, Δt:   9.88, CFL: 9.00e-01
i:   58200, sim time:    543729 (8.65 T_f), wall: 33.114 minutes, Δt:   9.91, CFL: 9.00e-01
i:   58300, sim time:    544661 (8.67 T_f), wall: 33.176 minutes, Δt:  10.10, CFL: 9.00e-01
i:   58400, sim time:    545600 (8.68 T_f), wall: 33.238 minutes, Δt:   9.48, CFL: 9.00e-01
i:   58500, sim time:    546551 (8.70 T_f), wall: 33.296 minutes, Δt:  10.15, CFL: 9.00e-01
i:   58600, sim time:    547460 (8.71 T_f), wall: 33.356 minutes, Δt:   9.92, CFL: 9.00e-01
i:   58700, sim time:    548400 (8.73 T_f), wall: 33.407 minutes, Δt:  10.43, CFL: 9.00e-01
i:   58800, sim time:    549337 (8.74 T_f), wall: 33.466 minutes, Δt:   9.58, CFL: 9.00e-01
i:   58900, sim time:    550259 (8.76 T_f), wall: 33.526 minutes, Δt:  10.06, CFL: 9.00e-01
i:   59000, sim time:    551169 (8.77 T_f), wall: 33.581 minutes, Δt:   9.97, CFL: 9.00e-01
i:   59100, sim time:    552081 (8.79 T_f), wall: 33.641 minutes, Δt:   9.86, CFL: 9.00e-01
i:   59200, sim time:    552983 (8.80 T_f), wall: 33.694 minutes, Δt:   9.81, CFL: 9.00e-01
i:   59300, sim time:    553910 (8.82 T_f), wall: 33.753 minutes, Δt:  10.21, CFL: 9.00e-01
i:   59400, sim time:    554897 (8.83 T_f), wall: 33.821 minutes, Δt:  10.05, CFL: 9.00e-01
i:   59500, sim time:    555873 (8.85 T_f), wall: 33.879 minutes, Δt:  10.35, CFL: 9.00e-01
i:   59600, sim time:    556852 (8.86 T_f), wall: 33.937 minutes, Δt:  10.47, CFL: 9.00e-01
i:   59700, sim time:    557830 (8.88 T_f), wall: 33.997 minutes, Δt:  10.04, CFL: 9.00e-01
i:   59800, sim time:    558769 (8.89 T_f), wall: 34.049 minutes, Δt:   9.88, CFL: 9.00e-01
i:   59900, sim time:    559660 (8.91 T_f), wall: 34.109 minutes, Δt:  10.28, CFL: 9.00e-01
i:   60000, sim time:    560641 (8.92 T_f), wall: 34.170 minutes, Δt:  10.35, CFL: 9.00e-01
i:   60100, sim time:    561600 (8.94 T_f), wall: 34.226 minutes, Δt:  10.24, CFL: 9.00e-01
i:   60200, sim time:    562582 (8.95 T_f), wall: 34.295 minutes, Δt:  10.08, CFL: 9.00e-01
i:   60300, sim time:    563531 (8.97 T_f), wall: 34.364 minutes, Δt:  10.28, CFL: 9.00e-01
i:   60400, sim time:    564510 (8.98 T_f), wall: 34.426 minutes, Δt:  10.20, CFL: 9.00e-01
i:   60500, sim time:    565492 (9.00 T_f), wall: 34.483 minutes, Δt:  10.16, CFL: 9.00e-01
i:   60600, sim time:    566466 (9.02 T_f), wall: 34.543 minutes, Δt:   9.91, CFL: 9.00e-01
i:   60700, sim time:    567420 (9.03 T_f), wall: 34.609 minutes, Δt:  10.08, CFL: 9.00e-01
i:   60800, sim time:    568350 (9.05 T_f), wall: 34.670 minutes, Δt:   9.79, CFL: 9.00e-01
i:   60900, sim time:    569300 (9.06 T_f), wall: 34.731 minutes, Δt:  10.17, CFL: 9.00e-01
i:   61000, sim time:    570200 (9.08 T_f), wall: 34.796 minutes, Δt:  10.16, CFL: 9.00e-01
i:   61100, sim time:    571151 (9.09 T_f), wall: 34.856 minutes, Δt:  10.33, CFL: 9.00e-01
i:   61200, sim time:    572108 (9.11 T_f), wall: 34.914 minutes, Δt:   9.99, CFL: 9.00e-01
i:   61300, sim time:    573019 (9.12 T_f), wall: 34.973 minutes, Δt:   9.73, CFL: 9.00e-01
i:   61400, sim time:    573900 (9.13 T_f), wall: 35.027 minutes, Δt:   9.93, CFL: 9.00e-01
i:   61500, sim time:    574800 (9.15 T_f), wall: 35.083 minutes, Δt:   9.65, CFL: 9.00e-01
i:   61600, sim time:    575730 (9.16 T_f), wall: 35.143 minutes, Δt:   9.77, CFL: 9.00e-01
i:   61700, sim time:    576629 (9.18 T_f), wall: 35.201 minutes, Δt:   9.79, CFL: 9.00e-01
i:   61800, sim time:    577571 (9.19 T_f), wall: 35.260 minutes, Δt:  10.20, CFL: 9.00e-01
i:   61900, sim time:    578520 (9.21 T_f), wall: 35.324 minutes, Δt:  10.11, CFL: 9.00e-01
i:   62000, sim time:    579460 (9.22 T_f), wall: 35.388 minutes, Δt:  10.16, CFL: 9.00e-01
i:   62100, sim time:    580368 (9.24 T_f), wall: 35.451 minutes, Δt:   9.23, CFL: 9.00e-01
i:   62200, sim time:    581265 (9.25 T_f), wall: 35.517 minutes, Δt:  10.19, CFL: 9.00e-01
i:   62300, sim time:    582175 (9.27 T_f), wall: 35.579 minutes, Δt:   9.72, CFL: 9.00e-01
i:   62400, sim time:    583076 (9.28 T_f), wall: 35.643 minutes, Δt:   9.59, CFL: 9.00e-01
i:   62500, sim time:    584000 (9.29 T_f), wall: 35.710 minutes, Δt:   9.90, CFL: 9.00e-01
i:   62600, sim time:    584909 (9.31 T_f), wall: 35.773 minutes, Δt:   9.63, CFL: 9.00e-01
i:   62700, sim time:    585859 (9.32 T_f), wall: 35.848 minutes, Δt:   9.91, CFL: 9.00e-01
i:   62800, sim time:    586830 (9.34 T_f), wall: 35.913 minutes, Δt:  10.13, CFL: 9.00e-01
i:   62900, sim time:    587757 (9.35 T_f), wall: 35.975 minutes, Δt:   9.77, CFL: 9.00e-01
i:   63000, sim time:    588688 (9.37 T_f), wall: 36.040 minutes, Δt:   9.82, CFL: 9.00e-01
i:   63100, sim time:    589630 (9.38 T_f), wall: 36.103 minutes, Δt:  10.09, CFL: 9.00e-01
i:   63200, sim time:    590610 (9.40 T_f), wall: 36.164 minutes, Δt:  10.26, CFL: 9.00e-01
i:   63300, sim time:    591576 (9.42 T_f), wall: 36.220 minutes, Δt:   9.84, CFL: 9.00e-01
i:   63400, sim time:    592500 (9.43 T_f), wall: 36.291 minutes, Δt:   9.72, CFL: 9.00e-01
i:   63500, sim time:    593399 (9.44 T_f), wall: 36.350 minutes, Δt:   9.80, CFL: 9.00e-01
i:   63600, sim time:    594331 (9.46 T_f), wall: 36.409 minutes, Δt:  10.26, CFL: 9.00e-01
i:   63700, sim time:    595280 (9.47 T_f), wall: 36.476 minutes, Δt:   9.86, CFL: 9.00e-01
i:   63800, sim time:    596188 (9.49 T_f), wall: 36.537 minutes, Δt:   9.85, CFL: 9.00e-01
i:   63900, sim time:    597119 (9.50 T_f), wall: 36.604 minutes, Δt:   9.37, CFL: 9.00e-01
i:   64000, sim time:    598060 (9.52 T_f), wall: 36.668 minutes, Δt:  10.10, CFL: 9.00e-01
i:   64100, sim time:    599029 (9.53 T_f), wall: 36.733 minutes, Δt:   9.59, CFL: 9.00e-01
i:   64200, sim time:    599961 (9.55 T_f), wall: 36.802 minutes, Δt:  10.02, CFL: 9.00e-01
i:   64300, sim time:    600931 (9.56 T_f), wall: 36.868 minutes, Δt:  10.26, CFL: 9.00e-01
i:   64400, sim time:    601868 (9.58 T_f), wall: 36.928 minutes, Δt:   9.75, CFL: 9.00e-01
i:   64500, sim time:    602779 (9.59 T_f), wall: 36.987 minutes, Δt:   9.79, CFL: 9.00e-01
i:   64600, sim time:    603687 (9.61 T_f), wall: 37.050 minutes, Δt:   9.58, CFL: 9.00e-01
i:   64700, sim time:    604610 (9.62 T_f), wall: 37.119 minutes, Δt:  10.16, CFL: 9.00e-01
i:   64800, sim time:    605590 (9.64 T_f), wall: 37.177 minutes, Δt:  10.22, CFL: 9.00e-01
i:   64900, sim time:    606500 (9.65 T_f), wall: 37.233 minutes, Δt:   9.86, CFL: 9.00e-01
i:   65000, sim time:    607450 (9.67 T_f), wall: 37.296 minutes, Δt:   9.97, CFL: 9.00e-01
i:   65100, sim time:    608386 (9.68 T_f), wall: 37.352 minutes, Δt:   9.79, CFL: 9.00e-01
i:   65200, sim time:    609341 (9.70 T_f), wall: 37.416 minutes, Δt:  10.02, CFL: 9.00e-01
i:   65300, sim time:    610310 (9.71 T_f), wall: 37.475 minutes, Δt:  10.30, CFL: 9.00e-01
i:   65400, sim time:    611281 (9.73 T_f), wall: 37.537 minutes, Δt:  10.16, CFL: 9.00e-01
i:   65500, sim time:    612220 (9.74 T_f), wall: 37.597 minutes, Δt:  10.00, CFL: 9.00e-01
i:   65600, sim time:    613150 (9.76 T_f), wall: 37.652 minutes, Δt:  10.30, CFL: 9.00e-01
i:   65700, sim time:    614082 (9.77 T_f), wall: 37.711 minutes, Δt:  10.21, CFL: 9.00e-01
i:   65800, sim time:    615042 (9.79 T_f), wall: 37.771 minutes, Δt:  10.34, CFL: 9.00e-01
i:   65900, sim time:    615995 (9.80 T_f), wall: 37.834 minutes, Δt:   9.54, CFL: 9.00e-01
i:   66000, sim time:    616910 (9.82 T_f), wall: 37.892 minutes, Δt:  10.15, CFL: 9.00e-01
i:   66100, sim time:    617826 (9.83 T_f), wall: 37.959 minutes, Δt:   8.60, CFL: 9.00e-01
i:   66200, sim time:    618710 (9.85 T_f), wall: 38.015 minutes, Δt:  10.08, CFL: 9.00e-01
i:   66300, sim time:    619672 (9.86 T_f), wall: 38.071 minutes, Δt:  10.13, CFL: 9.00e-01
i:   66400, sim time:    620640 (9.88 T_f), wall: 38.131 minutes, Δt:   9.96, CFL: 9.00e-01
i:   66500, sim time:    621550 (9.89 T_f), wall: 38.190 minutes, Δt:   9.52, CFL: 9.00e-01
i:   66600, sim time:    622448 (9.91 T_f), wall: 38.260 minutes, Δt:  10.00, CFL: 9.00e-01
i:   66700, sim time:    623410 (9.92 T_f), wall: 38.318 minutes, Δt:  10.25, CFL: 9.00e-01
i:   66800, sim time:    624328 (9.94 T_f), wall: 38.374 minutes, Δt:   9.29, CFL: 9.00e-01
i:   66900, sim time:    625229 (9.95 T_f), wall: 38.436 minutes, Δt:   9.51, CFL: 9.00e-01
i:   67000, sim time:    626116 (9.96 T_f), wall: 38.489 minutes, Δt:   9.75, CFL: 9.00e-01
i:   67100, sim time:    627030 (9.98 T_f), wall: 38.548 minutes, Δt:  10.06, CFL: 9.00e-01
i:   67200, sim time:    627949 (9.99 T_f), wall: 38.603 minutes, Δt:   9.49, CFL: 9.00e-01
i:   67300, sim time:    628848 (10.01 T_f), wall: 38.663 minutes, Δt:   9.86, CFL: 9.00e-01
i:   67400, sim time:    629791 (10.02 T_f), wall: 38.722 minutes, Δt:   9.92, CFL: 9.00e-01
i:   67500, sim time:    630710 (10.04 T_f), wall: 38.780 minutes, Δt:  10.12, CFL: 9.00e-01
i:   67600, sim time:    631680 (10.05 T_f), wall: 38.841 minutes, Δt:   9.92, CFL: 9.00e-01
i:   67700, sim time:    632631 (10.07 T_f), wall: 38.898 minutes, Δt:  10.29, CFL: 9.00e-01
i:   67800, sim time:    633600 (10.08 T_f), wall: 38.953 minutes, Δt:  10.28, CFL: 9.00e-01
i:   67900, sim time:    634572 (10.10 T_f), wall: 39.011 minutes, Δt:  10.31, CFL: 9.00e-01
i:   68000, sim time:    635530 (10.11 T_f), wall: 39.073 minutes, Δt:  10.10, CFL: 9.00e-01
i:   68100, sim time:    636488 (10.13 T_f), wall: 39.135 minutes, Δt:  10.04, CFL: 9.00e-01
i:   68200, sim time:    637397 (10.14 T_f), wall: 39.188 minutes, Δt:   9.73, CFL: 9.00e-01
i:   68300, sim time:    638310 (10.16 T_f), wall: 39.246 minutes, Δt:   9.64, CFL: 9.00e-01
i:   68400, sim time:    639209 (10.17 T_f), wall: 39.304 minutes, Δt:   9.24, CFL: 9.00e-01
i:   68500, sim time:    640100 (10.19 T_f), wall: 39.361 minutes, Δt:   9.62, CFL: 9.00e-01
i:   68600, sim time:    641000 (10.20 T_f), wall: 39.422 minutes, Δt:   9.85, CFL: 9.00e-01
i:   68700, sim time:    641893 (10.22 T_f), wall: 39.482 minutes, Δt:   9.80, CFL: 9.00e-01
i:   68800, sim time:    642797 (10.23 T_f), wall: 39.540 minutes, Δt:  10.03, CFL: 9.00e-01
i:   68900, sim time:    643700 (10.24 T_f), wall: 39.605 minutes, Δt:   9.43, CFL: 9.00e-01
i:   69000, sim time:    644565 (10.26 T_f), wall: 39.666 minutes, Δt:   9.75, CFL: 9.00e-01
i:   69100, sim time:    645510 (10.27 T_f), wall: 39.726 minutes, Δt:  10.12, CFL: 9.00e-01
i:   69200, sim time:    646459 (10.29 T_f), wall: 39.787 minutes, Δt:  10.11, CFL: 9.00e-01
i:   69300, sim time:    647369 (10.30 T_f), wall: 39.846 minutes, Δt:   9.96, CFL: 9.00e-01
i:   69400, sim time:    648299 (10.32 T_f), wall: 39.901 minutes, Δt:  10.10, CFL: 9.00e-01
i:   69500, sim time:    649231 (10.33 T_f), wall: 39.965 minutes, Δt:  10.18, CFL: 9.00e-01
i:   69600, sim time:    650169 (10.35 T_f), wall: 40.024 minutes, Δt:   9.63, CFL: 9.00e-01
i:   69700, sim time:    651079 (10.36 T_f), wall: 40.082 minutes, Δt:   9.51, CFL: 9.00e-01
i:   69800, sim time:    651980 (10.38 T_f), wall: 40.143 minutes, Δt:  10.22, CFL: 9.00e-01
i:   69900, sim time:    652960 (10.39 T_f), wall: 40.204 minutes, Δt:  10.03, CFL: 9.00e-01
i:   70000, sim time:    653868 (10.41 T_f), wall: 40.259 minutes, Δt:   9.82, CFL: 9.00e-01
i:   70100, sim time:    654769 (10.42 T_f), wall: 40.317 minutes, Δt:   9.89, CFL: 9.00e-01
i:   70200, sim time:    655683 (10.44 T_f), wall: 40.377 minutes, Δt:  10.12, CFL: 9.00e-01
i:   70300, sim time:    656584 (10.45 T_f), wall: 40.433 minutes, Δt:   9.65, CFL: 9.00e-01
i:   70400, sim time:    657477 (10.46 T_f), wall: 40.494 minutes, Δt:   9.50, CFL: 9.00e-01
i:   70500, sim time:    658376 (10.48 T_f), wall: 40.551 minutes, Δt:   9.53, CFL: 9.00e-01
i:   70600, sim time:    659310 (10.49 T_f), wall: 40.609 minutes, Δt:   9.99, CFL: 9.00e-01
i:   70700, sim time:    660291 (10.51 T_f), wall: 40.669 minutes, Δt:  10.35, CFL: 9.00e-01
i:   70800, sim time:    661238 (10.52 T_f), wall: 40.730 minutes, Δt:   9.77, CFL: 9.00e-01
i:   70900, sim time:    662128 (10.54 T_f), wall: 40.789 minutes, Δt:   9.79, CFL: 9.00e-01
i:   71000, sim time:    663038 (10.55 T_f), wall: 40.851 minutes, Δt:   9.83, CFL: 9.00e-01
i:   71100, sim time:    663946 (10.57 T_f), wall: 40.906 minutes, Δt:   9.20, CFL: 9.00e-01
i:   71200, sim time:    664869 (10.58 T_f), wall: 40.963 minutes, Δt:  10.28, CFL: 9.00e-01
i:   71300, sim time:    665820 (10.60 T_f), wall: 41.020 minutes, Δt:  10.14, CFL: 9.00e-01
i:   71400, sim time:    666782 (10.61 T_f), wall: 41.081 minutes, Δt:  10.11, CFL: 9.00e-01
i:   71500, sim time:    667740 (10.63 T_f), wall: 41.137 minutes, Δt:  10.28, CFL: 9.00e-01
i:   71600, sim time:    668670 (10.64 T_f), wall: 41.196 minutes, Δt:   9.94, CFL: 9.00e-01
i:   71700, sim time:    669581 (10.66 T_f), wall: 41.255 minutes, Δt:  10.17, CFL: 9.00e-01
i:   71800, sim time:    670552 (10.67 T_f), wall: 41.316 minutes, Δt:  10.52, CFL: 9.00e-01
i:   71900, sim time:    671489 (10.69 T_f), wall: 41.373 minutes, Δt:  10.03, CFL: 9.00e-01
i:   72000, sim time:    672410 (10.70 T_f), wall: 41.433 minutes, Δt:   9.97, CFL: 9.00e-01
i:   72100, sim time:    673300 (10.72 T_f), wall: 41.495 minutes, Δt:   9.79, CFL: 9.00e-01
i:   72200, sim time:    674200 (10.73 T_f), wall: 41.556 minutes, Δt:   9.84, CFL: 9.00e-01
i:   72300, sim time:    675130 (10.75 T_f), wall: 41.618 minutes, Δt:  10.24, CFL: 9.00e-01
i:   72400, sim time:    676072 (10.76 T_f), wall: 41.677 minutes, Δt:  10.17, CFL: 9.00e-01
i:   72500, sim time:    677040 (10.78 T_f), wall: 41.739 minutes, Δt:   9.96, CFL: 9.00e-01
i:   72600, sim time:    677985 (10.79 T_f), wall: 41.791 minutes, Δt:   9.90, CFL: 9.00e-01
i:   72700, sim time:    678910 (10.81 T_f), wall: 41.847 minutes, Δt:   9.63, CFL: 9.00e-01
i:   72800, sim time:    679810 (10.82 T_f), wall: 41.905 minutes, Δt:   9.66, CFL: 9.00e-01
i:   72900, sim time:    680710 (10.83 T_f), wall: 41.960 minutes, Δt:  10.13, CFL: 9.00e-01
i:   73000, sim time:    681629 (10.85 T_f), wall: 42.017 minutes, Δt:   9.76, CFL: 9.00e-01
i:   73100, sim time:    682551 (10.86 T_f), wall: 42.072 minutes, Δt:  10.31, CFL: 9.00e-01
i:   73200, sim time:    683492 (10.88 T_f), wall: 42.129 minutes, Δt:   9.16, CFL: 9.00e-01
i:   73300, sim time:    684399 (10.89 T_f), wall: 42.182 minutes, Δt:   9.47, CFL: 9.00e-01
i:   73400, sim time:    685277 (10.91 T_f), wall: 42.239 minutes, Δt:   9.77, CFL: 9.00e-01
i:   73500, sim time:    686210 (10.92 T_f), wall: 42.302 minutes, Δt:  10.40, CFL: 9.00e-01
i:   73600, sim time:    687160 (10.94 T_f), wall: 42.356 minutes, Δt:  10.09, CFL: 9.00e-01
i:   73700, sim time:    688110 (10.95 T_f), wall: 42.419 minutes, Δt:  10.20, CFL: 9.00e-01
i:   73800, sim time:    689080 (10.97 T_f), wall: 42.476 minutes, Δt:  10.08, CFL: 9.00e-01
i:   73900, sim time:    690019 (10.98 T_f), wall: 42.542 minutes, Δt:   9.77, CFL: 9.00e-01
i:   74000, sim time:    690970 (11.00 T_f), wall: 42.600 minutes, Δt:   9.83, CFL: 9.00e-01
i:   74100, sim time:    691921 (11.01 T_f), wall: 42.668 minutes, Δt:  10.37, CFL: 9.00e-01
i:   74200, sim time:    692841 (11.03 T_f), wall: 42.724 minutes, Δt:  10.08, CFL: 9.00e-01
i:   74300, sim time:    693749 (11.04 T_f), wall: 42.780 minutes, Δt:   9.75, CFL: 9.00e-01
i:   74400, sim time:    694638 (11.06 T_f), wall: 42.840 minutes, Δt:   9.37, CFL: 9.00e-01
i:   74500, sim time:    695582 (11.07 T_f), wall: 42.898 minutes, Δt:  10.05, CFL: 9.00e-01
i:   74600, sim time:    696491 (11.08 T_f), wall: 42.957 minutes, Δt:   9.57, CFL: 9.00e-01
i:   74700, sim time:    697400 (11.10 T_f), wall: 43.013 minutes, Δt:   9.47, CFL: 9.00e-01
i:   74800, sim time:    698310 (11.11 T_f), wall: 43.074 minutes, Δt:   9.95, CFL: 9.00e-01
i:   74900, sim time:    699250 (11.13 T_f), wall: 43.139 minutes, Δt:   9.82, CFL: 9.00e-01
i:   75000, sim time:    700190 (11.14 T_f), wall: 43.196 minutes, Δt:   9.80, CFL: 9.00e-01
i:   75100, sim time:    701110 (11.16 T_f), wall: 43.258 minutes, Δt:  10.17, CFL: 9.00e-01
i:   75200, sim time:    702082 (11.17 T_f), wall: 43.318 minutes, Δt:  10.29, CFL: 9.00e-01
i:   75300, sim time:    703040 (11.19 T_f), wall: 43.385 minutes, Δt:  10.16, CFL: 9.00e-01
i:   75400, sim time:    703980 (11.20 T_f), wall: 43.441 minutes, Δt:  10.18, CFL: 9.00e-01
i:   75500, sim time:    704888 (11.22 T_f), wall: 43.497 minutes, Δt:   9.98, CFL: 9.00e-01
i:   75600, sim time:    705775 (11.23 T_f), wall: 43.553 minutes, Δt:   9.31, CFL: 9.00e-01
i:   75700, sim time:    706731 (11.25 T_f), wall: 43.608 minutes, Δt:  10.28, CFL: 9.00e-01
i:   75800, sim time:    707640 (11.26 T_f), wall: 43.667 minutes, Δt:   9.92, CFL: 9.00e-01
i:   75900, sim time:    708600 (11.28 T_f), wall: 43.722 minutes, Δt:   9.95, CFL: 9.00e-01
i:   76000, sim time:    709519 (11.29 T_f), wall: 43.783 minutes, Δt:   9.74, CFL: 9.00e-01
i:   76100, sim time:    710428 (11.31 T_f), wall: 43.843 minutes, Δt:   9.74, CFL: 9.00e-01
i:   76200, sim time:    711330 (11.32 T_f), wall: 43.904 minutes, Δt:  10.06, CFL: 9.00e-01
i:   76300, sim time:    712240 (11.34 T_f), wall: 43.964 minutes, Δt:   9.70, CFL: 9.00e-01
i:   76400, sim time:    713179 (11.35 T_f), wall: 44.025 minutes, Δt:  10.23, CFL: 9.00e-01
i:   76500, sim time:    714091 (11.37 T_f), wall: 44.084 minutes, Δt:   9.07, CFL: 9.00e-01
i:   76600, sim time:    714978 (11.38 T_f), wall: 44.137 minutes, Δt:   9.73, CFL: 9.00e-01
i:   76700, sim time:    715888 (11.39 T_f), wall: 44.195 minutes, Δt:  10.04, CFL: 9.00e-01
i:   76800, sim time:    716841 (11.41 T_f), wall: 44.257 minutes, Δt:  10.26, CFL: 9.00e-01
i:   76900, sim time:    717797 (11.42 T_f), wall: 44.317 minutes, Δt:   9.76, CFL: 9.00e-01
i:   77000, sim time:    718720 (11.44 T_f), wall: 44.380 minutes, Δt:  10.02, CFL: 9.00e-01
i:   77100, sim time:    719620 (11.45 T_f), wall: 44.439 minutes, Δt:  10.04, CFL: 9.00e-01
i:   77200, sim time:    720570 (11.47 T_f), wall: 44.494 minutes, Δt:   9.90, CFL: 9.00e-01
i:   77300, sim time:    721490 (11.48 T_f), wall: 44.549 minutes, Δt:  10.15, CFL: 9.00e-01
i:   77400, sim time:    722400 (11.50 T_f), wall: 44.604 minutes, Δt:  10.00, CFL: 9.00e-01
i:   77500, sim time:    723340 (11.51 T_f), wall: 44.667 minutes, Δt:  10.07, CFL: 9.00e-01
i:   77600, sim time:    724300 (11.53 T_f), wall: 44.723 minutes, Δt:   9.78, CFL: 9.00e-01
i:   77700, sim time:    725200 (11.54 T_f), wall: 44.781 minutes, Δt:   9.71, CFL: 9.00e-01
i:   77800, sim time:    726129 (11.56 T_f), wall: 44.848 minutes, Δt:  10.17, CFL: 9.00e-01
i:   77900, sim time:    727030 (11.57 T_f), wall: 44.907 minutes, Δt:   9.84, CFL: 9.00e-01
i:   78000, sim time:    727949 (11.59 T_f), wall: 44.972 minutes, Δt:   9.76, CFL: 9.00e-01
i:   78100, sim time:    728888 (11.60 T_f), wall: 45.032 minutes, Δt:   9.81, CFL: 9.00e-01
i:   78200, sim time:    729786 (11.61 T_f), wall: 45.088 minutes, Δt:  10.03, CFL: 9.00e-01
i:   78300, sim time:    730761 (11.63 T_f), wall: 45.149 minutes, Δt:  10.21, CFL: 9.00e-01
i:   78400, sim time:    731720 (11.65 T_f), wall: 45.205 minutes, Δt:  10.04, CFL: 9.00e-01
i:   78500, sim time:    732691 (11.66 T_f), wall: 45.266 minutes, Δt:  10.09, CFL: 9.00e-01
i:   78600, sim time:    733630 (11.68 T_f), wall: 45.325 minutes, Δt:  10.05, CFL: 9.00e-01
i:   78700, sim time:    734600 (11.69 T_f), wall: 45.383 minutes, Δt:  10.19, CFL: 9.00e-01
i:   78800, sim time:    735550 (11.71 T_f), wall: 45.455 minutes, Δt:   9.87, CFL: 9.00e-01
i:   78900, sim time:    736439 (11.72 T_f), wall: 45.516 minutes, Δt:  10.00, CFL: 9.00e-01
i:   79000, sim time:    737370 (11.74 T_f), wall: 45.573 minutes, Δt:  10.12, CFL: 9.00e-01
i:   79100, sim time:    738331 (11.75 T_f), wall: 45.628 minutes, Δt:  10.12, CFL: 9.00e-01
i:   79200, sim time:    739270 (11.77 T_f), wall: 45.692 minutes, Δt:   9.89, CFL: 9.00e-01
i:   79300, sim time:    740189 (11.78 T_f), wall: 45.747 minutes, Δt:   9.67, CFL: 9.00e-01
i:   79400, sim time:    741079 (11.79 T_f), wall: 45.807 minutes, Δt:   9.64, CFL: 9.00e-01
i:   79500, sim time:    741979 (11.81 T_f), wall: 45.864 minutes, Δt:   9.74, CFL: 9.00e-01
i:   79600, sim time:    742878 (11.82 T_f), wall: 45.921 minutes, Δt:   9.60, CFL: 9.00e-01
i:   79700, sim time:    743779 (11.84 T_f), wall: 45.982 minutes, Δt:  10.04, CFL: 9.00e-01
i:   79800, sim time:    744710 (11.85 T_f), wall: 46.040 minutes, Δt:   9.72, CFL: 9.00e-01
i:   79900, sim time:    745610 (11.87 T_f), wall: 46.101 minutes, Δt:   9.95, CFL: 9.00e-01
i:   80000, sim time:    746520 (11.88 T_f), wall: 46.158 minutes, Δt:   9.50, CFL: 9.00e-01
i:   80100, sim time:    747420 (11.90 T_f), wall: 46.213 minutes, Δt:   9.92, CFL: 9.00e-01
i:   80200, sim time:    748349 (11.91 T_f), wall: 46.271 minutes, Δt:  10.20, CFL: 9.00e-01
i:   80300, sim time:    749284 (11.93 T_f), wall: 46.328 minutes, Δt:  10.18, CFL: 9.00e-01
i:   80400, sim time:    750220 (11.94 T_f), wall: 46.392 minutes, Δt:   9.83, CFL: 9.00e-01
i:   80500, sim time:    751120 (11.95 T_f), wall: 46.447 minutes, Δt:   9.85, CFL: 9.00e-01
i:   80600, sim time:    752030 (11.97 T_f), wall: 46.509 minutes, Δt:   9.89, CFL: 9.00e-01
i:   80700, sim time:    752919 (11.98 T_f), wall: 46.565 minutes, Δt:   9.77, CFL: 9.00e-01
i:   80800, sim time:    753839 (12.00 T_f), wall: 46.623 minutes, Δt:  10.19, CFL: 9.00e-01
i:   80900, sim time:    754778 (12.01 T_f), wall: 46.677 minutes, Δt:   9.71, CFL: 9.00e-01
i:   81000, sim time:    755678 (12.03 T_f), wall: 46.735 minutes, Δt:   9.41, CFL: 9.00e-01
i:   81100, sim time:    756590 (12.04 T_f), wall: 46.790 minutes, Δt:   9.94, CFL: 9.00e-01
i:   81200, sim time:    757489 (12.06 T_f), wall: 46.849 minutes, Δt:   9.79, CFL: 9.00e-01
i:   81300, sim time:    758420 (12.07 T_f), wall: 46.906 minutes, Δt:   9.75, CFL: 9.00e-01
i:   81400, sim time:    759328 (12.09 T_f), wall: 46.963 minutes, Δt:   9.29, CFL: 9.00e-01
i:   81500, sim time:    760219 (12.10 T_f), wall: 47.026 minutes, Δt:   9.66, CFL: 9.00e-01
i:   81600, sim time:    761156 (12.11 T_f), wall: 47.094 minutes, Δt:   9.89, CFL: 9.00e-01
i:   81700, sim time:    762098 (12.13 T_f), wall: 47.156 minutes, Δt:   9.88, CFL: 9.00e-01
i:   81800, sim time:    763051 (12.14 T_f), wall: 47.217 minutes, Δt:  10.49, CFL: 9.00e-01
i:   81900, sim time:    764000 (12.16 T_f), wall: 47.277 minutes, Δt:   9.98, CFL: 9.00e-01
i:   82000, sim time:    764956 (12.17 T_f), wall: 47.344 minutes, Δt:  10.46, CFL: 9.00e-01
i:   82100, sim time:    765900 (12.19 T_f), wall: 47.413 minutes, Δt:  10.26, CFL: 9.00e-01
i:   82200, sim time:    766881 (12.21 T_f), wall: 47.474 minutes, Δt:  10.16, CFL: 9.00e-01
i:   82300, sim time:    767790 (12.22 T_f), wall: 47.532 minutes, Δt:   9.99, CFL: 9.00e-01
i:   82400, sim time:    768691 (12.23 T_f), wall: 47.592 minutes, Δt:   9.54, CFL: 9.00e-01
i:   82500, sim time:    769610 (12.25 T_f), wall: 47.647 minutes, Δt:  10.29, CFL: 9.00e-01
i:   82600, sim time:    770530 (12.26 T_f), wall: 47.723 minutes, Δt:  10.05, CFL: 9.00e-01
i:   82700, sim time:    771481 (12.28 T_f), wall: 47.789 minutes, Δt:  10.29, CFL: 9.00e-01
i:   82800, sim time:    772440 (12.29 T_f), wall: 47.848 minutes, Δt:  10.09, CFL: 9.00e-01
i:   82900, sim time:    773410 (12.31 T_f), wall: 47.911 minutes, Δt:   9.82, CFL: 9.00e-01
i:   83000, sim time:    774354 (12.32 T_f), wall: 47.995 minutes, Δt:  10.13, CFL: 9.00e-01
i:   83100, sim time:    775321 (12.34 T_f), wall: 48.054 minutes, Δt:  10.25, CFL: 9.00e-01
i:   83200, sim time:    776300 (12.36 T_f), wall: 48.111 minutes, Δt:  10.09, CFL: 9.00e-01
i:   83300, sim time:    777249 (12.37 T_f), wall: 48.169 minutes, Δt:  10.23, CFL: 9.00e-01
i:   83400, sim time:    778198 (12.39 T_f), wall: 48.226 minutes, Δt:   9.82, CFL: 9.00e-01
i:   83500, sim time:    779129 (12.40 T_f), wall: 48.288 minutes, Δt:   9.83, CFL: 9.00e-01
i:   83600, sim time:    780060 (12.42 T_f), wall: 48.348 minutes, Δt:  10.06, CFL: 9.00e-01
i:   83700, sim time:    781040 (12.43 T_f), wall: 48.406 minutes, Δt:   9.77, CFL: 9.00e-01
i:   83800, sim time:    781971 (12.45 T_f), wall: 48.464 minutes, Δt:  10.02, CFL: 9.00e-01
i:   83900, sim time:    782880 (12.46 T_f), wall: 48.524 minutes, Δt:  10.04, CFL: 9.00e-01
i:   84000, sim time:    783800 (12.47 T_f), wall: 48.586 minutes, Δt:   9.22, CFL: 9.00e-01
i:   84100, sim time:    784700 (12.49 T_f), wall: 48.646 minutes, Δt:   9.90, CFL: 9.00e-01
i:   84200, sim time:    785610 (12.50 T_f), wall: 48.706 minutes, Δt:   9.38, CFL: 9.00e-01
i:   84300, sim time:    786531 (12.52 T_f), wall: 48.762 minutes, Δt:  10.17, CFL: 9.00e-01
i:   84400, sim time:    787490 (12.53 T_f), wall: 48.825 minutes, Δt:   9.95, CFL: 9.00e-01
i:   84500, sim time:    788396 (12.55 T_f), wall: 48.882 minutes, Δt:   9.89, CFL: 9.00e-01
i:   84600, sim time:    789300 (12.56 T_f), wall: 48.942 minutes, Δt:  10.01, CFL: 9.00e-01
i:   84700, sim time:    790200 (12.58 T_f), wall: 48.999 minutes, Δt:  10.12, CFL: 9.00e-01
i:   84800, sim time:    791160 (12.59 T_f), wall: 49.061 minutes, Δt:   9.92, CFL: 9.00e-01
i:   84900, sim time:    792057 (12.61 T_f), wall: 49.118 minutes, Δt:   9.40, CFL: 9.00e-01
i:   85000, sim time:    792949 (12.62 T_f), wall: 49.199 minutes, Δt:   9.86, CFL: 9.00e-01
i:   85100, sim time:    793860 (12.63 T_f), wall: 49.260 minutes, Δt:  10.22, CFL: 9.00e-01
i:   85200, sim time:    794800 (12.65 T_f), wall: 49.319 minutes, Δt:   9.88, CFL: 9.00e-01
i:   85300, sim time:    795719 (12.66 T_f), wall: 49.375 minutes, Δt:   9.33, CFL: 9.00e-01
i:   85400, sim time:    796666 (12.68 T_f), wall: 49.459 minutes, Δt:   9.55, CFL: 9.00e-01
i:   85500, sim time:    797560 (12.69 T_f), wall: 49.516 minutes, Δt:   9.41, CFL: 9.00e-01
i:   85600, sim time:    798479 (12.71 T_f), wall: 49.587 minutes, Δt:  10.12, CFL: 9.00e-01
i:   85700, sim time:    799430 (12.72 T_f), wall: 49.644 minutes, Δt:  10.00, CFL: 9.00e-01
u* = 4.5411e-03 m/s (R² = 0.5522), z₀ fit 2.002e-01 vs imposed 1.600e-03, δ = 45.41 m
case P4_T10_r2 finished at 2026-09-03 22:31:40
[ Info: Oceananigans will use 4 threads
┌ Warning: CUDA runtime library `libcusparse.so.12` was loaded from a system path, `/usr/local/software/spack/2024.2/views/maths/cuda-12.6.3/gcc-11.4.0/leehydd5fuufm35ohlbwth2mqtadrq3f/lib64/libcusparse.so.12`.
│ This may cause errors.
│ 
│ If you're running under a profiler, this situation is expected. Otherwise,
│ ensure that your library path environment variable (e.g., `PATH` on Windows
│ or `LD_LIBRARY_PATH` on Linux) does not include CUDA library paths.
│ 
│ In any other case, please file an issue.
└ @ CUDACore ~/.julia/packages/CUDACore/NlVPI/src/initialization.jl:199
┌ Warning: CUDA runtime library `libnvJitLink.so.12` was loaded from a system path, `/usr/local/software/spack/2024.2/views/maths/cuda-12.6.3/gcc-11.4.0/leehydd5fuufm35ohlbwth2mqtadrq3f/lib64/libnvJitLink.so.12`.
│ This may cause errors.
│ 
│ If you're running under a profiler, this situation is expected. Otherwise,
│ ensure that your library path environment variable (e.g., `PATH` on Windows
│ or `LD_LIBRARY_PATH` on Linux) does not include CUDA library paths.
│ 
│ In any other case, please file an issue.
└ @ CUDACore ~/.julia/packages/CUDACore/NlVPI/src/initialization.jl:199
[ Info: closure auxiliary fields at `model.closure_fields` (Tuple)
[ Info: SGS diffusivity resolved as `model.closure_fields[2].κₑ` — 100×100×400 Field{Center, Center, Center} on RectilinearGrid on CUDAGPU
[ Info: writing 13 plane-averaged profiles to /cephfs/store/damtp/tll46/SRIM-2026/Combined/Data/Ekman_moments/4/r=2.0, T=10.0/Moments.jld2 every 314 s (2547 samples)
[ Info: Initializing simulation...
[ Info: health @ 0.00 T_f: max|⟨w⟩_xy| = 2.647e-19 m/s (= 6.6e-18 U∞); κₑ ∈ [0.000e+00, 1.854e-03] m²/s
[ Info:     ... simulation initialization complete (53.220 seconds)
[ Info: Executing initial time step...
[ Info:     ... initial time step complete (4.879 seconds).
[ Info: health @ 0.64 T_f: max|⟨w⟩_xy| = 1.665e-20 m/s (= 4.2e-19 U∞); κₑ ∈ [0.000e+00, 1.899e-03] m²/s
[ Info: health @ 1.27 T_f: max|⟨w⟩_xy| = 9.714e-21 m/s (= 2.4e-19 U∞); κₑ ∈ [0.000e+00, 1.805e-03] m²/s
[ Info: health @ 1.91 T_f: max|⟨w⟩_xy| = 1.388e-20 m/s (= 3.5e-19 U∞); κₑ ∈ [0.000e+00, 2.105e-03] m²/s
[ Info: health @ 2.55 T_f: max|⟨w⟩_xy| = 2.220e-20 m/s (= 5.6e-19 U∞); κₑ ∈ [0.000e+00, 2.033e-03] m²/s
[ Info: health @ 3.18 T_f: max|⟨w⟩_xy| = 2.637e-20 m/s (= 6.6e-19 U∞); κₑ ∈ [0.000e+00, 2.276e-03] m²/s
[ Info: health @ 3.82 T_f: max|⟨w⟩_xy| = 1.110e-20 m/s (= 2.8e-19 U∞); κₑ ∈ [0.000e+00, 1.938e-03] m²/s
[ Info: health @ 4.46 T_f: max|⟨w⟩_xy| = 2.220e-20 m/s (= 5.6e-19 U∞); κₑ ∈ [0.000e+00, 1.968e-03] m²/s
[ Info: health @ 5.09 T_f: max|⟨w⟩_xy| = 1.388e-20 m/s (= 3.5e-19 U∞); κₑ ∈ [0.000e+00, 2.029e-03] m²/s
[ Info: health @ 5.73 T_f: max|⟨w⟩_xy| = 1.249e-20 m/s (= 3.1e-19 U∞); κₑ ∈ [0.000e+00, 2.065e-03] m²/s
[ Info: health @ 6.37 T_f: max|⟨w⟩_xy| = 1.735e-20 m/s (= 4.3e-19 U∞); κₑ ∈ [0.000e+00, 1.915e-03] m²/s
[ Info: health @ 7.00 T_f: max|⟨w⟩_xy| = 1.249e-20 m/s (= 3.1e-19 U∞); κₑ ∈ [0.000e+00, 2.167e-03] m²/s
[ Info: health @ 7.64 T_f: max|⟨w⟩_xy| = 1.110e-20 m/s (= 2.8e-19 U∞); κₑ ∈ [0.000e+00, 2.052e-03] m²/s
[ Info: health @ 8.28 T_f: max|⟨w⟩_xy| = 1.527e-20 m/s (= 3.8e-19 U∞); κₑ ∈ [0.000e+00, 1.982e-03] m²/s
[ Info: health @ 8.91 T_f: max|⟨w⟩_xy| = 1.388e-20 m/s (= 3.5e-19 U∞); κₑ ∈ [0.000e+00, 1.946e-03] m²/s
[ Info: health @ 9.55 T_f: max|⟨w⟩_xy| = 2.220e-20 m/s (= 5.6e-19 U∞); κₑ ∈ [0.000e+00, 1.873e-03] m²/s
[ Info: health @ 10.19 T_f: max|⟨w⟩_xy| = 1.041e-20 m/s (= 2.6e-19 U∞); κₑ ∈ [0.000e+00, 2.143e-03] m²/s
[ Info: health @ 10.82 T_f: max|⟨w⟩_xy| = 1.110e-20 m/s (= 2.8e-19 U∞); κₑ ∈ [0.000e+00, 1.918e-03] m²/s
[ Info: health @ 11.46 T_f: max|⟨w⟩_xy| = 1.804e-20 m/s (= 4.5e-19 U∞); κₑ ∈ [0.000e+00, 1.933e-03] m²/s
[ Info: health @ 12.10 T_f: max|⟨w⟩_xy| = 1.110e-20 m/s (= 2.8e-19 U∞); κₑ ∈ [0.000e+00, 2.216e-03] m²/s
[ Info: Simulation is stopping after running for 49.052 minutes.
[ Info: Simulation time 9.259 days equals or exceeds stop time 9.259 days.
[ Info: health @ 12.73 T_f: max|⟨w⟩_xy| = 1.943e-20 m/s (= 4.9e-19 U∞); κₑ ∈ [0.000e+00, 1.797e-03] m²/s
