
==============================================================================
==== 2026-09-02 22:08:56  P4_T10_r50  (r = 50.0, T = 10.0)
==============================================================================
ekmanrun.jl case P4_T10_r50
  architecture      GPU
  dimensions        75.0 m x 75.0 m x 150.0 m  (+ 20 m sponge, H = 170 m)
  grid              100 x 100 x 400   (first centre at z = 0.1182 m)
  U∞  = 0.0400   f₀ = 1.00e-04   r = N/f = 50.0   N² = 2.500e-05
  profile 4 (softplus), T = 10.0 m, sharp = 6.0
  cᴰ  = 0.00908   ν₀ = 1.0e-06   κ₀ = 1.0e-07   Pr = 10
  duration 8.000e+05 s = 12.73 inertial periods, max Δt = 15 s
  moments every 314 s, x-z slices off, Avg_* writers ON
i:       0, sim time:         0 (0.00 T_f), wall: 44.524 seconds, Δt:   1.80, CFL: 1.07e-01
i:     100, sim time:       NaN (NaN T_f), wall: 1.662 minutes, Δt:    NaN, CFL: NaN
u* = 7.6075e-03 m/s (R² = 0.5422), z₀ fit 1.964e-01 vs imposed 1.600e-03, δ = 76.07 m
case P4_T10_r50 finished at 2026-09-02 22:12:14
[ Info: Oceananigans will use 4 threads
┌ Warning: CUDA runtime library `libcusparse.so.12` was loaded from a system path, `/usr/local/software/spack/2024.2/views/maths/cuda-12.6.3/gcc-11.4.0/leehydd5fuufm35ohlbwth2mqtadrq3f/lib64/libcusparse.so.12`.
│ This may cause errors.
│ 
│ If you're running under a profiler, this situation is expected. Otherwise,
│ ensure that your library path environment variable (e.g., `PATH` on Windows
│ or `LD_LIBRARY_PATH` on Linux) does not include CUDA library paths.
│ 
│ In any other case, please file an issue.
└ @ CUDACore ~/.julia/packages/CUDACore/NlVPI/src/initialization.jl:199
┌ Warning: CUDA runtime library `libnvJitLink.so.12` was loaded from a system path, `/usr/local/software/spack/2024.2/views/maths/cuda-12.6.3/gcc-11.4.0/leehydd5fuufm35ohlbwth2mqtadrq3f/lib64/libnvJitLink.so.12`.
│ This may cause errors.
│ 
│ If you're running under a profiler, this situation is expected. Otherwise,
│ ensure that your library path environment variable (e.g., `PATH` on Windows
│ or `LD_LIBRARY_PATH` on Linux) does not include CUDA library paths.
│ 
│ In any other case, please file an issue.
└ @ CUDACore ~/.julia/packages/CUDACore/NlVPI/src/initialization.jl:199
[ Info: closure auxiliary fields at `model.closure_fields` (Tuple)
[ Info: SGS diffusivity resolved as `model.closure_fields[2].κₑ` — 100×100×400 Field{Center, Center, Center} on RectilinearGrid on CUDAGPU
[ Info: writing 13 plane-averaged profiles to /cephfs/store/damtp/tll46/SRIM-2026/Combined/Data/Ekman_moments/4/r=50.0, T=10.0/Moments.jld2 every 314 s (2547 samples)
[ Info: Initializing simulation...
[ Info: health @ 0.00 T_f: max|⟨w⟩_xy| = 3.992e-19 m/s (= 1.0e-17 U∞); κₑ ∈ [NaN, NaN] m²/s
[ Info:     ... simulation initialization complete (55.065 seconds)
[ Info: Executing initial time step...
[ Info:     ... initial time step complete (5.069 seconds).
[ Info: time = NaN, iteration = 100: NaN found in field u. Stopping simulation.

==============================================================================
==== 2026-09-03 18:01:13  P4_T10_r50  (r = 50.0, T = 10.0)
==============================================================================
ekmanrun.jl case P4_T10_r50
  architecture      GPU
  dimensions        75.0 m x 75.0 m x 150.0 m  (+ 20 m sponge, H = 170 m)
  grid              100 x 100 x 400   (first centre at z = 0.1182 m)
  U∞  = 0.0400   f₀ = 1.00e-04   r = N/f = 50.0   N² = 2.500e-05
  profile 4 (softplus), T = 10.0 m, sharp = 6.0
  cᴰ  = 0.00908   ν₀ = 1.0e-06   κ₀ = 1.0e-07   Pr = 10
  duration 8.000e+05 s = 12.73 inertial periods, max Δt = 15 s
  moments every 314 s, x-z slices off, Avg_* writers ON
i:       0, sim time:         0 (0.00 T_f), wall: 45.413 seconds, Δt:   1.80, CFL: 1.07e-01
i:     100, sim time:       900 (0.01 T_f), wall: 1.716 minutes, Δt:  14.67, CFL: 9.00e-01
i:     200, sim time:      2242 (0.04 T_f), wall: 1.768 minutes, Δt:  14.16, CFL: 9.00e-01
i:     300, sim time:      3542 (0.06 T_f), wall: 1.820 minutes, Δt:  13.67, CFL: 9.00e-01
i:     400, sim time:      4751 (0.08 T_f), wall: 1.878 minutes, Δt:  13.61, CFL: 9.00e-01
i:     500, sim time:      5992 (0.10 T_f), wall: 1.929 minutes, Δt:  12.78, CFL: 9.00e-01
i:     600, sim time:      7200 (0.11 T_f), wall: 1.981 minutes, Δt:  13.10, CFL: 9.00e-01
i:     700, sim time:      8400 (0.13 T_f), wall: 2.037 minutes, Δt:  12.71, CFL: 9.00e-01
i:     800, sim time:      9512 (0.15 T_f), wall: 2.094 minutes, Δt:  12.28, CFL: 9.00e-01
i:     900, sim time:     10600 (0.17 T_f), wall: 2.177 minutes, Δt:  11.87, CFL: 9.00e-01
i:    1000, sim time:     11628 (0.19 T_f), wall: 2.226 minutes, Δt:  10.60, CFL: 9.00e-01
i:    1100, sim time:     12700 (0.20 T_f), wall: 2.274 minutes, Δt:  11.81, CFL: 9.00e-01
i:    1200, sim time:     13780 (0.22 T_f), wall: 2.323 minutes, Δt:  11.67, CFL: 9.00e-01
i:    1300, sim time:     14845 (0.24 T_f), wall: 2.371 minutes, Δt:  11.17, CFL: 9.00e-01
i:    1400, sim time:     15933 (0.25 T_f), wall: 2.898 minutes, Δt:  11.41, CFL: 9.00e-01
i:    1500, sim time:     16978 (0.27 T_f), wall: 3.099 minutes, Δt:  11.01, CFL: 9.00e-01
i:    1600, sim time:     18011 (0.29 T_f), wall: 3.150 minutes, Δt:  10.95, CFL: 9.00e-01
i:    1700, sim time:     19000 (0.30 T_f), wall: 3.197 minutes, Δt:  10.95, CFL: 9.00e-01
i:    1800, sim time:     20000 (0.32 T_f), wall: 3.247 minutes, Δt:  10.49, CFL: 9.00e-01
i:    1900, sim time:     20981 (0.33 T_f), wall: 3.292 minutes, Δt:  10.03, CFL: 9.00e-01
i:    2000, sim time:     21962 (0.35 T_f), wall: 3.347 minutes, Δt:  10.43, CFL: 9.00e-01
i:    2100, sim time:     22943 (0.37 T_f), wall: 3.408 minutes, Δt:  10.50, CFL: 9.00e-01
i:    2200, sim time:     23921 (0.38 T_f), wall: 3.472 minutes, Δt:  10.43, CFL: 9.00e-01
i:    2300, sim time:     24900 (0.40 T_f), wall: 3.548 minutes, Δt:   9.96, CFL: 9.00e-01
i:    2400, sim time:     25883 (0.41 T_f), wall: 3.622 minutes, Δt:  10.46, CFL: 9.00e-01
i:    2500, sim time:     26851 (0.43 T_f), wall: 4.292 minutes, Δt:   9.96, CFL: 9.00e-01
i:    2600, sim time:     27780 (0.44 T_f), wall: 4.683 minutes, Δt:   9.73, CFL: 9.00e-01
i:    2700, sim time:     28679 (0.46 T_f), wall: 4.818 minutes, Δt:   9.95, CFL: 9.00e-01
i:    2800, sim time:     29600 (0.47 T_f), wall: 4.866 minutes, Δt:   9.53, CFL: 9.00e-01
i:    2900, sim time:     30497 (0.49 T_f), wall: 4.957 minutes, Δt:   9.41, CFL: 9.00e-01
i:    3000, sim time:     31399 (0.50 T_f), wall: 5.016 minutes, Δt:   9.79, CFL: 9.00e-01
i:    3100, sim time:     32319 (0.51 T_f), wall: 5.080 minutes, Δt:   9.77, CFL: 9.00e-01
i:    3200, sim time:     33220 (0.53 T_f), wall: 5.145 minutes, Δt:   9.99, CFL: 9.00e-01
i:    3300, sim time:     34159 (0.54 T_f), wall: 5.194 minutes, Δt:   9.67, CFL: 9.00e-01
i:    3400, sim time:     35078 (0.56 T_f), wall: 5.242 minutes, Δt:   9.91, CFL: 9.00e-01
i:    3500, sim time:     35989 (0.57 T_f), wall: 5.296 minutes, Δt:   9.93, CFL: 9.00e-01
i:    3600, sim time:     36900 (0.59 T_f), wall: 5.346 minutes, Δt:  10.10, CFL: 9.00e-01
i:    3700, sim time:     37810 (0.60 T_f), wall: 5.397 minutes, Δt:   9.77, CFL: 9.00e-01
i:    3800, sim time:     38710 (0.62 T_f), wall: 5.451 minutes, Δt:   9.55, CFL: 9.00e-01
i:    3900, sim time:     39610 (0.63 T_f), wall: 5.501 minutes, Δt:   9.69, CFL: 9.00e-01
i:    4000, sim time:     40506 (0.64 T_f), wall: 5.552 minutes, Δt:   9.37, CFL: 9.00e-01
i:    4100, sim time:     41400 (0.66 T_f), wall: 5.601 minutes, Δt:   9.87, CFL: 9.00e-01
i:    4200, sim time:     42310 (0.67 T_f), wall: 5.654 minutes, Δt:   9.38, CFL: 9.00e-01
i:    4300, sim time:     43210 (0.69 T_f), wall: 5.700 minutes, Δt:   9.63, CFL: 9.00e-01
i:    4400, sim time:     44110 (0.70 T_f), wall: 5.752 minutes, Δt:   9.63, CFL: 9.00e-01
i:    4500, sim time:     45000 (0.72 T_f), wall: 5.803 minutes, Δt:   9.54, CFL: 9.00e-01
i:    4600, sim time:     45900 (0.73 T_f), wall: 5.854 minutes, Δt:  10.18, CFL: 9.00e-01
i:    4700, sim time:     46830 (0.75 T_f), wall: 5.902 minutes, Δt:   9.73, CFL: 9.00e-01
i:    4800, sim time:     47768 (0.76 T_f), wall: 5.949 minutes, Δt:  10.07, CFL: 9.00e-01
i:    4900, sim time:     48720 (0.78 T_f), wall: 6.000 minutes, Δt:  10.15, CFL: 9.00e-01
i:    5000, sim time:     49632 (0.79 T_f), wall: 6.052 minutes, Δt:   9.80, CFL: 9.00e-01
i:    5100, sim time:     50548 (0.80 T_f), wall: 6.100 minutes, Δt:   9.45, CFL: 9.00e-01
i:    5200, sim time:     51470 (0.82 T_f), wall: 6.153 minutes, Δt:   9.66, CFL: 9.00e-01
i:    5300, sim time:     52410 (0.83 T_f), wall: 6.204 minutes, Δt:  10.07, CFL: 9.00e-01
i:    5400, sim time:     53358 (0.85 T_f), wall: 6.252 minutes, Δt:   9.79, CFL: 9.00e-01
i:    5500, sim time:     54259 (0.86 T_f), wall: 6.302 minutes, Δt:   9.48, CFL: 9.00e-01
i:    5600, sim time:     55169 (0.88 T_f), wall: 6.357 minutes, Δt:   9.64, CFL: 9.00e-01
i:    5700, sim time:     56069 (0.89 T_f), wall: 6.409 minutes, Δt:   9.49, CFL: 9.00e-01
i:    5800, sim time:     56965 (0.91 T_f), wall: 6.458 minutes, Δt:   9.40, CFL: 9.00e-01
i:    5900, sim time:     57880 (0.92 T_f), wall: 6.512 minutes, Δt:  10.01, CFL: 9.00e-01
i:    6000, sim time:     58798 (0.94 T_f), wall: 6.566 minutes, Δt:   9.98, CFL: 9.00e-01
i:    6100, sim time:     59760 (0.95 T_f), wall: 6.621 minutes, Δt:   9.89, CFL: 9.00e-01
i:    6200, sim time:     60700 (0.97 T_f), wall: 6.671 minutes, Δt:   9.70, CFL: 9.00e-01
i:    6300, sim time:     61649 (0.98 T_f), wall: 6.725 minutes, Δt:  10.03, CFL: 9.00e-01
i:    6400, sim time:     62600 (1.00 T_f), wall: 6.780 minutes, Δt:  10.35, CFL: 9.00e-01
i:    6500, sim time:     63559 (1.01 T_f), wall: 6.828 minutes, Δt:  10.03, CFL: 9.00e-01
i:    6600, sim time:     64511 (1.03 T_f), wall: 6.877 minutes, Δt:  10.27, CFL: 9.00e-01
i:    6700, sim time:     65481 (1.04 T_f), wall: 6.935 minutes, Δt:  10.10, CFL: 9.00e-01
i:    6800, sim time:     66400 (1.06 T_f), wall: 7.087 minutes, Δt:  10.48, CFL: 9.00e-01
i:    6900, sim time:     67348 (1.07 T_f), wall: 7.142 minutes, Δt:   9.52, CFL: 9.00e-01
i:    7000, sim time:     68281 (1.09 T_f), wall: 7.190 minutes, Δt:  10.23, CFL: 9.00e-01
i:    7100, sim time:     69261 (1.10 T_f), wall: 7.766 minutes, Δt:  10.46, CFL: 9.00e-01
i:    7200, sim time:     70242 (1.12 T_f), wall: 7.817 minutes, Δt:  10.45, CFL: 9.00e-01
i:    7300, sim time:     71200 (1.13 T_f), wall: 7.870 minutes, Δt:  10.27, CFL: 9.00e-01
i:    7400, sim time:     72183 (1.15 T_f), wall: 7.923 minutes, Δt:  10.54, CFL: 9.00e-01
i:    7500, sim time:     73172 (1.16 T_f), wall: 7.977 minutes, Δt:  10.46, CFL: 9.00e-01
i:    7600, sim time:     74156 (1.18 T_f), wall: 8.036 minutes, Δt:  10.13, CFL: 9.00e-01
i:    7700, sim time:     75132 (1.20 T_f), wall: 8.086 minutes, Δt:  10.68, CFL: 9.00e-01
i:    7800, sim time:     76121 (1.21 T_f), wall: 8.143 minutes, Δt:  10.59, CFL: 9.00e-01
i:    7900, sim time:     77092 (1.23 T_f), wall: 8.193 minutes, Δt:  10.31, CFL: 9.00e-01
i:    8000, sim time:     78073 (1.24 T_f), wall: 8.246 minutes, Δt:  10.39, CFL: 9.00e-01
i:    8100, sim time:     79041 (1.26 T_f), wall: 8.307 minutes, Δt:  10.12, CFL: 9.00e-01
i:    8200, sim time:     80020 (1.27 T_f), wall: 8.356 minutes, Δt:  10.49, CFL: 9.00e-01
i:    8300, sim time:     81011 (1.29 T_f), wall: 8.407 minutes, Δt:  10.68, CFL: 9.00e-01
i:    8400, sim time:     81985 (1.30 T_f), wall: 8.454 minutes, Δt:  10.59, CFL: 9.00e-01
i:    8500, sim time:     82964 (1.32 T_f), wall: 8.513 minutes, Δt:  10.51, CFL: 9.00e-01
i:    8600, sim time:     83929 (1.34 T_f), wall: 8.571 minutes, Δt:   9.72, CFL: 9.00e-01
i:    8700, sim time:     84900 (1.35 T_f), wall: 8.619 minutes, Δt:  10.67, CFL: 9.00e-01
i:    8800, sim time:     85894 (1.37 T_f), wall: 8.688 minutes, Δt:  10.39, CFL: 9.00e-01
i:    8900, sim time:     86874 (1.38 T_f), wall: 8.742 minutes, Δt:  10.21, CFL: 9.00e-01
i:    9000, sim time:     87863 (1.40 T_f), wall: 8.822 minutes, Δt:  10.44, CFL: 9.00e-01
i:    9100, sim time:     88853 (1.41 T_f), wall: 8.871 minutes, Δt:  10.57, CFL: 9.00e-01
i:    9200, sim time:     89825 (1.43 T_f), wall: 8.923 minutes, Δt:  10.35, CFL: 9.00e-01
i:    9300, sim time:     90795 (1.45 T_f), wall: 8.974 minutes, Δt:   9.83, CFL: 9.00e-01
i:    9400, sim time:     91742 (1.46 T_f), wall: 9.027 minutes, Δt:  10.48, CFL: 9.00e-01
i:    9500, sim time:     92720 (1.48 T_f), wall: 9.081 minutes, Δt:  10.27, CFL: 9.00e-01
i:    9600, sim time:     93700 (1.49 T_f), wall: 9.129 minutes, Δt:  10.27, CFL: 9.00e-01
i:    9700, sim time:     94639 (1.51 T_f), wall: 9.182 minutes, Δt:  10.02, CFL: 9.00e-01
i:    9800, sim time:     95593 (1.52 T_f), wall: 9.231 minutes, Δt:  10.15, CFL: 9.00e-01
i:    9900, sim time:     96510 (1.54 T_f), wall: 9.281 minutes, Δt:  10.14, CFL: 9.00e-01
i:   10000, sim time:     97478 (1.55 T_f), wall: 9.334 minutes, Δt:   9.73, CFL: 9.00e-01
i:   10100, sim time:     98420 (1.57 T_f), wall: 9.389 minutes, Δt:   9.96, CFL: 9.00e-01
i:   10200, sim time:     99390 (1.58 T_f), wall: 9.449 minutes, Δt:   9.86, CFL: 9.00e-01
i:   10300, sim time:    100340 (1.60 T_f), wall: 9.511 minutes, Δt:  10.05, CFL: 9.00e-01
i:   10400, sim time:    101270 (1.61 T_f), wall: 9.577 minutes, Δt:  10.19, CFL: 9.00e-01
i:   10500, sim time:    102189 (1.63 T_f), wall: 9.647 minutes, Δt:  10.07, CFL: 9.00e-01
i:   10600, sim time:    103087 (1.64 T_f), wall: 9.711 minutes, Δt:   9.71, CFL: 9.00e-01
i:   10700, sim time:    103992 (1.66 T_f), wall: 9.771 minutes, Δt:   9.77, CFL: 9.00e-01
i:   10800, sim time:    104900 (1.67 T_f), wall: 9.828 minutes, Δt:   9.65, CFL: 9.00e-01
i:   10900, sim time:    105796 (1.68 T_f), wall: 9.877 minutes, Δt:   9.71, CFL: 9.00e-01
i:   11000, sim time:    106700 (1.70 T_f), wall: 9.935 minutes, Δt:  10.06, CFL: 9.00e-01
i:   11100, sim time:    107600 (1.71 T_f), wall: 9.981 minutes, Δt:  10.18, CFL: 9.00e-01
i:   11200, sim time:    108510 (1.73 T_f), wall: 10.043 minutes, Δt:   9.89, CFL: 9.00e-01
i:   11300, sim time:    109420 (1.74 T_f), wall: 10.098 minutes, Δt:   9.88, CFL: 9.00e-01
i:   11400, sim time:    110349 (1.76 T_f), wall: 10.144 minutes, Δt:   9.87, CFL: 9.00e-01
i:   11500, sim time:    111271 (1.77 T_f), wall: 10.195 minutes, Δt:  10.16, CFL: 9.00e-01
i:   11600, sim time:    112240 (1.79 T_f), wall: 10.246 minutes, Δt:   9.74, CFL: 9.00e-01
i:   11700, sim time:    113192 (1.80 T_f), wall: 10.295 minutes, Δt:  10.31, CFL: 9.00e-01
i:   11800, sim time:    114150 (1.82 T_f), wall: 10.346 minutes, Δt:  10.02, CFL: 9.00e-01
i:   11900, sim time:    115060 (1.83 T_f), wall: 10.402 minutes, Δt:  10.22, CFL: 9.00e-01
i:   12000, sim time:    115996 (1.85 T_f), wall: 10.461 minutes, Δt:   9.89, CFL: 9.00e-01
i:   12100, sim time:    116930 (1.86 T_f), wall: 10.515 minutes, Δt:   9.91, CFL: 9.00e-01
i:   12200, sim time:    117898 (1.88 T_f), wall: 10.566 minutes, Δt:  10.04, CFL: 9.00e-01
i:   12300, sim time:    118831 (1.89 T_f), wall: 10.620 minutes, Δt:  10.34, CFL: 9.00e-01
i:   12400, sim time:    119800 (1.91 T_f), wall: 10.665 minutes, Δt:  10.13, CFL: 9.00e-01
i:   12500, sim time:    120741 (1.92 T_f), wall: 10.718 minutes, Δt:  10.13, CFL: 9.00e-01
i:   12600, sim time:    121731 (1.94 T_f), wall: 10.770 minutes, Δt:  10.35, CFL: 9.00e-01
i:   12700, sim time:    122700 (1.95 T_f), wall: 10.823 minutes, Δt:  10.12, CFL: 9.00e-01
i:   12800, sim time:    123610 (1.97 T_f), wall: 10.879 minutes, Δt:  10.18, CFL: 9.00e-01
i:   12900, sim time:    124552 (1.98 T_f), wall: 10.930 minutes, Δt:  10.05, CFL: 9.00e-01
i:   13000, sim time:    125531 (2.00 T_f), wall: 10.985 minutes, Δt:  10.27, CFL: 9.00e-01
i:   13100, sim time:    126510 (2.01 T_f), wall: 11.035 minutes, Δt:   9.83, CFL: 9.00e-01
i:   13200, sim time:    127462 (2.03 T_f), wall: 11.085 minutes, Δt:  10.13, CFL: 9.00e-01
i:   13300, sim time:    128426 (2.04 T_f), wall: 11.140 minutes, Δt:  10.48, CFL: 9.00e-01
i:   13400, sim time:    129368 (2.06 T_f), wall: 11.189 minutes, Δt:  10.12, CFL: 9.00e-01
i:   13500, sim time:    130331 (2.07 T_f), wall: 11.245 minutes, Δt:  10.60, CFL: 9.00e-01
i:   13600, sim time:    131310 (2.09 T_f), wall: 11.301 minutes, Δt:  10.57, CFL: 9.00e-01
i:   13700, sim time:    132290 (2.11 T_f), wall: 11.356 minutes, Δt:  10.28, CFL: 9.00e-01
i:   13800, sim time:    133231 (2.12 T_f), wall: 11.409 minutes, Δt:  10.39, CFL: 9.00e-01
i:   13900, sim time:    134210 (2.14 T_f), wall: 11.461 minutes, Δt:  10.31, CFL: 9.00e-01
i:   14000, sim time:    135200 (2.15 T_f), wall: 11.514 minutes, Δt:  10.05, CFL: 9.00e-01
i:   14100, sim time:    136171 (2.17 T_f), wall: 11.574 minutes, Δt:  10.02, CFL: 9.00e-01
i:   14200, sim time:    137131 (2.18 T_f), wall: 11.630 minutes, Δt:  10.14, CFL: 9.00e-01
i:   14300, sim time:    138091 (2.20 T_f), wall: 11.686 minutes, Δt:  10.01, CFL: 9.00e-01
i:   14400, sim time:    139030 (2.21 T_f), wall: 11.774 minutes, Δt:   9.93, CFL: 9.00e-01
i:   14500, sim time:    140000 (2.23 T_f), wall: 11.829 minutes, Δt:  10.38, CFL: 9.00e-01
i:   14600, sim time:    140972 (2.24 T_f), wall: 11.898 minutes, Δt:   9.99, CFL: 9.00e-01
i:   14700, sim time:    141949 (2.26 T_f), wall: 12.009 minutes, Δt:  10.46, CFL: 9.00e-01
i:   14800, sim time:    142932 (2.27 T_f), wall: 12.077 minutes, Δt:  10.48, CFL: 9.00e-01
i:   14900, sim time:    143910 (2.29 T_f), wall: 12.141 minutes, Δt:  10.56, CFL: 9.00e-01
i:   15000, sim time:    144900 (2.31 T_f), wall: 12.194 minutes, Δt:  10.22, CFL: 9.00e-01
i:   15100, sim time:    145851 (2.32 T_f), wall: 12.267 minutes, Δt:   9.83, CFL: 9.00e-01
i:   15200, sim time:    146840 (2.34 T_f), wall: 12.338 minutes, Δt:  10.19, CFL: 9.00e-01
i:   15300, sim time:    147821 (2.35 T_f), wall: 12.390 minutes, Δt:  10.33, CFL: 9.00e-01
i:   15400, sim time:    148794 (2.37 T_f), wall: 12.440 minutes, Δt:  10.44, CFL: 9.00e-01
i:   15500, sim time:    149769 (2.38 T_f), wall: 12.492 minutes, Δt:   9.68, CFL: 9.00e-01
i:   15600, sim time:    150700 (2.40 T_f), wall: 12.549 minutes, Δt:   9.91, CFL: 9.00e-01
i:   15700, sim time:    151610 (2.41 T_f), wall: 12.603 minutes, Δt:   9.80, CFL: 9.00e-01
i:   15800, sim time:    152562 (2.43 T_f), wall: 12.751 minutes, Δt:  10.32, CFL: 9.00e-01
i:   15900, sim time:    153499 (2.44 T_f), wall: 12.805 minutes, Δt:   9.98, CFL: 9.00e-01
i:   16000, sim time:    154450 (2.46 T_f), wall: 12.867 minutes, Δt:   9.91, CFL: 9.00e-01
i:   16100, sim time:    155410 (2.47 T_f), wall: 13.270 minutes, Δt:  10.23, CFL: 9.00e-01
i:   16200, sim time:    156382 (2.49 T_f), wall: 13.405 minutes, Δt:  10.17, CFL: 9.00e-01
i:   16300, sim time:    157334 (2.50 T_f), wall: 13.461 minutes, Δt:   9.97, CFL: 9.00e-01
i:   16400, sim time:    158300 (2.52 T_f), wall: 13.523 minutes, Δt:   9.78, CFL: 9.00e-01
i:   16500, sim time:    159261 (2.53 T_f), wall: 13.574 minutes, Δt:  10.07, CFL: 9.00e-01
i:   16600, sim time:    160230 (2.55 T_f), wall: 13.625 minutes, Δt:  10.08, CFL: 9.00e-01
i:   16700, sim time:    161210 (2.57 T_f), wall: 13.677 minutes, Δt:  10.41, CFL: 9.00e-01
i:   16800, sim time:    162192 (2.58 T_f), wall: 13.724 minutes, Δt:  10.25, CFL: 9.00e-01
i:   16900, sim time:    163120 (2.60 T_f), wall: 13.782 minutes, Δt:  10.10, CFL: 9.00e-01
i:   17000, sim time:    164079 (2.61 T_f), wall: 13.831 minutes, Δt:  10.05, CFL: 9.00e-01
i:   17100, sim time:    164999 (2.63 T_f), wall: 13.880 minutes, Δt:  10.16, CFL: 9.00e-01
i:   17200, sim time:    165961 (2.64 T_f), wall: 13.935 minutes, Δt:  10.24, CFL: 9.00e-01
i:   17300, sim time:    166876 (2.66 T_f), wall: 13.988 minutes, Δt:   9.60, CFL: 9.00e-01
i:   17400, sim time:    167792 (2.67 T_f), wall: 14.037 minutes, Δt:  10.20, CFL: 9.00e-01
i:   17500, sim time:    168720 (2.69 T_f), wall: 14.092 minutes, Δt:  10.10, CFL: 9.00e-01
i:   17600, sim time:    169641 (2.70 T_f), wall: 14.146 minutes, Δt:   9.81, CFL: 9.00e-01
i:   17700, sim time:    170542 (2.71 T_f), wall: 14.202 minutes, Δt:  10.20, CFL: 9.00e-01
i:   17800, sim time:    171482 (2.73 T_f), wall: 14.254 minutes, Δt:   9.58, CFL: 9.00e-01
i:   17900, sim time:    172400 (2.74 T_f), wall: 14.342 minutes, Δt:  10.22, CFL: 9.00e-01
i:   18000, sim time:    173358 (2.76 T_f), wall: 14.395 minutes, Δt:   9.91, CFL: 9.00e-01
i:   18100, sim time:    174290 (2.77 T_f), wall: 14.449 minutes, Δt:   9.84, CFL: 9.00e-01
i:   18200, sim time:    175253 (2.79 T_f), wall: 14.507 minutes, Δt:  10.11, CFL: 9.00e-01
i:   18300, sim time:    176231 (2.80 T_f), wall: 14.562 minutes, Δt:  10.30, CFL: 9.00e-01
i:   18400, sim time:    177192 (2.82 T_f), wall: 14.615 minutes, Δt:  10.31, CFL: 9.00e-01
i:   18500, sim time:    178131 (2.84 T_f), wall: 14.671 minutes, Δt:  10.18, CFL: 9.00e-01
i:   18600, sim time:    179110 (2.85 T_f), wall: 14.724 minutes, Δt:   9.98, CFL: 9.00e-01
i:   18700, sim time:    180090 (2.87 T_f), wall: 14.777 minutes, Δt:   9.98, CFL: 9.00e-01
i:   18800, sim time:    181061 (2.88 T_f), wall: 14.828 minutes, Δt:  10.09, CFL: 9.00e-01
i:   18900, sim time:    182030 (2.90 T_f), wall: 14.885 minutes, Δt:  10.11, CFL: 9.00e-01
i:   19000, sim time:    182997 (2.91 T_f), wall: 14.937 minutes, Δt:   9.53, CFL: 9.00e-01
i:   19100, sim time:    183920 (2.93 T_f), wall: 14.992 minutes, Δt:  10.19, CFL: 9.00e-01
i:   19200, sim time:    184828 (2.94 T_f), wall: 15.050 minutes, Δt:   9.52, CFL: 9.00e-01
i:   19300, sim time:    185741 (2.96 T_f), wall: 15.100 minutes, Δt:  10.07, CFL: 9.00e-01
i:   19400, sim time:    186710 (2.97 T_f), wall: 15.160 minutes, Δt:  10.24, CFL: 9.00e-01
i:   19500, sim time:    187648 (2.99 T_f), wall: 15.216 minutes, Δt:   9.75, CFL: 9.00e-01
i:   19600, sim time:    188560 (3.00 T_f), wall: 15.264 minutes, Δt:   9.74, CFL: 9.00e-01
i:   19700, sim time:    189510 (3.02 T_f), wall: 15.316 minutes, Δt:  10.16, CFL: 9.00e-01
i:   19800, sim time:    190442 (3.03 T_f), wall: 15.365 minutes, Δt:  10.16, CFL: 9.00e-01
i:   19900, sim time:    191410 (3.05 T_f), wall: 15.420 minutes, Δt:  10.23, CFL: 9.00e-01
i:   20000, sim time:    192383 (3.06 T_f), wall: 15.477 minutes, Δt:  10.37, CFL: 9.00e-01
i:   20100, sim time:    193330 (3.08 T_f), wall: 15.531 minutes, Δt:  10.22, CFL: 9.00e-01
i:   20200, sim time:    194267 (3.09 T_f), wall: 15.587 minutes, Δt:   9.92, CFL: 9.00e-01
i:   20300, sim time:    195210 (3.11 T_f), wall: 15.649 minutes, Δt:   9.91, CFL: 9.00e-01
i:   20400, sim time:    196149 (3.12 T_f), wall: 15.698 minutes, Δt:  10.03, CFL: 9.00e-01
i:   20500, sim time:    197089 (3.14 T_f), wall: 15.759 minutes, Δt:   9.74, CFL: 9.00e-01
i:   20600, sim time:    197986 (3.15 T_f), wall: 15.809 minutes, Δt:   9.79, CFL: 9.00e-01
i:   20700, sim time:    198920 (3.17 T_f), wall: 15.863 minutes, Δt:  10.20, CFL: 9.00e-01
i:   20800, sim time:    199893 (3.18 T_f), wall: 15.928 minutes, Δt:  10.23, CFL: 9.00e-01
i:   20900, sim time:    200840 (3.20 T_f), wall: 15.983 minutes, Δt:   9.84, CFL: 9.00e-01
i:   21000, sim time:    201810 (3.21 T_f), wall: 16.034 minutes, Δt:  10.26, CFL: 9.00e-01
i:   21100, sim time:    202782 (3.23 T_f), wall: 16.089 minutes, Δt:   9.99, CFL: 9.00e-01
i:   21200, sim time:    203720 (3.24 T_f), wall: 16.144 minutes, Δt:  10.14, CFL: 9.00e-01
i:   21300, sim time:    204670 (3.26 T_f), wall: 16.200 minutes, Δt:  10.22, CFL: 9.00e-01
i:   21400, sim time:    205610 (3.27 T_f), wall: 16.259 minutes, Δt:   9.91, CFL: 9.00e-01
i:   21500, sim time:    206549 (3.29 T_f), wall: 16.311 minutes, Δt:   9.89, CFL: 9.00e-01
i:   21600, sim time:    207500 (3.30 T_f), wall: 16.368 minutes, Δt:  10.15, CFL: 9.00e-01
i:   21700, sim time:    208460 (3.32 T_f), wall: 16.433 minutes, Δt:   9.96, CFL: 9.00e-01
i:   21800, sim time:    209438 (3.33 T_f), wall: 16.488 minutes, Δt:  10.16, CFL: 9.00e-01
i:   21900, sim time:    210411 (3.35 T_f), wall: 16.542 minutes, Δt:  10.41, CFL: 9.00e-01
i:   22000, sim time:    211382 (3.36 T_f), wall: 16.601 minutes, Δt:   9.95, CFL: 9.00e-01
i:   22100, sim time:    212331 (3.38 T_f), wall: 16.659 minutes, Δt:  10.51, CFL: 9.00e-01
i:   22200, sim time:    213300 (3.39 T_f), wall: 16.711 minutes, Δt:  10.31, CFL: 9.00e-01
i:   22300, sim time:    214251 (3.41 T_f), wall: 16.770 minutes, Δt:  10.07, CFL: 9.00e-01
i:   22400, sim time:    215221 (3.43 T_f), wall: 16.822 minutes, Δt:  10.20, CFL: 9.00e-01
i:   22500, sim time:    216170 (3.44 T_f), wall: 16.873 minutes, Δt:  10.00, CFL: 9.00e-01
i:   22600, sim time:    217140 (3.46 T_f), wall: 16.934 minutes, Δt:  10.21, CFL: 9.00e-01
i:   22700, sim time:    218081 (3.47 T_f), wall: 16.991 minutes, Δt:  10.40, CFL: 9.00e-01
i:   22800, sim time:    219040 (3.49 T_f), wall: 17.047 minutes, Δt:  10.17, CFL: 9.00e-01
i:   22900, sim time:    220020 (3.50 T_f), wall: 17.104 minutes, Δt:   9.66, CFL: 9.00e-01
i:   23000, sim time:    220940 (3.52 T_f), wall: 17.154 minutes, Δt:  10.03, CFL: 9.00e-01
i:   23100, sim time:    221900 (3.53 T_f), wall: 17.215 minutes, Δt:  10.18, CFL: 9.00e-01
i:   23200, sim time:    222858 (3.55 T_f), wall: 17.288 minutes, Δt:   9.23, CFL: 9.00e-01
i:   23300, sim time:    223792 (3.56 T_f), wall: 17.350 minutes, Δt:  10.23, CFL: 9.00e-01
i:   23400, sim time:    224761 (3.58 T_f), wall: 17.417 minutes, Δt:  10.11, CFL: 9.00e-01
i:   23500, sim time:    225720 (3.59 T_f), wall: 17.500 minutes, Δt:   9.74, CFL: 9.00e-01
i:   23600, sim time:    226650 (3.61 T_f), wall: 17.569 minutes, Δt:  10.14, CFL: 9.00e-01
i:   23700, sim time:    227599 (3.62 T_f), wall: 17.638 minutes, Δt:  10.09, CFL: 9.00e-01
i:   23800, sim time:    228530 (3.64 T_f), wall: 17.698 minutes, Δt:   9.93, CFL: 9.00e-01
i:   23900, sim time:    229450 (3.65 T_f), wall: 17.750 minutes, Δt:  10.03, CFL: 9.00e-01
i:   24000, sim time:    230371 (3.67 T_f), wall: 17.804 minutes, Δt:  10.01, CFL: 9.00e-01
i:   24100, sim time:    231342 (3.68 T_f), wall: 17.858 minutes, Δt:  10.16, CFL: 9.00e-01
i:   24200, sim time:    232300 (3.70 T_f), wall: 17.910 minutes, Δt:  10.27, CFL: 9.00e-01
i:   24300, sim time:    233259 (3.71 T_f), wall: 17.973 minutes, Δt:  10.09, CFL: 9.00e-01
i:   24400, sim time:    234149 (3.73 T_f), wall: 18.028 minutes, Δt:   9.97, CFL: 9.00e-01
i:   24500, sim time:    235070 (3.74 T_f), wall: 18.082 minutes, Δt:  10.08, CFL: 9.00e-01
i:   24600, sim time:    235999 (3.76 T_f), wall: 18.133 minutes, Δt:  10.13, CFL: 9.00e-01
i:   24700, sim time:    236941 (3.77 T_f), wall: 18.192 minutes, Δt:  10.39, CFL: 9.00e-01
i:   24800, sim time:    237900 (3.79 T_f), wall: 18.249 minutes, Δt:   9.86, CFL: 9.00e-01
i:   24900, sim time:    238800 (3.80 T_f), wall: 18.305 minutes, Δt:   9.96, CFL: 9.00e-01
i:   25000, sim time:    239741 (3.82 T_f), wall: 18.369 minutes, Δt:  10.01, CFL: 9.00e-01
i:   25100, sim time:    240721 (3.83 T_f), wall: 18.421 minutes, Δt:  10.03, CFL: 9.00e-01
i:   25200, sim time:    241700 (3.85 T_f), wall: 18.479 minutes, Δt:  10.03, CFL: 9.00e-01
i:   25300, sim time:    242660 (3.86 T_f), wall: 18.539 minutes, Δt:   9.76, CFL: 9.00e-01
i:   25400, sim time:    243600 (3.88 T_f), wall: 18.589 minutes, Δt:   9.66, CFL: 9.00e-01
i:   25500, sim time:    244520 (3.89 T_f), wall: 18.646 minutes, Δt:   9.87, CFL: 9.00e-01
i:   25600, sim time:    245492 (3.91 T_f), wall: 18.705 minutes, Δt:  10.49, CFL: 9.00e-01
i:   25700, sim time:    246471 (3.92 T_f), wall: 18.759 minutes, Δt:  10.19, CFL: 9.00e-01
i:   25800, sim time:    247420 (3.94 T_f), wall: 18.816 minutes, Δt:  10.03, CFL: 9.00e-01
i:   25900, sim time:    248373 (3.95 T_f), wall: 18.869 minutes, Δt:  10.39, CFL: 9.00e-01
i:   26000, sim time:    249316 (3.97 T_f), wall: 18.927 minutes, Δt:   9.78, CFL: 9.00e-01
i:   26100, sim time:    250258 (3.98 T_f), wall: 18.981 minutes, Δt:   9.72, CFL: 9.00e-01
i:   26200, sim time:    251192 (4.00 T_f), wall: 19.031 minutes, Δt:  10.25, CFL: 9.00e-01
i:   26300, sim time:    252162 (4.01 T_f), wall: 19.089 minutes, Δt:  10.10, CFL: 9.00e-01
i:   26400, sim time:    253141 (4.03 T_f), wall: 19.147 minutes, Δt:   9.68, CFL: 9.00e-01
i:   26500, sim time:    254098 (4.04 T_f), wall: 19.200 minutes, Δt:  10.37, CFL: 9.00e-01
i:   26600, sim time:    255051 (4.06 T_f), wall: 19.265 minutes, Δt:   9.96, CFL: 9.00e-01
i:   26700, sim time:    255976 (4.07 T_f), wall: 19.320 minutes, Δt:   9.39, CFL: 9.00e-01
i:   26800, sim time:    256921 (4.09 T_f), wall: 19.375 minutes, Δt:  10.00, CFL: 9.00e-01
i:   26900, sim time:    257900 (4.10 T_f), wall: 19.436 minutes, Δt:  10.28, CFL: 9.00e-01
i:   27000, sim time:    258871 (4.12 T_f), wall: 19.495 minutes, Δt:  10.04, CFL: 9.00e-01
i:   27100, sim time:    259841 (4.14 T_f), wall: 19.555 minutes, Δt:   9.95, CFL: 9.00e-01
i:   27200, sim time:    260750 (4.15 T_f), wall: 19.609 minutes, Δt:   9.98, CFL: 9.00e-01
i:   27300, sim time:    261700 (4.17 T_f), wall: 19.670 minutes, Δt:   9.98, CFL: 9.00e-01
i:   27400, sim time:    262682 (4.18 T_f), wall: 19.747 minutes, Δt:  10.35, CFL: 9.00e-01
i:   27500, sim time:    263659 (4.20 T_f), wall: 19.808 minutes, Δt:   9.89, CFL: 9.00e-01
i:   27600, sim time:    264620 (4.21 T_f), wall: 19.862 minutes, Δt:  10.14, CFL: 9.00e-01
i:   27700, sim time:    265594 (4.23 T_f), wall: 19.917 minutes, Δt:  10.54, CFL: 9.00e-01
i:   27800, sim time:    266540 (4.24 T_f), wall: 19.974 minutes, Δt:  10.06, CFL: 9.00e-01
i:   27900, sim time:    267480 (4.26 T_f), wall: 20.029 minutes, Δt:  10.07, CFL: 9.00e-01
i:   28000, sim time:    268431 (4.27 T_f), wall: 20.090 minutes, Δt:  10.11, CFL: 9.00e-01
i:   28100, sim time:    269339 (4.29 T_f), wall: 20.143 minutes, Δt:   9.87, CFL: 9.00e-01
i:   28200, sim time:    270250 (4.30 T_f), wall: 20.204 minutes, Δt:   9.89, CFL: 9.00e-01
i:   28300, sim time:    271164 (4.32 T_f), wall: 20.255 minutes, Δt:  10.38, CFL: 9.00e-01
i:   28400, sim time:    272140 (4.33 T_f), wall: 20.308 minutes, Δt:  10.32, CFL: 9.00e-01
i:   28500, sim time:    273110 (4.35 T_f), wall: 20.366 minutes, Δt:   9.74, CFL: 9.00e-01
i:   28600, sim time:    274070 (4.36 T_f), wall: 20.422 minutes, Δt:  10.22, CFL: 9.00e-01
i:   28700, sim time:    275029 (4.38 T_f), wall: 20.477 minutes, Δt:   9.69, CFL: 9.00e-01
i:   28800, sim time:    275981 (4.39 T_f), wall: 20.542 minutes, Δt:  10.18, CFL: 9.00e-01
i:   28900, sim time:    276941 (4.41 T_f), wall: 20.600 minutes, Δt:  10.42, CFL: 9.00e-01
i:   29000, sim time:    277881 (4.42 T_f), wall: 20.659 minutes, Δt:  10.21, CFL: 9.00e-01
i:   29100, sim time:    278842 (4.44 T_f), wall: 20.719 minutes, Δt:  10.24, CFL: 9.00e-01
i:   29200, sim time:    279821 (4.45 T_f), wall: 20.776 minutes, Δt:  10.29, CFL: 9.00e-01
i:   29300, sim time:    280778 (4.47 T_f), wall: 20.826 minutes, Δt:  10.39, CFL: 9.00e-01
i:   29400, sim time:    281730 (4.48 T_f), wall: 20.882 minutes, Δt:  10.23, CFL: 9.00e-01
i:   29500, sim time:    282700 (4.50 T_f), wall: 20.938 minutes, Δt:  10.08, CFL: 9.00e-01
i:   29600, sim time:    283663 (4.51 T_f), wall: 20.994 minutes, Δt:  10.29, CFL: 9.00e-01
i:   29700, sim time:    284590 (4.53 T_f), wall: 21.053 minutes, Δt:  10.11, CFL: 9.00e-01
i:   29800, sim time:    285510 (4.54 T_f), wall: 21.111 minutes, Δt:  10.03, CFL: 9.00e-01
i:   29900, sim time:    286431 (4.56 T_f), wall: 21.174 minutes, Δt:  10.25, CFL: 9.00e-01
i:   30000, sim time:    287410 (4.57 T_f), wall: 21.230 minutes, Δt:   9.78, CFL: 9.00e-01
i:   30100, sim time:    288329 (4.59 T_f), wall: 21.286 minutes, Δt:   9.74, CFL: 9.00e-01
i:   30200, sim time:    289300 (4.60 T_f), wall: 21.336 minutes, Δt:   9.93, CFL: 9.00e-01
i:   30300, sim time:    290228 (4.62 T_f), wall: 21.396 minutes, Δt:   9.54, CFL: 9.00e-01
i:   30400, sim time:    291150 (4.63 T_f), wall: 21.454 minutes, Δt:  10.00, CFL: 9.00e-01
i:   30500, sim time:    292092 (4.65 T_f), wall: 21.505 minutes, Δt:  10.28, CFL: 9.00e-01
i:   30600, sim time:    293062 (4.66 T_f), wall: 21.561 minutes, Δt:  10.34, CFL: 9.00e-01
i:   30700, sim time:    294030 (4.68 T_f), wall: 21.624 minutes, Δt:   9.99, CFL: 9.00e-01
i:   30800, sim time:    295000 (4.70 T_f), wall: 21.680 minutes, Δt:  10.34, CFL: 9.00e-01
i:   30900, sim time:    295982 (4.71 T_f), wall: 21.740 minutes, Δt:  10.32, CFL: 9.00e-01
i:   31000, sim time:    296921 (4.73 T_f), wall: 21.804 minutes, Δt:  10.27, CFL: 9.00e-01
i:   31100, sim time:    297900 (4.74 T_f), wall: 21.867 minutes, Δt:  10.04, CFL: 9.00e-01
i:   31200, sim time:    298872 (4.76 T_f), wall: 21.923 minutes, Δt:  10.28, CFL: 9.00e-01
i:   31300, sim time:    299841 (4.77 T_f), wall: 21.998 minutes, Δt:  10.10, CFL: 9.00e-01
i:   31400, sim time:    300812 (4.79 T_f), wall: 22.063 minutes, Δt:  10.15, CFL: 9.00e-01
i:   31500, sim time:    301795 (4.80 T_f), wall: 22.120 minutes, Δt:  10.20, CFL: 9.00e-01
i:   31600, sim time:    302772 (4.82 T_f), wall: 22.182 minutes, Δt:  10.40, CFL: 9.00e-01
i:   31700, sim time:    303752 (4.83 T_f), wall: 22.242 minutes, Δt:  10.50, CFL: 9.00e-01
i:   31800, sim time:    304710 (4.85 T_f), wall: 22.304 minutes, Δt:   9.98, CFL: 9.00e-01
i:   31900, sim time:    305673 (4.86 T_f), wall: 22.355 minutes, Δt:  10.12, CFL: 9.00e-01
i:   32000, sim time:    306651 (4.88 T_f), wall: 22.416 minutes, Δt:  10.34, CFL: 9.00e-01
i:   32100, sim time:    307621 (4.90 T_f), wall: 22.473 minutes, Δt:  10.41, CFL: 9.00e-01
i:   32200, sim time:    308536 (4.91 T_f), wall: 22.522 minutes, Δt:   9.32, CFL: 9.00e-01
i:   32300, sim time:    309461 (4.93 T_f), wall: 22.576 minutes, Δt:  10.36, CFL: 9.00e-01
i:   32400, sim time:    310441 (4.94 T_f), wall: 22.632 minutes, Δt:  10.27, CFL: 9.00e-01
i:   32500, sim time:    311400 (4.96 T_f), wall: 22.685 minutes, Δt:   9.75, CFL: 9.00e-01
i:   32600, sim time:    312340 (4.97 T_f), wall: 22.742 minutes, Δt:   9.88, CFL: 9.00e-01
i:   32700, sim time:    313271 (4.99 T_f), wall: 22.802 minutes, Δt:  10.32, CFL: 9.00e-01
i:   32800, sim time:    314230 (5.00 T_f), wall: 22.856 minutes, Δt:  10.10, CFL: 9.00e-01
i:   32900, sim time:    315182 (5.02 T_f), wall: 22.916 minutes, Δt:  10.22, CFL: 9.00e-01
i:   33000, sim time:    316162 (5.03 T_f), wall: 22.968 minutes, Δt:  10.21, CFL: 9.00e-01
i:   33100, sim time:    317080 (5.05 T_f), wall: 23.025 minutes, Δt:   9.99, CFL: 9.00e-01
i:   33200, sim time:    318050 (5.06 T_f), wall: 23.088 minutes, Δt:  10.22, CFL: 9.00e-01
i:   33300, sim time:    319024 (5.08 T_f), wall: 23.150 minutes, Δt:  10.31, CFL: 9.00e-01
i:   33400, sim time:    319996 (5.09 T_f), wall: 23.202 minutes, Δt:  10.17, CFL: 9.00e-01
i:   33500, sim time:    320948 (5.11 T_f), wall: 23.264 minutes, Δt:  10.28, CFL: 9.00e-01
i:   33600, sim time:    321899 (5.12 T_f), wall: 23.324 minutes, Δt:   9.82, CFL: 9.00e-01
i:   33700, sim time:    322821 (5.14 T_f), wall: 23.378 minutes, Δt:  10.09, CFL: 9.00e-01
i:   33800, sim time:    323800 (5.15 T_f), wall: 23.435 minutes, Δt:  10.06, CFL: 9.00e-01
i:   33900, sim time:    324771 (5.17 T_f), wall: 23.492 minutes, Δt:   9.73, CFL: 9.00e-01
i:   34000, sim time:    325700 (5.18 T_f), wall: 23.545 minutes, Δt:  10.08, CFL: 9.00e-01
i:   34100, sim time:    326651 (5.20 T_f), wall: 23.607 minutes, Δt:  10.17, CFL: 9.00e-01
i:   34200, sim time:    327620 (5.21 T_f), wall: 23.661 minutes, Δt:  10.16, CFL: 9.00e-01
i:   34300, sim time:    328590 (5.23 T_f), wall: 23.712 minutes, Δt:  10.44, CFL: 9.00e-01
i:   34400, sim time:    329530 (5.24 T_f), wall: 23.770 minutes, Δt:  10.12, CFL: 9.00e-01
i:   34500, sim time:    330460 (5.26 T_f), wall: 23.824 minutes, Δt:  10.23, CFL: 9.00e-01
i:   34600, sim time:    331441 (5.28 T_f), wall: 23.881 minutes, Δt:  10.21, CFL: 9.00e-01
i:   34700, sim time:    332410 (5.29 T_f), wall: 23.940 minutes, Δt:  10.09, CFL: 9.00e-01
i:   34800, sim time:    333381 (5.31 T_f), wall: 23.991 minutes, Δt:  10.16, CFL: 9.00e-01
i:   34900, sim time:    334350 (5.32 T_f), wall: 24.047 minutes, Δt:  10.28, CFL: 9.00e-01
i:   35000, sim time:    335320 (5.34 T_f), wall: 24.102 minutes, Δt:  10.41, CFL: 9.00e-01
i:   35100, sim time:    336293 (5.35 T_f), wall: 24.156 minutes, Δt:  10.10, CFL: 9.00e-01
i:   35200, sim time:    337267 (5.37 T_f), wall: 24.216 minutes, Δt:  10.44, CFL: 9.00e-01
i:   35300, sim time:    338238 (5.38 T_f), wall: 24.277 minutes, Δt:   9.56, CFL: 9.00e-01
i:   35400, sim time:    339160 (5.40 T_f), wall: 24.336 minutes, Δt:  10.17, CFL: 9.00e-01
i:   35500, sim time:    340131 (5.41 T_f), wall: 24.394 minutes, Δt:  10.21, CFL: 9.00e-01
i:   35600, sim time:    341091 (5.43 T_f), wall: 24.465 minutes, Δt:   9.46, CFL: 9.00e-01
i:   35700, sim time:    342040 (5.44 T_f), wall: 24.526 minutes, Δt:   9.92, CFL: 9.00e-01
i:   35800, sim time:    342951 (5.46 T_f), wall: 24.578 minutes, Δt:  10.25, CFL: 9.00e-01
i:   35900, sim time:    343879 (5.47 T_f), wall: 24.637 minutes, Δt:   9.80, CFL: 9.00e-01
i:   36000, sim time:    344782 (5.49 T_f), wall: 24.699 minutes, Δt:  10.00, CFL: 9.00e-01
i:   36100, sim time:    345697 (5.50 T_f), wall: 24.752 minutes, Δt:   9.52, CFL: 9.00e-01
i:   36200, sim time:    346631 (5.52 T_f), wall: 24.810 minutes, Δt:  10.12, CFL: 9.00e-01
i:   36300, sim time:    347592 (5.53 T_f), wall: 24.862 minutes, Δt:  10.18, CFL: 9.00e-01
i:   36400, sim time:    348550 (5.55 T_f), wall: 24.919 minutes, Δt:   9.79, CFL: 9.00e-01
i:   36500, sim time:    349482 (5.56 T_f), wall: 24.975 minutes, Δt:   9.72, CFL: 9.00e-01
i:   36600, sim time:    350424 (5.58 T_f), wall: 25.035 minutes, Δt:  10.35, CFL: 9.00e-01
i:   36700, sim time:    351410 (5.59 T_f), wall: 25.089 minutes, Δt:  10.34, CFL: 9.00e-01
i:   36800, sim time:    352379 (5.61 T_f), wall: 25.144 minutes, Δt:  10.23, CFL: 9.00e-01
i:   36900, sim time:    353352 (5.62 T_f), wall: 25.198 minutes, Δt:  10.25, CFL: 9.00e-01
i:   37000, sim time:    354321 (5.64 T_f), wall: 25.259 minutes, Δt:  10.31, CFL: 9.00e-01
i:   37100, sim time:    355300 (5.65 T_f), wall: 25.320 minutes, Δt:  10.08, CFL: 9.00e-01
i:   37200, sim time:    356261 (5.67 T_f), wall: 25.376 minutes, Δt:  10.25, CFL: 9.00e-01
i:   37300, sim time:    357210 (5.69 T_f), wall: 25.428 minutes, Δt:  10.11, CFL: 9.00e-01
i:   37400, sim time:    358192 (5.70 T_f), wall: 25.486 minutes, Δt:  10.17, CFL: 9.00e-01
i:   37500, sim time:    359128 (5.72 T_f), wall: 25.545 minutes, Δt:   9.40, CFL: 9.00e-01
i:   37600, sim time:    360030 (5.73 T_f), wall: 25.597 minutes, Δt:   9.82, CFL: 9.00e-01
i:   37700, sim time:    360969 (5.74 T_f), wall: 25.651 minutes, Δt:   9.85, CFL: 9.00e-01
i:   37800, sim time:    361921 (5.76 T_f), wall: 25.708 minutes, Δt:  10.53, CFL: 9.00e-01
i:   37900, sim time:    362899 (5.78 T_f), wall: 25.769 minutes, Δt:  10.25, CFL: 9.00e-01
i:   38000, sim time:    363861 (5.79 T_f), wall: 25.828 minutes, Δt:  10.13, CFL: 9.00e-01
i:   38100, sim time:    364820 (5.81 T_f), wall: 25.887 minutes, Δt:   9.97, CFL: 9.00e-01
i:   38200, sim time:    365789 (5.82 T_f), wall: 25.937 minutes, Δt:   9.76, CFL: 9.00e-01
i:   38300, sim time:    366731 (5.84 T_f), wall: 25.994 minutes, Δt:  10.35, CFL: 9.00e-01
i:   38400, sim time:    367679 (5.85 T_f), wall: 26.049 minutes, Δt:   9.75, CFL: 9.00e-01
i:   38500, sim time:    368597 (5.87 T_f), wall: 26.107 minutes, Δt:   9.98, CFL: 9.00e-01
i:   38600, sim time:    369541 (5.88 T_f), wall: 26.162 minutes, Δt:  10.14, CFL: 9.00e-01
i:   38700, sim time:    370510 (5.90 T_f), wall: 26.218 minutes, Δt:  10.27, CFL: 9.00e-01
i:   38800, sim time:    371472 (5.91 T_f), wall: 26.272 minutes, Δt:  10.34, CFL: 9.00e-01
i:   38900, sim time:    372433 (5.93 T_f), wall: 26.325 minutes, Δt:   9.72, CFL: 9.00e-01
i:   39000, sim time:    373400 (5.94 T_f), wall: 26.374 minutes, Δt:  10.28, CFL: 9.00e-01
i:   39100, sim time:    374350 (5.96 T_f), wall: 26.439 minutes, Δt:  10.16, CFL: 9.00e-01
i:   39200, sim time:    375300 (5.97 T_f), wall: 26.494 minutes, Δt:  10.07, CFL: 9.00e-01
i:   39300, sim time:    376241 (5.99 T_f), wall: 26.555 minutes, Δt:  10.14, CFL: 9.00e-01
i:   39400, sim time:    377210 (6.00 T_f), wall: 26.613 minutes, Δt:   9.86, CFL: 9.00e-01
i:   39500, sim time:    378162 (6.02 T_f), wall: 26.670 minutes, Δt:  10.50, CFL: 9.00e-01
i:   39600, sim time:    379140 (6.03 T_f), wall: 26.725 minutes, Δt:  10.19, CFL: 9.00e-01
i:   39700, sim time:    380110 (6.05 T_f), wall: 26.779 minutes, Δt:  10.12, CFL: 9.00e-01
i:   39800, sim time:    381052 (6.06 T_f), wall: 26.837 minutes, Δt:   9.88, CFL: 9.00e-01
i:   39900, sim time:    382020 (6.08 T_f), wall: 26.891 minutes, Δt:  10.15, CFL: 9.00e-01
i:   40000, sim time:    382991 (6.10 T_f), wall: 26.949 minutes, Δt:   9.95, CFL: 9.00e-01
i:   40100, sim time:    383930 (6.11 T_f), wall: 27.009 minutes, Δt:  10.25, CFL: 9.00e-01
i:   40200, sim time:    384887 (6.13 T_f), wall: 27.064 minutes, Δt:   9.85, CFL: 9.00e-01
i:   40300, sim time:    385829 (6.14 T_f), wall: 27.131 minutes, Δt:   9.39, CFL: 9.00e-01
i:   40400, sim time:    386760 (6.16 T_f), wall: 27.184 minutes, Δt:   9.96, CFL: 9.00e-01
i:   40500, sim time:    387699 (6.17 T_f), wall: 27.245 minutes, Δt:  10.01, CFL: 9.00e-01
i:   40600, sim time:    388599 (6.18 T_f), wall: 27.297 minutes, Δt:  10.15, CFL: 9.00e-01
i:   40700, sim time:    389551 (6.20 T_f), wall: 27.359 minutes, Δt:  10.43, CFL: 9.00e-01
i:   40800, sim time:    390521 (6.22 T_f), wall: 27.416 minutes, Δt:  10.30, CFL: 9.00e-01
i:   40900, sim time:    391480 (6.23 T_f), wall: 27.473 minutes, Δt:   9.87, CFL: 9.00e-01
i:   41000, sim time:    392420 (6.25 T_f), wall: 27.531 minutes, Δt:  10.02, CFL: 9.00e-01
i:   41100, sim time:    393378 (6.26 T_f), wall: 27.589 minutes, Δt:   9.76, CFL: 9.00e-01
i:   41200, sim time:    394291 (6.28 T_f), wall: 27.645 minutes, Δt:  10.16, CFL: 9.00e-01
i:   41300, sim time:    395229 (6.29 T_f), wall: 27.707 minutes, Δt:   9.74, CFL: 9.00e-01
i:   41400, sim time:    396162 (6.31 T_f), wall: 27.764 minutes, Δt:  10.18, CFL: 9.00e-01
i:   41500, sim time:    397111 (6.32 T_f), wall: 27.821 minutes, Δt:  10.55, CFL: 9.00e-01
i:   41600, sim time:    398070 (6.34 T_f), wall: 27.886 minutes, Δt:   9.99, CFL: 9.00e-01
i:   41700, sim time:    399010 (6.35 T_f), wall: 27.947 minutes, Δt:  10.05, CFL: 9.00e-01
i:   41800, sim time:    399962 (6.37 T_f), wall: 28.002 minutes, Δt:  10.17, CFL: 9.00e-01
i:   41900, sim time:    400919 (6.38 T_f), wall: 28.075 minutes, Δt:  10.06, CFL: 9.00e-01
i:   42000, sim time:    401870 (6.40 T_f), wall: 28.129 minutes, Δt:  10.18, CFL: 9.00e-01
i:   42100, sim time:    402841 (6.41 T_f), wall: 28.190 minutes, Δt:  10.18, CFL: 9.00e-01
i:   42200, sim time:    403792 (6.43 T_f), wall: 28.241 minutes, Δt:  10.23, CFL: 9.00e-01
i:   42300, sim time:    404700 (6.44 T_f), wall: 28.298 minutes, Δt:  10.36, CFL: 9.00e-01
i:   42400, sim time:    405683 (6.46 T_f), wall: 28.354 minutes, Δt:  10.44, CFL: 9.00e-01
i:   42500, sim time:    406640 (6.47 T_f), wall: 28.414 minutes, Δt:  10.27, CFL: 9.00e-01
i:   42600, sim time:    407600 (6.49 T_f), wall: 28.473 minutes, Δt:  10.12, CFL: 9.00e-01
i:   42700, sim time:    408554 (6.50 T_f), wall: 28.535 minutes, Δt:  10.23, CFL: 9.00e-01
i:   42800, sim time:    409531 (6.52 T_f), wall: 28.593 minutes, Δt:  10.23, CFL: 9.00e-01
i:   42900, sim time:    410487 (6.53 T_f), wall: 28.649 minutes, Δt:  10.00, CFL: 9.00e-01
i:   43000, sim time:    411420 (6.55 T_f), wall: 28.710 minutes, Δt:  10.05, CFL: 9.00e-01
i:   43100, sim time:    412347 (6.56 T_f), wall: 28.763 minutes, Δt:   9.42, CFL: 9.00e-01
i:   43200, sim time:    413255 (6.58 T_f), wall: 28.823 minutes, Δt:  10.31, CFL: 9.00e-01
i:   43300, sim time:    414200 (6.59 T_f), wall: 28.878 minutes, Δt:   9.99, CFL: 9.00e-01
i:   43400, sim time:    415158 (6.61 T_f), wall: 28.935 minutes, Δt:  10.10, CFL: 9.00e-01
i:   43500, sim time:    416091 (6.62 T_f), wall: 28.991 minutes, Δt:  10.42, CFL: 9.00e-01
i:   43600, sim time:    417083 (6.64 T_f), wall: 29.054 minutes, Δt:  10.34, CFL: 9.00e-01
i:   43700, sim time:    418030 (6.65 T_f), wall: 29.119 minutes, Δt:  10.04, CFL: 9.00e-01
i:   43800, sim time:    418959 (6.67 T_f), wall: 29.180 minutes, Δt:  10.14, CFL: 9.00e-01
i:   43900, sim time:    419900 (6.68 T_f), wall: 29.236 minutes, Δt:  10.25, CFL: 9.00e-01
i:   44000, sim time:    420841 (6.70 T_f), wall: 29.295 minutes, Δt:  10.08, CFL: 9.00e-01
i:   44100, sim time:    421783 (6.71 T_f), wall: 29.350 minutes, Δt:   9.83, CFL: 9.00e-01
i:   44200, sim time:    422700 (6.73 T_f), wall: 29.411 minutes, Δt:  10.10, CFL: 9.00e-01
i:   44300, sim time:    423630 (6.74 T_f), wall: 29.466 minutes, Δt:  10.16, CFL: 9.00e-01
i:   44400, sim time:    424621 (6.76 T_f), wall: 29.523 minutes, Δt:  10.45, CFL: 9.00e-01
i:   44500, sim time:    425600 (6.77 T_f), wall: 29.582 minutes, Δt:  10.47, CFL: 9.00e-01
i:   44600, sim time:    426562 (6.79 T_f), wall: 29.643 minutes, Δt:  10.56, CFL: 9.00e-01
i:   44700, sim time:    427529 (6.80 T_f), wall: 29.697 minutes, Δt:   9.95, CFL: 9.00e-01
i:   44800, sim time:    428471 (6.82 T_f), wall: 29.758 minutes, Δt:  10.50, CFL: 9.00e-01
i:   44900, sim time:    429442 (6.83 T_f), wall: 29.818 minutes, Δt:  10.28, CFL: 9.00e-01
i:   45000, sim time:    430392 (6.85 T_f), wall: 29.869 minutes, Δt:  10.33, CFL: 9.00e-01
i:   45100, sim time:    431339 (6.86 T_f), wall: 29.941 minutes, Δt:   9.74, CFL: 9.00e-01
i:   45200, sim time:    432310 (6.88 T_f), wall: 30.000 minutes, Δt:   9.81, CFL: 9.00e-01
i:   45300, sim time:    433250 (6.90 T_f), wall: 30.069 minutes, Δt:  10.25, CFL: 9.00e-01
i:   45400, sim time:    434174 (6.91 T_f), wall: 30.124 minutes, Δt:   9.52, CFL: 9.00e-01
i:   45500, sim time:    435087 (6.92 T_f), wall: 30.186 minutes, Δt:   9.65, CFL: 9.00e-01
i:   45600, sim time:    436031 (6.94 T_f), wall: 30.263 minutes, Δt:   9.98, CFL: 9.00e-01
i:   45700, sim time:    436999 (6.96 T_f), wall: 30.326 minutes, Δt:  10.27, CFL: 9.00e-01
i:   45800, sim time:    437910 (6.97 T_f), wall: 30.386 minutes, Δt:  10.12, CFL: 9.00e-01
i:   45900, sim time:    438820 (6.98 T_f), wall: 30.456 minutes, Δt:   9.64, CFL: 9.00e-01
i:   46000, sim time:    439740 (7.00 T_f), wall: 30.521 minutes, Δt:   9.93, CFL: 9.00e-01
i:   46100, sim time:    440651 (7.01 T_f), wall: 30.585 minutes, Δt:  10.00, CFL: 9.00e-01
i:   46200, sim time:    441610 (7.03 T_f), wall: 30.698 minutes, Δt:   9.94, CFL: 9.00e-01
i:   46300, sim time:    442549 (7.04 T_f), wall: 30.857 minutes, Δt:   9.61, CFL: 9.00e-01
i:   46400, sim time:    443460 (7.06 T_f), wall: 30.918 minutes, Δt:  10.04, CFL: 9.00e-01
i:   46500, sim time:    444399 (7.07 T_f), wall: 30.974 minutes, Δt:   9.81, CFL: 9.00e-01
i:   46600, sim time:    445352 (7.09 T_f), wall: 31.044 minutes, Δt:  10.15, CFL: 9.00e-01
i:   46700, sim time:    446300 (7.10 T_f), wall: 31.109 minutes, Δt:  10.51, CFL: 9.00e-01
i:   46800, sim time:    447281 (7.12 T_f), wall: 31.173 minutes, Δt:   9.97, CFL: 9.00e-01
i:   46900, sim time:    448210 (7.13 T_f), wall: 31.233 minutes, Δt:  10.12, CFL: 9.00e-01
i:   47000, sim time:    449192 (7.15 T_f), wall: 31.291 minutes, Δt:  10.13, CFL: 9.00e-01
i:   47100, sim time:    450120 (7.16 T_f), wall: 31.354 minutes, Δt:   9.72, CFL: 9.00e-01
i:   47200, sim time:    451100 (7.18 T_f), wall: 31.419 minutes, Δt:  10.49, CFL: 9.00e-01
i:   47300, sim time:    452079 (7.20 T_f), wall: 31.477 minutes, Δt:  10.21, CFL: 9.00e-01
i:   47400, sim time:    453051 (7.21 T_f), wall: 31.538 minutes, Δt:   9.96, CFL: 9.00e-01
i:   47500, sim time:    453971 (7.23 T_f), wall: 31.594 minutes, Δt:  10.09, CFL: 9.00e-01
i:   47600, sim time:    454909 (7.24 T_f), wall: 31.653 minutes, Δt:   9.57, CFL: 9.00e-01
i:   47700, sim time:    455820 (7.25 T_f), wall: 31.712 minutes, Δt:  10.44, CFL: 9.00e-01
i:   47800, sim time:    456781 (7.27 T_f), wall: 31.769 minutes, Δt:  10.11, CFL: 9.00e-01
i:   47900, sim time:    457752 (7.29 T_f), wall: 31.832 minutes, Δt:  10.57, CFL: 9.00e-01
i:   48000, sim time:    458700 (7.30 T_f), wall: 31.891 minutes, Δt:   9.58, CFL: 9.00e-01
i:   48100, sim time:    459610 (7.31 T_f), wall: 31.956 minutes, Δt:   9.92, CFL: 9.00e-01
i:   48200, sim time:    460551 (7.33 T_f), wall: 32.013 minutes, Δt:  10.17, CFL: 9.00e-01
i:   48300, sim time:    461520 (7.35 T_f), wall: 32.076 minutes, Δt:  10.20, CFL: 9.00e-01
i:   48400, sim time:    462510 (7.36 T_f), wall: 32.140 minutes, Δt:  10.05, CFL: 9.00e-01
i:   48500, sim time:    463485 (7.38 T_f), wall: 32.203 minutes, Δt:  10.32, CFL: 9.00e-01
i:   48600, sim time:    464468 (7.39 T_f), wall: 32.261 minutes, Δt:  10.48, CFL: 9.00e-01
i:   48700, sim time:    465452 (7.41 T_f), wall: 32.322 minutes, Δt:  10.29, CFL: 9.00e-01
i:   48800, sim time:    466410 (7.42 T_f), wall: 32.390 minutes, Δt:   9.79, CFL: 9.00e-01
i:   48900, sim time:    467351 (7.44 T_f), wall: 32.446 minutes, Δt:  10.19, CFL: 9.00e-01
i:   49000, sim time:    468330 (7.45 T_f), wall: 32.502 minutes, Δt:  10.06, CFL: 9.00e-01
i:   49100, sim time:    469297 (7.47 T_f), wall: 32.567 minutes, Δt:   9.69, CFL: 9.00e-01
i:   49200, sim time:    470260 (7.48 T_f), wall: 32.633 minutes, Δt:   9.89, CFL: 9.00e-01
i:   49300, sim time:    471182 (7.50 T_f), wall: 32.686 minutes, Δt:   8.74, CFL: 9.00e-01
i:   49400, sim time:    472099 (7.51 T_f), wall: 32.748 minutes, Δt:   9.98, CFL: 9.00e-01
i:   49500, sim time:    473000 (7.53 T_f), wall: 32.802 minutes, Δt:  10.02, CFL: 9.00e-01
i:   49600, sim time:    473971 (7.54 T_f), wall: 32.862 minutes, Δt:  10.11, CFL: 9.00e-01
i:   49700, sim time:    474952 (7.56 T_f), wall: 32.921 minutes, Δt:  10.46, CFL: 9.00e-01
i:   49800, sim time:    475900 (7.57 T_f), wall: 32.983 minutes, Δt:  10.10, CFL: 9.00e-01
i:   49900, sim time:    476884 (7.59 T_f), wall: 33.038 minutes, Δt:  10.37, CFL: 9.00e-01
i:   50000, sim time:    477862 (7.61 T_f), wall: 33.096 minutes, Δt:   9.92, CFL: 9.00e-01
i:   50100, sim time:    478830 (7.62 T_f), wall: 33.162 minutes, Δt:   9.93, CFL: 9.00e-01
i:   50200, sim time:    479792 (7.64 T_f), wall: 33.218 minutes, Δt:  10.20, CFL: 9.00e-01
i:   50300, sim time:    480744 (7.65 T_f), wall: 33.275 minutes, Δt:   9.98, CFL: 9.00e-01
i:   50400, sim time:    481676 (7.67 T_f), wall: 33.335 minutes, Δt:  10.37, CFL: 9.00e-01
i:   50500, sim time:    482648 (7.68 T_f), wall: 33.396 minutes, Δt:  10.25, CFL: 9.00e-01
i:   50600, sim time:    483610 (7.70 T_f), wall: 33.458 minutes, Δt:  10.44, CFL: 9.00e-01
i:   50700, sim time:    484532 (7.71 T_f), wall: 33.518 minutes, Δt:   9.94, CFL: 9.00e-01
i:   50800, sim time:    485495 (7.73 T_f), wall: 33.581 minutes, Δt:  10.02, CFL: 9.00e-01
i:   50900, sim time:    486441 (7.74 T_f), wall: 33.639 minutes, Δt:  10.26, CFL: 9.00e-01
i:   51000, sim time:    487420 (7.76 T_f), wall: 33.701 minutes, Δt:   9.99, CFL: 9.00e-01
i:   51100, sim time:    488370 (7.77 T_f), wall: 33.766 minutes, Δt:   9.84, CFL: 9.00e-01
i:   51200, sim time:    489283 (7.79 T_f), wall: 33.827 minutes, Δt:  10.10, CFL: 9.00e-01
i:   51300, sim time:    490193 (7.80 T_f), wall: 33.881 minutes, Δt:   9.72, CFL: 9.00e-01
i:   51400, sim time:    491100 (7.82 T_f), wall: 33.944 minutes, Δt:   9.81, CFL: 9.00e-01
i:   51500, sim time:    492010 (7.83 T_f), wall: 34.003 minutes, Δt:  10.06, CFL: 9.00e-01
i:   51600, sim time:    492961 (7.85 T_f), wall: 34.061 minutes, Δt:  10.27, CFL: 9.00e-01
i:   51700, sim time:    493932 (7.86 T_f), wall: 34.122 minutes, Δt:  10.15, CFL: 9.00e-01
i:   51800, sim time:    494910 (7.88 T_f), wall: 34.185 minutes, Δt:   9.31, CFL: 9.00e-01
i:   51900, sim time:    495876 (7.89 T_f), wall: 34.242 minutes, Δt:  10.16, CFL: 9.00e-01
i:   52000, sim time:    496842 (7.91 T_f), wall: 34.302 minutes, Δt:  10.44, CFL: 9.00e-01
i:   52100, sim time:    497798 (7.92 T_f), wall: 34.360 minutes, Δt:   9.63, CFL: 9.00e-01
i:   52200, sim time:    498731 (7.94 T_f), wall: 34.429 minutes, Δt:  10.24, CFL: 9.00e-01
i:   52300, sim time:    499710 (7.95 T_f), wall: 34.486 minutes, Δt:  10.35, CFL: 9.00e-01
i:   52400, sim time:    500672 (7.97 T_f), wall: 34.546 minutes, Δt:  10.23, CFL: 9.00e-01
i:   52500, sim time:    501652 (7.98 T_f), wall: 34.611 minutes, Δt:  10.03, CFL: 9.00e-01
i:   52600, sim time:    502600 (8.00 T_f), wall: 34.664 minutes, Δt:  10.12, CFL: 9.00e-01
i:   52700, sim time:    503552 (8.01 T_f), wall: 34.725 minutes, Δt:  10.27, CFL: 9.00e-01
i:   52800, sim time:    504510 (8.03 T_f), wall: 34.791 minutes, Δt:   9.91, CFL: 9.00e-01
i:   52900, sim time:    505419 (8.04 T_f), wall: 34.857 minutes, Δt:   9.65, CFL: 9.00e-01
i:   53000, sim time:    506371 (8.06 T_f), wall: 34.914 minutes, Δt:  10.04, CFL: 9.00e-01
i:   53100, sim time:    507319 (8.07 T_f), wall: 34.970 minutes, Δt:   9.97, CFL: 9.00e-01
i:   53200, sim time:    508261 (8.09 T_f), wall: 35.042 minutes, Δt:   9.92, CFL: 9.00e-01
i:   53300, sim time:    509200 (8.10 T_f), wall: 35.099 minutes, Δt:  10.13, CFL: 9.00e-01
i:   53400, sim time:    510172 (8.12 T_f), wall: 35.162 minutes, Δt:  10.18, CFL: 9.00e-01
i:   53500, sim time:    511110 (8.13 T_f), wall: 35.231 minutes, Δt:  10.21, CFL: 9.00e-01
i:   53600, sim time:    512100 (8.15 T_f), wall: 35.296 minutes, Δt:  10.35, CFL: 9.00e-01
i:   53700, sim time:    513086 (8.17 T_f), wall: 35.358 minutes, Δt:  10.20, CFL: 9.00e-01
i:   53800, sim time:    514028 (8.18 T_f), wall: 35.417 minutes, Δt:  10.38, CFL: 9.00e-01
i:   53900, sim time:    515000 (8.20 T_f), wall: 35.476 minutes, Δt:  10.27, CFL: 9.00e-01
i:   54000, sim time:    515942 (8.21 T_f), wall: 35.537 minutes, Δt:  10.17, CFL: 9.00e-01
i:   54100, sim time:    516920 (8.23 T_f), wall: 35.596 minutes, Δt:  10.30, CFL: 9.00e-01
i:   54200, sim time:    517895 (8.24 T_f), wall: 35.662 minutes, Δt:  10.54, CFL: 9.00e-01
i:   54300, sim time:    518868 (8.26 T_f), wall: 35.729 minutes, Δt:   9.83, CFL: 9.00e-01
i:   54400, sim time:    519810 (8.27 T_f), wall: 35.799 minutes, Δt:  10.36, CFL: 9.00e-01
i:   54500, sim time:    520782 (8.29 T_f), wall: 35.858 minutes, Δt:   9.95, CFL: 9.00e-01
i:   54600, sim time:    521739 (8.30 T_f), wall: 35.917 minutes, Δt:   9.58, CFL: 9.00e-01
i:   54700, sim time:    522661 (8.32 T_f), wall: 35.979 minutes, Δt:  10.27, CFL: 9.00e-01
i:   54800, sim time:    523640 (8.33 T_f), wall: 36.041 minutes, Δt:   9.68, CFL: 9.00e-01
i:   54900, sim time:    524592 (8.35 T_f), wall: 36.098 minutes, Δt:  10.10, CFL: 9.00e-01
i:   55000, sim time:    525540 (8.36 T_f), wall: 36.165 minutes, Δt:   9.99, CFL: 9.00e-01
i:   55100, sim time:    526510 (8.38 T_f), wall: 36.232 minutes, Δt:  10.38, CFL: 9.00e-01
i:   55200, sim time:    527468 (8.39 T_f), wall: 36.307 minutes, Δt:   9.77, CFL: 9.00e-01
i:   55300, sim time:    528400 (8.41 T_f), wall: 36.363 minutes, Δt:  10.45, CFL: 9.00e-01
i:   55400, sim time:    529393 (8.43 T_f), wall: 36.421 minutes, Δt:  10.48, CFL: 9.00e-01
i:   55500, sim time:    530367 (8.44 T_f), wall: 36.490 minutes, Δt:  10.16, CFL: 9.00e-01
i:   55600, sim time:    531331 (8.46 T_f), wall: 36.565 minutes, Δt:  10.20, CFL: 9.00e-01
i:   55700, sim time:    532310 (8.47 T_f), wall: 36.626 minutes, Δt:  10.07, CFL: 9.00e-01
i:   55800, sim time:    533270 (8.49 T_f), wall: 36.689 minutes, Δt:   9.87, CFL: 9.00e-01
i:   55900, sim time:    534200 (8.50 T_f), wall: 36.749 minutes, Δt:  10.13, CFL: 9.00e-01
i:   56000, sim time:    535150 (8.52 T_f), wall: 36.810 minutes, Δt:  10.25, CFL: 9.00e-01
i:   56100, sim time:    536120 (8.53 T_f), wall: 36.869 minutes, Δt:   9.73, CFL: 9.00e-01
i:   56200, sim time:    537083 (8.55 T_f), wall: 36.942 minutes, Δt:  10.13, CFL: 9.00e-01
i:   56300, sim time:    538061 (8.56 T_f), wall: 37.013 minutes, Δt:  10.38, CFL: 9.00e-01
i:   56400, sim time:    539020 (8.58 T_f), wall: 37.100 minutes, Δt:  10.04, CFL: 9.00e-01
i:   56500, sim time:    539948 (8.59 T_f), wall: 37.163 minutes, Δt:   9.72, CFL: 9.00e-01
i:   56600, sim time:    540900 (8.61 T_f), wall: 37.223 minutes, Δt:  10.42, CFL: 9.00e-01
i:   56700, sim time:    541841 (8.62 T_f), wall: 37.288 minutes, Δt:  10.00, CFL: 9.00e-01
i:   56800, sim time:    542799 (8.64 T_f), wall: 37.347 minutes, Δt:   9.63, CFL: 9.00e-01
i:   56900, sim time:    543761 (8.65 T_f), wall: 37.407 minutes, Δt:  10.17, CFL: 9.00e-01
i:   57000, sim time:    544730 (8.67 T_f), wall: 37.479 minutes, Δt:   9.94, CFL: 9.00e-01
i:   57100, sim time:    545661 (8.68 T_f), wall: 37.554 minutes, Δt:  10.31, CFL: 9.00e-01
i:   57200, sim time:    546597 (8.70 T_f), wall: 37.619 minutes, Δt:   9.98, CFL: 9.00e-01
i:   57300, sim time:    547520 (8.71 T_f), wall: 37.684 minutes, Δt:  10.01, CFL: 9.00e-01
i:   57400, sim time:    548493 (8.73 T_f), wall: 37.747 minutes, Δt:  10.09, CFL: 9.00e-01
i:   57500, sim time:    549462 (8.74 T_f), wall: 37.812 minutes, Δt:  10.09, CFL: 9.00e-01
i:   57600, sim time:    550421 (8.76 T_f), wall: 37.875 minutes, Δt:   9.78, CFL: 9.00e-01
i:   57700, sim time:    551360 (8.78 T_f), wall: 37.934 minutes, Δt:  10.34, CFL: 9.00e-01
i:   57800, sim time:    552310 (8.79 T_f), wall: 37.999 minutes, Δt:  10.20, CFL: 9.00e-01
i:   57900, sim time:    553249 (8.81 T_f), wall: 38.061 minutes, Δt:   9.95, CFL: 9.00e-01
i:   58000, sim time:    554200 (8.82 T_f), wall: 38.121 minutes, Δt:  10.05, CFL: 9.00e-01
i:   58100, sim time:    555139 (8.84 T_f), wall: 38.189 minutes, Δt:   9.94, CFL: 9.00e-01
i:   58200, sim time:    556110 (8.85 T_f), wall: 38.265 minutes, Δt:  10.43, CFL: 9.00e-01
i:   58300, sim time:    557086 (8.87 T_f), wall: 38.333 minutes, Δt:  10.28, CFL: 9.00e-01
i:   58400, sim time:    558052 (8.88 T_f), wall: 38.403 minutes, Δt:  10.25, CFL: 9.00e-01
i:   58500, sim time:    559000 (8.90 T_f), wall: 38.463 minutes, Δt:  10.27, CFL: 9.00e-01
i:   58600, sim time:    559951 (8.91 T_f), wall: 38.529 minutes, Δt:   9.86, CFL: 9.00e-01
i:   58700, sim time:    560895 (8.93 T_f), wall: 38.595 minutes, Δt:  10.19, CFL: 9.00e-01
i:   58800, sim time:    561871 (8.94 T_f), wall: 38.666 minutes, Δt:   9.96, CFL: 9.00e-01
i:   58900, sim time:    562848 (8.96 T_f), wall: 38.732 minutes, Δt:  10.02, CFL: 9.00e-01
i:   59000, sim time:    563800 (8.97 T_f), wall: 38.796 minutes, Δt:   9.74, CFL: 9.00e-01
i:   59100, sim time:    564739 (8.99 T_f), wall: 38.873 minutes, Δt:  10.28, CFL: 9.00e-01
i:   59200, sim time:    565710 (9.00 T_f), wall: 38.935 minutes, Δt:  10.13, CFL: 9.00e-01
i:   59300, sim time:    566680 (9.02 T_f), wall: 38.998 minutes, Δt:  10.11, CFL: 9.00e-01
i:   59400, sim time:    567641 (9.03 T_f), wall: 39.069 minutes, Δt:   9.80, CFL: 9.00e-01
i:   59500, sim time:    568588 (9.05 T_f), wall: 39.130 minutes, Δt:   9.75, CFL: 9.00e-01
i:   59600, sim time:    569510 (9.06 T_f), wall: 39.201 minutes, Δt:  10.15, CFL: 9.00e-01
i:   59700, sim time:    570481 (9.08 T_f), wall: 39.272 minutes, Δt:  10.28, CFL: 9.00e-01
i:   59800, sim time:    571450 (9.09 T_f), wall: 39.340 minutes, Δt:  10.10, CFL: 9.00e-01
i:   59900, sim time:    572410 (9.11 T_f), wall: 39.406 minutes, Δt:   9.82, CFL: 9.00e-01
i:   60000, sim time:    573358 (9.13 T_f), wall: 39.474 minutes, Δt:   9.66, CFL: 9.00e-01
i:   60100, sim time:    574280 (9.14 T_f), wall: 39.545 minutes, Δt:  10.02, CFL: 9.00e-01
i:   60200, sim time:    575239 (9.16 T_f), wall: 39.610 minutes, Δt:   9.57, CFL: 9.00e-01
i:   60300, sim time:    576156 (9.17 T_f), wall: 39.678 minutes, Δt:   9.60, CFL: 9.00e-01
i:   60400, sim time:    577092 (9.18 T_f), wall: 39.742 minutes, Δt:  10.34, CFL: 9.00e-01
i:   60500, sim time:    578068 (9.20 T_f), wall: 39.814 minutes, Δt:   9.59, CFL: 9.00e-01
i:   60600, sim time:    579010 (9.22 T_f), wall: 39.888 minutes, Δt:   9.97, CFL: 9.00e-01
i:   60700, sim time:    579988 (9.23 T_f), wall: 39.948 minutes, Δt:  10.15, CFL: 9.00e-01
i:   60800, sim time:    580960 (9.25 T_f), wall: 40.015 minutes, Δt:   9.99, CFL: 9.00e-01
i:   60900, sim time:    581910 (9.26 T_f), wall: 40.085 minutes, Δt:   9.83, CFL: 9.00e-01
i:   61000, sim time:    582882 (9.28 T_f), wall: 40.159 minutes, Δt:  10.28, CFL: 9.00e-01
i:   61100, sim time:    583841 (9.29 T_f), wall: 40.224 minutes, Δt:  10.08, CFL: 9.00e-01
i:   61200, sim time:    584769 (9.31 T_f), wall: 40.292 minutes, Δt:   9.95, CFL: 9.00e-01
i:   61300, sim time:    585731 (9.32 T_f), wall: 40.361 minutes, Δt:  10.24, CFL: 9.00e-01
i:   61400, sim time:    586690 (9.34 T_f), wall: 40.429 minutes, Δt:  10.03, CFL: 9.00e-01
i:   61500, sim time:    587600 (9.35 T_f), wall: 40.492 minutes, Δt:  10.43, CFL: 9.00e-01
i:   61600, sim time:    588561 (9.37 T_f), wall: 40.556 minutes, Δt:  10.41, CFL: 9.00e-01
i:   61700, sim time:    589519 (9.38 T_f), wall: 40.619 minutes, Δt:   9.79, CFL: 9.00e-01
i:   61800, sim time:    590421 (9.40 T_f), wall: 40.682 minutes, Δt:  10.05, CFL: 9.00e-01
i:   61900, sim time:    591391 (9.41 T_f), wall: 40.743 minutes, Δt:  10.18, CFL: 9.00e-01
i:   62000, sim time:    592340 (9.43 T_f), wall: 40.808 minutes, Δt:   9.99, CFL: 9.00e-01
i:   62100, sim time:    593276 (9.44 T_f), wall: 40.873 minutes, Δt:   9.61, CFL: 9.00e-01
i:   62200, sim time:    594210 (9.46 T_f), wall: 40.940 minutes, Δt:   9.91, CFL: 9.00e-01
i:   62300, sim time:    595140 (9.47 T_f), wall: 41.008 minutes, Δt:  10.16, CFL: 9.00e-01
i:   62400, sim time:    596110 (9.49 T_f), wall: 41.078 minutes, Δt:  10.49, CFL: 9.00e-01
i:   62500, sim time:    597078 (9.50 T_f), wall: 41.144 minutes, Δt:   9.65, CFL: 9.00e-01
i:   62600, sim time:    598000 (9.52 T_f), wall: 41.205 minutes, Δt:  10.06, CFL: 9.00e-01
i:   62700, sim time:    598921 (9.53 T_f), wall: 41.275 minutes, Δt:  10.15, CFL: 9.00e-01
i:   62800, sim time:    599900 (9.55 T_f), wall: 41.338 minutes, Δt:  10.26, CFL: 9.00e-01
i:   62900, sim time:    600851 (9.56 T_f), wall: 41.405 minutes, Δt:  10.24, CFL: 9.00e-01
i:   63000, sim time:    601810 (9.58 T_f), wall: 41.474 minutes, Δt:  10.18, CFL: 9.00e-01
i:   63100, sim time:    602783 (9.59 T_f), wall: 41.542 minutes, Δt:  10.37, CFL: 9.00e-01
i:   63200, sim time:    603747 (9.61 T_f), wall: 41.610 minutes, Δt:   9.32, CFL: 9.00e-01
i:   63300, sim time:    604658 (9.62 T_f), wall: 41.681 minutes, Δt:   9.56, CFL: 9.00e-01
i:   63400, sim time:    605610 (9.64 T_f), wall: 41.748 minutes, Δt:  10.16, CFL: 9.00e-01
i:   63500, sim time:    606551 (9.65 T_f), wall: 41.811 minutes, Δt:   9.86, CFL: 9.00e-01
i:   63600, sim time:    607500 (9.67 T_f), wall: 41.881 minutes, Δt:   9.85, CFL: 9.00e-01
i:   63700, sim time:    608441 (9.68 T_f), wall: 41.957 minutes, Δt:  10.37, CFL: 9.00e-01
i:   63800, sim time:    609421 (9.70 T_f), wall: 42.024 minutes, Δt:  10.26, CFL: 9.00e-01
i:   63900, sim time:    610329 (9.71 T_f), wall: 42.087 minutes, Δt:   9.89, CFL: 9.00e-01
i:   64000, sim time:    611277 (9.73 T_f), wall: 42.154 minutes, Δt:   9.69, CFL: 9.00e-01
i:   64100, sim time:    612187 (9.74 T_f), wall: 42.217 minutes, Δt:   9.56, CFL: 9.00e-01
i:   64200, sim time:    613131 (9.76 T_f), wall: 42.287 minutes, Δt:  10.39, CFL: 9.00e-01
i:   64300, sim time:    614110 (9.77 T_f), wall: 42.358 minutes, Δt:  10.24, CFL: 9.00e-01
i:   64400, sim time:    615068 (9.79 T_f), wall: 42.428 minutes, Δt:   9.55, CFL: 9.00e-01
i:   64500, sim time:    616021 (9.80 T_f), wall: 42.494 minutes, Δt:  10.07, CFL: 9.00e-01
i:   64600, sim time:    616989 (9.82 T_f), wall: 42.561 minutes, Δt:  10.08, CFL: 9.00e-01
i:   64700, sim time:    617931 (9.83 T_f), wall: 42.629 minutes, Δt:   9.63, CFL: 9.00e-01
i:   64800, sim time:    618894 (9.85 T_f), wall: 42.689 minutes, Δt:   9.86, CFL: 9.00e-01
i:   64900, sim time:    619856 (9.87 T_f), wall: 42.769 minutes, Δt:  10.17, CFL: 9.00e-01
i:   65000, sim time:    620800 (9.88 T_f), wall: 42.830 minutes, Δt:   9.82, CFL: 9.00e-01
i:   65100, sim time:    621710 (9.89 T_f), wall: 42.900 minutes, Δt:  10.21, CFL: 9.00e-01
i:   65200, sim time:    622683 (9.91 T_f), wall: 42.971 minutes, Δt:  10.35, CFL: 9.00e-01
i:   65300, sim time:    623634 (9.93 T_f), wall: 43.031 minutes, Δt:  10.33, CFL: 9.00e-01
i:   65400, sim time:    624600 (9.94 T_f), wall: 43.090 minutes, Δt:  10.22, CFL: 9.00e-01
i:   65500, sim time:    625583 (9.96 T_f), wall: 43.156 minutes, Δt:  10.18, CFL: 9.00e-01
i:   65600, sim time:    626500 (9.97 T_f), wall: 43.222 minutes, Δt:  10.11, CFL: 9.00e-01
i:   65700, sim time:    627410 (9.99 T_f), wall: 43.286 minutes, Δt:   9.74, CFL: 9.00e-01
i:   65800, sim time:    628324 (10.00 T_f), wall: 43.346 minutes, Δt:   9.60, CFL: 9.00e-01
i:   65900, sim time:    629229 (10.01 T_f), wall: 43.409 minutes, Δt:   9.51, CFL: 9.00e-01
i:   66000, sim time:    630169 (10.03 T_f), wall: 43.471 minutes, Δt:  10.05, CFL: 9.00e-01
i:   66100, sim time:    631110 (10.04 T_f), wall: 43.543 minutes, Δt:  10.15, CFL: 9.00e-01
i:   66200, sim time:    632082 (10.06 T_f), wall: 43.605 minutes, Δt:  10.18, CFL: 9.00e-01
i:   66300, sim time:    633020 (10.07 T_f), wall: 43.673 minutes, Δt:   9.79, CFL: 9.00e-01
i:   66400, sim time:    633930 (10.09 T_f), wall: 43.743 minutes, Δt:   9.69, CFL: 9.00e-01
i:   66500, sim time:    634860 (10.10 T_f), wall: 43.803 minutes, Δt:   9.96, CFL: 9.00e-01
i:   66600, sim time:    635800 (10.12 T_f), wall: 43.864 minutes, Δt:   9.82, CFL: 9.00e-01
i:   66700, sim time:    636730 (10.13 T_f), wall: 43.935 minutes, Δt:   9.98, CFL: 9.00e-01
i:   66800, sim time:    637649 (10.15 T_f), wall: 44.000 minutes, Δt:  10.06, CFL: 9.00e-01
i:   66900, sim time:    638621 (10.16 T_f), wall: 44.062 minutes, Δt:  10.05, CFL: 9.00e-01
i:   67000, sim time:    639600 (10.18 T_f), wall: 44.186 minutes, Δt:  10.19, CFL: 9.00e-01
i:   67100, sim time:    640557 (10.19 T_f), wall: 44.394 minutes, Δt:   9.60, CFL: 9.00e-01
i:   67200, sim time:    641449 (10.21 T_f), wall: 44.460 minutes, Δt:  10.00, CFL: 9.00e-01
i:   67300, sim time:    642393 (10.22 T_f), wall: 44.525 minutes, Δt:   9.97, CFL: 9.00e-01
i:   67400, sim time:    643351 (10.24 T_f), wall: 44.592 minutes, Δt:  10.40, CFL: 9.00e-01
i:   67500, sim time:    644328 (10.25 T_f), wall: 44.656 minutes, Δt:  10.03, CFL: 9.00e-01
i:   67600, sim time:    645300 (10.27 T_f), wall: 44.721 minutes, Δt:   9.96, CFL: 9.00e-01
i:   67700, sim time:    646242 (10.29 T_f), wall: 44.791 minutes, Δt:  10.25, CFL: 9.00e-01
i:   67800, sim time:    647200 (10.30 T_f), wall: 44.857 minutes, Δt:   9.70, CFL: 9.00e-01
i:   67900, sim time:    648172 (10.32 T_f), wall: 44.941 minutes, Δt:  10.38, CFL: 9.00e-01
i:   68000, sim time:    649151 (10.33 T_f), wall: 45.159 minutes, Δt:  10.12, CFL: 9.00e-01
i:   68100, sim time:    650120 (10.35 T_f), wall: 45.225 minutes, Δt:   9.68, CFL: 9.00e-01
i:   68200, sim time:    651083 (10.36 T_f), wall: 45.297 minutes, Δt:  10.35, CFL: 9.00e-01
i:   68300, sim time:    652020 (10.38 T_f), wall: 45.363 minutes, Δt:  10.14, CFL: 9.00e-01
i:   68400, sim time:    652985 (10.39 T_f), wall: 45.427 minutes, Δt:  10.36, CFL: 9.00e-01
i:   68500, sim time:    653951 (10.41 T_f), wall: 45.492 minutes, Δt:  10.33, CFL: 9.00e-01
i:   68600, sim time:    654931 (10.42 T_f), wall: 45.559 minutes, Δt:  10.45, CFL: 9.00e-01
i:   68700, sim time:    655910 (10.44 T_f), wall: 45.809 minutes, Δt:  10.36, CFL: 9.00e-01
i:   68800, sim time:    656851 (10.45 T_f), wall: 45.873 minutes, Δt:  10.21, CFL: 9.00e-01
i:   68900, sim time:    657788 (10.47 T_f), wall: 45.939 minutes, Δt:  10.16, CFL: 9.00e-01
i:   69000, sim time:    658751 (10.48 T_f), wall: 46.009 minutes, Δt:  10.27, CFL: 9.00e-01
i:   69100, sim time:    659724 (10.50 T_f), wall: 46.084 minutes, Δt:  10.19, CFL: 9.00e-01
i:   69200, sim time:    660666 (10.51 T_f), wall: 46.148 minutes, Δt:   9.95, CFL: 9.00e-01
i:   69300, sim time:    661631 (10.53 T_f), wall: 46.216 minutes, Δt:  10.36, CFL: 9.00e-01
i:   69400, sim time:    662610 (10.55 T_f), wall: 46.351 minutes, Δt:  10.33, CFL: 9.00e-01
i:   69500, sim time:    663592 (10.56 T_f), wall: 46.602 minutes, Δt:  10.13, CFL: 9.00e-01
i:   69600, sim time:    664497 (10.58 T_f), wall: 46.669 minutes, Δt:  10.20, CFL: 9.00e-01
i:   69700, sim time:    665459 (10.59 T_f), wall: 46.733 minutes, Δt:   9.72, CFL: 9.00e-01
i:   69800, sim time:    666400 (10.61 T_f), wall: 46.802 minutes, Δt:  10.00, CFL: 9.00e-01
i:   69900, sim time:    667383 (10.62 T_f), wall: 46.875 minutes, Δt:  10.33, CFL: 9.00e-01
i:   70000, sim time:    668361 (10.64 T_f), wall: 46.943 minutes, Δt:  10.10, CFL: 9.00e-01
i:   70100, sim time:    669329 (10.65 T_f), wall: 47.177 minutes, Δt:  10.03, CFL: 9.00e-01
i:   70200, sim time:    670282 (10.67 T_f), wall: 47.264 minutes, Δt:  10.12, CFL: 9.00e-01
i:   70300, sim time:    671250 (10.68 T_f), wall: 47.340 minutes, Δt:  10.19, CFL: 9.00e-01
i:   70400, sim time:    672210 (10.70 T_f), wall: 47.408 minutes, Δt:  10.35, CFL: 9.00e-01
i:   70500, sim time:    673169 (10.71 T_f), wall: 47.474 minutes, Δt:  10.02, CFL: 9.00e-01
i:   70600, sim time:    674121 (10.73 T_f), wall: 47.539 minutes, Δt:  10.61, CFL: 9.00e-01
i:   70700, sim time:    675100 (10.74 T_f), wall: 47.605 minutes, Δt:  10.23, CFL: 9.00e-01
i:   70800, sim time:    676052 (10.76 T_f), wall: 47.673 minutes, Δt:  10.00, CFL: 9.00e-01
i:   70900, sim time:    677030 (10.78 T_f), wall: 47.752 minutes, Δt:  10.29, CFL: 9.00e-01
i:   71000, sim time:    677984 (10.79 T_f), wall: 47.814 minutes, Δt:   9.79, CFL: 9.00e-01
i:   71100, sim time:    678931 (10.81 T_f), wall: 47.878 minutes, Δt:  10.38, CFL: 9.00e-01
i:   71200, sim time:    679888 (10.82 T_f), wall: 47.944 minutes, Δt:  10.04, CFL: 9.00e-01
i:   71300, sim time:    680810 (10.84 T_f), wall: 48.023 minutes, Δt:  10.02, CFL: 9.00e-01
i:   71400, sim time:    681791 (10.85 T_f), wall: 48.092 minutes, Δt:  10.05, CFL: 9.00e-01
i:   71500, sim time:    682771 (10.87 T_f), wall: 48.165 minutes, Δt:  10.25, CFL: 9.00e-01
i:   71600, sim time:    683751 (10.88 T_f), wall: 48.231 minutes, Δt:   9.72, CFL: 9.00e-01
i:   71700, sim time:    684710 (10.90 T_f), wall: 48.296 minutes, Δt:  10.01, CFL: 9.00e-01
i:   71800, sim time:    685680 (10.91 T_f), wall: 48.375 minutes, Δt:  10.11, CFL: 9.00e-01
i:   71900, sim time:    686663 (10.93 T_f), wall: 48.450 minutes, Δt:  10.33, CFL: 9.00e-01
i:   72000, sim time:    687580 (10.94 T_f), wall: 48.513 minutes, Δt:  10.13, CFL: 9.00e-01
i:   72100, sim time:    688520 (10.96 T_f), wall: 48.580 minutes, Δt:  10.17, CFL: 9.00e-01
i:   72200, sim time:    689500 (10.97 T_f), wall: 48.644 minutes, Δt:  10.01, CFL: 9.00e-01
i:   72300, sim time:    690439 (10.99 T_f), wall: 48.708 minutes, Δt:   9.47, CFL: 9.00e-01
i:   72400, sim time:    691392 (11.00 T_f), wall: 48.777 minutes, Δt:   9.84, CFL: 9.00e-01
i:   72500, sim time:    692298 (11.02 T_f), wall: 48.847 minutes, Δt:   9.87, CFL: 9.00e-01
i:   72600, sim time:    693189 (11.03 T_f), wall: 48.904 minutes, Δt:   9.68, CFL: 9.00e-01
i:   72700, sim time:    694151 (11.05 T_f), wall: 48.972 minutes, Δt:  10.32, CFL: 9.00e-01
i:   72800, sim time:    695131 (11.06 T_f), wall: 49.043 minutes, Δt:  10.45, CFL: 9.00e-01
i:   72900, sim time:    696100 (11.08 T_f), wall: 49.114 minutes, Δt:  10.21, CFL: 9.00e-01
i:   73000, sim time:    697049 (11.09 T_f), wall: 49.188 minutes, Δt:  10.28, CFL: 9.00e-01
i:   73100, sim time:    698022 (11.11 T_f), wall: 49.279 minutes, Δt:  10.38, CFL: 9.00e-01
i:   73200, sim time:    698993 (11.12 T_f), wall: 49.340 minutes, Δt:   9.80, CFL: 9.00e-01
i:   73300, sim time:    699906 (11.14 T_f), wall: 49.406 minutes, Δt:  10.23, CFL: 9.00e-01
i:   73400, sim time:    700877 (11.15 T_f), wall: 49.475 minutes, Δt:   9.84, CFL: 9.00e-01
i:   73500, sim time:    701821 (11.17 T_f), wall: 49.548 minutes, Δt:  10.33, CFL: 9.00e-01
i:   73600, sim time:    702793 (11.19 T_f), wall: 49.615 minutes, Δt:  10.03, CFL: 9.00e-01
i:   73700, sim time:    703740 (11.20 T_f), wall: 49.686 minutes, Δt:  10.30, CFL: 9.00e-01
i:   73800, sim time:    704700 (11.22 T_f), wall: 49.747 minutes, Δt:  10.19, CFL: 9.00e-01
i:   73900, sim time:    705631 (11.23 T_f), wall: 49.815 minutes, Δt:  10.21, CFL: 9.00e-01
i:   74000, sim time:    706610 (11.25 T_f), wall: 49.885 minutes, Δt:  10.29, CFL: 9.00e-01
i:   74100, sim time:    707581 (11.26 T_f), wall: 49.956 minutes, Δt:  10.19, CFL: 9.00e-01
i:   74200, sim time:    708560 (11.28 T_f), wall: 50.025 minutes, Δt:   9.53, CFL: 9.00e-01
i:   74300, sim time:    709470 (11.29 T_f), wall: 50.091 minutes, Δt:  10.19, CFL: 9.00e-01
i:   74400, sim time:    710441 (11.31 T_f), wall: 50.163 minutes, Δt:  10.30, CFL: 9.00e-01
i:   74500, sim time:    711400 (11.32 T_f), wall: 50.232 minutes, Δt:  10.11, CFL: 9.00e-01
i:   74600, sim time:    712351 (11.34 T_f), wall: 50.303 minutes, Δt:  10.13, CFL: 9.00e-01
i:   74700, sim time:    713320 (11.35 T_f), wall: 50.373 minutes, Δt:  10.27, CFL: 9.00e-01
i:   74800, sim time:    714300 (11.37 T_f), wall: 50.434 minutes, Δt:  10.55, CFL: 9.00e-01
i:   74900, sim time:    715282 (11.38 T_f), wall: 50.500 minutes, Δt:  10.01, CFL: 9.00e-01
i:   75000, sim time:    716265 (11.40 T_f), wall: 50.572 minutes, Δt:  10.19, CFL: 9.00e-01
i:   75100, sim time:    717241 (11.42 T_f), wall: 50.646 minutes, Δt:  10.45, CFL: 9.00e-01
i:   75200, sim time:    718221 (11.43 T_f), wall: 50.724 minutes, Δt:  10.49, CFL: 9.00e-01
i:   75300, sim time:    719159 (11.45 T_f), wall: 50.788 minutes, Δt:   9.83, CFL: 9.00e-01
i:   75400, sim time:    720082 (11.46 T_f), wall: 50.851 minutes, Δt:   9.85, CFL: 9.00e-01
i:   75500, sim time:    721041 (11.48 T_f), wall: 50.926 minutes, Δt:  10.12, CFL: 9.00e-01
i:   75600, sim time:    721982 (11.49 T_f), wall: 50.995 minutes, Δt:  10.28, CFL: 9.00e-01
i:   75700, sim time:    722972 (11.51 T_f), wall: 51.068 minutes, Δt:  10.22, CFL: 9.00e-01
i:   75800, sim time:    723940 (11.52 T_f), wall: 51.133 minutes, Δt:  10.01, CFL: 9.00e-01
i:   75900, sim time:    724849 (11.54 T_f), wall: 51.196 minutes, Δt:  10.06, CFL: 9.00e-01
i:   76000, sim time:    725750 (11.55 T_f), wall: 51.263 minutes, Δt:  10.27, CFL: 9.00e-01
i:   76100, sim time:    726721 (11.57 T_f), wall: 51.334 minutes, Δt:  10.15, CFL: 9.00e-01
i:   76200, sim time:    727661 (11.58 T_f), wall: 51.403 minutes, Δt:  10.37, CFL: 9.00e-01
i:   76300, sim time:    728569 (11.60 T_f), wall: 51.461 minutes, Δt:   9.92, CFL: 9.00e-01
i:   76400, sim time:    729481 (11.61 T_f), wall: 51.522 minutes, Δt:   9.68, CFL: 9.00e-01
i:   76500, sim time:    730441 (11.63 T_f), wall: 51.589 minutes, Δt:  10.17, CFL: 9.00e-01
i:   76600, sim time:    731357 (11.64 T_f), wall: 51.654 minutes, Δt:   9.90, CFL: 9.00e-01
i:   76700, sim time:    732321 (11.66 T_f), wall: 51.717 minutes, Δt:  10.03, CFL: 9.00e-01
i:   76800, sim time:    733292 (11.67 T_f), wall: 51.813 minutes, Δt:  10.25, CFL: 9.00e-01
i:   76900, sim time:    734250 (11.69 T_f), wall: 51.880 minutes, Δt:  10.49, CFL: 9.00e-01
i:   77000, sim time:    735211 (11.70 T_f), wall: 51.946 minutes, Δt:  10.41, CFL: 9.00e-01
i:   77100, sim time:    736184 (11.72 T_f), wall: 52.016 minutes, Δt:  10.48, CFL: 9.00e-01
i:   77200, sim time:    737139 (11.73 T_f), wall: 52.082 minutes, Δt:   9.94, CFL: 9.00e-01
i:   77300, sim time:    738080 (11.75 T_f), wall: 52.144 minutes, Δt:   9.90, CFL: 9.00e-01
i:   77400, sim time:    738999 (11.76 T_f), wall: 52.205 minutes, Δt:   9.83, CFL: 9.00e-01
i:   77500, sim time:    739898 (11.78 T_f), wall: 52.270 minutes, Δt:   9.91, CFL: 9.00e-01
i:   77600, sim time:    740820 (11.79 T_f), wall: 52.331 minutes, Δt:  10.01, CFL: 9.00e-01
i:   77700, sim time:    741800 (11.81 T_f), wall: 52.391 minutes, Δt:  10.28, CFL: 9.00e-01
i:   77800, sim time:    742779 (11.82 T_f), wall: 52.457 minutes, Δt:  10.00, CFL: 9.00e-01
i:   77900, sim time:    743741 (11.84 T_f), wall: 52.516 minutes, Δt:   9.99, CFL: 9.00e-01
i:   78000, sim time:    744700 (11.85 T_f), wall: 52.577 minutes, Δt:  10.53, CFL: 9.00e-01
i:   78100, sim time:    745672 (11.87 T_f), wall: 52.644 minutes, Δt:  10.36, CFL: 9.00e-01
i:   78200, sim time:    746651 (11.88 T_f), wall: 52.722 minutes, Δt:  10.24, CFL: 9.00e-01
i:   78300, sim time:    747634 (11.90 T_f), wall: 52.785 minutes, Δt:  10.12, CFL: 9.00e-01
i:   78400, sim time:    748576 (11.91 T_f), wall: 52.844 minutes, Δt:  10.14, CFL: 9.00e-01
i:   78500, sim time:    749538 (11.93 T_f), wall: 52.912 minutes, Δt:  10.50, CFL: 9.00e-01
i:   78600, sim time:    750510 (11.94 T_f), wall: 52.980 minutes, Δt:   9.90, CFL: 9.00e-01
i:   78700, sim time:    751464 (11.96 T_f), wall: 53.051 minutes, Δt:  10.13, CFL: 9.00e-01
i:   78800, sim time:    752442 (11.98 T_f), wall: 53.124 minutes, Δt:  10.39, CFL: 9.00e-01
i:   78900, sim time:    753410 (11.99 T_f), wall: 53.193 minutes, Δt:  10.50, CFL: 9.00e-01
i:   79000, sim time:    754392 (12.01 T_f), wall: 53.284 minutes, Δt:  10.26, CFL: 9.00e-01
i:   79100, sim time:    755360 (12.02 T_f), wall: 53.348 minutes, Δt:  10.09, CFL: 9.00e-01
i:   79200, sim time:    756300 (12.04 T_f), wall: 53.413 minutes, Δt:   9.70, CFL: 9.00e-01
i:   79300, sim time:    757210 (12.05 T_f), wall: 53.487 minutes, Δt:   9.78, CFL: 9.00e-01
i:   79400, sim time:    758152 (12.07 T_f), wall: 53.554 minutes, Δt:  10.27, CFL: 9.00e-01
i:   79500, sim time:    759080 (12.08 T_f), wall: 53.629 minutes, Δt:   9.88, CFL: 9.00e-01
i:   79600, sim time:    760031 (12.10 T_f), wall: 53.701 minutes, Δt:  10.20, CFL: 9.00e-01
i:   79700, sim time:    761000 (12.11 T_f), wall: 53.763 minutes, Δt:   9.86, CFL: 9.00e-01
i:   79800, sim time:    761972 (12.13 T_f), wall: 53.833 minutes, Δt:  10.29, CFL: 9.00e-01
i:   79900, sim time:    762952 (12.14 T_f), wall: 53.904 minutes, Δt:  10.64, CFL: 9.00e-01
i:   80000, sim time:    763910 (12.16 T_f), wall: 53.970 minutes, Δt:   9.80, CFL: 9.00e-01
i:   80100, sim time:    764882 (12.17 T_f), wall: 54.036 minutes, Δt:  10.38, CFL: 9.00e-01
i:   80200, sim time:    765841 (12.19 T_f), wall: 54.100 minutes, Δt:  10.18, CFL: 9.00e-01
i:   80300, sim time:    766798 (12.20 T_f), wall: 54.165 minutes, Δt:  10.21, CFL: 9.00e-01
i:   80400, sim time:    767771 (12.22 T_f), wall: 54.235 minutes, Δt:  10.15, CFL: 9.00e-01
i:   80500, sim time:    768740 (12.23 T_f), wall: 54.299 minutes, Δt:   9.94, CFL: 9.00e-01
i:   80600, sim time:    769721 (12.25 T_f), wall: 54.380 minutes, Δt:  10.48, CFL: 9.00e-01
i:   80700, sim time:    770700 (12.27 T_f), wall: 54.445 minutes, Δt:  10.19, CFL: 9.00e-01
i:   80800, sim time:    771682 (12.28 T_f), wall: 54.510 minutes, Δt:  10.24, CFL: 9.00e-01
i:   80900, sim time:    772664 (12.30 T_f), wall: 54.580 minutes, Δt:  10.54, CFL: 9.00e-01
i:   81000, sim time:    773631 (12.31 T_f), wall: 54.652 minutes, Δt:  10.52, CFL: 9.00e-01
i:   81100, sim time:    774610 (12.33 T_f), wall: 54.723 minutes, Δt:  10.10, CFL: 9.00e-01
i:   81200, sim time:    775550 (12.34 T_f), wall: 54.784 minutes, Δt:  10.13, CFL: 9.00e-01
i:   81300, sim time:    776522 (12.36 T_f), wall: 54.852 minutes, Δt:   9.82, CFL: 9.00e-01
i:   81400, sim time:    777500 (12.37 T_f), wall: 54.924 minutes, Δt:  10.15, CFL: 9.00e-01
i:   81500, sim time:    778476 (12.39 T_f), wall: 54.997 minutes, Δt:   9.98, CFL: 9.00e-01
i:   81600, sim time:    779420 (12.40 T_f), wall: 55.064 minutes, Δt:  10.32, CFL: 9.00e-01
i:   81700, sim time:    780330 (12.42 T_f), wall: 55.127 minutes, Δt:   9.89, CFL: 9.00e-01
i:   81800, sim time:    781252 (12.43 T_f), wall: 55.188 minutes, Δt:   9.77, CFL: 9.00e-01
i:   81900, sim time:    782210 (12.45 T_f), wall: 55.254 minutes, Δt:  10.58, CFL: 9.00e-01
i:   82000, sim time:    783166 (12.46 T_f), wall: 55.310 minutes, Δt:  10.50, CFL: 9.00e-01
i:   82100, sim time:    784141 (12.48 T_f), wall: 55.381 minutes, Δt:  10.27, CFL: 9.00e-01
i:   82200, sim time:    785110 (12.50 T_f), wall: 55.448 minutes, Δt:  10.35, CFL: 9.00e-01
i:   82300, sim time:    786072 (12.51 T_f), wall: 55.519 minutes, Δt:  10.13, CFL: 9.00e-01
i:   82400, sim time:    786991 (12.53 T_f), wall: 55.582 minutes, Δt:  10.31, CFL: 9.00e-01
i:   82500, sim time:    787962 (12.54 T_f), wall: 55.651 minutes, Δt:  10.30, CFL: 9.00e-01
i:   82600, sim time:    788941 (12.56 T_f), wall: 55.723 minutes, Δt:  10.35, CFL: 9.00e-01
i:   82700, sim time:    789920 (12.57 T_f), wall: 55.790 minutes, Δt:  10.26, CFL: 9.00e-01
i:   82800, sim time:    790900 (12.59 T_f), wall: 55.863 minutes, Δt:  10.02, CFL: 9.00e-01
i:   82900, sim time:    791861 (12.60 T_f), wall: 55.930 minutes, Δt:   9.81, CFL: 9.00e-01
i:   83000, sim time:    792810 (12.62 T_f), wall: 55.998 minutes, Δt:  10.23, CFL: 9.00e-01
i:   83100, sim time:    793780 (12.63 T_f), wall: 56.054 minutes, Δt:  10.16, CFL: 9.00e-01
i:   83200, sim time:    794700 (12.65 T_f), wall: 56.122 minutes, Δt:  10.08, CFL: 9.00e-01
i:   83300, sim time:    795657 (12.66 T_f), wall: 56.187 minutes, Δt:   9.70, CFL: 9.00e-01
i:   83400, sim time:    796610 (12.68 T_f), wall: 56.282 minutes, Δt:  10.14, CFL: 9.00e-01
i:   83500, sim time:    797540 (12.69 T_f), wall: 56.350 minutes, Δt:   9.73, CFL: 9.00e-01
i:   83600, sim time:    798500 (12.71 T_f), wall: 56.411 minutes, Δt:  10.24, CFL: 9.00e-01
i:   83700, sim time:    799465 (12.72 T_f), wall: 56.480 minutes, Δt:   9.87, CFL: 9.00e-01
u* = 4.5291e-03 m/s (R² = 0.5521), z₀ fit 2.003e-01 vs imposed 1.600e-03, δ = 45.29 m
case P4_T10_r50 finished at 2026-09-03 18:59:38
[ Info: Oceananigans will use 4 threads
┌ Warning: CUDA runtime library `libcusparse.so.12` was loaded from a system path, `/usr/local/software/spack/2024.2/views/maths/cuda-12.6.3/gcc-11.4.0/leehydd5fuufm35ohlbwth2mqtadrq3f/lib64/libcusparse.so.12`.
│ This may cause errors.
│ 
│ If you're running under a profiler, this situation is expected. Otherwise,
│ ensure that your library path environment variable (e.g., `PATH` on Windows
│ or `LD_LIBRARY_PATH` on Linux) does not include CUDA library paths.
│ 
│ In any other case, please file an issue.
└ @ CUDACore ~/.julia/packages/CUDACore/NlVPI/src/initialization.jl:199
┌ Warning: CUDA runtime library `libnvJitLink.so.12` was loaded from a system path, `/usr/local/software/spack/2024.2/views/maths/cuda-12.6.3/gcc-11.4.0/leehydd5fuufm35ohlbwth2mqtadrq3f/lib64/libnvJitLink.so.12`.
│ This may cause errors.
│ 
│ If you're running under a profiler, this situation is expected. Otherwise,
│ ensure that your library path environment variable (e.g., `PATH` on Windows
│ or `LD_LIBRARY_PATH` on Linux) does not include CUDA library paths.
│ 
│ In any other case, please file an issue.
└ @ CUDACore ~/.julia/packages/CUDACore/NlVPI/src/initialization.jl:199
[ Info: closure auxiliary fields at `model.closure_fields` (Tuple)
[ Info: SGS diffusivity resolved as `model.closure_fields[2].κₑ` — 100×100×400 Field{Center, Center, Center} on RectilinearGrid on CUDAGPU
[ Info: writing 13 plane-averaged profiles to /cephfs/store/damtp/tll46/SRIM-2026/Combined/Data/Ekman_moments/4/r=50.0, T=10.0/Moments.jld2 every 314 s (2547 samples)
[ Info: Initializing simulation...
[ Info: health @ 0.00 T_f: max|⟨w⟩_xy| = 3.992e-19 m/s (= 1.0e-17 U∞); κₑ ∈ [0.000e+00, 1.905e-03] m²/s
[ Info:     ... simulation initialization complete (56.784 seconds)
[ Info: Executing initial time step...
[ Info:     ... initial time step complete (5.014 seconds).
[ Info: health @ 0.64 T_f: max|⟨w⟩_xy| = 1.388e-20 m/s (= 3.5e-19 U∞); κₑ ∈ [0.000e+00, 5.540e-03] m²/s
[ Info: health @ 1.27 T_f: max|⟨w⟩_xy| = 1.448e-20 m/s (= 3.6e-19 U∞); κₑ ∈ [0.000e+00, 5.607e-03] m²/s
[ Info: health @ 1.91 T_f: max|⟨w⟩_xy| = 1.318e-20 m/s (= 3.3e-19 U∞); κₑ ∈ [0.000e+00, 5.382e-03] m²/s
[ Info: health @ 2.55 T_f: max|⟨w⟩_xy| = 1.665e-20 m/s (= 4.2e-19 U∞); κₑ ∈ [0.000e+00, 5.001e-03] m²/s
[ Info: health @ 3.18 T_f: max|⟨w⟩_xy| = 1.284e-20 m/s (= 3.2e-19 U∞); κₑ ∈ [0.000e+00, 5.662e-03] m²/s
[ Info: health @ 3.82 T_f: max|⟨w⟩_xy| = 1.821e-20 m/s (= 4.6e-19 U∞); κₑ ∈ [0.000e+00, 5.389e-03] m²/s
[ Info: health @ 4.46 T_f: max|⟨w⟩_xy| = 1.891e-20 m/s (= 4.7e-19 U∞); κₑ ∈ [0.000e+00, 5.858e-03] m²/s
[ Info: health @ 5.09 T_f: max|⟨w⟩_xy| = 9.714e-21 m/s (= 2.4e-19 U∞); κₑ ∈ [0.000e+00, 5.417e-03] m²/s
[ Info: health @ 5.73 T_f: max|⟨w⟩_xy| = 1.388e-20 m/s (= 3.5e-19 U∞); κₑ ∈ [0.000e+00, 5.575e-03] m²/s
[ Info: health @ 6.37 T_f: max|⟨w⟩_xy| = 2.533e-20 m/s (= 6.3e-19 U∞); κₑ ∈ [0.000e+00, 5.270e-03] m²/s
[ Info: health @ 7.00 T_f: max|⟨w⟩_xy| = 1.665e-20 m/s (= 4.2e-19 U∞); κₑ ∈ [0.000e+00, 5.225e-03] m²/s
[ Info: health @ 7.64 T_f: max|⟨w⟩_xy| = 9.714e-21 m/s (= 2.4e-19 U∞); κₑ ∈ [0.000e+00, 6.034e-03] m²/s
[ Info: health @ 8.28 T_f: max|⟨w⟩_xy| = 1.249e-20 m/s (= 3.1e-19 U∞); κₑ ∈ [0.000e+00, 5.404e-03] m²/s
[ Info: health @ 8.91 T_f: max|⟨w⟩_xy| = 1.396e-20 m/s (= 3.5e-19 U∞); κₑ ∈ [0.000e+00, 5.392e-03] m²/s
[ Info: health @ 9.55 T_f: max|⟨w⟩_xy| = 1.249e-20 m/s (= 3.1e-19 U∞); κₑ ∈ [0.000e+00, 5.558e-03] m²/s
[ Info: health @ 10.19 T_f: max|⟨w⟩_xy| = 1.249e-20 m/s (= 3.1e-19 U∞); κₑ ∈ [0.000e+00, 5.118e-03] m²/s
[ Info: health @ 10.82 T_f: max|⟨w⟩_xy| = 1.318e-20 m/s (= 3.3e-19 U∞); κₑ ∈ [0.000e+00, 6.038e-03] m²/s
[ Info: health @ 11.46 T_f: max|⟨w⟩_xy| = 2.151e-20 m/s (= 5.4e-19 U∞); κₑ ∈ [0.000e+00, 5.002e-03] m²/s
[ Info: health @ 12.10 T_f: max|⟨w⟩_xy| = 1.388e-20 m/s (= 3.5e-19 U∞); κₑ ∈ [0.000e+00, 5.784e-03] m²/s
[ Info: Simulation is stopping after running for 55.880 minutes.
[ Info: Simulation time 9.259 days equals or exceeds stop time 9.259 days.
[ Info: health @ 12.73 T_f: max|⟨w⟩_xy| = 1.457e-20 m/s (= 3.6e-19 U∞); κₑ ∈ [0.000e+00, 5.217e-03] m²/s
