
==============================================================================
==== 2026-09-02 22:18:50  P4_T10_r5  (r = 5.0, T = 10.0)
==============================================================================
ekmanrun.jl case P4_T10_r5
  architecture      GPU
  dimensions        75.0 m x 75.0 m x 150.0 m  (+ 20 m sponge, H = 170 m)
  grid              100 x 100 x 400   (first centre at z = 0.1182 m)
  U∞  = 0.0400   f₀ = 1.00e-04   r = N/f = 5.0   N² = 2.500e-07
  profile 4 (softplus), T = 10.0 m, sharp = 6.0
  cᴰ  = 0.00908   ν₀ = 1.0e-06   κ₀ = 1.0e-07   Pr = 10
  duration 8.000e+05 s = 12.73 inertial periods, max Δt = 15 s
  moments every 314 s, x-z slices off, Avg_* writers ON
i:       0, sim time:         0 (0.00 T_f), wall: 43.842 seconds, Δt:   1.80, CFL: 1.07e-01
i:     100, sim time:       NaN (NaN T_f), wall: 1.665 minutes, Δt:    NaN, CFL: NaN
u* = 7.6062e-03 m/s (R² = 0.5422), z₀ fit 1.964e-01 vs imposed 1.600e-03, δ = 76.06 m
case P4_T10_r5 finished at 2026-09-02 22:22:08
[ Info: Oceananigans will use 4 threads
┌ Warning: CUDA runtime library `libcusparse.so.12` was loaded from a system path, `/usr/local/software/spack/2024.2/views/maths/cuda-12.6.3/gcc-11.4.0/leehydd5fuufm35ohlbwth2mqtadrq3f/lib64/libcusparse.so.12`.
│ This may cause errors.
│ 
│ If you're running under a profiler, this situation is expected. Otherwise,
│ ensure that your library path environment variable (e.g., `PATH` on Windows
│ or `LD_LIBRARY_PATH` on Linux) does not include CUDA library paths.
│ 
│ In any other case, please file an issue.
└ @ CUDACore ~/.julia/packages/CUDACore/NlVPI/src/initialization.jl:199
┌ Warning: CUDA runtime library `libnvJitLink.so.12` was loaded from a system path, `/usr/local/software/spack/2024.2/views/maths/cuda-12.6.3/gcc-11.4.0/leehydd5fuufm35ohlbwth2mqtadrq3f/lib64/libnvJitLink.so.12`.
│ This may cause errors.
│ 
│ If you're running under a profiler, this situation is expected. Otherwise,
│ ensure that your library path environment variable (e.g., `PATH` on Windows
│ or `LD_LIBRARY_PATH` on Linux) does not include CUDA library paths.
│ 
│ In any other case, please file an issue.
└ @ CUDACore ~/.julia/packages/CUDACore/NlVPI/src/initialization.jl:199
[ Info: closure auxiliary fields at `model.closure_fields` (Tuple)
[ Info: SGS diffusivity resolved as `model.closure_fields[2].κₑ` — 100×100×400 Field{Center, Center, Center} on RectilinearGrid on CUDAGPU
[ Info: writing 13 plane-averaged profiles to /cephfs/store/damtp/tll46/SRIM-2026/Combined/Data/Ekman_moments/4/r=5.0, T=10.0/Moments.jld2 every 314 s (2547 samples)
[ Info: Initializing simulation...
[ Info: health @ 0.00 T_f: max|⟨w⟩_xy| = 1.699e-19 m/s (= 4.2e-18 U∞); κₑ ∈ [NaN, NaN] m²/s
[ Info:     ... simulation initialization complete (56.120 seconds)
[ Info: Executing initial time step...
[ Info:     ... initial time step complete (4.943 seconds).
[ Info: time = NaN, iteration = 100: NaN found in field u. Stopping simulation.

==============================================================================
==== 2026-09-03 20:48:11  P4_T10_r5  (r = 5.0, T = 10.0)
==============================================================================
ekmanrun.jl case P4_T10_r5
  architecture      GPU
  dimensions        75.0 m x 75.0 m x 150.0 m  (+ 20 m sponge, H = 170 m)
  grid              100 x 100 x 400   (first centre at z = 0.1182 m)
  U∞  = 0.0400   f₀ = 1.00e-04   r = N/f = 5.0   N² = 2.500e-07
  profile 4 (softplus), T = 10.0 m, sharp = 6.0
  cᴰ  = 0.00908   ν₀ = 1.0e-06   κ₀ = 1.0e-07   Pr = 10
  duration 8.000e+05 s = 12.73 inertial periods, max Δt = 15 s
  moments every 314 s, x-z slices off, Avg_* writers ON
i:       0, sim time:         0 (0.00 T_f), wall: 45.657 seconds, Δt:   1.80, CFL: 1.07e-01
i:     100, sim time:       900 (0.01 T_f), wall: 1.703 minutes, Δt:  14.67, CFL: 9.00e-01
i:     200, sim time:      2273 (0.04 T_f), wall: 1.755 minutes, Δt:  14.43, CFL: 9.00e-01
i:     300, sim time:      3570 (0.06 T_f), wall: 1.809 minutes, Δt:  14.08, CFL: 9.00e-01
i:     400, sim time:      4800 (0.08 T_f), wall: 1.859 minutes, Δt:  13.99, CFL: 9.00e-01
i:     500, sim time:      6055 (0.10 T_f), wall: 1.917 minutes, Δt:  13.03, CFL: 9.00e-01
i:     600, sim time:      7260 (0.12 T_f), wall: 1.969 minutes, Δt:  12.28, CFL: 9.00e-01
i:     700, sim time:      8397 (0.13 T_f), wall: 2.017 minutes, Δt:  12.24, CFL: 9.00e-01
i:     800, sim time:      9500 (0.15 T_f), wall: 2.067 minutes, Δt:  11.89, CFL: 9.00e-01
i:     900, sim time:     10596 (0.17 T_f), wall: 2.119 minutes, Δt:  11.57, CFL: 9.00e-01
i:    1000, sim time:     11665 (0.19 T_f), wall: 2.169 minutes, Δt:  11.81, CFL: 9.00e-01
i:    1100, sim time:     12747 (0.20 T_f), wall: 2.217 minutes, Δt:  11.83, CFL: 9.00e-01
i:    1200, sim time:     13816 (0.22 T_f), wall: 2.266 minutes, Δt:  11.41, CFL: 9.00e-01
i:    1300, sim time:     14900 (0.24 T_f), wall: 2.320 minutes, Δt:  11.57, CFL: 9.00e-01
i:    1400, sim time:     15964 (0.25 T_f), wall: 2.370 minutes, Δt:  11.05, CFL: 9.00e-01
i:    1500, sim time:     16967 (0.27 T_f), wall: 2.417 minutes, Δt:  10.76, CFL: 9.00e-01
i:    1600, sim time:     17965 (0.29 T_f), wall: 2.464 minutes, Δt:  10.43, CFL: 9.00e-01
i:    1700, sim time:     18952 (0.30 T_f), wall: 2.513 minutes, Δt:  10.65, CFL: 9.00e-01
i:    1800, sim time:     19966 (0.32 T_f), wall: 2.566 minutes, Δt:  10.79, CFL: 9.00e-01
i:    1900, sim time:     20964 (0.33 T_f), wall: 2.614 minutes, Δt:   9.96, CFL: 9.00e-01
i:    2000, sim time:     21910 (0.35 T_f), wall: 2.662 minutes, Δt:  10.68, CFL: 9.00e-01
i:    2100, sim time:     22911 (0.36 T_f), wall: 2.712 minutes, Δt:  10.82, CFL: 9.00e-01
i:    2200, sim time:     23885 (0.38 T_f), wall: 2.763 minutes, Δt:  10.27, CFL: 9.00e-01
i:    2300, sim time:     24806 (0.39 T_f), wall: 2.814 minutes, Δt:  10.39, CFL: 9.00e-01
i:    2400, sim time:     25790 (0.41 T_f), wall: 2.860 minutes, Δt:  10.38, CFL: 9.00e-01
i:    2500, sim time:     26751 (0.43 T_f), wall: 2.908 minutes, Δt:  10.20, CFL: 9.00e-01
i:    2600, sim time:     27711 (0.44 T_f), wall: 2.959 minutes, Δt:  10.51, CFL: 9.00e-01
i:    2700, sim time:     28689 (0.46 T_f), wall: 3.004 minutes, Δt:   9.94, CFL: 9.00e-01
i:    2800, sim time:     29620 (0.47 T_f), wall: 3.052 minutes, Δt:   9.63, CFL: 9.00e-01
i:    2900, sim time:     30591 (0.49 T_f), wall: 3.100 minutes, Δt:  10.15, CFL: 9.00e-01
i:    3000, sim time:     31510 (0.50 T_f), wall: 3.149 minutes, Δt:  10.14, CFL: 9.00e-01
i:    3100, sim time:     32449 (0.52 T_f), wall: 3.195 minutes, Δt:   9.84, CFL: 9.00e-01
i:    3200, sim time:     33357 (0.53 T_f), wall: 3.245 minutes, Δt:   9.26, CFL: 9.00e-01
i:    3300, sim time:     34246 (0.55 T_f), wall: 3.295 minutes, Δt:   9.78, CFL: 9.00e-01
i:    3400, sim time:     35168 (0.56 T_f), wall: 3.341 minutes, Δt:   9.38, CFL: 9.00e-01
i:    3500, sim time:     36039 (0.57 T_f), wall: 3.388 minutes, Δt:   9.34, CFL: 9.00e-01
i:    3600, sim time:     36939 (0.59 T_f), wall: 3.434 minutes, Δt:   9.97, CFL: 9.00e-01
i:    3700, sim time:     37840 (0.60 T_f), wall: 3.483 minutes, Δt:   9.91, CFL: 9.00e-01
i:    3800, sim time:     38749 (0.62 T_f), wall: 3.531 minutes, Δt:   9.77, CFL: 9.00e-01
i:    3900, sim time:     39669 (0.63 T_f), wall: 3.580 minutes, Δt:   9.75, CFL: 9.00e-01
i:    4000, sim time:     40565 (0.65 T_f), wall: 3.626 minutes, Δt:   9.68, CFL: 9.00e-01
i:    4100, sim time:     41467 (0.66 T_f), wall: 3.679 minutes, Δt:   9.58, CFL: 9.00e-01
i:    4200, sim time:     42378 (0.67 T_f), wall: 3.730 minutes, Δt:   9.69, CFL: 9.00e-01
i:    4300, sim time:     43292 (0.69 T_f), wall: 3.779 minutes, Δt:  10.28, CFL: 9.00e-01
i:    4400, sim time:     44210 (0.70 T_f), wall: 3.827 minutes, Δt:   9.49, CFL: 9.00e-01
i:    4500, sim time:     45100 (0.72 T_f), wall: 3.872 minutes, Δt:   9.68, CFL: 9.00e-01
i:    4600, sim time:     46020 (0.73 T_f), wall: 3.921 minutes, Δt:   9.73, CFL: 9.00e-01
i:    4700, sim time:     46929 (0.75 T_f), wall: 3.968 minutes, Δt:   9.45, CFL: 9.00e-01
i:    4800, sim time:     47849 (0.76 T_f), wall: 4.018 minutes, Δt:   9.90, CFL: 9.00e-01
i:    4900, sim time:     48729 (0.78 T_f), wall: 4.065 minutes, Δt:   9.70, CFL: 9.00e-01
i:    5000, sim time:     49612 (0.79 T_f), wall: 4.112 minutes, Δt:   9.60, CFL: 9.00e-01
i:    5100, sim time:     50510 (0.80 T_f), wall: 4.156 minutes, Δt:   9.76, CFL: 9.00e-01
i:    5200, sim time:     51419 (0.82 T_f), wall: 4.201 minutes, Δt:   9.47, CFL: 9.00e-01
i:    5300, sim time:     52320 (0.83 T_f), wall: 4.248 minutes, Δt:   9.88, CFL: 9.00e-01
i:    5400, sim time:     53229 (0.85 T_f), wall: 4.308 minutes, Δt:  10.01, CFL: 9.00e-01
i:    5500, sim time:     54160 (0.86 T_f), wall: 4.355 minutes, Δt:   9.83, CFL: 9.00e-01
i:    5600, sim time:     55061 (0.88 T_f), wall: 4.403 minutes, Δt:  10.17, CFL: 9.00e-01
i:    5700, sim time:     56000 (0.89 T_f), wall: 4.447 minutes, Δt:   9.97, CFL: 9.00e-01
i:    5800, sim time:     56967 (0.91 T_f), wall: 4.500 minutes, Δt:   9.82, CFL: 9.00e-01
i:    5900, sim time:     57910 (0.92 T_f), wall: 4.551 minutes, Δt:   9.86, CFL: 9.00e-01
i:    6000, sim time:     58828 (0.94 T_f), wall: 4.599 minutes, Δt:   9.50, CFL: 9.00e-01
i:    6100, sim time:     59747 (0.95 T_f), wall: 4.647 minutes, Δt:   9.21, CFL: 9.00e-01
i:    6200, sim time:     60700 (0.97 T_f), wall: 4.699 minutes, Δt:  10.06, CFL: 9.00e-01
i:    6300, sim time:     61681 (0.98 T_f), wall: 4.748 minutes, Δt:  10.49, CFL: 9.00e-01
i:    6400, sim time:     62619 (1.00 T_f), wall: 4.797 minutes, Δt:   9.86, CFL: 9.00e-01
i:    6500, sim time:     63562 (1.01 T_f), wall: 4.850 minutes, Δt:  10.25, CFL: 9.00e-01
i:    6600, sim time:     64531 (1.03 T_f), wall: 4.899 minutes, Δt:  10.24, CFL: 9.00e-01
i:    6700, sim time:     65470 (1.04 T_f), wall: 4.947 minutes, Δt:  10.28, CFL: 9.00e-01
i:    6800, sim time:     66451 (1.06 T_f), wall: 4.994 minutes, Δt:  10.08, CFL: 9.00e-01
i:    6900, sim time:     67421 (1.07 T_f), wall: 5.042 minutes, Δt:  10.28, CFL: 9.00e-01
i:    7000, sim time:     68392 (1.09 T_f), wall: 5.341 minutes, Δt:  10.45, CFL: 9.00e-01
i:    7100, sim time:     69382 (1.10 T_f), wall: 5.393 minutes, Δt:  10.18, CFL: 9.00e-01
i:    7200, sim time:     70300 (1.12 T_f), wall: 5.442 minutes, Δt:   9.74, CFL: 9.00e-01
i:    7300, sim time:     71200 (1.13 T_f), wall: 5.486 minutes, Δt:  10.14, CFL: 9.00e-01
i:    7400, sim time:     72130 (1.15 T_f), wall: 6.060 minutes, Δt:  10.02, CFL: 9.00e-01
i:    7500, sim time:     73059 (1.16 T_f), wall: 6.115 minutes, Δt:  10.13, CFL: 9.00e-01
i:    7600, sim time:     73992 (1.18 T_f), wall: 6.164 minutes, Δt:   9.85, CFL: 9.00e-01
i:    7700, sim time:     74920 (1.19 T_f), wall: 6.214 minutes, Δt:   9.67, CFL: 9.00e-01
i:    7800, sim time:     75830 (1.21 T_f), wall: 6.260 minutes, Δt:  10.21, CFL: 9.00e-01
i:    7900, sim time:     76770 (1.22 T_f), wall: 6.304 minutes, Δt:   9.88, CFL: 9.00e-01
i:    8000, sim time:     77682 (1.24 T_f), wall: 6.350 minutes, Δt:  10.38, CFL: 9.00e-01
i:    8100, sim time:     78640 (1.25 T_f), wall: 6.404 minutes, Δt:  10.17, CFL: 9.00e-01
i:    8200, sim time:     79589 (1.27 T_f), wall: 6.449 minutes, Δt:   9.98, CFL: 9.00e-01
i:    8300, sim time:     80489 (1.28 T_f), wall: 6.497 minutes, Δt:  10.11, CFL: 9.00e-01
i:    8400, sim time:     81421 (1.30 T_f), wall: 6.552 minutes, Δt:  10.27, CFL: 9.00e-01
i:    8500, sim time:     82340 (1.31 T_f), wall: 6.599 minutes, Δt:  10.10, CFL: 9.00e-01
i:    8600, sim time:     83300 (1.33 T_f), wall: 6.646 minutes, Δt:  10.36, CFL: 9.00e-01
i:    8700, sim time:     84292 (1.34 T_f), wall: 6.695 minutes, Δt:  10.09, CFL: 9.00e-01
i:    8800, sim time:     85239 (1.36 T_f), wall: 6.743 minutes, Δt:   9.70, CFL: 9.00e-01
i:    8900, sim time:     86182 (1.37 T_f), wall: 6.789 minutes, Δt:   9.92, CFL: 9.00e-01
i:    9000, sim time:     87140 (1.39 T_f), wall: 6.839 minutes, Δt:  10.03, CFL: 9.00e-01
i:    9100, sim time:     88100 (1.40 T_f), wall: 6.888 minutes, Δt:   9.74, CFL: 9.00e-01
i:    9200, sim time:     89050 (1.42 T_f), wall: 6.936 minutes, Δt:   9.88, CFL: 9.00e-01
i:    9300, sim time:     90020 (1.43 T_f), wall: 6.986 minutes, Δt:  10.11, CFL: 9.00e-01
i:    9400, sim time:     90978 (1.45 T_f), wall: 7.037 minutes, Δt:   9.73, CFL: 9.00e-01
i:    9500, sim time:     91920 (1.46 T_f), wall: 7.084 minutes, Δt:  10.11, CFL: 9.00e-01
i:    9600, sim time:     92890 (1.48 T_f), wall: 7.132 minutes, Δt:   9.89, CFL: 9.00e-01
i:    9700, sim time:     93860 (1.49 T_f), wall: 7.182 minutes, Δt:  10.16, CFL: 9.00e-01
i:    9800, sim time:     94769 (1.51 T_f), wall: 7.228 minutes, Δt:  10.25, CFL: 9.00e-01
i:    9900, sim time:     95720 (1.52 T_f), wall: 7.281 minutes, Δt:   9.90, CFL: 9.00e-01
i:   10000, sim time:     96639 (1.54 T_f), wall: 7.332 minutes, Δt:   9.90, CFL: 9.00e-01
i:   10100, sim time:     97569 (1.55 T_f), wall: 7.381 minutes, Δt:   9.73, CFL: 9.00e-01
i:   10200, sim time:     98500 (1.57 T_f), wall: 7.430 minutes, Δt:  10.16, CFL: 9.00e-01
i:   10300, sim time:     99430 (1.58 T_f), wall: 7.479 minutes, Δt:  10.17, CFL: 9.00e-01
i:   10400, sim time:    100360 (1.60 T_f), wall: 7.529 minutes, Δt:   9.82, CFL: 9.00e-01
i:   10500, sim time:    101290 (1.61 T_f), wall: 7.578 minutes, Δt:   9.98, CFL: 9.00e-01
i:   10600, sim time:    102199 (1.63 T_f), wall: 7.625 minutes, Δt:   9.92, CFL: 9.00e-01
i:   10700, sim time:    103100 (1.64 T_f), wall: 7.674 minutes, Δt:   9.87, CFL: 9.00e-01
i:   10800, sim time:    104010 (1.66 T_f), wall: 7.725 minutes, Δt:  10.03, CFL: 9.00e-01
i:   10900, sim time:    104939 (1.67 T_f), wall: 7.777 minutes, Δt:   9.74, CFL: 9.00e-01
i:   11000, sim time:    105848 (1.68 T_f), wall: 7.831 minutes, Δt:   9.99, CFL: 9.00e-01
i:   11100, sim time:    106780 (1.70 T_f), wall: 7.886 minutes, Δt:  10.13, CFL: 9.00e-01
i:   11200, sim time:    107730 (1.71 T_f), wall: 7.934 minutes, Δt:   9.27, CFL: 9.00e-01
i:   11300, sim time:    108610 (1.73 T_f), wall: 7.985 minutes, Δt:   9.64, CFL: 9.00e-01
i:   11400, sim time:    109529 (1.74 T_f), wall: 8.034 minutes, Δt:   9.50, CFL: 9.00e-01
i:   11500, sim time:    110481 (1.76 T_f), wall: 8.082 minutes, Δt:   9.84, CFL: 9.00e-01
i:   11600, sim time:    111399 (1.77 T_f), wall: 8.129 minutes, Δt:   9.79, CFL: 9.00e-01
i:   11700, sim time:    112286 (1.79 T_f), wall: 8.175 minutes, Δt:  10.09, CFL: 9.00e-01
i:   11800, sim time:    113198 (1.80 T_f), wall: 8.221 minutes, Δt:   9.74, CFL: 9.00e-01
i:   11900, sim time:    114110 (1.82 T_f), wall: 8.269 minutes, Δt:   9.90, CFL: 9.00e-01
i:   12000, sim time:    115051 (1.83 T_f), wall: 8.318 minutes, Δt:  10.17, CFL: 9.00e-01
i:   12100, sim time:    115976 (1.85 T_f), wall: 8.364 minutes, Δt:   9.58, CFL: 9.00e-01
i:   12200, sim time:    116887 (1.86 T_f), wall: 8.415 minutes, Δt:   9.87, CFL: 9.00e-01
i:   12300, sim time:    117820 (1.88 T_f), wall: 8.466 minutes, Δt:  10.04, CFL: 9.00e-01
i:   12400, sim time:    118770 (1.89 T_f), wall: 8.511 minutes, Δt:  10.03, CFL: 9.00e-01
i:   12500, sim time:    119729 (1.91 T_f), wall: 8.562 minutes, Δt:   9.57, CFL: 9.00e-01
i:   12600, sim time:    120671 (1.92 T_f), wall: 8.615 minutes, Δt:  10.07, CFL: 9.00e-01
i:   12700, sim time:    121661 (1.94 T_f), wall: 8.662 minutes, Δt:  10.30, CFL: 9.00e-01
i:   12800, sim time:    122600 (1.95 T_f), wall: 8.715 minutes, Δt:   9.89, CFL: 9.00e-01
i:   12900, sim time:    123531 (1.97 T_f), wall: 8.773 minutes, Δt:  10.38, CFL: 9.00e-01
i:   13000, sim time:    124481 (1.98 T_f), wall: 8.820 minutes, Δt:  10.02, CFL: 9.00e-01
i:   13100, sim time:    125397 (2.00 T_f), wall: 8.868 minutes, Δt:   9.73, CFL: 9.00e-01
i:   13200, sim time:    126363 (2.01 T_f), wall: 8.916 minutes, Δt:  10.28, CFL: 9.00e-01
i:   13300, sim time:    127320 (2.03 T_f), wall: 8.972 minutes, Δt:   9.99, CFL: 9.00e-01
i:   13400, sim time:    128288 (2.04 T_f), wall: 9.023 minutes, Δt:   9.96, CFL: 9.00e-01
i:   13500, sim time:    129200 (2.06 T_f), wall: 9.071 minutes, Δt:  10.25, CFL: 9.00e-01
i:   13600, sim time:    130173 (2.07 T_f), wall: 9.122 minutes, Δt:  10.47, CFL: 9.00e-01
i:   13700, sim time:    131140 (2.09 T_f), wall: 9.173 minutes, Δt:  10.09, CFL: 9.00e-01
i:   13800, sim time:    132100 (2.10 T_f), wall: 9.222 minutes, Δt:  10.27, CFL: 9.00e-01
i:   13900, sim time:    133072 (2.12 T_f), wall: 9.270 minutes, Δt:  10.28, CFL: 9.00e-01
i:   14000, sim time:    134052 (2.13 T_f), wall: 9.321 minutes, Δt:  10.31, CFL: 9.00e-01
i:   14100, sim time:    135020 (2.15 T_f), wall: 9.369 minutes, Δt:  10.06, CFL: 9.00e-01
i:   14200, sim time:    135962 (2.16 T_f), wall: 9.416 minutes, Δt:  10.43, CFL: 9.00e-01
i:   14300, sim time:    136925 (2.18 T_f), wall: 9.473 minutes, Δt:  10.20, CFL: 9.00e-01
i:   14400, sim time:    137887 (2.19 T_f), wall: 9.523 minutes, Δt:  10.38, CFL: 9.00e-01
i:   14500, sim time:    138820 (2.21 T_f), wall: 9.572 minutes, Δt:  10.31, CFL: 9.00e-01
i:   14600, sim time:    139800 (2.22 T_f), wall: 9.619 minutes, Δt:  10.15, CFL: 9.00e-01
i:   14700, sim time:    140751 (2.24 T_f), wall: 9.672 minutes, Δt:  10.03, CFL: 9.00e-01
i:   14800, sim time:    141730 (2.26 T_f), wall: 9.725 minutes, Δt:  10.12, CFL: 9.00e-01
i:   14900, sim time:    142700 (2.27 T_f), wall: 9.777 minutes, Δt:  10.43, CFL: 9.00e-01
i:   15000, sim time:    143682 (2.29 T_f), wall: 9.827 minutes, Δt:  10.07, CFL: 9.00e-01
i:   15100, sim time:    144641 (2.30 T_f), wall: 9.884 minutes, Δt:  10.43, CFL: 9.00e-01
i:   15200, sim time:    145580 (2.32 T_f), wall: 9.935 minutes, Δt:  10.17, CFL: 9.00e-01
i:   15300, sim time:    146541 (2.33 T_f), wall: 9.983 minutes, Δt:  10.23, CFL: 9.00e-01
i:   15400, sim time:    147500 (2.35 T_f), wall: 10.031 minutes, Δt:  10.18, CFL: 9.00e-01
i:   15500, sim time:    148449 (2.36 T_f), wall: 10.084 minutes, Δt:   9.73, CFL: 9.00e-01
i:   15600, sim time:    149366 (2.38 T_f), wall: 10.134 minutes, Δt:   9.49, CFL: 9.00e-01
i:   15700, sim time:    150290 (2.39 T_f), wall: 10.183 minutes, Δt:   9.84, CFL: 9.00e-01
i:   15800, sim time:    151240 (2.41 T_f), wall: 10.238 minutes, Δt:  10.09, CFL: 9.00e-01
i:   15900, sim time:    152191 (2.42 T_f), wall: 10.292 minutes, Δt:   9.96, CFL: 9.00e-01
i:   16000, sim time:    153100 (2.44 T_f), wall: 10.341 minutes, Δt:   9.78, CFL: 9.00e-01
i:   16100, sim time:    154010 (2.45 T_f), wall: 10.391 minutes, Δt:   9.94, CFL: 9.00e-01
i:   16200, sim time:    154900 (2.47 T_f), wall: 10.438 minutes, Δt:   9.38, CFL: 9.00e-01
i:   16300, sim time:    155800 (2.48 T_f), wall: 10.488 minutes, Δt:   9.80, CFL: 9.00e-01
i:   16400, sim time:    156719 (2.49 T_f), wall: 10.536 minutes, Δt:   9.59, CFL: 9.00e-01
i:   16500, sim time:    157628 (2.51 T_f), wall: 10.586 minutes, Δt:   9.57, CFL: 9.00e-01
i:   16600, sim time:    158541 (2.52 T_f), wall: 10.639 minutes, Δt:  10.12, CFL: 9.00e-01
i:   16700, sim time:    159437 (2.54 T_f), wall: 10.692 minutes, Δt:   9.43, CFL: 9.00e-01
i:   16800, sim time:    160371 (2.55 T_f), wall: 10.743 minutes, Δt:   9.99, CFL: 9.00e-01
i:   16900, sim time:    161276 (2.57 T_f), wall: 10.796 minutes, Δt:   9.47, CFL: 9.00e-01
i:   17000, sim time:    162157 (2.58 T_f), wall: 10.852 minutes, Δt:   9.49, CFL: 9.00e-01
i:   17100, sim time:    163066 (2.60 T_f), wall: 10.904 minutes, Δt:   9.49, CFL: 9.00e-01
i:   17200, sim time:    163977 (2.61 T_f), wall: 10.959 minutes, Δt:   9.68, CFL: 9.00e-01
i:   17300, sim time:    164910 (2.62 T_f), wall: 11.015 minutes, Δt:  10.12, CFL: 9.00e-01
i:   17400, sim time:    165841 (2.64 T_f), wall: 11.065 minutes, Δt:  10.13, CFL: 9.00e-01
i:   17500, sim time:    166800 (2.65 T_f), wall: 11.113 minutes, Δt:   9.92, CFL: 9.00e-01
i:   17600, sim time:    167729 (2.67 T_f), wall: 11.165 minutes, Δt:   9.64, CFL: 9.00e-01
i:   17700, sim time:    168628 (2.68 T_f), wall: 11.215 minutes, Δt:   9.69, CFL: 9.00e-01
i:   17800, sim time:    169540 (2.70 T_f), wall: 11.269 minutes, Δt:  10.03, CFL: 9.00e-01
i:   17900, sim time:    170458 (2.71 T_f), wall: 11.318 minutes, Δt:   9.79, CFL: 9.00e-01
i:   18000, sim time:    171371 (2.73 T_f), wall: 11.367 minutes, Δt:  10.17, CFL: 9.00e-01
i:   18100, sim time:    172310 (2.74 T_f), wall: 11.419 minutes, Δt:   9.93, CFL: 9.00e-01
i:   18200, sim time:    173220 (2.76 T_f), wall: 11.467 minutes, Δt:   9.86, CFL: 9.00e-01
i:   18300, sim time:    174148 (2.77 T_f), wall: 11.524 minutes, Δt:  10.13, CFL: 9.00e-01
i:   18400, sim time:    175069 (2.79 T_f), wall: 11.577 minutes, Δt:  10.07, CFL: 9.00e-01
i:   18500, sim time:    175977 (2.80 T_f), wall: 11.625 minutes, Δt:   9.42, CFL: 9.00e-01
i:   18600, sim time:    176910 (2.82 T_f), wall: 11.681 minutes, Δt:   9.82, CFL: 9.00e-01
i:   18700, sim time:    177810 (2.83 T_f), wall: 11.730 minutes, Δt:   9.98, CFL: 9.00e-01
i:   18800, sim time:    178770 (2.85 T_f), wall: 11.782 minutes, Δt:   9.94, CFL: 9.00e-01
i:   18900, sim time:    179710 (2.86 T_f), wall: 11.837 minutes, Δt:  10.18, CFL: 9.00e-01
i:   19000, sim time:    180649 (2.88 T_f), wall: 11.885 minutes, Δt:   9.97, CFL: 9.00e-01
i:   19100, sim time:    181610 (2.89 T_f), wall: 11.942 minutes, Δt:  10.08, CFL: 9.00e-01
i:   19200, sim time:    182593 (2.91 T_f), wall: 11.992 minutes, Δt:  10.27, CFL: 9.00e-01
i:   19300, sim time:    183561 (2.92 T_f), wall: 12.044 minutes, Δt:  10.15, CFL: 9.00e-01
i:   19400, sim time:    184520 (2.94 T_f), wall: 12.097 minutes, Δt:  10.26, CFL: 9.00e-01
i:   19500, sim time:    185490 (2.95 T_f), wall: 12.148 minutes, Δt:   9.93, CFL: 9.00e-01
i:   19600, sim time:    186410 (2.97 T_f), wall: 12.199 minutes, Δt:   9.79, CFL: 9.00e-01
i:   19700, sim time:    187338 (2.98 T_f), wall: 12.248 minutes, Δt:   9.47, CFL: 9.00e-01
i:   19800, sim time:    188285 (3.00 T_f), wall: 12.303 minutes, Δt:   9.67, CFL: 9.00e-01
i:   19900, sim time:    189230 (3.01 T_f), wall: 12.353 minutes, Δt:   9.98, CFL: 9.00e-01
i:   20000, sim time:    190193 (3.03 T_f), wall: 12.406 minutes, Δt:  10.19, CFL: 9.00e-01
i:   20100, sim time:    191098 (3.04 T_f), wall: 12.455 minutes, Δt:   9.91, CFL: 9.00e-01
i:   20200, sim time:    192050 (3.06 T_f), wall: 12.509 minutes, Δt:   9.89, CFL: 9.00e-01
i:   20300, sim time:    193000 (3.07 T_f), wall: 12.559 minutes, Δt:   9.60, CFL: 9.00e-01
i:   20400, sim time:    193940 (3.09 T_f), wall: 12.618 minutes, Δt:   9.99, CFL: 9.00e-01
i:   20500, sim time:    194860 (3.10 T_f), wall: 12.669 minutes, Δt:   9.82, CFL: 9.00e-01
i:   20600, sim time:    195820 (3.12 T_f), wall: 12.719 minutes, Δt:   9.95, CFL: 9.00e-01
i:   20700, sim time:    196780 (3.13 T_f), wall: 12.768 minutes, Δt:   9.92, CFL: 9.00e-01
i:   20800, sim time:    197691 (3.15 T_f), wall: 12.823 minutes, Δt:  10.10, CFL: 9.00e-01
i:   20900, sim time:    198610 (3.16 T_f), wall: 12.876 minutes, Δt:   9.74, CFL: 9.00e-01
i:   21000, sim time:    199549 (3.18 T_f), wall: 12.926 minutes, Δt:   9.94, CFL: 9.00e-01
i:   21100, sim time:    200462 (3.19 T_f), wall: 12.978 minutes, Δt:  10.02, CFL: 9.00e-01
i:   21200, sim time:    201431 (3.21 T_f), wall: 13.036 minutes, Δt:  10.21, CFL: 9.00e-01
i:   21300, sim time:    202400 (3.22 T_f), wall: 13.085 minutes, Δt:  10.20, CFL: 9.00e-01
i:   21400, sim time:    203310 (3.24 T_f), wall: 13.145 minutes, Δt:  10.13, CFL: 9.00e-01
i:   21500, sim time:    204293 (3.25 T_f), wall: 13.200 minutes, Δt:  10.34, CFL: 9.00e-01
i:   21600, sim time:    205241 (3.27 T_f), wall: 13.260 minutes, Δt:  10.25, CFL: 9.00e-01
i:   21700, sim time:    206220 (3.28 T_f), wall: 13.313 minutes, Δt:   9.97, CFL: 9.00e-01
i:   21800, sim time:    207178 (3.30 T_f), wall: 13.366 minutes, Δt:   9.81, CFL: 9.00e-01
i:   21900, sim time:    208099 (3.31 T_f), wall: 13.420 minutes, Δt:   9.93, CFL: 9.00e-01
i:   22000, sim time:    209020 (3.33 T_f), wall: 13.475 minutes, Δt:  10.03, CFL: 9.00e-01
i:   22100, sim time:    209940 (3.34 T_f), wall: 13.526 minutes, Δt:   9.89, CFL: 9.00e-01
i:   22200, sim time:    210849 (3.36 T_f), wall: 13.577 minutes, Δt:   9.61, CFL: 9.00e-01
i:   22300, sim time:    211800 (3.37 T_f), wall: 13.627 minutes, Δt:  10.36, CFL: 9.00e-01
i:   22400, sim time:    212740 (3.39 T_f), wall: 13.689 minutes, Δt:  10.08, CFL: 9.00e-01
i:   22500, sim time:    213693 (3.40 T_f), wall: 13.739 minutes, Δt:  10.17, CFL: 9.00e-01
i:   22600, sim time:    214671 (3.42 T_f), wall: 13.793 minutes, Δt:  10.18, CFL: 9.00e-01
i:   22700, sim time:    215586 (3.43 T_f), wall: 13.843 minutes, Δt:   9.92, CFL: 9.00e-01
i:   22800, sim time:    216530 (3.45 T_f), wall: 13.896 minutes, Δt:  10.14, CFL: 9.00e-01
i:   22900, sim time:    217510 (3.46 T_f), wall: 13.949 minutes, Δt:   9.86, CFL: 9.00e-01
i:   23000, sim time:    218460 (3.48 T_f), wall: 14.002 minutes, Δt:   9.83, CFL: 9.00e-01
i:   23100, sim time:    219396 (3.49 T_f), wall: 14.053 minutes, Δt:   9.91, CFL: 9.00e-01
i:   23200, sim time:    220350 (3.51 T_f), wall: 14.108 minutes, Δt:   9.63, CFL: 9.00e-01
i:   23300, sim time:    221291 (3.52 T_f), wall: 14.167 minutes, Δt:  10.14, CFL: 9.00e-01
i:   23400, sim time:    222200 (3.54 T_f), wall: 14.218 minutes, Δt:   9.94, CFL: 9.00e-01
i:   23500, sim time:    223097 (3.55 T_f), wall: 14.270 minutes, Δt:   9.85, CFL: 9.00e-01
i:   23600, sim time:    224051 (3.57 T_f), wall: 14.322 minutes, Δt:  10.04, CFL: 9.00e-01
i:   23700, sim time:    225031 (3.58 T_f), wall: 14.374 minutes, Δt:  10.54, CFL: 9.00e-01
i:   23800, sim time:    225992 (3.60 T_f), wall: 14.425 minutes, Δt:  10.31, CFL: 9.00e-01
i:   23900, sim time:    226961 (3.61 T_f), wall: 14.476 minutes, Δt:  10.06, CFL: 9.00e-01
i:   24000, sim time:    227889 (3.63 T_f), wall: 14.531 minutes, Δt:   9.88, CFL: 9.00e-01
i:   24100, sim time:    228819 (3.64 T_f), wall: 14.584 minutes, Δt:   9.40, CFL: 9.00e-01
i:   24200, sim time:    229719 (3.66 T_f), wall: 14.634 minutes, Δt:   9.40, CFL: 9.00e-01
i:   24300, sim time:    230629 (3.67 T_f), wall: 14.689 minutes, Δt:   9.79, CFL: 9.00e-01
i:   24400, sim time:    231519 (3.68 T_f), wall: 14.739 minutes, Δt:   9.56, CFL: 9.00e-01
i:   24500, sim time:    232430 (3.70 T_f), wall: 14.790 minutes, Δt:   9.76, CFL: 9.00e-01
i:   24600, sim time:    233331 (3.71 T_f), wall: 14.843 minutes, Δt:  10.09, CFL: 9.00e-01
i:   24700, sim time:    234264 (3.73 T_f), wall: 14.900 minutes, Δt:  10.04, CFL: 9.00e-01
i:   24800, sim time:    235200 (3.74 T_f), wall: 14.967 minutes, Δt:   9.31, CFL: 9.00e-01
i:   24900, sim time:    236110 (3.76 T_f), wall: 15.021 minutes, Δt:   9.92, CFL: 9.00e-01
i:   25000, sim time:    237009 (3.77 T_f), wall: 15.075 minutes, Δt:   9.37, CFL: 9.00e-01
i:   25100, sim time:    237876 (3.79 T_f), wall: 15.124 minutes, Δt:   9.31, CFL: 9.00e-01
i:   25200, sim time:    238766 (3.80 T_f), wall: 15.207 minutes, Δt:   9.26, CFL: 9.00e-01
i:   25300, sim time:    239672 (3.81 T_f), wall: 15.267 minutes, Δt:  10.09, CFL: 9.00e-01
i:   25400, sim time:    240610 (3.83 T_f), wall: 15.346 minutes, Δt:   9.59, CFL: 9.00e-01
i:   25500, sim time:    241510 (3.84 T_f), wall: 15.402 minutes, Δt:  10.07, CFL: 9.00e-01
i:   25600, sim time:    242438 (3.86 T_f), wall: 15.452 minutes, Δt:   9.97, CFL: 9.00e-01
i:   25700, sim time:    243347 (3.87 T_f), wall: 15.502 minutes, Δt:   9.52, CFL: 9.00e-01
i:   25800, sim time:    244271 (3.89 T_f), wall: 15.558 minutes, Δt:  10.08, CFL: 9.00e-01
i:   25900, sim time:    245210 (3.90 T_f), wall: 15.612 minutes, Δt:  10.13, CFL: 9.00e-01
i:   26000, sim time:    246160 (3.92 T_f), wall: 15.665 minutes, Δt:   9.92, CFL: 9.00e-01
i:   26100, sim time:    247068 (3.93 T_f), wall: 15.716 minutes, Δt:   9.49, CFL: 9.00e-01
i:   26200, sim time:    247970 (3.95 T_f), wall: 15.765 minutes, Δt:   9.98, CFL: 9.00e-01
i:   26300, sim time:    248889 (3.96 T_f), wall: 15.817 minutes, Δt:   9.87, CFL: 9.00e-01
i:   26400, sim time:    249778 (3.98 T_f), wall: 15.871 minutes, Δt:   9.90, CFL: 9.00e-01
i:   26500, sim time:    250678 (3.99 T_f), wall: 15.924 minutes, Δt:   9.72, CFL: 9.00e-01
i:   26600, sim time:    251582 (4.00 T_f), wall: 15.977 minutes, Δt:   9.75, CFL: 9.00e-01
i:   26700, sim time:    252500 (4.02 T_f), wall: 16.053 minutes, Δt:   9.78, CFL: 9.00e-01
i:   26800, sim time:    253400 (4.03 T_f), wall: 16.104 minutes, Δt:   9.92, CFL: 9.00e-01
i:   26900, sim time:    254310 (4.05 T_f), wall: 16.155 minutes, Δt:   9.98, CFL: 9.00e-01
i:   27000, sim time:    255220 (4.06 T_f), wall: 16.212 minutes, Δt:  10.27, CFL: 9.00e-01
i:   27100, sim time:    256182 (4.08 T_f), wall: 16.263 minutes, Δt:  10.26, CFL: 9.00e-01
i:   27200, sim time:    257120 (4.09 T_f), wall: 16.315 minutes, Δt:  10.03, CFL: 9.00e-01
i:   27300, sim time:    258073 (4.11 T_f), wall: 16.369 minutes, Δt:   9.11, CFL: 9.00e-01
i:   27400, sim time:    259021 (4.12 T_f), wall: 16.426 minutes, Δt:   9.94, CFL: 9.00e-01
i:   27500, sim time:    259992 (4.14 T_f), wall: 16.481 minutes, Δt:  10.08, CFL: 9.00e-01
i:   27600, sim time:    260954 (4.15 T_f), wall: 16.538 minutes, Δt:  10.02, CFL: 9.00e-01
i:   27700, sim time:    261886 (4.17 T_f), wall: 16.592 minutes, Δt:  10.10, CFL: 9.00e-01
i:   27800, sim time:    262784 (4.18 T_f), wall: 16.644 minutes, Δt:   9.49, CFL: 9.00e-01
i:   27900, sim time:    263698 (4.20 T_f), wall: 16.704 minutes, Δt:  10.19, CFL: 9.00e-01
i:   28000, sim time:    264640 (4.21 T_f), wall: 16.786 minutes, Δt:  10.12, CFL: 9.00e-01
i:   28100, sim time:    265620 (4.23 T_f), wall: 16.841 minutes, Δt:  10.17, CFL: 9.00e-01
i:   28200, sim time:    266558 (4.24 T_f), wall: 16.896 minutes, Δt:   9.85, CFL: 9.00e-01
i:   28300, sim time:    267500 (4.26 T_f), wall: 16.954 minutes, Δt:   9.65, CFL: 9.00e-01
i:   28400, sim time:    268452 (4.27 T_f), wall: 17.007 minutes, Δt:  10.10, CFL: 9.00e-01
i:   28500, sim time:    269399 (4.29 T_f), wall: 17.060 minutes, Δt:   9.72, CFL: 9.00e-01
i:   28600, sim time:    270330 (4.30 T_f), wall: 17.114 minutes, Δt:  10.30, CFL: 9.00e-01
i:   28700, sim time:    271293 (4.32 T_f), wall: 17.174 minutes, Δt:  10.30, CFL: 9.00e-01
i:   28800, sim time:    272210 (4.33 T_f), wall: 17.227 minutes, Δt:  10.51, CFL: 9.00e-01
i:   28900, sim time:    273180 (4.35 T_f), wall: 17.277 minutes, Δt:   9.79, CFL: 9.00e-01
i:   29000, sim time:    274153 (4.36 T_f), wall: 17.330 minutes, Δt:  10.24, CFL: 9.00e-01
i:   29100, sim time:    275121 (4.38 T_f), wall: 17.382 minutes, Δt:  10.34, CFL: 9.00e-01
i:   29200, sim time:    276055 (4.39 T_f), wall: 17.435 minutes, Δt:   9.81, CFL: 9.00e-01
i:   29300, sim time:    277010 (4.41 T_f), wall: 17.488 minutes, Δt:   9.52, CFL: 9.00e-01
i:   29400, sim time:    277930 (4.42 T_f), wall: 17.538 minutes, Δt:  10.09, CFL: 9.00e-01
i:   29500, sim time:    278892 (4.44 T_f), wall: 17.593 minutes, Δt:   9.95, CFL: 9.00e-01
i:   29600, sim time:    279800 (4.45 T_f), wall: 17.649 minutes, Δt:  10.44, CFL: 9.00e-01
i:   29700, sim time:    280775 (4.47 T_f), wall: 17.700 minutes, Δt:   9.51, CFL: 9.00e-01
i:   29800, sim time:    281731 (4.48 T_f), wall: 17.753 minutes, Δt:  10.20, CFL: 9.00e-01
i:   29900, sim time:    282699 (4.50 T_f), wall: 17.807 minutes, Δt:   9.89, CFL: 9.00e-01
i:   30000, sim time:    283592 (4.51 T_f), wall: 17.859 minutes, Δt:   9.87, CFL: 9.00e-01
i:   30100, sim time:    284519 (4.53 T_f), wall: 17.912 minutes, Δt:   9.63, CFL: 9.00e-01
i:   30200, sim time:    285420 (4.54 T_f), wall: 17.968 minutes, Δt:   9.66, CFL: 9.00e-01
i:   30300, sim time:    286360 (4.56 T_f), wall: 18.028 minutes, Δt:   9.88, CFL: 9.00e-01
i:   30400, sim time:    287280 (4.57 T_f), wall: 18.112 minutes, Δt:  10.10, CFL: 9.00e-01
i:   30500, sim time:    288231 (4.59 T_f), wall: 18.168 minutes, Δt:  10.08, CFL: 9.00e-01
i:   30600, sim time:    289139 (4.60 T_f), wall: 18.219 minutes, Δt:   9.79, CFL: 9.00e-01
i:   30700, sim time:    290039 (4.62 T_f), wall: 18.273 minutes, Δt:  10.04, CFL: 9.00e-01
i:   30800, sim time:    290980 (4.63 T_f), wall: 18.341 minutes, Δt:   9.96, CFL: 9.00e-01
i:   30900, sim time:    291887 (4.65 T_f), wall: 18.395 minutes, Δt:   9.68, CFL: 9.00e-01
i:   31000, sim time:    292800 (4.66 T_f), wall: 18.449 minutes, Δt:   9.51, CFL: 9.00e-01
i:   31100, sim time:    293719 (4.67 T_f), wall: 18.506 minutes, Δt:   9.07, CFL: 9.00e-01
i:   31200, sim time:    294600 (4.69 T_f), wall: 18.555 minutes, Δt:  10.12, CFL: 9.00e-01
i:   31300, sim time:    295510 (4.70 T_f), wall: 18.612 minutes, Δt:   9.92, CFL: 9.00e-01
i:   31400, sim time:    296410 (4.72 T_f), wall: 18.672 minutes, Δt:   9.43, CFL: 9.00e-01
i:   31500, sim time:    297293 (4.73 T_f), wall: 18.723 minutes, Δt:   9.67, CFL: 9.00e-01
i:   31600, sim time:    298200 (4.75 T_f), wall: 18.773 minutes, Δt:   9.51, CFL: 9.00e-01
i:   31700, sim time:    299096 (4.76 T_f), wall: 18.824 minutes, Δt:   9.60, CFL: 9.00e-01
i:   31800, sim time:    300000 (4.77 T_f), wall: 18.875 minutes, Δt:  10.02, CFL: 9.00e-01
i:   31900, sim time:    300949 (4.79 T_f), wall: 18.926 minutes, Δt:   9.72, CFL: 9.00e-01
i:   32000, sim time:    301858 (4.80 T_f), wall: 18.978 minutes, Δt:  10.09, CFL: 9.00e-01
i:   32100, sim time:    302800 (4.82 T_f), wall: 19.031 minutes, Δt:  10.01, CFL: 9.00e-01
i:   32200, sim time:    303761 (4.83 T_f), wall: 19.084 minutes, Δt:  10.08, CFL: 9.00e-01
i:   32300, sim time:    304720 (4.85 T_f), wall: 19.137 minutes, Δt:   9.84, CFL: 9.00e-01
i:   32400, sim time:    305688 (4.87 T_f), wall: 19.190 minutes, Δt:   9.74, CFL: 9.00e-01
i:   32500, sim time:    306610 (4.88 T_f), wall: 19.244 minutes, Δt:   9.62, CFL: 9.00e-01
i:   32600, sim time:    307559 (4.89 T_f), wall: 19.293 minutes, Δt:  10.12, CFL: 9.00e-01
i:   32700, sim time:    308510 (4.91 T_f), wall: 19.348 minutes, Δt:  10.09, CFL: 9.00e-01
i:   32800, sim time:    309462 (4.93 T_f), wall: 19.400 minutes, Δt:   9.98, CFL: 9.00e-01
i:   32900, sim time:    310420 (4.94 T_f), wall: 19.453 minutes, Δt:   9.54, CFL: 9.00e-01
i:   33000, sim time:    311377 (4.96 T_f), wall: 19.508 minutes, Δt:  10.03, CFL: 9.00e-01
i:   33100, sim time:    312342 (4.97 T_f), wall: 19.563 minutes, Δt:  10.16, CFL: 9.00e-01
i:   33200, sim time:    313320 (4.99 T_f), wall: 19.617 minutes, Δt:  10.35, CFL: 9.00e-01
i:   33300, sim time:    314300 (5.00 T_f), wall: 19.673 minutes, Δt:  10.01, CFL: 9.00e-01
i:   33400, sim time:    315240 (5.02 T_f), wall: 19.727 minutes, Δt:   9.97, CFL: 9.00e-01
i:   33500, sim time:    316210 (5.03 T_f), wall: 19.780 minutes, Δt:  10.49, CFL: 9.00e-01
i:   33600, sim time:    317159 (5.05 T_f), wall: 19.830 minutes, Δt:   9.48, CFL: 9.00e-01
i:   33700, sim time:    318100 (5.06 T_f), wall: 19.884 minutes, Δt:  10.25, CFL: 9.00e-01
i:   33800, sim time:    319085 (5.08 T_f), wall: 19.939 minutes, Δt:  10.25, CFL: 9.00e-01
i:   33900, sim time:    320019 (5.09 T_f), wall: 19.992 minutes, Δt:   9.11, CFL: 9.00e-01
i:   34000, sim time:    320918 (5.11 T_f), wall: 20.046 minutes, Δt:   9.93, CFL: 9.00e-01
i:   34100, sim time:    321819 (5.12 T_f), wall: 20.099 minutes, Δt:   9.68, CFL: 9.00e-01
i:   34200, sim time:    322710 (5.14 T_f), wall: 20.153 minutes, Δt:   9.37, CFL: 9.00e-01
i:   34300, sim time:    323610 (5.15 T_f), wall: 20.210 minutes, Δt:   9.86, CFL: 9.00e-01
i:   34400, sim time:    324519 (5.16 T_f), wall: 20.262 minutes, Δt:   9.76, CFL: 9.00e-01
i:   34500, sim time:    325420 (5.18 T_f), wall: 20.314 minutes, Δt:   9.89, CFL: 9.00e-01
i:   34600, sim time:    326350 (5.19 T_f), wall: 20.366 minutes, Δt:   9.96, CFL: 9.00e-01
i:   34700, sim time:    327286 (5.21 T_f), wall: 20.418 minutes, Δt:   9.95, CFL: 9.00e-01
i:   34800, sim time:    328178 (5.22 T_f), wall: 20.477 minutes, Δt:   9.90, CFL: 9.00e-01
i:   34900, sim time:    329082 (5.24 T_f), wall: 20.533 minutes, Δt:   9.96, CFL: 9.00e-01
i:   35000, sim time:    330065 (5.25 T_f), wall: 20.590 minutes, Δt:  10.11, CFL: 9.00e-01
i:   35100, sim time:    330985 (5.27 T_f), wall: 20.653 minutes, Δt:   9.53, CFL: 9.00e-01
i:   35200, sim time:    331898 (5.28 T_f), wall: 20.704 minutes, Δt:   9.75, CFL: 9.00e-01
i:   35300, sim time:    332809 (5.30 T_f), wall: 20.756 minutes, Δt:   9.54, CFL: 9.00e-01
i:   35400, sim time:    333710 (5.31 T_f), wall: 20.809 minutes, Δt:  10.05, CFL: 9.00e-01
i:   35500, sim time:    334629 (5.33 T_f), wall: 20.862 minutes, Δt:   9.81, CFL: 9.00e-01
i:   35600, sim time:    335593 (5.34 T_f), wall: 20.916 minutes, Δt:  10.15, CFL: 9.00e-01
i:   35700, sim time:    336528 (5.36 T_f), wall: 20.971 minutes, Δt:   9.49, CFL: 9.00e-01
i:   35800, sim time:    337490 (5.37 T_f), wall: 21.023 minutes, Δt:  10.00, CFL: 9.00e-01
i:   35900, sim time:    338431 (5.39 T_f), wall: 21.084 minutes, Δt:  10.19, CFL: 9.00e-01
i:   36000, sim time:    339410 (5.40 T_f), wall: 21.141 minutes, Δt:   9.99, CFL: 9.00e-01
i:   36100, sim time:    340338 (5.42 T_f), wall: 21.199 minutes, Δt:   9.87, CFL: 9.00e-01
i:   36200, sim time:    341248 (5.43 T_f), wall: 21.265 minutes, Δt:   9.77, CFL: 9.00e-01
i:   36300, sim time:    342169 (5.45 T_f), wall: 21.322 minutes, Δt:   9.79, CFL: 9.00e-01
i:   36400, sim time:    343087 (5.46 T_f), wall: 21.382 minutes, Δt:   9.60, CFL: 9.00e-01
i:   36500, sim time:    344019 (5.48 T_f), wall: 21.443 minutes, Δt:   9.84, CFL: 9.00e-01
i:   36600, sim time:    344951 (5.49 T_f), wall: 21.504 minutes, Δt:  10.18, CFL: 9.00e-01
i:   36700, sim time:    345920 (5.51 T_f), wall: 21.569 minutes, Δt:   9.68, CFL: 9.00e-01
i:   36800, sim time:    346862 (5.52 T_f), wall: 21.626 minutes, Δt:  10.04, CFL: 9.00e-01
i:   36900, sim time:    347792 (5.54 T_f), wall: 21.692 minutes, Δt:   9.89, CFL: 9.00e-01
i:   37000, sim time:    348730 (5.55 T_f), wall: 21.751 minutes, Δt:   9.97, CFL: 9.00e-01
i:   37100, sim time:    349691 (5.57 T_f), wall: 21.810 minutes, Δt:   9.97, CFL: 9.00e-01
i:   37200, sim time:    350610 (5.58 T_f), wall: 21.888 minutes, Δt:  10.12, CFL: 9.00e-01
i:   37300, sim time:    351529 (5.59 T_f), wall: 21.941 minutes, Δt:   9.89, CFL: 9.00e-01
i:   37400, sim time:    352450 (5.61 T_f), wall: 22.003 minutes, Δt:  10.15, CFL: 9.00e-01
i:   37500, sim time:    353390 (5.62 T_f), wall: 22.057 minutes, Δt:  10.20, CFL: 9.00e-01
i:   37600, sim time:    354320 (5.64 T_f), wall: 22.124 minutes, Δt:   9.76, CFL: 9.00e-01
i:   37700, sim time:    355279 (5.65 T_f), wall: 22.180 minutes, Δt:   9.93, CFL: 9.00e-01
i:   37800, sim time:    356189 (5.67 T_f), wall: 22.236 minutes, Δt:   9.93, CFL: 9.00e-01
i:   37900, sim time:    357086 (5.68 T_f), wall: 22.294 minutes, Δt:   9.78, CFL: 9.00e-01
i:   38000, sim time:    358010 (5.70 T_f), wall: 22.353 minutes, Δt:  10.06, CFL: 9.00e-01
i:   38100, sim time:    358932 (5.71 T_f), wall: 22.415 minutes, Δt:   9.86, CFL: 9.00e-01
i:   38200, sim time:    359891 (5.73 T_f), wall: 22.473 minutes, Δt:   9.42, CFL: 9.00e-01
i:   38300, sim time:    360840 (5.74 T_f), wall: 22.534 minutes, Δt:  10.10, CFL: 9.00e-01
i:   38400, sim time:    361774 (5.76 T_f), wall: 22.592 minutes, Δt:   9.30, CFL: 9.00e-01
i:   38500, sim time:    362710 (5.77 T_f), wall: 22.657 minutes, Δt:   9.96, CFL: 9.00e-01
i:   38600, sim time:    363642 (5.79 T_f), wall: 22.722 minutes, Δt:   9.83, CFL: 9.00e-01
i:   38700, sim time:    364549 (5.80 T_f), wall: 22.779 minutes, Δt:   9.41, CFL: 9.00e-01
i:   38800, sim time:    365457 (5.82 T_f), wall: 22.842 minutes, Δt:   9.38, CFL: 9.00e-01
i:   38900, sim time:    366347 (5.83 T_f), wall: 22.894 minutes, Δt:  10.00, CFL: 9.00e-01
i:   39000, sim time:    367267 (5.85 T_f), wall: 22.949 minutes, Δt:   9.82, CFL: 9.00e-01
i:   39100, sim time:    368189 (5.86 T_f), wall: 23.013 minutes, Δt:   9.85, CFL: 9.00e-01
i:   39200, sim time:    369085 (5.87 T_f), wall: 23.069 minutes, Δt:   9.07, CFL: 9.00e-01
i:   39300, sim time:    370030 (5.89 T_f), wall: 23.125 minutes, Δt:   9.96, CFL: 9.00e-01
i:   39400, sim time:    370981 (5.90 T_f), wall: 23.177 minutes, Δt:  10.29, CFL: 9.00e-01
i:   39500, sim time:    371941 (5.92 T_f), wall: 23.239 minutes, Δt:  10.12, CFL: 9.00e-01
i:   39600, sim time:    372888 (5.93 T_f), wall: 23.298 minutes, Δt:   9.89, CFL: 9.00e-01
i:   39700, sim time:    373791 (5.95 T_f), wall: 23.351 minutes, Δt:   9.92, CFL: 9.00e-01
i:   39800, sim time:    374730 (5.96 T_f), wall: 23.406 minutes, Δt:  10.05, CFL: 9.00e-01
i:   39900, sim time:    375700 (5.98 T_f), wall: 23.460 minutes, Δt:  10.21, CFL: 9.00e-01
i:   40000, sim time:    376671 (5.99 T_f), wall: 23.521 minutes, Δt:  10.16, CFL: 9.00e-01
i:   40100, sim time:    377610 (6.01 T_f), wall: 23.578 minutes, Δt:   9.83, CFL: 9.00e-01
i:   40200, sim time:    378530 (6.02 T_f), wall: 23.634 minutes, Δt:   9.87, CFL: 9.00e-01
i:   40300, sim time:    379472 (6.04 T_f), wall: 23.688 minutes, Δt:  10.42, CFL: 9.00e-01
i:   40400, sim time:    380429 (6.05 T_f), wall: 23.752 minutes, Δt:  10.14, CFL: 9.00e-01
i:   40500, sim time:    381371 (6.07 T_f), wall: 23.806 minutes, Δt:  10.04, CFL: 9.00e-01
i:   40600, sim time:    382321 (6.08 T_f), wall: 23.861 minutes, Δt:  10.39, CFL: 9.00e-01
i:   40700, sim time:    383300 (6.10 T_f), wall: 23.946 minutes, Δt:  10.14, CFL: 9.00e-01
i:   40800, sim time:    384248 (6.12 T_f), wall: 24.002 minutes, Δt:   9.47, CFL: 9.00e-01
i:   40900, sim time:    385159 (6.13 T_f), wall: 24.061 minutes, Δt:   9.54, CFL: 9.00e-01
i:   41000, sim time:    386090 (6.14 T_f), wall: 24.123 minutes, Δt:  10.02, CFL: 9.00e-01
i:   41100, sim time:    387062 (6.16 T_f), wall: 24.180 minutes, Δt:  10.06, CFL: 9.00e-01
i:   41200, sim time:    387989 (6.18 T_f), wall: 24.240 minutes, Δt:  10.20, CFL: 9.00e-01
i:   41300, sim time:    388910 (6.19 T_f), wall: 24.296 minutes, Δt:   9.60, CFL: 9.00e-01
i:   41400, sim time:    389819 (6.20 T_f), wall: 24.354 minutes, Δt:   9.95, CFL: 9.00e-01
i:   41500, sim time:    390720 (6.22 T_f), wall: 24.408 minutes, Δt:  10.14, CFL: 9.00e-01
i:   41600, sim time:    391647 (6.23 T_f), wall: 24.465 minutes, Δt:   9.46, CFL: 9.00e-01
i:   41700, sim time:    392548 (6.25 T_f), wall: 24.520 minutes, Δt:   9.64, CFL: 9.00e-01
i:   41800, sim time:    393471 (6.26 T_f), wall: 24.575 minutes, Δt:   9.93, CFL: 9.00e-01
i:   41900, sim time:    394410 (6.28 T_f), wall: 24.631 minutes, Δt:  10.05, CFL: 9.00e-01
i:   42000, sim time:    395375 (6.29 T_f), wall: 24.684 minutes, Δt:   9.98, CFL: 9.00e-01
i:   42100, sim time:    396298 (6.31 T_f), wall: 24.742 minutes, Δt:  10.08, CFL: 9.00e-01
i:   42200, sim time:    397261 (6.32 T_f), wall: 24.802 minutes, Δt:  10.16, CFL: 9.00e-01
i:   42300, sim time:    398210 (6.34 T_f), wall: 24.857 minutes, Δt:   9.99, CFL: 9.00e-01
i:   42400, sim time:    399131 (6.35 T_f), wall: 24.912 minutes, Δt:  10.32, CFL: 9.00e-01
i:   42500, sim time:    400086 (6.37 T_f), wall: 24.967 minutes, Δt:  10.18, CFL: 9.00e-01
i:   42600, sim time:    401062 (6.38 T_f), wall: 25.029 minutes, Δt:  10.41, CFL: 9.00e-01
i:   42700, sim time:    402021 (6.40 T_f), wall: 25.096 minutes, Δt:  10.11, CFL: 9.00e-01
i:   42800, sim time:    402992 (6.41 T_f), wall: 25.150 minutes, Δt:  10.23, CFL: 9.00e-01
i:   42900, sim time:    403971 (6.43 T_f), wall: 25.205 minutes, Δt:  10.14, CFL: 9.00e-01
i:   43000, sim time:    404899 (6.44 T_f), wall: 25.262 minutes, Δt:   9.66, CFL: 9.00e-01
i:   43100, sim time:    405800 (6.46 T_f), wall: 25.315 minutes, Δt:   9.22, CFL: 9.00e-01
i:   43200, sim time:    406720 (6.47 T_f), wall: 25.373 minutes, Δt:  10.13, CFL: 9.00e-01
i:   43300, sim time:    407670 (6.49 T_f), wall: 25.429 minutes, Δt:   9.97, CFL: 9.00e-01
i:   43400, sim time:    408590 (6.50 T_f), wall: 25.480 minutes, Δt:   9.84, CFL: 9.00e-01
i:   43500, sim time:    409500 (6.52 T_f), wall: 25.535 minutes, Δt:   9.61, CFL: 9.00e-01
i:   43600, sim time:    410397 (6.53 T_f), wall: 25.591 minutes, Δt:   9.91, CFL: 9.00e-01
i:   43700, sim time:    411300 (6.55 T_f), wall: 25.644 minutes, Δt:   9.97, CFL: 9.00e-01
i:   43800, sim time:    412262 (6.56 T_f), wall: 25.699 minutes, Δt:   9.74, CFL: 9.00e-01
i:   43900, sim time:    413210 (6.58 T_f), wall: 25.757 minutes, Δt:   9.81, CFL: 9.00e-01
i:   44000, sim time:    414120 (6.59 T_f), wall: 25.812 minutes, Δt:   9.73, CFL: 9.00e-01
i:   44100, sim time:    415058 (6.61 T_f), wall: 25.868 minutes, Δt:   9.68, CFL: 9.00e-01
i:   44200, sim time:    415991 (6.62 T_f), wall: 25.921 minutes, Δt:   9.89, CFL: 9.00e-01
i:   44300, sim time:    416900 (6.64 T_f), wall: 25.978 minutes, Δt:  10.04, CFL: 9.00e-01
i:   44400, sim time:    417869 (6.65 T_f), wall: 26.034 minutes, Δt:   9.55, CFL: 9.00e-01
i:   44500, sim time:    418777 (6.67 T_f), wall: 26.089 minutes, Δt:   9.93, CFL: 9.00e-01
i:   44600, sim time:    419690 (6.68 T_f), wall: 26.143 minutes, Δt:   9.94, CFL: 9.00e-01
i:   44700, sim time:    420599 (6.69 T_f), wall: 26.199 minutes, Δt:   9.73, CFL: 9.00e-01
i:   44800, sim time:    421500 (6.71 T_f), wall: 26.255 minutes, Δt:  10.02, CFL: 9.00e-01
i:   44900, sim time:    422440 (6.72 T_f), wall: 26.309 minutes, Δt:  10.02, CFL: 9.00e-01
i:   45000, sim time:    423370 (6.74 T_f), wall: 26.366 minutes, Δt:   9.98, CFL: 9.00e-01
i:   45100, sim time:    424331 (6.75 T_f), wall: 26.429 minutes, Δt:   9.99, CFL: 9.00e-01
i:   45200, sim time:    425300 (6.77 T_f), wall: 26.484 minutes, Δt:  10.15, CFL: 9.00e-01
i:   45300, sim time:    426251 (6.78 T_f), wall: 26.542 minutes, Δt:  10.21, CFL: 9.00e-01
i:   45400, sim time:    427221 (6.80 T_f), wall: 26.600 minutes, Δt:  10.22, CFL: 9.00e-01
i:   45500, sim time:    428170 (6.81 T_f), wall: 26.655 minutes, Δt:   9.86, CFL: 9.00e-01
i:   45600, sim time:    429120 (6.83 T_f), wall: 26.711 minutes, Δt:  10.02, CFL: 9.00e-01
i:   45700, sim time:    430030 (6.84 T_f), wall: 26.767 minutes, Δt:   9.75, CFL: 9.00e-01
i:   45800, sim time:    430980 (6.86 T_f), wall: 26.820 minutes, Δt:  10.18, CFL: 9.00e-01
i:   45900, sim time:    431928 (6.87 T_f), wall: 26.879 minutes, Δt:   9.30, CFL: 9.00e-01
i:   46000, sim time:    432892 (6.89 T_f), wall: 26.939 minutes, Δt:  10.21, CFL: 9.00e-01
i:   46100, sim time:    433820 (6.90 T_f), wall: 26.995 minutes, Δt:  10.32, CFL: 9.00e-01
i:   46200, sim time:    434791 (6.92 T_f), wall: 27.049 minutes, Δt:  10.16, CFL: 9.00e-01
i:   46300, sim time:    435751 (6.94 T_f), wall: 27.115 minutes, Δt:  10.19, CFL: 9.00e-01
i:   46400, sim time:    436700 (6.95 T_f), wall: 27.171 minutes, Δt:   9.93, CFL: 9.00e-01
i:   46500, sim time:    437621 (6.96 T_f), wall: 27.226 minutes, Δt:  10.18, CFL: 9.00e-01
i:   46600, sim time:    438560 (6.98 T_f), wall: 27.277 minutes, Δt:   9.68, CFL: 9.00e-01
i:   46700, sim time:    439500 (6.99 T_f), wall: 27.332 minutes, Δt:   9.82, CFL: 9.00e-01
i:   46800, sim time:    440439 (7.01 T_f), wall: 27.389 minutes, Δt:   9.54, CFL: 9.00e-01
i:   46900, sim time:    441329 (7.02 T_f), wall: 27.445 minutes, Δt:   9.77, CFL: 9.00e-01
i:   47000, sim time:    442218 (7.04 T_f), wall: 27.502 minutes, Δt:   9.19, CFL: 9.00e-01
i:   47100, sim time:    443120 (7.05 T_f), wall: 27.556 minutes, Δt:   9.99, CFL: 9.00e-01
i:   47200, sim time:    444019 (7.07 T_f), wall: 27.611 minutes, Δt:   9.60, CFL: 9.00e-01
i:   47300, sim time:    444938 (7.08 T_f), wall: 27.663 minutes, Δt:   9.84, CFL: 9.00e-01
i:   47400, sim time:    445861 (7.10 T_f), wall: 27.718 minutes, Δt:  10.07, CFL: 9.00e-01
i:   47500, sim time:    446789 (7.11 T_f), wall: 27.771 minutes, Δt:   9.80, CFL: 9.00e-01
i:   47600, sim time:    447700 (7.13 T_f), wall: 27.825 minutes, Δt:   9.96, CFL: 9.00e-01
i:   47700, sim time:    448629 (7.14 T_f), wall: 27.880 minutes, Δt:   9.83, CFL: 9.00e-01
i:   47800, sim time:    449569 (7.16 T_f), wall: 27.933 minutes, Δt:   9.90, CFL: 9.00e-01
i:   47900, sim time:    450497 (7.17 T_f), wall: 27.987 minutes, Δt:   9.80, CFL: 9.00e-01
i:   48000, sim time:    451386 (7.18 T_f), wall: 28.039 minutes, Δt:   9.48, CFL: 9.00e-01
i:   48100, sim time:    452300 (7.20 T_f), wall: 28.096 minutes, Δt:   9.78, CFL: 9.00e-01
i:   48200, sim time:    453198 (7.21 T_f), wall: 28.149 minutes, Δt:   9.60, CFL: 9.00e-01
i:   48300, sim time:    454089 (7.23 T_f), wall: 28.207 minutes, Δt:   9.65, CFL: 9.00e-01
i:   48400, sim time:    454986 (7.24 T_f), wall: 28.260 minutes, Δt:   9.83, CFL: 9.00e-01
i:   48500, sim time:    455910 (7.26 T_f), wall: 28.323 minutes, Δt:   9.66, CFL: 9.00e-01
i:   48600, sim time:    456840 (7.27 T_f), wall: 28.387 minutes, Δt:  10.01, CFL: 9.00e-01
i:   48700, sim time:    457812 (7.29 T_f), wall: 28.443 minutes, Δt:  10.04, CFL: 9.00e-01
i:   48800, sim time:    458793 (7.30 T_f), wall: 28.495 minutes, Δt:  10.14, CFL: 9.00e-01
i:   48900, sim time:    459748 (7.32 T_f), wall: 28.549 minutes, Δt:   9.57, CFL: 9.00e-01
i:   49000, sim time:    460679 (7.33 T_f), wall: 28.607 minutes, Δt:  10.12, CFL: 9.00e-01
i:   49100, sim time:    461652 (7.35 T_f), wall: 28.667 minutes, Δt:  10.33, CFL: 9.00e-01
i:   49200, sim time:    462620 (7.36 T_f), wall: 28.722 minutes, Δt:  10.11, CFL: 9.00e-01
i:   49300, sim time:    463580 (7.38 T_f), wall: 28.776 minutes, Δt:   9.94, CFL: 9.00e-01
i:   49400, sim time:    464485 (7.39 T_f), wall: 28.832 minutes, Δt:  10.11, CFL: 9.00e-01
i:   49500, sim time:    465430 (7.41 T_f), wall: 28.887 minutes, Δt:  10.39, CFL: 9.00e-01
i:   49600, sim time:    466410 (7.42 T_f), wall: 28.943 minutes, Δt:  10.42, CFL: 9.00e-01
i:   49700, sim time:    467351 (7.44 T_f), wall: 29.000 minutes, Δt:   9.79, CFL: 9.00e-01
i:   49800, sim time:    468261 (7.45 T_f), wall: 29.055 minutes, Δt:   9.95, CFL: 9.00e-01
i:   49900, sim time:    469196 (7.47 T_f), wall: 29.109 minutes, Δt:   9.84, CFL: 9.00e-01
i:   50000, sim time:    470098 (7.48 T_f), wall: 29.164 minutes, Δt:  10.09, CFL: 9.00e-01
i:   50100, sim time:    471040 (7.50 T_f), wall: 29.221 minutes, Δt:   9.99, CFL: 9.00e-01
i:   50200, sim time:    471972 (7.51 T_f), wall: 29.274 minutes, Δt:  10.19, CFL: 9.00e-01
i:   50300, sim time:    472900 (7.53 T_f), wall: 29.328 minutes, Δt:  10.20, CFL: 9.00e-01
i:   50400, sim time:    473826 (7.54 T_f), wall: 29.382 minutes, Δt:   9.46, CFL: 9.00e-01
i:   50500, sim time:    474729 (7.56 T_f), wall: 29.436 minutes, Δt:  10.12, CFL: 9.00e-01
i:   50600, sim time:    475659 (7.57 T_f), wall: 29.489 minutes, Δt:   9.65, CFL: 9.00e-01
i:   50700, sim time:    476587 (7.59 T_f), wall: 29.546 minutes, Δt:   9.82, CFL: 9.00e-01
i:   50800, sim time:    477539 (7.60 T_f), wall: 29.604 minutes, Δt:   9.99, CFL: 9.00e-01
i:   50900, sim time:    478520 (7.62 T_f), wall: 29.662 minutes, Δt:  10.06, CFL: 9.00e-01
i:   51000, sim time:    479450 (7.63 T_f), wall: 29.717 minutes, Δt:  10.02, CFL: 9.00e-01
i:   51100, sim time:    480400 (7.65 T_f), wall: 29.773 minutes, Δt:   9.95, CFL: 9.00e-01
i:   51200, sim time:    481330 (7.66 T_f), wall: 29.828 minutes, Δt:   9.94, CFL: 9.00e-01
i:   51300, sim time:    482249 (7.68 T_f), wall: 29.885 minutes, Δt:   9.68, CFL: 9.00e-01
i:   51400, sim time:    483190 (7.69 T_f), wall: 29.940 minutes, Δt:   9.99, CFL: 9.00e-01
i:   51500, sim time:    484100 (7.70 T_f), wall: 29.997 minutes, Δt:   9.90, CFL: 9.00e-01
i:   51600, sim time:    485038 (7.72 T_f), wall: 30.057 minutes, Δt:   9.34, CFL: 9.00e-01
i:   51700, sim time:    485950 (7.73 T_f), wall: 30.111 minutes, Δt:   9.83, CFL: 9.00e-01
i:   51800, sim time:    486848 (7.75 T_f), wall: 30.163 minutes, Δt:   9.78, CFL: 9.00e-01
i:   51900, sim time:    487760 (7.76 T_f), wall: 30.222 minutes, Δt:  10.04, CFL: 9.00e-01
i:   52000, sim time:    488700 (7.78 T_f), wall: 30.279 minutes, Δt:   9.90, CFL: 9.00e-01
i:   52100, sim time:    489593 (7.79 T_f), wall: 30.332 minutes, Δt:   9.48, CFL: 9.00e-01
i:   52200, sim time:    490498 (7.81 T_f), wall: 30.384 minutes, Δt:   9.89, CFL: 9.00e-01
i:   52300, sim time:    491390 (7.82 T_f), wall: 30.436 minutes, Δt:   9.83, CFL: 9.00e-01
i:   52400, sim time:    492309 (7.84 T_f), wall: 30.494 minutes, Δt:   9.46, CFL: 9.00e-01
i:   52500, sim time:    493209 (7.85 T_f), wall: 30.553 minutes, Δt:   9.39, CFL: 9.00e-01
i:   52600, sim time:    494088 (7.86 T_f), wall: 30.611 minutes, Δt:   9.74, CFL: 9.00e-01
i:   52700, sim time:    494990 (7.88 T_f), wall: 30.671 minutes, Δt:  10.00, CFL: 9.00e-01
i:   52800, sim time:    495910 (7.89 T_f), wall: 30.731 minutes, Δt:  10.08, CFL: 9.00e-01
i:   52900, sim time:    496882 (7.91 T_f), wall: 30.788 minutes, Δt:  10.21, CFL: 9.00e-01
i:   53000, sim time:    497851 (7.92 T_f), wall: 30.842 minutes, Δt:  10.14, CFL: 9.00e-01
i:   53100, sim time:    498779 (7.94 T_f), wall: 30.904 minutes, Δt:   9.91, CFL: 9.00e-01
i:   53200, sim time:    499673 (7.95 T_f), wall: 30.961 minutes, Δt:   9.04, CFL: 9.00e-01
i:   53300, sim time:    500595 (7.97 T_f), wall: 31.018 minutes, Δt:   9.92, CFL: 9.00e-01
i:   53400, sim time:    501498 (7.98 T_f), wall: 31.073 minutes, Δt:  10.00, CFL: 9.00e-01
i:   53500, sim time:    502441 (8.00 T_f), wall: 31.129 minutes, Δt:  10.00, CFL: 9.00e-01
i:   53600, sim time:    503392 (8.01 T_f), wall: 31.184 minutes, Δt:  10.34, CFL: 9.00e-01
i:   53700, sim time:    504319 (8.03 T_f), wall: 31.239 minutes, Δt:   9.95, CFL: 9.00e-01
i:   53800, sim time:    505287 (8.04 T_f), wall: 31.294 minutes, Δt:  10.11, CFL: 9.00e-01
i:   53900, sim time:    506236 (8.06 T_f), wall: 31.351 minutes, Δt:   9.20, CFL: 9.00e-01
i:   54000, sim time:    507179 (8.07 T_f), wall: 31.402 minutes, Δt:   9.94, CFL: 9.00e-01
i:   54100, sim time:    508110 (8.09 T_f), wall: 31.460 minutes, Δt:   9.99, CFL: 9.00e-01
i:   54200, sim time:    509010 (8.10 T_f), wall: 31.516 minutes, Δt:   9.98, CFL: 9.00e-01
i:   54300, sim time:    509918 (8.12 T_f), wall: 31.568 minutes, Δt:   9.13, CFL: 9.00e-01
i:   54400, sim time:    510810 (8.13 T_f), wall: 31.627 minutes, Δt:   9.66, CFL: 9.00e-01
i:   54500, sim time:    511720 (8.14 T_f), wall: 31.685 minutes, Δt:  10.06, CFL: 9.00e-01
i:   54600, sim time:    512669 (8.16 T_f), wall: 31.746 minutes, Δt:   9.71, CFL: 9.00e-01
i:   54700, sim time:    513571 (8.17 T_f), wall: 31.804 minutes, Δt:  10.17, CFL: 9.00e-01
i:   54800, sim time:    514487 (8.19 T_f), wall: 31.861 minutes, Δt:   9.58, CFL: 9.00e-01
i:   54900, sim time:    515440 (8.20 T_f), wall: 31.922 minutes, Δt:  10.12, CFL: 9.00e-01
i:   55000, sim time:    516368 (8.22 T_f), wall: 31.975 minutes, Δt:   9.89, CFL: 9.00e-01
i:   55100, sim time:    517341 (8.23 T_f), wall: 32.029 minutes, Δt:   9.86, CFL: 9.00e-01
i:   55200, sim time:    518288 (8.25 T_f), wall: 32.089 minutes, Δt:   9.78, CFL: 9.00e-01
i:   55300, sim time:    519197 (8.26 T_f), wall: 32.145 minutes, Δt:   9.85, CFL: 9.00e-01
i:   55400, sim time:    520120 (8.28 T_f), wall: 32.205 minutes, Δt:  10.14, CFL: 9.00e-01
i:   55500, sim time:    521080 (8.29 T_f), wall: 32.265 minutes, Δt:  10.04, CFL: 9.00e-01
i:   55600, sim time:    522061 (8.31 T_f), wall: 32.326 minutes, Δt:  10.11, CFL: 9.00e-01
i:   55700, sim time:    523000 (8.32 T_f), wall: 32.378 minutes, Δt:   9.86, CFL: 9.00e-01
i:   55800, sim time:    523910 (8.34 T_f), wall: 32.444 minutes, Δt:   9.99, CFL: 9.00e-01
i:   55900, sim time:    524867 (8.35 T_f), wall: 32.504 minutes, Δt:   9.78, CFL: 9.00e-01
i:   56000, sim time:    525821 (8.37 T_f), wall: 32.564 minutes, Δt:  10.31, CFL: 9.00e-01
i:   56100, sim time:    526758 (8.38 T_f), wall: 32.617 minutes, Δt:   9.58, CFL: 9.00e-01
i:   56200, sim time:    527700 (8.40 T_f), wall: 32.673 minutes, Δt:   9.89, CFL: 9.00e-01
i:   56300, sim time:    528620 (8.41 T_f), wall: 32.729 minutes, Δt:  10.08, CFL: 9.00e-01
i:   56400, sim time:    529581 (8.43 T_f), wall: 32.790 minutes, Δt:  10.22, CFL: 9.00e-01
i:   56500, sim time:    530520 (8.44 T_f), wall: 32.848 minutes, Δt:  10.35, CFL: 9.00e-01
i:   56600, sim time:    531458 (8.46 T_f), wall: 32.906 minutes, Δt:  10.06, CFL: 9.00e-01
i:   56700, sim time:    532410 (8.47 T_f), wall: 32.968 minutes, Δt:  10.01, CFL: 9.00e-01
i:   56800, sim time:    533361 (8.49 T_f), wall: 33.031 minutes, Δt:  10.24, CFL: 9.00e-01
i:   56900, sim time:    534342 (8.50 T_f), wall: 33.092 minutes, Δt:  10.35, CFL: 9.00e-01
i:   57000, sim time:    535310 (8.52 T_f), wall: 33.152 minutes, Δt:  10.34, CFL: 9.00e-01
i:   57100, sim time:    536270 (8.54 T_f), wall: 33.210 minutes, Δt:  10.32, CFL: 9.00e-01
i:   57200, sim time:    537200 (8.55 T_f), wall: 33.265 minutes, Δt:   9.93, CFL: 9.00e-01
i:   57300, sim time:    538120 (8.56 T_f), wall: 33.323 minutes, Δt:   9.96, CFL: 9.00e-01
i:   57400, sim time:    539100 (8.58 T_f), wall: 33.382 minutes, Δt:   9.97, CFL: 9.00e-01
i:   57500, sim time:    540042 (8.60 T_f), wall: 33.444 minutes, Δt:  10.37, CFL: 9.00e-01
i:   57600, sim time:    540999 (8.61 T_f), wall: 33.499 minutes, Δt:   9.73, CFL: 9.00e-01
i:   57700, sim time:    541910 (8.62 T_f), wall: 33.558 minutes, Δt:   9.96, CFL: 9.00e-01
i:   57800, sim time:    542858 (8.64 T_f), wall: 33.619 minutes, Δt:   9.93, CFL: 9.00e-01
i:   57900, sim time:    543769 (8.65 T_f), wall: 33.670 minutes, Δt:   9.72, CFL: 9.00e-01
i:   58000, sim time:    544679 (8.67 T_f), wall: 33.731 minutes, Δt:   9.83, CFL: 9.00e-01
i:   58100, sim time:    545549 (8.68 T_f), wall: 33.786 minutes, Δt:   9.72, CFL: 9.00e-01
i:   58200, sim time:    546491 (8.70 T_f), wall: 33.843 minutes, Δt:  10.04, CFL: 9.00e-01
i:   58300, sim time:    547398 (8.71 T_f), wall: 33.897 minutes, Δt:   9.75, CFL: 9.00e-01
i:   58400, sim time:    548294 (8.73 T_f), wall: 33.952 minutes, Δt:  10.03, CFL: 9.00e-01
i:   58500, sim time:    549210 (8.74 T_f), wall: 34.012 minutes, Δt:   9.55, CFL: 9.00e-01
i:   58600, sim time:    550120 (8.76 T_f), wall: 34.066 minutes, Δt:   9.70, CFL: 9.00e-01
i:   58700, sim time:    551060 (8.77 T_f), wall: 34.123 minutes, Δt:  10.05, CFL: 9.00e-01
i:   58800, sim time:    551989 (8.79 T_f), wall: 34.173 minutes, Δt:   9.29, CFL: 9.00e-01
i:   58900, sim time:    552894 (8.80 T_f), wall: 34.230 minutes, Δt:   9.49, CFL: 9.00e-01
i:   59000, sim time:    553797 (8.81 T_f), wall: 34.284 minutes, Δt:   9.68, CFL: 9.00e-01
i:   59100, sim time:    554658 (8.83 T_f), wall: 34.339 minutes, Δt:   9.75, CFL: 9.00e-01
i:   59200, sim time:    555589 (8.84 T_f), wall: 34.399 minutes, Δt:   9.82, CFL: 9.00e-01
i:   59300, sim time:    556520 (8.86 T_f), wall: 34.457 minutes, Δt:   9.71, CFL: 9.00e-01
i:   59400, sim time:    557437 (8.87 T_f), wall: 34.522 minutes, Δt:   9.73, CFL: 9.00e-01
i:   59500, sim time:    558339 (8.89 T_f), wall: 34.575 minutes, Δt:   9.98, CFL: 9.00e-01
i:   59600, sim time:    559234 (8.90 T_f), wall: 34.633 minutes, Δt:   9.90, CFL: 9.00e-01
i:   59700, sim time:    560139 (8.91 T_f), wall: 34.689 minutes, Δt:   9.86, CFL: 9.00e-01
i:   59800, sim time:    561082 (8.93 T_f), wall: 34.744 minutes, Δt:  10.03, CFL: 9.00e-01
i:   59900, sim time:    561979 (8.94 T_f), wall: 34.800 minutes, Δt:   9.95, CFL: 9.00e-01
i:   60000, sim time:    562890 (8.96 T_f), wall: 34.862 minutes, Δt:   9.99, CFL: 9.00e-01
i:   60100, sim time:    563786 (8.97 T_f), wall: 34.917 minutes, Δt:   9.27, CFL: 9.00e-01
i:   60200, sim time:    564700 (8.99 T_f), wall: 34.973 minutes, Δt:   9.42, CFL: 9.00e-01
i:   60300, sim time:    565609 (9.00 T_f), wall: 35.031 minutes, Δt:   9.60, CFL: 9.00e-01
i:   60400, sim time:    566520 (9.02 T_f), wall: 35.086 minutes, Δt:   9.68, CFL: 9.00e-01
i:   60500, sim time:    567430 (9.03 T_f), wall: 35.149 minutes, Δt:  10.13, CFL: 9.00e-01
i:   60600, sim time:    568380 (9.05 T_f), wall: 35.213 minutes, Δt:  10.25, CFL: 9.00e-01
i:   60700, sim time:    569300 (9.06 T_f), wall: 35.269 minutes, Δt:  10.20, CFL: 9.00e-01
i:   60800, sim time:    570263 (9.08 T_f), wall: 35.325 minutes, Δt:   9.57, CFL: 9.00e-01
i:   60900, sim time:    571186 (9.09 T_f), wall: 35.381 minutes, Δt:  10.02, CFL: 9.00e-01
i:   61000, sim time:    572167 (9.11 T_f), wall: 35.439 minutes, Δt:  10.00, CFL: 9.00e-01
i:   61100, sim time:    573110 (9.12 T_f), wall: 35.498 minutes, Δt:  10.46, CFL: 9.00e-01
i:   61200, sim time:    574048 (9.14 T_f), wall: 35.554 minutes, Δt:   9.68, CFL: 9.00e-01
i:   61300, sim time:    574944 (9.15 T_f), wall: 35.610 minutes, Δt:   9.89, CFL: 9.00e-01
i:   61400, sim time:    575886 (9.17 T_f), wall: 35.671 minutes, Δt:   9.56, CFL: 9.00e-01
i:   61500, sim time:    576828 (9.18 T_f), wall: 35.729 minutes, Δt:   9.74, CFL: 9.00e-01
i:   61600, sim time:    577781 (9.20 T_f), wall: 35.784 minutes, Δt:  10.39, CFL: 9.00e-01
i:   61700, sim time:    578702 (9.21 T_f), wall: 35.839 minutes, Δt:   9.91, CFL: 9.00e-01
i:   61800, sim time:    579675 (9.23 T_f), wall: 35.899 minutes, Δt:  10.22, CFL: 9.00e-01
i:   61900, sim time:    580620 (9.24 T_f), wall: 35.959 minutes, Δt:  10.29, CFL: 9.00e-01
i:   62000, sim time:    581600 (9.26 T_f), wall: 36.015 minutes, Δt:   9.80, CFL: 9.00e-01
i:   62100, sim time:    582499 (9.27 T_f), wall: 36.070 minutes, Δt:   9.78, CFL: 9.00e-01
i:   62200, sim time:    583400 (9.29 T_f), wall: 36.123 minutes, Δt:   9.88, CFL: 9.00e-01
i:   62300, sim time:    584300 (9.30 T_f), wall: 36.178 minutes, Δt:   9.65, CFL: 9.00e-01
i:   62400, sim time:    585210 (9.31 T_f), wall: 36.232 minutes, Δt:   9.74, CFL: 9.00e-01
i:   62500, sim time:    586100 (9.33 T_f), wall: 36.286 minutes, Δt:   9.89, CFL: 9.00e-01
i:   62600, sim time:    587000 (9.34 T_f), wall: 36.346 minutes, Δt:  10.08, CFL: 9.00e-01
i:   62700, sim time:    587971 (9.36 T_f), wall: 36.404 minutes, Δt:  10.09, CFL: 9.00e-01
i:   62800, sim time:    588897 (9.37 T_f), wall: 36.463 minutes, Δt:  10.13, CFL: 9.00e-01
i:   62900, sim time:    589798 (9.39 T_f), wall: 36.523 minutes, Δt:   9.88, CFL: 9.00e-01
i:   63000, sim time:    590710 (9.40 T_f), wall: 36.583 minutes, Δt:   9.66, CFL: 9.00e-01
i:   63100, sim time:    591640 (9.42 T_f), wall: 36.644 minutes, Δt:  10.32, CFL: 9.00e-01
i:   63200, sim time:    592600 (9.43 T_f), wall: 36.702 minutes, Δt:  10.29, CFL: 9.00e-01
i:   63300, sim time:    593539 (9.45 T_f), wall: 36.768 minutes, Δt:  10.01, CFL: 9.00e-01
i:   63400, sim time:    594483 (9.46 T_f), wall: 36.828 minutes, Δt:  10.27, CFL: 9.00e-01
i:   63500, sim time:    595430 (9.48 T_f), wall: 36.889 minutes, Δt:  10.21, CFL: 9.00e-01
i:   63600, sim time:    596383 (9.49 T_f), wall: 36.947 minutes, Δt:  10.26, CFL: 9.00e-01
i:   63700, sim time:    597330 (9.51 T_f), wall: 37.007 minutes, Δt:   9.99, CFL: 9.00e-01
i:   63800, sim time:    598273 (9.52 T_f), wall: 37.066 minutes, Δt:  10.36, CFL: 9.00e-01
i:   63900, sim time:    599250 (9.54 T_f), wall: 37.123 minutes, Δt:   9.92, CFL: 9.00e-01
i:   64000, sim time:    600210 (9.55 T_f), wall: 37.182 minutes, Δt:  10.06, CFL: 9.00e-01
i:   64100, sim time:    601162 (9.57 T_f), wall: 37.236 minutes, Δt:  10.45, CFL: 9.00e-01
i:   64200, sim time:    602100 (9.58 T_f), wall: 37.294 minutes, Δt:  10.18, CFL: 9.00e-01
i:   64300, sim time:    603049 (9.60 T_f), wall: 37.352 minutes, Δt:   9.78, CFL: 9.00e-01
i:   64400, sim time:    604000 (9.61 T_f), wall: 37.404 minutes, Δt:  10.35, CFL: 9.00e-01
i:   64500, sim time:    604968 (9.63 T_f), wall: 37.462 minutes, Δt:   9.92, CFL: 9.00e-01
i:   64600, sim time:    605930 (9.64 T_f), wall: 37.521 minutes, Δt:  10.00, CFL: 9.00e-01
i:   64700, sim time:    606830 (9.66 T_f), wall: 37.578 minutes, Δt:   9.49, CFL: 9.00e-01
i:   64800, sim time:    607741 (9.67 T_f), wall: 37.633 minutes, Δt:  10.13, CFL: 9.00e-01
i:   64900, sim time:    608659 (9.69 T_f), wall: 37.695 minutes, Δt:  10.18, CFL: 9.00e-01
i:   65000, sim time:    609620 (9.70 T_f), wall: 37.749 minutes, Δt:  10.18, CFL: 9.00e-01
i:   65100, sim time:    610592 (9.72 T_f), wall: 37.803 minutes, Δt:   9.92, CFL: 9.00e-01
i:   65200, sim time:    611489 (9.73 T_f), wall: 37.863 minutes, Δt:   9.91, CFL: 9.00e-01
i:   65300, sim time:    612409 (9.75 T_f), wall: 37.925 minutes, Δt:   9.12, CFL: 9.00e-01
i:   65400, sim time:    613320 (9.76 T_f), wall: 37.980 minutes, Δt:   9.89, CFL: 9.00e-01
i:   65500, sim time:    614300 (9.78 T_f), wall: 38.035 minutes, Δt:   9.90, CFL: 9.00e-01
i:   65600, sim time:    615220 (9.79 T_f), wall: 38.091 minutes, Δt:  10.09, CFL: 9.00e-01
i:   65700, sim time:    616200 (9.81 T_f), wall: 38.147 minutes, Δt:  10.06, CFL: 9.00e-01
i:   65800, sim time:    617161 (9.82 T_f), wall: 38.204 minutes, Δt:  10.36, CFL: 9.00e-01
i:   65900, sim time:    618100 (9.84 T_f), wall: 38.261 minutes, Δt:   9.98, CFL: 9.00e-01
i:   66000, sim time:    619000 (9.85 T_f), wall: 38.319 minutes, Δt:   9.67, CFL: 9.00e-01
i:   66100, sim time:    619927 (9.87 T_f), wall: 38.378 minutes, Δt:   9.52, CFL: 9.00e-01
i:   66200, sim time:    620880 (9.88 T_f), wall: 38.436 minutes, Δt:  10.03, CFL: 9.00e-01
i:   66300, sim time:    621851 (9.90 T_f), wall: 38.492 minutes, Δt:  10.22, CFL: 9.00e-01
i:   66400, sim time:    622821 (9.91 T_f), wall: 38.551 minutes, Δt:  10.38, CFL: 9.00e-01
i:   66500, sim time:    623761 (9.93 T_f), wall: 38.607 minutes, Δt:   9.81, CFL: 9.00e-01
i:   66600, sim time:    624677 (9.94 T_f), wall: 38.664 minutes, Δt:   9.72, CFL: 9.00e-01
i:   66700, sim time:    625569 (9.96 T_f), wall: 38.722 minutes, Δt:   9.79, CFL: 9.00e-01
i:   66800, sim time:    626459 (9.97 T_f), wall: 38.783 minutes, Δt:   9.94, CFL: 9.00e-01
i:   66900, sim time:    627400 (9.99 T_f), wall: 38.841 minutes, Δt:  10.17, CFL: 9.00e-01
i:   67000, sim time:    628384 (10.00 T_f), wall: 38.899 minutes, Δt:  10.24, CFL: 9.00e-01
i:   67100, sim time:    629340 (10.02 T_f), wall: 38.963 minutes, Δt:   9.96, CFL: 9.00e-01
i:   67200, sim time:    630267 (10.03 T_f), wall: 39.021 minutes, Δt:   9.47, CFL: 9.00e-01
i:   67300, sim time:    631169 (10.05 T_f), wall: 39.075 minutes, Δt:   9.55, CFL: 9.00e-01
i:   67400, sim time:    632069 (10.06 T_f), wall: 39.134 minutes, Δt:   9.72, CFL: 9.00e-01
i:   67500, sim time:    633010 (10.07 T_f), wall: 39.195 minutes, Δt:   9.54, CFL: 9.00e-01
i:   67600, sim time:    633900 (10.09 T_f), wall: 39.254 minutes, Δt:   8.96, CFL: 9.00e-01
i:   67700, sim time:    634800 (10.10 T_f), wall: 39.309 minutes, Δt:   9.87, CFL: 9.00e-01
i:   67800, sim time:    635710 (10.12 T_f), wall: 39.369 minutes, Δt:  10.20, CFL: 9.00e-01
i:   67900, sim time:    636649 (10.13 T_f), wall: 39.427 minutes, Δt:   9.73, CFL: 9.00e-01
i:   68000, sim time:    637610 (10.15 T_f), wall: 39.487 minutes, Δt:  10.08, CFL: 9.00e-01
i:   68100, sim time:    638549 (10.16 T_f), wall: 39.545 minutes, Δt:  10.08, CFL: 9.00e-01
i:   68200, sim time:    639500 (10.18 T_f), wall: 39.600 minutes, Δt:  10.00, CFL: 9.00e-01
i:   68300, sim time:    640430 (10.19 T_f), wall: 39.659 minutes, Δt:  10.08, CFL: 9.00e-01
i:   68400, sim time:    641410 (10.21 T_f), wall: 39.724 minutes, Δt:  10.00, CFL: 9.00e-01
i:   68500, sim time:    642340 (10.22 T_f), wall: 39.781 minutes, Δt:  10.41, CFL: 9.00e-01
i:   68600, sim time:    643292 (10.24 T_f), wall: 39.837 minutes, Δt:  10.18, CFL: 9.00e-01
i:   68700, sim time:    644242 (10.25 T_f), wall: 39.896 minutes, Δt:  10.13, CFL: 9.00e-01
i:   68800, sim time:    645171 (10.27 T_f), wall: 39.951 minutes, Δt:  10.01, CFL: 9.00e-01
i:   68900, sim time:    646142 (10.28 T_f), wall: 40.011 minutes, Δt:  10.55, CFL: 9.00e-01
i:   69000, sim time:    647100 (10.30 T_f), wall: 40.068 minutes, Δt:   9.78, CFL: 9.00e-01
i:   69100, sim time:    648020 (10.31 T_f), wall: 40.128 minutes, Δt:  10.00, CFL: 9.00e-01
i:   69200, sim time:    648991 (10.33 T_f), wall: 40.187 minutes, Δt:  10.10, CFL: 9.00e-01
i:   69300, sim time:    649939 (10.34 T_f), wall: 40.252 minutes, Δt:   9.98, CFL: 9.00e-01
i:   69400, sim time:    650860 (10.36 T_f), wall: 40.312 minutes, Δt:   9.84, CFL: 9.00e-01
i:   69500, sim time:    651791 (10.37 T_f), wall: 40.371 minutes, Δt:   9.71, CFL: 9.00e-01
i:   69600, sim time:    652759 (10.39 T_f), wall: 40.429 minutes, Δt:  10.19, CFL: 9.00e-01
i:   69700, sim time:    653720 (10.40 T_f), wall: 40.490 minutes, Δt:  10.22, CFL: 9.00e-01
i:   69800, sim time:    654661 (10.42 T_f), wall: 40.553 minutes, Δt:  10.25, CFL: 9.00e-01
i:   69900, sim time:    655619 (10.43 T_f), wall: 40.618 minutes, Δt:   9.61, CFL: 9.00e-01
i:   70000, sim time:    656540 (10.45 T_f), wall: 40.680 minutes, Δt:  10.00, CFL: 9.00e-01
i:   70100, sim time:    657430 (10.46 T_f), wall: 40.738 minutes, Δt:   9.95, CFL: 9.00e-01
i:   70200, sim time:    658358 (10.48 T_f), wall: 40.793 minutes, Δt:   9.74, CFL: 9.00e-01
i:   70300, sim time:    659299 (10.49 T_f), wall: 40.853 minutes, Δt:   9.95, CFL: 9.00e-01
i:   70400, sim time:    660231 (10.51 T_f), wall: 40.915 minutes, Δt:   9.94, CFL: 9.00e-01
i:   70500, sim time:    661200 (10.52 T_f), wall: 40.969 minutes, Δt:  10.19, CFL: 9.00e-01
i:   70600, sim time:    662139 (10.54 T_f), wall: 41.031 minutes, Δt:   9.91, CFL: 9.00e-01
i:   70700, sim time:    663039 (10.55 T_f), wall: 41.089 minutes, Δt:   9.76, CFL: 9.00e-01
i:   70800, sim time:    663980 (10.57 T_f), wall: 41.144 minutes, Δt:   9.74, CFL: 9.00e-01
i:   70900, sim time:    664921 (10.58 T_f), wall: 41.203 minutes, Δt:  10.21, CFL: 9.00e-01
i:   71000, sim time:    665888 (10.60 T_f), wall: 41.259 minutes, Δt:   9.85, CFL: 9.00e-01
i:   71100, sim time:    666831 (10.61 T_f), wall: 41.319 minutes, Δt:  10.16, CFL: 9.00e-01
i:   71200, sim time:    667740 (10.63 T_f), wall: 41.393 minutes, Δt:   9.76, CFL: 9.00e-01
i:   71300, sim time:    668699 (10.64 T_f), wall: 41.455 minutes, Δt:   9.98, CFL: 9.00e-01
i:   71400, sim time:    669620 (10.66 T_f), wall: 41.516 minutes, Δt:  10.15, CFL: 9.00e-01
i:   71500, sim time:    670568 (10.67 T_f), wall: 41.571 minutes, Δt:   9.89, CFL: 9.00e-01
i:   71600, sim time:    671468 (10.69 T_f), wall: 41.630 minutes, Δt:   9.58, CFL: 9.00e-01
i:   71700, sim time:    672386 (10.70 T_f), wall: 41.689 minutes, Δt:   9.85, CFL: 9.00e-01
i:   71800, sim time:    673320 (10.72 T_f), wall: 41.744 minutes, Δt:   9.99, CFL: 9.00e-01
i:   71900, sim time:    674248 (10.73 T_f), wall: 41.806 minutes, Δt:   9.52, CFL: 9.00e-01
i:   72000, sim time:    675172 (10.75 T_f), wall: 41.865 minutes, Δt:  10.21, CFL: 9.00e-01
i:   72100, sim time:    676120 (10.76 T_f), wall: 41.922 minutes, Δt:   9.94, CFL: 9.00e-01
i:   72200, sim time:    677041 (10.78 T_f), wall: 41.986 minutes, Δt:  10.11, CFL: 9.00e-01
i:   72300, sim time:    678000 (10.79 T_f), wall: 42.042 minutes, Δt:   9.76, CFL: 9.00e-01
i:   72400, sim time:    678970 (10.81 T_f), wall: 42.102 minutes, Δt:   9.82, CFL: 9.00e-01
i:   72500, sim time:    679932 (10.82 T_f), wall: 42.158 minutes, Δt:  10.13, CFL: 9.00e-01
i:   72600, sim time:    680910 (10.84 T_f), wall: 42.222 minutes, Δt:  10.26, CFL: 9.00e-01
i:   72700, sim time:    681879 (10.85 T_f), wall: 42.280 minutes, Δt:  10.01, CFL: 9.00e-01
i:   72800, sim time:    682810 (10.87 T_f), wall: 42.338 minutes, Δt:  10.04, CFL: 9.00e-01
i:   72900, sim time:    683720 (10.88 T_f), wall: 42.398 minutes, Δt:  10.24, CFL: 9.00e-01
i:   73000, sim time:    684661 (10.90 T_f), wall: 42.457 minutes, Δt:  10.41, CFL: 9.00e-01
i:   73100, sim time:    685600 (10.91 T_f), wall: 42.516 minutes, Δt:  10.37, CFL: 9.00e-01
i:   73200, sim time:    686549 (10.93 T_f), wall: 42.575 minutes, Δt:  10.01, CFL: 9.00e-01
i:   73300, sim time:    687497 (10.94 T_f), wall: 42.632 minutes, Δt:   9.77, CFL: 9.00e-01
i:   73400, sim time:    688429 (10.96 T_f), wall: 42.693 minutes, Δt:   9.88, CFL: 9.00e-01
i:   73500, sim time:    689390 (10.97 T_f), wall: 42.753 minutes, Δt:  10.18, CFL: 9.00e-01
i:   73600, sim time:    690340 (10.99 T_f), wall: 42.820 minutes, Δt:   9.88, CFL: 9.00e-01
i:   73700, sim time:    691266 (11.00 T_f), wall: 42.879 minutes, Δt:   9.42, CFL: 9.00e-01
i:   73800, sim time:    692189 (11.02 T_f), wall: 42.935 minutes, Δt:   9.88, CFL: 9.00e-01
i:   73900, sim time:    693091 (11.03 T_f), wall: 42.993 minutes, Δt:  10.30, CFL: 9.00e-01
i:   74000, sim time:    694050 (11.05 T_f), wall: 43.053 minutes, Δt:  10.08, CFL: 9.00e-01
i:   74100, sim time:    695010 (11.06 T_f), wall: 43.113 minutes, Δt:  10.07, CFL: 9.00e-01
i:   74200, sim time:    695980 (11.08 T_f), wall: 43.175 minutes, Δt:  10.16, CFL: 9.00e-01
i:   74300, sim time:    696951 (11.09 T_f), wall: 43.240 minutes, Δt:  10.32, CFL: 9.00e-01
i:   74400, sim time:    697910 (11.11 T_f), wall: 43.306 minutes, Δt:  10.01, CFL: 9.00e-01
i:   74500, sim time:    698829 (11.12 T_f), wall: 43.370 minutes, Δt:   9.48, CFL: 9.00e-01
i:   74600, sim time:    699759 (11.14 T_f), wall: 43.432 minutes, Δt:   9.94, CFL: 9.00e-01
i:   74700, sim time:    700671 (11.15 T_f), wall: 43.498 minutes, Δt:  10.06, CFL: 9.00e-01
i:   74800, sim time:    701600 (11.17 T_f), wall: 43.555 minutes, Δt:   9.99, CFL: 9.00e-01
i:   74900, sim time:    702548 (11.18 T_f), wall: 43.618 minutes, Δt:   9.82, CFL: 9.00e-01
i:   75000, sim time:    703500 (11.20 T_f), wall: 43.679 minutes, Δt:  10.18, CFL: 9.00e-01
i:   75100, sim time:    704470 (11.21 T_f), wall: 43.742 minutes, Δt:  10.20, CFL: 9.00e-01
i:   75200, sim time:    705400 (11.23 T_f), wall: 43.804 minutes, Δt:   9.60, CFL: 9.00e-01
i:   75300, sim time:    706330 (11.24 T_f), wall: 43.867 minutes, Δt:  10.12, CFL: 9.00e-01
i:   75400, sim time:    707281 (11.26 T_f), wall: 43.925 minutes, Δt:   9.79, CFL: 9.00e-01
i:   75500, sim time:    708220 (11.27 T_f), wall: 43.987 minutes, Δt:   9.51, CFL: 9.00e-01
i:   75600, sim time:    709120 (11.29 T_f), wall: 44.046 minutes, Δt:   9.94, CFL: 9.00e-01
i:   75700, sim time:    710071 (11.30 T_f), wall: 44.110 minutes, Δt:  10.18, CFL: 9.00e-01
i:   75800, sim time:    711010 (11.32 T_f), wall: 44.173 minutes, Δt:  10.11, CFL: 9.00e-01
i:   75900, sim time:    711989 (11.33 T_f), wall: 44.233 minutes, Δt:   9.80, CFL: 9.00e-01
i:   76000, sim time:    712920 (11.35 T_f), wall: 44.295 minutes, Δt:  10.15, CFL: 9.00e-01
i:   76100, sim time:    713840 (11.36 T_f), wall: 44.354 minutes, Δt:  10.11, CFL: 9.00e-01
i:   76200, sim time:    714769 (11.38 T_f), wall: 44.418 minutes, Δt:   9.95, CFL: 9.00e-01
i:   76300, sim time:    715684 (11.39 T_f), wall: 44.481 minutes, Δt:   9.73, CFL: 9.00e-01
i:   76400, sim time:    716600 (11.41 T_f), wall: 44.536 minutes, Δt:  10.24, CFL: 9.00e-01
i:   76500, sim time:    717510 (11.42 T_f), wall: 44.606 minutes, Δt:   9.75, CFL: 9.00e-01
i:   76600, sim time:    718430 (11.43 T_f), wall: 44.672 minutes, Δt:   9.72, CFL: 9.00e-01
i:   76700, sim time:    719350 (11.45 T_f), wall: 44.731 minutes, Δt:  10.25, CFL: 9.00e-01
i:   76800, sim time:    720299 (11.46 T_f), wall: 44.798 minutes, Δt:  10.05, CFL: 9.00e-01
i:   76900, sim time:    721240 (11.48 T_f), wall: 44.860 minutes, Δt:   9.99, CFL: 9.00e-01
i:   77000, sim time:    722146 (11.49 T_f), wall: 44.920 minutes, Δt:   9.18, CFL: 9.00e-01
i:   77100, sim time:    723029 (11.51 T_f), wall: 44.975 minutes, Δt:   9.50, CFL: 9.00e-01
i:   77200, sim time:    723930 (11.52 T_f), wall: 45.030 minutes, Δt:   9.98, CFL: 9.00e-01
i:   77300, sim time:    724851 (11.54 T_f), wall: 45.089 minutes, Δt:  10.34, CFL: 9.00e-01
i:   77400, sim time:    725810 (11.55 T_f), wall: 45.156 minutes, Δt:   9.91, CFL: 9.00e-01
i:   77500, sim time:    726719 (11.57 T_f), wall: 45.215 minutes, Δt:   9.73, CFL: 9.00e-01
i:   77600, sim time:    727620 (11.58 T_f), wall: 45.273 minutes, Δt:   9.99, CFL: 9.00e-01
i:   77700, sim time:    728510 (11.59 T_f), wall: 45.330 minutes, Δt:   9.59, CFL: 9.00e-01
i:   77800, sim time:    729419 (11.61 T_f), wall: 45.392 minutes, Δt:   9.95, CFL: 9.00e-01
i:   77900, sim time:    730320 (11.62 T_f), wall: 45.449 minutes, Δt:  10.09, CFL: 9.00e-01
i:   78000, sim time:    731288 (11.64 T_f), wall: 45.518 minutes, Δt:   9.79, CFL: 9.00e-01
i:   78100, sim time:    732220 (11.65 T_f), wall: 45.578 minutes, Δt:  10.24, CFL: 9.00e-01
i:   78200, sim time:    733180 (11.67 T_f), wall: 45.639 minutes, Δt:  10.22, CFL: 9.00e-01
i:   78300, sim time:    734119 (11.68 T_f), wall: 45.701 minutes, Δt:   9.71, CFL: 9.00e-01
i:   78400, sim time:    735074 (11.70 T_f), wall: 45.766 minutes, Δt:  10.64, CFL: 9.00e-01
i:   78500, sim time:    736000 (11.71 T_f), wall: 45.821 minutes, Δt:   9.73, CFL: 9.00e-01
i:   78600, sim time:    736930 (11.73 T_f), wall: 45.884 minutes, Δt:  10.17, CFL: 9.00e-01
i:   78700, sim time:    737831 (11.74 T_f), wall: 45.942 minutes, Δt:  10.11, CFL: 9.00e-01
i:   78800, sim time:    738750 (11.76 T_f), wall: 45.997 minutes, Δt:   9.72, CFL: 9.00e-01
i:   78900, sim time:    739699 (11.77 T_f), wall: 46.062 minutes, Δt:   9.89, CFL: 9.00e-01
i:   79000, sim time:    740621 (11.79 T_f), wall: 46.122 minutes, Δt:   9.98, CFL: 9.00e-01
i:   79100, sim time:    741570 (11.80 T_f), wall: 46.178 minutes, Δt:   9.95, CFL: 9.00e-01
i:   79200, sim time:    742510 (11.82 T_f), wall: 46.234 minutes, Δt:  10.02, CFL: 9.00e-01
i:   79300, sim time:    743410 (11.83 T_f), wall: 46.294 minutes, Δt:   9.96, CFL: 9.00e-01
i:   79400, sim time:    744341 (11.85 T_f), wall: 46.350 minutes, Δt:  10.11, CFL: 9.00e-01
i:   79500, sim time:    745300 (11.86 T_f), wall: 46.410 minutes, Δt:   9.97, CFL: 9.00e-01
i:   79600, sim time:    746281 (11.88 T_f), wall: 46.472 minutes, Δt:  10.09, CFL: 9.00e-01
i:   79700, sim time:    747200 (11.89 T_f), wall: 46.529 minutes, Δt:   9.81, CFL: 9.00e-01
i:   79800, sim time:    748120 (11.91 T_f), wall: 46.590 minutes, Δt:   9.80, CFL: 9.00e-01
i:   79900, sim time:    749071 (11.92 T_f), wall: 46.648 minutes, Δt:  10.09, CFL: 9.00e-01
i:   80000, sim time:    750051 (11.94 T_f), wall: 46.707 minutes, Δt:   9.95, CFL: 9.00e-01
i:   80100, sim time:    751032 (11.95 T_f), wall: 46.774 minutes, Δt:  10.40, CFL: 9.00e-01
i:   80200, sim time:    752000 (11.97 T_f), wall: 46.830 minutes, Δt:  10.30, CFL: 9.00e-01
i:   80300, sim time:    752960 (11.98 T_f), wall: 46.890 minutes, Δt:   9.74, CFL: 9.00e-01
i:   80400, sim time:    753924 (12.00 T_f), wall: 46.952 minutes, Δt:   9.56, CFL: 9.00e-01
i:   80500, sim time:    754829 (12.01 T_f), wall: 47.009 minutes, Δt:   9.94, CFL: 9.00e-01
i:   80600, sim time:    755800 (12.03 T_f), wall: 47.069 minutes, Δt:  10.25, CFL: 9.00e-01
i:   80700, sim time:    756750 (12.04 T_f), wall: 47.127 minutes, Δt:  10.22, CFL: 9.00e-01
i:   80800, sim time:    757731 (12.06 T_f), wall: 47.189 minutes, Δt:  10.38, CFL: 9.00e-01
i:   80900, sim time:    758700 (12.08 T_f), wall: 47.248 minutes, Δt:   9.83, CFL: 9.00e-01
i:   81000, sim time:    759662 (12.09 T_f), wall: 47.305 minutes, Δt:  10.22, CFL: 9.00e-01
i:   81100, sim time:    760628 (12.11 T_f), wall: 47.372 minutes, Δt:   9.61, CFL: 9.00e-01
i:   81200, sim time:    761550 (12.12 T_f), wall: 47.431 minutes, Δt:  10.08, CFL: 9.00e-01
i:   81300, sim time:    762477 (12.14 T_f), wall: 47.489 minutes, Δt:   9.75, CFL: 9.00e-01
i:   81400, sim time:    763374 (12.15 T_f), wall: 47.547 minutes, Δt:  10.09, CFL: 9.00e-01
i:   81500, sim time:    764300 (12.16 T_f), wall: 47.609 minutes, Δt:  10.16, CFL: 9.00e-01
i:   81600, sim time:    765268 (12.18 T_f), wall: 47.667 minutes, Δt:  10.08, CFL: 9.00e-01
i:   81700, sim time:    766189 (12.19 T_f), wall: 47.727 minutes, Δt:   9.27, CFL: 9.00e-01
i:   81800, sim time:    767096 (12.21 T_f), wall: 47.787 minutes, Δt:   9.62, CFL: 9.00e-01
i:   81900, sim time:    768020 (12.22 T_f), wall: 47.850 minutes, Δt:  10.27, CFL: 9.00e-01
i:   82000, sim time:    768960 (12.24 T_f), wall: 47.905 minutes, Δt:   9.89, CFL: 9.00e-01
i:   82100, sim time:    769928 (12.25 T_f), wall: 47.968 minutes, Δt:   9.92, CFL: 9.00e-01
i:   82200, sim time:    770890 (12.27 T_f), wall: 48.029 minutes, Δt:   9.93, CFL: 9.00e-01
i:   82300, sim time:    771810 (12.28 T_f), wall: 48.084 minutes, Δt:  10.21, CFL: 9.00e-01
i:   82400, sim time:    772774 (12.30 T_f), wall: 48.142 minutes, Δt:   9.88, CFL: 9.00e-01
i:   82500, sim time:    773700 (12.31 T_f), wall: 48.203 minutes, Δt:  10.04, CFL: 9.00e-01
i:   82600, sim time:    774658 (12.33 T_f), wall: 48.263 minutes, Δt:   9.92, CFL: 9.00e-01
i:   82700, sim time:    775568 (12.34 T_f), wall: 48.322 minutes, Δt:   9.63, CFL: 9.00e-01
i:   82800, sim time:    776457 (12.36 T_f), wall: 48.379 minutes, Δt:   9.54, CFL: 9.00e-01
i:   82900, sim time:    777348 (12.37 T_f), wall: 48.439 minutes, Δt:   9.79, CFL: 9.00e-01
i:   83000, sim time:    778260 (12.39 T_f), wall: 48.498 minutes, Δt:   9.76, CFL: 9.00e-01
i:   83100, sim time:    779160 (12.40 T_f), wall: 48.554 minutes, Δt:  10.15, CFL: 9.00e-01
i:   83200, sim time:    780100 (12.42 T_f), wall: 48.618 minutes, Δt:   9.95, CFL: 9.00e-01
i:   83300, sim time:    781000 (12.43 T_f), wall: 48.677 minutes, Δt:   9.57, CFL: 9.00e-01
i:   83400, sim time:    781900 (12.44 T_f), wall: 48.738 minutes, Δt:   9.73, CFL: 9.00e-01
i:   83500, sim time:    782833 (12.46 T_f), wall: 48.796 minutes, Δt:  10.34, CFL: 9.00e-01
i:   83600, sim time:    783754 (12.47 T_f), wall: 48.855 minutes, Δt:   9.76, CFL: 9.00e-01
i:   83700, sim time:    784679 (12.49 T_f), wall: 48.912 minutes, Δt:   9.79, CFL: 9.00e-01
i:   83800, sim time:    785586 (12.50 T_f), wall: 48.971 minutes, Δt:   9.46, CFL: 9.00e-01
i:   83900, sim time:    786493 (12.52 T_f), wall: 49.034 minutes, Δt:   9.79, CFL: 9.00e-01
i:   84000, sim time:    787399 (12.53 T_f), wall: 49.091 minutes, Δt:   9.72, CFL: 9.00e-01
i:   84100, sim time:    788290 (12.55 T_f), wall: 49.149 minutes, Δt:   9.89, CFL: 9.00e-01
i:   84200, sim time:    789230 (12.56 T_f), wall: 49.210 minutes, Δt:   9.88, CFL: 9.00e-01
i:   84300, sim time:    790140 (12.58 T_f), wall: 49.269 minutes, Δt:   9.75, CFL: 9.00e-01
i:   84400, sim time:    791082 (12.59 T_f), wall: 49.330 minutes, Δt:  10.39, CFL: 9.00e-01
i:   84500, sim time:    792041 (12.61 T_f), wall: 49.391 minutes, Δt:  10.21, CFL: 9.00e-01
i:   84600, sim time:    792991 (12.62 T_f), wall: 49.448 minutes, Δt:  10.12, CFL: 9.00e-01
i:   84700, sim time:    793962 (12.64 T_f), wall: 49.507 minutes, Δt:  10.35, CFL: 9.00e-01
i:   84800, sim time:    794920 (12.65 T_f), wall: 49.566 minutes, Δt:   9.83, CFL: 9.00e-01
i:   84900, sim time:    795851 (12.67 T_f), wall: 49.629 minutes, Δt:  10.27, CFL: 9.00e-01
i:   85000, sim time:    796810 (12.68 T_f), wall: 49.688 minutes, Δt:  10.41, CFL: 9.00e-01
i:   85100, sim time:    797791 (12.70 T_f), wall: 49.748 minutes, Δt:  10.54, CFL: 9.00e-01
i:   85200, sim time:    798758 (12.71 T_f), wall: 49.807 minutes, Δt:   9.83, CFL: 9.00e-01
i:   85300, sim time:    799682 (12.73 T_f), wall: 49.874 minutes, Δt:  10.18, CFL: 9.00e-01
u* = 4.4866e-03 m/s (R² = 0.5522), z₀ fit 2.003e-01 vs imposed 1.600e-03, δ = 44.87 m
case P4_T10_r5 finished at 2026-09-03 21:40:01
[ Info: Oceananigans will use 4 threads
┌ Warning: CUDA runtime library `libcusparse.so.12` was loaded from a system path, `/usr/local/software/spack/2024.2/views/maths/cuda-12.6.3/gcc-11.4.0/leehydd5fuufm35ohlbwth2mqtadrq3f/lib64/libcusparse.so.12`.
│ This may cause errors.
│ 
│ If you're running under a profiler, this situation is expected. Otherwise,
│ ensure that your library path environment variable (e.g., `PATH` on Windows
│ or `LD_LIBRARY_PATH` on Linux) does not include CUDA library paths.
│ 
│ In any other case, please file an issue.
└ @ CUDACore ~/.julia/packages/CUDACore/NlVPI/src/initialization.jl:199
┌ Warning: CUDA runtime library `libnvJitLink.so.12` was loaded from a system path, `/usr/local/software/spack/2024.2/views/maths/cuda-12.6.3/gcc-11.4.0/leehydd5fuufm35ohlbwth2mqtadrq3f/lib64/libnvJitLink.so.12`.
│ This may cause errors.
│ 
│ If you're running under a profiler, this situation is expected. Otherwise,
│ ensure that your library path environment variable (e.g., `PATH` on Windows
│ or `LD_LIBRARY_PATH` on Linux) does not include CUDA library paths.
│ 
│ In any other case, please file an issue.
└ @ CUDACore ~/.julia/packages/CUDACore/NlVPI/src/initialization.jl:199
[ Info: closure auxiliary fields at `model.closure_fields` (Tuple)
[ Info: SGS diffusivity resolved as `model.closure_fields[2].κₑ` — 100×100×400 Field{Center, Center, Center} on RectilinearGrid on CUDAGPU
[ Info: writing 13 plane-averaged profiles to /cephfs/store/damtp/tll46/SRIM-2026/Combined/Data/Ekman_moments/4/r=5.0, T=10.0/Moments.jld2 every 314 s (2547 samples)
[ Info: Initializing simulation...
[ Info: health @ 0.00 T_f: max|⟨w⟩_xy| = 1.699e-19 m/s (= 4.2e-18 U∞); κₑ ∈ [0.000e+00, 1.952e-03] m²/s
[ Info:     ... simulation initialization complete (55.650 seconds)
[ Info: Executing initial time step...
[ Info:     ... initial time step complete (4.880 seconds).
[ Info: health @ 0.64 T_f: max|⟨w⟩_xy| = 6.939e-21 m/s (= 1.7e-19 U∞); κₑ ∈ [0.000e+00, 1.810e-03] m²/s
[ Info: health @ 1.27 T_f: max|⟨w⟩_xy| = 1.665e-20 m/s (= 4.2e-19 U∞); κₑ ∈ [0.000e+00, 1.906e-03] m²/s
[ Info: health @ 1.91 T_f: max|⟨w⟩_xy| = 9.714e-21 m/s (= 2.4e-19 U∞); κₑ ∈ [0.000e+00, 1.811e-03] m²/s
[ Info: health @ 2.55 T_f: max|⟨w⟩_xy| = 2.498e-20 m/s (= 6.2e-19 U∞); κₑ ∈ [0.000e+00, 1.829e-03] m²/s
[ Info: health @ 3.18 T_f: max|⟨w⟩_xy| = 8.327e-21 m/s (= 2.1e-19 U∞); κₑ ∈ [0.000e+00, 1.861e-03] m²/s
[ Info: health @ 3.82 T_f: max|⟨w⟩_xy| = 1.665e-20 m/s (= 4.2e-19 U∞); κₑ ∈ [0.000e+00, 1.929e-03] m²/s
[ Info: health @ 4.46 T_f: max|⟨w⟩_xy| = 1.804e-20 m/s (= 4.5e-19 U∞); κₑ ∈ [0.000e+00, 2.009e-03] m²/s
[ Info: health @ 5.09 T_f: max|⟨w⟩_xy| = 1.596e-20 m/s (= 4.0e-19 U∞); κₑ ∈ [0.000e+00, 2.238e-03] m²/s
[ Info: health @ 5.73 T_f: max|⟨w⟩_xy| = 9.714e-21 m/s (= 2.4e-19 U∞); κₑ ∈ [0.000e+00, 1.883e-03] m²/s
[ Info: health @ 6.37 T_f: max|⟨w⟩_xy| = 1.041e-20 m/s (= 2.6e-19 U∞); κₑ ∈ [0.000e+00, 2.164e-03] m²/s
[ Info: health @ 7.00 T_f: max|⟨w⟩_xy| = 1.665e-20 m/s (= 4.2e-19 U∞); κₑ ∈ [0.000e+00, 1.852e-03] m²/s
[ Info: health @ 7.64 T_f: max|⟨w⟩_xy| = 1.804e-20 m/s (= 4.5e-19 U∞); κₑ ∈ [0.000e+00, 1.997e-03] m²/s
[ Info: health @ 8.28 T_f: max|⟨w⟩_xy| = 1.318e-20 m/s (= 3.3e-19 U∞); κₑ ∈ [0.000e+00, 1.905e-03] m²/s
[ Info: health @ 8.91 T_f: max|⟨w⟩_xy| = 1.110e-20 m/s (= 2.8e-19 U∞); κₑ ∈ [0.000e+00, 2.125e-03] m²/s
[ Info: health @ 9.55 T_f: max|⟨w⟩_xy| = 1.735e-20 m/s (= 4.3e-19 U∞); κₑ ∈ [0.000e+00, 2.001e-03] m²/s
[ Info: health @ 10.19 T_f: max|⟨w⟩_xy| = 3.365e-20 m/s (= 8.4e-19 U∞); κₑ ∈ [0.000e+00, 2.030e-03] m²/s
[ Info: health @ 10.82 T_f: max|⟨w⟩_xy| = 1.388e-20 m/s (= 3.5e-19 U∞); κₑ ∈ [0.000e+00, 1.956e-03] m²/s
[ Info: health @ 11.46 T_f: max|⟨w⟩_xy| = 1.249e-20 m/s (= 3.1e-19 U∞); κₑ ∈ [0.000e+00, 1.980e-03] m²/s
[ Info: health @ 12.10 T_f: max|⟨w⟩_xy| = 1.804e-20 m/s (= 4.5e-19 U∞); κₑ ∈ [0.000e+00, 1.905e-03] m²/s
[ Info: Simulation is stopping after running for 49.248 minutes.
[ Info: Simulation time 9.259 days equals or exceeds stop time 9.259 days.
[ Info: health @ 12.73 T_f: max|⟨w⟩_xy| = 1.527e-20 m/s (= 3.8e-19 U∞); κₑ ∈ [0.000e+00, 2.307e-03] m²/s
