
==============================================================================
==== 2026-09-02 22:28:52  P4_T10_r0.5  (r = 0.5, T = 10.0)
==============================================================================
ekmanrun.jl case P4_T10_r0.5
  architecture      GPU
  dimensions        75.0 m x 75.0 m x 150.0 m  (+ 20 m sponge, H = 170 m)
  grid              100 x 100 x 400   (first centre at z = 0.1182 m)
  U∞  = 0.0400   f₀ = 1.00e-04   r = N/f = 0.5   N² = 2.500e-09
  profile 4 (softplus), T = 10.0 m, sharp = 6.0
  cᴰ  = 0.00908   ν₀ = 1.0e-06   κ₀ = 1.0e-07   Pr = 10
  duration 8.000e+05 s = 12.73 inertial periods, max Δt = 15 s
  moments every 314 s, x-z slices off, Avg_* writers ON
i:       0, sim time:         0 (0.00 T_f), wall: 44.840 seconds, Δt:   1.80, CFL: 1.07e-01
i:     100, sim time:       NaN (NaN T_f), wall: 1.689 minutes, Δt:    NaN, CFL: NaN
u* = 7.6081e-03 m/s (R² = 0.5422), z₀ fit 1.964e-01 vs imposed 1.600e-03, δ = 76.08 m
case P4_T10_r0.5 finished at 2026-09-02 22:32:12
[ Info: Oceananigans will use 4 threads
┌ Warning: CUDA runtime library `libcusparse.so.12` was loaded from a system path, `/usr/local/software/spack/2024.2/views/maths/cuda-12.6.3/gcc-11.4.0/leehydd5fuufm35ohlbwth2mqtadrq3f/lib64/libcusparse.so.12`.
│ This may cause errors.
│ 
│ If you're running under a profiler, this situation is expected. Otherwise,
│ ensure that your library path environment variable (e.g., `PATH` on Windows
│ or `LD_LIBRARY_PATH` on Linux) does not include CUDA library paths.
│ 
│ In any other case, please file an issue.
└ @ CUDACore ~/.julia/packages/CUDACore/NlVPI/src/initialization.jl:199
┌ Warning: CUDA runtime library `libnvJitLink.so.12` was loaded from a system path, `/usr/local/software/spack/2024.2/views/maths/cuda-12.6.3/gcc-11.4.0/leehydd5fuufm35ohlbwth2mqtadrq3f/lib64/libnvJitLink.so.12`.
│ This may cause errors.
│ 
│ If you're running under a profiler, this situation is expected. Otherwise,
│ ensure that your library path environment variable (e.g., `PATH` on Windows
│ or `LD_LIBRARY_PATH` on Linux) does not include CUDA library paths.
│ 
│ In any other case, please file an issue.
└ @ CUDACore ~/.julia/packages/CUDACore/NlVPI/src/initialization.jl:199
[ Info: closure auxiliary fields at `model.closure_fields` (Tuple)
[ Info: SGS diffusivity resolved as `model.closure_fields[2].κₑ` — 100×100×400 Field{Center, Center, Center} on RectilinearGrid on CUDAGPU
[ Info: writing 13 plane-averaged profiles to /cephfs/store/damtp/tll46/SRIM-2026/Combined/Data/Ekman_moments/4/r=0.5, T=10.0/Moments.jld2 every 314 s (2547 samples)
[ Info: Initializing simulation...
[ Info: health @ 0.00 T_f: max|⟨w⟩_xy| = 6.115e-20 m/s (= 1.5e-18 U∞); κₑ ∈ [NaN, NaN] m²/s
[ Info:     ... simulation initialization complete (56.395 seconds)
[ Info: Executing initial time step...
[ Info:     ... initial time step complete (5.117 seconds).
[ Info: time = NaN, iteration = 100: NaN found in field u. Stopping simulation.

==============================================================================
==== 2026-09-03 23:24:33  P4_T10_r0.5  (r = 0.5, T = 10.0)
==============================================================================
ekmanrun.jl case P4_T10_r0.5
  architecture      GPU
  dimensions        75.0 m x 75.0 m x 150.0 m  (+ 20 m sponge, H = 170 m)
  grid              100 x 100 x 400   (first centre at z = 0.1182 m)
  U∞  = 0.0400   f₀ = 1.00e-04   r = N/f = 0.5   N² = 2.500e-09
  profile 4 (softplus), T = 10.0 m, sharp = 6.0
  cᴰ  = 0.00908   ν₀ = 1.0e-06   κ₀ = 1.0e-07   Pr = 10
  duration 8.000e+05 s = 12.73 inertial periods, max Δt = 15 s
  moments every 314 s, x-z slices off, Avg_* writers ON
i:       0, sim time:         0 (0.00 T_f), wall: 44.418 seconds, Δt:   1.80, CFL: 1.07e-01
i:     100, sim time:       900 (0.01 T_f), wall: 1.675 minutes, Δt:  14.61, CFL: 9.00e-01
i:     200, sim time:      2271 (0.04 T_f), wall: 1.722 minutes, Δt:  14.14, CFL: 9.00e-01
i:     300, sim time:      3541 (0.06 T_f), wall: 1.772 minutes, Δt:  13.84, CFL: 9.00e-01
i:     400, sim time:      4777 (0.08 T_f), wall: 1.819 minutes, Δt:  13.26, CFL: 9.00e-01
i:     500, sim time:      6026 (0.10 T_f), wall: 1.867 minutes, Δt:  13.41, CFL: 9.00e-01
i:     600, sim time:      7222 (0.11 T_f), wall: 1.914 minutes, Δt:  12.81, CFL: 9.00e-01
i:     700, sim time:      8424 (0.13 T_f), wall: 1.960 minutes, Δt:  12.00, CFL: 9.00e-01
i:     800, sim time:      9499 (0.15 T_f), wall: 2.005 minutes, Δt:  10.96, CFL: 9.00e-01
i:     900, sim time:     10585 (0.17 T_f), wall: 2.050 minutes, Δt:  12.16, CFL: 9.00e-01
i:    1000, sim time:     11678 (0.19 T_f), wall: 2.096 minutes, Δt:  11.54, CFL: 9.00e-01
i:    1100, sim time:     12733 (0.20 T_f), wall: 2.141 minutes, Δt:  11.08, CFL: 9.00e-01
i:    1200, sim time:     13812 (0.22 T_f), wall: 2.197 minutes, Δt:  11.97, CFL: 9.00e-01
i:    1300, sim time:     14892 (0.24 T_f), wall: 2.243 minutes, Δt:  11.21, CFL: 9.00e-01
i:    1400, sim time:     15911 (0.25 T_f), wall: 2.292 minutes, Δt:  11.05, CFL: 9.00e-01
i:    1500, sim time:     16922 (0.27 T_f), wall: 2.336 minutes, Δt:  10.93, CFL: 9.00e-01
i:    1600, sim time:     17933 (0.29 T_f), wall: 2.382 minutes, Δt:  10.94, CFL: 9.00e-01
i:    1700, sim time:     18922 (0.30 T_f), wall: 2.427 minutes, Δt:  10.71, CFL: 9.00e-01
i:    1800, sim time:     19900 (0.32 T_f), wall: 2.472 minutes, Δt:  10.92, CFL: 9.00e-01
i:    1900, sim time:     20832 (0.33 T_f), wall: 2.518 minutes, Δt:  10.62, CFL: 9.00e-01
i:    2000, sim time:     21821 (0.35 T_f), wall: 2.563 minutes, Δt:  10.65, CFL: 9.00e-01
i:    2100, sim time:     22810 (0.36 T_f), wall: 2.609 minutes, Δt:  10.62, CFL: 9.00e-01
i:    2200, sim time:     23784 (0.38 T_f), wall: 2.652 minutes, Δt:  10.51, CFL: 9.00e-01
i:    2300, sim time:     24710 (0.39 T_f), wall: 2.697 minutes, Δt:  10.13, CFL: 9.00e-01
i:    2400, sim time:     25671 (0.41 T_f), wall: 2.744 minutes, Δt:  10.11, CFL: 9.00e-01
i:    2500, sim time:     26641 (0.42 T_f), wall: 2.793 minutes, Δt:  10.23, CFL: 9.00e-01
i:    2600, sim time:     27589 (0.44 T_f), wall: 2.838 minutes, Δt:   9.92, CFL: 9.00e-01
i:    2700, sim time:     28561 (0.45 T_f), wall: 2.884 minutes, Δt:  10.00, CFL: 9.00e-01
i:    2800, sim time:     29526 (0.47 T_f), wall: 2.932 minutes, Δt:   9.85, CFL: 9.00e-01
i:    2900, sim time:     30428 (0.48 T_f), wall: 2.977 minutes, Δt:   9.85, CFL: 9.00e-01
i:    3000, sim time:     31330 (0.50 T_f), wall: 3.021 minutes, Δt:   9.95, CFL: 9.00e-01
i:    3100, sim time:     32246 (0.51 T_f), wall: 3.065 minutes, Δt:   9.36, CFL: 9.00e-01
i:    3200, sim time:     33137 (0.53 T_f), wall: 3.111 minutes, Δt:   9.39, CFL: 9.00e-01
i:    3300, sim time:     34029 (0.54 T_f), wall: 3.157 minutes, Δt:   9.64, CFL: 9.00e-01
i:    3400, sim time:     34929 (0.56 T_f), wall: 3.201 minutes, Δt:   9.63, CFL: 9.00e-01
i:    3500, sim time:     35828 (0.57 T_f), wall: 3.247 minutes, Δt:   9.45, CFL: 9.00e-01
i:    3600, sim time:     36719 (0.58 T_f), wall: 3.291 minutes, Δt:   9.37, CFL: 9.00e-01
i:    3700, sim time:     37630 (0.60 T_f), wall: 3.338 minutes, Δt:   9.90, CFL: 9.00e-01
i:    3800, sim time:     38559 (0.61 T_f), wall: 3.383 minutes, Δt:   9.97, CFL: 9.00e-01
i:    3900, sim time:     39447 (0.63 T_f), wall: 3.429 minutes, Δt:   9.51, CFL: 9.00e-01
i:    4000, sim time:     40339 (0.64 T_f), wall: 3.473 minutes, Δt:   9.54, CFL: 9.00e-01
i:    4100, sim time:     41230 (0.66 T_f), wall: 3.519 minutes, Δt:   9.97, CFL: 9.00e-01
i:    4200, sim time:     42140 (0.67 T_f), wall: 3.564 minutes, Δt:   9.90, CFL: 9.00e-01
i:    4300, sim time:     43037 (0.68 T_f), wall: 3.612 minutes, Δt:   9.42, CFL: 9.00e-01
i:    4400, sim time:     43939 (0.70 T_f), wall: 3.657 minutes, Δt:   9.87, CFL: 9.00e-01
i:    4500, sim time:     44829 (0.71 T_f), wall: 3.703 minutes, Δt:   9.65, CFL: 9.00e-01
i:    4600, sim time:     45719 (0.73 T_f), wall: 3.747 minutes, Δt:   9.76, CFL: 9.00e-01
i:    4700, sim time:     46619 (0.74 T_f), wall: 3.793 minutes, Δt:   9.34, CFL: 9.00e-01
i:    4800, sim time:     47499 (0.76 T_f), wall: 3.837 minutes, Δt:   9.47, CFL: 9.00e-01
i:    4900, sim time:     48410 (0.77 T_f), wall: 3.884 minutes, Δt:   9.97, CFL: 9.00e-01
i:    5000, sim time:     49381 (0.79 T_f), wall: 3.928 minutes, Δt:   9.96, CFL: 9.00e-01
i:    5100, sim time:     50300 (0.80 T_f), wall: 3.973 minutes, Δt:   9.78, CFL: 9.00e-01
i:    5200, sim time:     51229 (0.82 T_f), wall: 4.018 minutes, Δt:   9.65, CFL: 9.00e-01
i:    5300, sim time:     52134 (0.83 T_f), wall: 4.062 minutes, Δt:   9.76, CFL: 9.00e-01
i:    5400, sim time:     53066 (0.84 T_f), wall: 4.107 minutes, Δt:   9.90, CFL: 9.00e-01
i:    5500, sim time:     53969 (0.86 T_f), wall: 4.151 minutes, Δt:   9.82, CFL: 9.00e-01
i:    5600, sim time:     54899 (0.87 T_f), wall: 4.198 minutes, Δt:   9.81, CFL: 9.00e-01
i:    5700, sim time:     55800 (0.89 T_f), wall: 4.244 minutes, Δt:   9.86, CFL: 9.00e-01
i:    5800, sim time:     56720 (0.90 T_f), wall: 4.290 minutes, Δt:   9.93, CFL: 9.00e-01
i:    5900, sim time:     57640 (0.92 T_f), wall: 4.335 minutes, Δt:  10.04, CFL: 9.00e-01
i:    6000, sim time:     58560 (0.93 T_f), wall: 4.380 minutes, Δt:  10.08, CFL: 9.00e-01
i:    6100, sim time:     59510 (0.95 T_f), wall: 4.427 minutes, Δt:  10.03, CFL: 9.00e-01
i:    6200, sim time:     60461 (0.96 T_f), wall: 4.473 minutes, Δt:  10.14, CFL: 9.00e-01
i:    6300, sim time:     61440 (0.98 T_f), wall: 4.523 minutes, Δt:  10.36, CFL: 9.00e-01
i:    6400, sim time:     62400 (0.99 T_f), wall: 4.567 minutes, Δt:   9.81, CFL: 9.00e-01
i:    6500, sim time:     63384 (1.01 T_f), wall: 4.613 minutes, Δt:  10.40, CFL: 9.00e-01
i:    6600, sim time:     64350 (1.02 T_f), wall: 4.659 minutes, Δt:   9.33, CFL: 9.00e-01
i:    6700, sim time:     65291 (1.04 T_f), wall: 4.705 minutes, Δt:   9.77, CFL: 9.00e-01
i:    6800, sim time:     66254 (1.05 T_f), wall: 4.754 minutes, Δt:  10.05, CFL: 9.00e-01
i:    6900, sim time:     67200 (1.07 T_f), wall: 4.800 minutes, Δt:  10.48, CFL: 9.00e-01
i:    7000, sim time:     68168 (1.08 T_f), wall: 4.846 minutes, Δt:   9.89, CFL: 9.00e-01
i:    7100, sim time:     69080 (1.10 T_f), wall: 4.892 minutes, Δt:   9.77, CFL: 9.00e-01
i:    7200, sim time:     70022 (1.11 T_f), wall: 4.938 minutes, Δt:   9.51, CFL: 9.00e-01
i:    7300, sim time:     70939 (1.13 T_f), wall: 4.984 minutes, Δt:   9.90, CFL: 9.00e-01
i:    7400, sim time:     71916 (1.14 T_f), wall: 5.030 minutes, Δt:  10.36, CFL: 9.00e-01
i:    7500, sim time:     72889 (1.16 T_f), wall: 5.077 minutes, Δt:  10.15, CFL: 9.00e-01
i:    7600, sim time:     73800 (1.17 T_f), wall: 5.123 minutes, Δt:  10.02, CFL: 9.00e-01
i:    7700, sim time:     74762 (1.19 T_f), wall: 5.170 minutes, Δt:  10.06, CFL: 9.00e-01
i:    7800, sim time:     75731 (1.21 T_f), wall: 5.218 minutes, Δt:  10.06, CFL: 9.00e-01
i:    7900, sim time:     76666 (1.22 T_f), wall: 5.267 minutes, Δt:   9.73, CFL: 9.00e-01
i:    8000, sim time:     77578 (1.23 T_f), wall: 5.313 minutes, Δt:  10.07, CFL: 9.00e-01
i:    8100, sim time:     78552 (1.25 T_f), wall: 5.362 minutes, Δt:  10.54, CFL: 9.00e-01
i:    8200, sim time:     79500 (1.27 T_f), wall: 5.410 minutes, Δt:   9.80, CFL: 9.00e-01
i:    8300, sim time:     80451 (1.28 T_f), wall: 5.457 minutes, Δt:  10.32, CFL: 9.00e-01
i:    8400, sim time:     81420 (1.30 T_f), wall: 5.505 minutes, Δt:  10.15, CFL: 9.00e-01
i:    8500, sim time:     82381 (1.31 T_f), wall: 5.550 minutes, Δt:  10.41, CFL: 9.00e-01
i:    8600, sim time:     83340 (1.33 T_f), wall: 5.597 minutes, Δt:  10.24, CFL: 9.00e-01
i:    8700, sim time:     84300 (1.34 T_f), wall: 5.643 minutes, Δt:  10.29, CFL: 9.00e-01
i:    8800, sim time:     85282 (1.36 T_f), wall: 5.690 minutes, Δt:  10.16, CFL: 9.00e-01
i:    8900, sim time:     86241 (1.37 T_f), wall: 5.738 minutes, Δt:  10.43, CFL: 9.00e-01
i:    9000, sim time:     87191 (1.39 T_f), wall: 5.787 minutes, Δt:  10.10, CFL: 9.00e-01
i:    9100, sim time:     88172 (1.40 T_f), wall: 5.835 minutes, Δt:  10.40, CFL: 9.00e-01
i:    9200, sim time:     89150 (1.42 T_f), wall: 5.882 minutes, Δt:  10.17, CFL: 9.00e-01
i:    9300, sim time:     90100 (1.43 T_f), wall: 5.929 minutes, Δt:  10.04, CFL: 9.00e-01
i:    9400, sim time:     91052 (1.45 T_f), wall: 5.976 minutes, Δt:  10.12, CFL: 9.00e-01
i:    9500, sim time:     92002 (1.46 T_f), wall: 6.025 minutes, Δt:  10.56, CFL: 9.00e-01
i:    9600, sim time:     92984 (1.48 T_f), wall: 6.073 minutes, Δt:  10.00, CFL: 9.00e-01
i:    9700, sim time:     93920 (1.49 T_f), wall: 6.119 minutes, Δt:   9.49, CFL: 9.00e-01
i:    9800, sim time:     94848 (1.51 T_f), wall: 6.165 minutes, Δt:   9.96, CFL: 9.00e-01
i:    9900, sim time:     95780 (1.52 T_f), wall: 6.211 minutes, Δt:   9.59, CFL: 9.00e-01
i:   10000, sim time:     96712 (1.54 T_f), wall: 6.259 minutes, Δt:  10.20, CFL: 9.00e-01
i:   10100, sim time:     97619 (1.55 T_f), wall: 6.306 minutes, Δt:   9.60, CFL: 9.00e-01
i:   10200, sim time:     98541 (1.57 T_f), wall: 6.352 minutes, Δt:   9.88, CFL: 9.00e-01
i:   10300, sim time:     99446 (1.58 T_f), wall: 6.399 minutes, Δt:   9.06, CFL: 9.00e-01
i:   10400, sim time:    100359 (1.60 T_f), wall: 6.447 minutes, Δt:   9.82, CFL: 9.00e-01
i:   10500, sim time:    101261 (1.61 T_f), wall: 6.496 minutes, Δt:  10.09, CFL: 9.00e-01
i:   10600, sim time:    102190 (1.63 T_f), wall: 6.543 minutes, Δt:   9.84, CFL: 9.00e-01
i:   10700, sim time:    103100 (1.64 T_f), wall: 6.590 minutes, Δt:   9.85, CFL: 9.00e-01
i:   10800, sim time:    103993 (1.66 T_f), wall: 6.636 minutes, Δt:   9.80, CFL: 9.00e-01
i:   10900, sim time:    104900 (1.67 T_f), wall: 6.686 minutes, Δt:  10.00, CFL: 9.00e-01
i:   11000, sim time:    105809 (1.68 T_f), wall: 6.732 minutes, Δt:   9.09, CFL: 9.00e-01
i:   11100, sim time:    106700 (1.70 T_f), wall: 6.778 minutes, Δt:   9.76, CFL: 9.00e-01
i:   11200, sim time:    107600 (1.71 T_f), wall: 6.827 minutes, Δt:   9.53, CFL: 9.00e-01
i:   11300, sim time:    108498 (1.73 T_f), wall: 6.876 minutes, Δt:   9.97, CFL: 9.00e-01
i:   11400, sim time:    109461 (1.74 T_f), wall: 6.925 minutes, Δt:  10.21, CFL: 9.00e-01
i:   11500, sim time:    110391 (1.76 T_f), wall: 6.971 minutes, Δt:  10.39, CFL: 9.00e-01
i:   11600, sim time:    111319 (1.77 T_f), wall: 7.017 minutes, Δt:   9.68, CFL: 9.00e-01
i:   11700, sim time:    112210 (1.79 T_f), wall: 7.066 minutes, Δt:   9.74, CFL: 9.00e-01
i:   11800, sim time:    113100 (1.80 T_f), wall: 7.112 minutes, Δt:   9.70, CFL: 9.00e-01
i:   11900, sim time:    114021 (1.81 T_f), wall: 7.160 minutes, Δt:   9.93, CFL: 9.00e-01
i:   12000, sim time:    114964 (1.83 T_f), wall: 7.207 minutes, Δt:   9.96, CFL: 9.00e-01
i:   12100, sim time:    115897 (1.84 T_f), wall: 7.255 minutes, Δt:   9.95, CFL: 9.00e-01
i:   12200, sim time:    116837 (1.86 T_f), wall: 7.304 minutes, Δt:   9.90, CFL: 9.00e-01
i:   12300, sim time:    117770 (1.87 T_f), wall: 7.352 minutes, Δt:  10.08, CFL: 9.00e-01
i:   12400, sim time:    118710 (1.89 T_f), wall: 7.399 minutes, Δt:   9.59, CFL: 9.00e-01
i:   12500, sim time:    119610 (1.90 T_f), wall: 7.446 minutes, Δt:   9.95, CFL: 9.00e-01
i:   12600, sim time:    120538 (1.92 T_f), wall: 7.492 minutes, Δt:   9.46, CFL: 9.00e-01
i:   12700, sim time:    121429 (1.93 T_f), wall: 7.541 minutes, Δt:   9.76, CFL: 9.00e-01
i:   12800, sim time:    122380 (1.95 T_f), wall: 7.587 minutes, Δt:   9.86, CFL: 9.00e-01
i:   12900, sim time:    123297 (1.96 T_f), wall: 7.633 minutes, Δt:   9.90, CFL: 9.00e-01
i:   13000, sim time:    124197 (1.98 T_f), wall: 7.678 minutes, Δt:   9.68, CFL: 9.00e-01
i:   13100, sim time:    125110 (1.99 T_f), wall: 7.726 minutes, Δt:  10.40, CFL: 9.00e-01
i:   13200, sim time:    126080 (2.01 T_f), wall: 7.775 minutes, Δt:  10.12, CFL: 9.00e-01
i:   13300, sim time:    127010 (2.02 T_f), wall: 7.827 minutes, Δt:  10.06, CFL: 9.00e-01
i:   13400, sim time:    127920 (2.04 T_f), wall: 7.873 minutes, Δt:   9.82, CFL: 9.00e-01
i:   13500, sim time:    128810 (2.05 T_f), wall: 7.921 minutes, Δt:  10.00, CFL: 9.00e-01
i:   13600, sim time:    129728 (2.06 T_f), wall: 7.968 minutes, Δt:   9.38, CFL: 9.00e-01
i:   13700, sim time:    130633 (2.08 T_f), wall: 8.016 minutes, Δt:   9.72, CFL: 9.00e-01
i:   13800, sim time:    131562 (2.09 T_f), wall: 8.061 minutes, Δt:  10.35, CFL: 9.00e-01
i:   13900, sim time:    132539 (2.11 T_f), wall: 8.112 minutes, Δt:  10.13, CFL: 9.00e-01
i:   14000, sim time:    133480 (2.12 T_f), wall: 8.162 minutes, Δt:  10.09, CFL: 9.00e-01
i:   14100, sim time:    134392 (2.14 T_f), wall: 8.207 minutes, Δt:   9.31, CFL: 9.00e-01
i:   14200, sim time:    135297 (2.15 T_f), wall: 8.258 minutes, Δt:   9.90, CFL: 9.00e-01
i:   14300, sim time:    136220 (2.17 T_f), wall: 8.308 minutes, Δt:  10.02, CFL: 9.00e-01
i:   14400, sim time:    137178 (2.18 T_f), wall: 8.355 minutes, Δt:   9.32, CFL: 9.00e-01
i:   14500, sim time:    138088 (2.20 T_f), wall: 8.402 minutes, Δt:   9.79, CFL: 9.00e-01
i:   14600, sim time:    139020 (2.21 T_f), wall: 8.452 minutes, Δt:  10.12, CFL: 9.00e-01
i:   14700, sim time:    140000 (2.23 T_f), wall: 8.499 minutes, Δt:  10.03, CFL: 9.00e-01
i:   14800, sim time:    140930 (2.24 T_f), wall: 8.547 minutes, Δt:  10.07, CFL: 9.00e-01
i:   14900, sim time:    141850 (2.26 T_f), wall: 8.598 minutes, Δt:   9.87, CFL: 9.00e-01
i:   15000, sim time:    142757 (2.27 T_f), wall: 8.646 minutes, Δt:   9.76, CFL: 9.00e-01
i:   15100, sim time:    143649 (2.29 T_f), wall: 8.694 minutes, Δt:   9.53, CFL: 9.00e-01
i:   15200, sim time:    144591 (2.30 T_f), wall: 8.739 minutes, Δt:  10.15, CFL: 9.00e-01
i:   15300, sim time:    145510 (2.32 T_f), wall: 8.789 minutes, Δt:   9.74, CFL: 9.00e-01
i:   15400, sim time:    146419 (2.33 T_f), wall: 8.836 minutes, Δt:   9.81, CFL: 9.00e-01
i:   15500, sim time:    147329 (2.34 T_f), wall: 8.883 minutes, Δt:   9.48, CFL: 9.00e-01
i:   15600, sim time:    148228 (2.36 T_f), wall: 8.932 minutes, Δt:   9.90, CFL: 9.00e-01
i:   15700, sim time:    149160 (2.37 T_f), wall: 8.979 minutes, Δt:   9.98, CFL: 9.00e-01
i:   15800, sim time:    150092 (2.39 T_f), wall: 9.029 minutes, Δt:  10.25, CFL: 9.00e-01
i:   15900, sim time:    151034 (2.40 T_f), wall: 9.079 minutes, Δt:   9.61, CFL: 9.00e-01
i:   16000, sim time:    151929 (2.42 T_f), wall: 9.127 minutes, Δt:   9.44, CFL: 9.00e-01
i:   16100, sim time:    152819 (2.43 T_f), wall: 9.177 minutes, Δt:  10.09, CFL: 9.00e-01
i:   16200, sim time:    153719 (2.45 T_f), wall: 9.226 minutes, Δt:   9.03, CFL: 9.00e-01
i:   16300, sim time:    154619 (2.46 T_f), wall: 9.278 minutes, Δt:   9.81, CFL: 9.00e-01
i:   16400, sim time:    155550 (2.48 T_f), wall: 9.327 minutes, Δt:  10.08, CFL: 9.00e-01
i:   16500, sim time:    156490 (2.49 T_f), wall: 9.377 minutes, Δt:  10.32, CFL: 9.00e-01
i:   16600, sim time:    157429 (2.51 T_f), wall: 9.427 minutes, Δt:   9.87, CFL: 9.00e-01
i:   16700, sim time:    158340 (2.52 T_f), wall: 9.477 minutes, Δt:   9.68, CFL: 9.00e-01
i:   16800, sim time:    159251 (2.53 T_f), wall: 9.527 minutes, Δt:   9.86, CFL: 9.00e-01
i:   16900, sim time:    160200 (2.55 T_f), wall: 9.578 minutes, Δt:   9.98, CFL: 9.00e-01
i:   17000, sim time:    161110 (2.56 T_f), wall: 9.627 minutes, Δt:   9.64, CFL: 9.00e-01
i:   17100, sim time:    161974 (2.58 T_f), wall: 9.674 minutes, Δt:   9.43, CFL: 9.00e-01
i:   17200, sim time:    162878 (2.59 T_f), wall: 9.725 minutes, Δt:   9.80, CFL: 9.00e-01
i:   17300, sim time:    163789 (2.61 T_f), wall: 9.774 minutes, Δt:   9.66, CFL: 9.00e-01
i:   17400, sim time:    164695 (2.62 T_f), wall: 9.825 minutes, Δt:   9.41, CFL: 9.00e-01
i:   17500, sim time:    165590 (2.64 T_f), wall: 9.873 minutes, Δt:   9.71, CFL: 9.00e-01
i:   17600, sim time:    166489 (2.65 T_f), wall: 9.922 minutes, Δt:   9.64, CFL: 9.00e-01
i:   17700, sim time:    167390 (2.66 T_f), wall: 9.971 minutes, Δt:   9.26, CFL: 9.00e-01
i:   17800, sim time:    168304 (2.68 T_f), wall: 10.020 minutes, Δt:  10.11, CFL: 9.00e-01
i:   17900, sim time:    169209 (2.69 T_f), wall: 10.073 minutes, Δt:   9.54, CFL: 9.00e-01
i:   18000, sim time:    170110 (2.71 T_f), wall: 10.120 minutes, Δt:  10.04, CFL: 9.00e-01
i:   18100, sim time:    171019 (2.72 T_f), wall: 10.168 minutes, Δt:   9.95, CFL: 9.00e-01
i:   18200, sim time:    171940 (2.74 T_f), wall: 10.219 minutes, Δt:   9.99, CFL: 9.00e-01
i:   18300, sim time:    172857 (2.75 T_f), wall: 10.267 minutes, Δt:   9.76, CFL: 9.00e-01
i:   18400, sim time:    173758 (2.77 T_f), wall: 10.315 minutes, Δt:   9.55, CFL: 9.00e-01
i:   18500, sim time:    174640 (2.78 T_f), wall: 10.379 minutes, Δt:   9.83, CFL: 9.00e-01
i:   18600, sim time:    175554 (2.79 T_f), wall: 10.429 minutes, Δt:   9.00, CFL: 9.00e-01
i:   18700, sim time:    176448 (2.81 T_f), wall: 10.486 minutes, Δt:   9.80, CFL: 9.00e-01
i:   18800, sim time:    177368 (2.82 T_f), wall: 10.541 minutes, Δt:   9.99, CFL: 9.00e-01
i:   18900, sim time:    178310 (2.84 T_f), wall: 10.593 minutes, Δt:   9.64, CFL: 9.00e-01
i:   19000, sim time:    179200 (2.85 T_f), wall: 10.641 minutes, Δt:   9.98, CFL: 9.00e-01
i:   19100, sim time:    180141 (2.87 T_f), wall: 10.690 minutes, Δt:  10.18, CFL: 9.00e-01
i:   19200, sim time:    181097 (2.88 T_f), wall: 10.741 minutes, Δt:   9.73, CFL: 9.00e-01
i:   19300, sim time:    182010 (2.90 T_f), wall: 10.790 minutes, Δt:   9.70, CFL: 9.00e-01
i:   19400, sim time:    182920 (2.91 T_f), wall: 10.839 minutes, Δt:  10.27, CFL: 9.00e-01
i:   19500, sim time:    183838 (2.93 T_f), wall: 10.888 minutes, Δt:   9.57, CFL: 9.00e-01
i:   19600, sim time:    184725 (2.94 T_f), wall: 10.936 minutes, Δt:   8.39, CFL: 9.00e-01
i:   19700, sim time:    185631 (2.95 T_f), wall: 10.988 minutes, Δt:  10.34, CFL: 9.00e-01
i:   19800, sim time:    186593 (2.97 T_f), wall: 11.034 minutes, Δt:   9.84, CFL: 9.00e-01
i:   19900, sim time:    187562 (2.99 T_f), wall: 11.086 minutes, Δt:  10.33, CFL: 9.00e-01
i:   20000, sim time:    188521 (3.00 T_f), wall: 11.142 minutes, Δt:  10.16, CFL: 9.00e-01
i:   20100, sim time:    189460 (3.02 T_f), wall: 11.192 minutes, Δt:   9.69, CFL: 9.00e-01
i:   20200, sim time:    190382 (3.03 T_f), wall: 11.245 minutes, Δt:  10.28, CFL: 9.00e-01
i:   20300, sim time:    191351 (3.05 T_f), wall: 11.294 minutes, Δt:  10.09, CFL: 9.00e-01
i:   20400, sim time:    192330 (3.06 T_f), wall: 11.348 minutes, Δt:  10.12, CFL: 9.00e-01
i:   20500, sim time:    193292 (3.08 T_f), wall: 11.397 minutes, Δt:  10.11, CFL: 9.00e-01
i:   20600, sim time:    194210 (3.09 T_f), wall: 11.450 minutes, Δt:  10.18, CFL: 9.00e-01
i:   20700, sim time:    195140 (3.11 T_f), wall: 11.499 minutes, Δt:   9.85, CFL: 9.00e-01
i:   20800, sim time:    196110 (3.12 T_f), wall: 11.551 minutes, Δt:   9.96, CFL: 9.00e-01
i:   20900, sim time:    197067 (3.14 T_f), wall: 11.606 minutes, Δt:   9.25, CFL: 9.00e-01
i:   21000, sim time:    198010 (3.15 T_f), wall: 11.661 minutes, Δt:   9.98, CFL: 9.00e-01
i:   21100, sim time:    198930 (3.17 T_f), wall: 11.709 minutes, Δt:  10.27, CFL: 9.00e-01
i:   21200, sim time:    199879 (3.18 T_f), wall: 11.760 minutes, Δt:   9.98, CFL: 9.00e-01
i:   21300, sim time:    200776 (3.20 T_f), wall: 11.809 minutes, Δt:   9.46, CFL: 9.00e-01
i:   21400, sim time:    201710 (3.21 T_f), wall: 11.865 minutes, Δt:  10.31, CFL: 9.00e-01
i:   21500, sim time:    202691 (3.23 T_f), wall: 11.916 minutes, Δt:  10.06, CFL: 9.00e-01
i:   21600, sim time:    203610 (3.24 T_f), wall: 11.968 minutes, Δt:   9.64, CFL: 9.00e-01
i:   21700, sim time:    204520 (3.26 T_f), wall: 12.017 minutes, Δt:   9.52, CFL: 9.00e-01
i:   21800, sim time:    205429 (3.27 T_f), wall: 12.069 minutes, Δt:   9.85, CFL: 9.00e-01
i:   21900, sim time:    206319 (3.28 T_f), wall: 12.120 minutes, Δt:   9.84, CFL: 9.00e-01
i:   22000, sim time:    207228 (3.30 T_f), wall: 12.171 minutes, Δt:   9.15, CFL: 9.00e-01
i:   22100, sim time:    208119 (3.31 T_f), wall: 12.220 minutes, Δt:   9.71, CFL: 9.00e-01
i:   22200, sim time:    209019 (3.33 T_f), wall: 12.271 minutes, Δt:   9.43, CFL: 9.00e-01
i:   22300, sim time:    209930 (3.34 T_f), wall: 12.322 minutes, Δt:   9.70, CFL: 9.00e-01
i:   22400, sim time:    210829 (3.36 T_f), wall: 12.374 minutes, Δt:   9.56, CFL: 9.00e-01
i:   22500, sim time:    211729 (3.37 T_f), wall: 12.424 minutes, Δt:  10.12, CFL: 9.00e-01
i:   22600, sim time:    212672 (3.38 T_f), wall: 12.481 minutes, Δt:  10.05, CFL: 9.00e-01
i:   22700, sim time:    213590 (3.40 T_f), wall: 12.533 minutes, Δt:   9.96, CFL: 9.00e-01
i:   22800, sim time:    214491 (3.41 T_f), wall: 12.583 minutes, Δt:   9.47, CFL: 9.00e-01
i:   22900, sim time:    215434 (3.43 T_f), wall: 12.636 minutes, Δt:  10.12, CFL: 9.00e-01
i:   23000, sim time:    216376 (3.44 T_f), wall: 12.685 minutes, Δt:   9.95, CFL: 9.00e-01
i:   23100, sim time:    217288 (3.46 T_f), wall: 12.736 minutes, Δt:   9.75, CFL: 9.00e-01
i:   23200, sim time:    218210 (3.47 T_f), wall: 12.790 minutes, Δt:   9.97, CFL: 9.00e-01
i:   23300, sim time:    219170 (3.49 T_f), wall: 12.842 minutes, Δt:  10.13, CFL: 9.00e-01
i:   23400, sim time:    220110 (3.50 T_f), wall: 12.893 minutes, Δt:   9.55, CFL: 9.00e-01
i:   23500, sim time:    221020 (3.52 T_f), wall: 12.944 minutes, Δt:   9.59, CFL: 9.00e-01
i:   23600, sim time:    221949 (3.53 T_f), wall: 12.995 minutes, Δt:  10.02, CFL: 9.00e-01
i:   23700, sim time:    222859 (3.55 T_f), wall: 13.048 minutes, Δt:   9.75, CFL: 9.00e-01
i:   23800, sim time:    223748 (3.56 T_f), wall: 13.099 minutes, Δt:   9.74, CFL: 9.00e-01
i:   23900, sim time:    224700 (3.58 T_f), wall: 13.154 minutes, Δt:   9.68, CFL: 9.00e-01
i:   24000, sim time:    225610 (3.59 T_f), wall: 13.206 minutes, Δt:   9.90, CFL: 9.00e-01
i:   24100, sim time:    226500 (3.60 T_f), wall: 13.257 minutes, Δt:   9.58, CFL: 9.00e-01
i:   24200, sim time:    227400 (3.62 T_f), wall: 13.307 minutes, Δt:   9.51, CFL: 9.00e-01
i:   24300, sim time:    228330 (3.63 T_f), wall: 13.370 minutes, Δt:   9.99, CFL: 9.00e-01
i:   24400, sim time:    229239 (3.65 T_f), wall: 13.422 minutes, Δt:   9.81, CFL: 9.00e-01
i:   24500, sim time:    230130 (3.66 T_f), wall: 13.472 minutes, Δt:  10.13, CFL: 9.00e-01
i:   24600, sim time:    231072 (3.68 T_f), wall: 13.522 minutes, Δt:  10.09, CFL: 9.00e-01
i:   24700, sim time:    232031 (3.69 T_f), wall: 13.579 minutes, Δt:  10.46, CFL: 9.00e-01
i:   24800, sim time:    232998 (3.71 T_f), wall: 13.629 minutes, Δt:  10.01, CFL: 9.00e-01
i:   24900, sim time:    233900 (3.72 T_f), wall: 13.680 minutes, Δt:   9.66, CFL: 9.00e-01
i:   25000, sim time:    234830 (3.74 T_f), wall: 13.739 minutes, Δt:   9.82, CFL: 9.00e-01
i:   25100, sim time:    235769 (3.75 T_f), wall: 13.795 minutes, Δt:  10.07, CFL: 9.00e-01
i:   25200, sim time:    236721 (3.77 T_f), wall: 13.848 minutes, Δt:  10.20, CFL: 9.00e-01
i:   25300, sim time:    237650 (3.78 T_f), wall: 13.899 minutes, Δt:  10.19, CFL: 9.00e-01
i:   25400, sim time:    238600 (3.80 T_f), wall: 13.950 minutes, Δt:   9.95, CFL: 9.00e-01
i:   25500, sim time:    239562 (3.81 T_f), wall: 14.008 minutes, Δt:  10.47, CFL: 9.00e-01
i:   25600, sim time:    240545 (3.83 T_f), wall: 14.059 minutes, Δt:  10.41, CFL: 9.00e-01
i:   25700, sim time:    241475 (3.84 T_f), wall: 14.111 minutes, Δt:   9.39, CFL: 9.00e-01
i:   25800, sim time:    242418 (3.86 T_f), wall: 14.161 minutes, Δt:  10.00, CFL: 9.00e-01
i:   25900, sim time:    243370 (3.87 T_f), wall: 14.211 minutes, Δt:   9.60, CFL: 9.00e-01
i:   26000, sim time:    244267 (3.89 T_f), wall: 14.267 minutes, Δt:   9.64, CFL: 9.00e-01
i:   26100, sim time:    245166 (3.90 T_f), wall: 14.316 minutes, Δt:   9.31, CFL: 9.00e-01
i:   26200, sim time:    246071 (3.92 T_f), wall: 14.367 minutes, Δt:  10.09, CFL: 9.00e-01
i:   26300, sim time:    246980 (3.93 T_f), wall: 14.418 minutes, Δt:   9.78, CFL: 9.00e-01
i:   26400, sim time:    247888 (3.95 T_f), wall: 14.477 minutes, Δt:  10.01, CFL: 9.00e-01
i:   26500, sim time:    248820 (3.96 T_f), wall: 14.546 minutes, Δt:  10.33, CFL: 9.00e-01
i:   26600, sim time:    249757 (3.98 T_f), wall: 14.596 minutes, Δt:   9.80, CFL: 9.00e-01
i:   26700, sim time:    250681 (3.99 T_f), wall: 14.649 minutes, Δt:  10.15, CFL: 9.00e-01
i:   26800, sim time:    251629 (4.00 T_f), wall: 14.706 minutes, Δt:   9.72, CFL: 9.00e-01
i:   26900, sim time:    252570 (4.02 T_f), wall: 14.755 minutes, Δt:  10.14, CFL: 9.00e-01
i:   27000, sim time:    253541 (4.04 T_f), wall: 14.808 minutes, Δt:   9.96, CFL: 9.00e-01
i:   27100, sim time:    254480 (4.05 T_f), wall: 14.863 minutes, Δt:   9.96, CFL: 9.00e-01
i:   27200, sim time:    255430 (4.07 T_f), wall: 14.913 minutes, Δt:   9.68, CFL: 9.00e-01
i:   27300, sim time:    256361 (4.08 T_f), wall: 14.963 minutes, Δt:   9.80, CFL: 9.00e-01
i:   27400, sim time:    257291 (4.09 T_f), wall: 15.016 minutes, Δt:  10.31, CFL: 9.00e-01
i:   27500, sim time:    258283 (4.11 T_f), wall: 15.068 minutes, Δt:  10.25, CFL: 9.00e-01
i:   27600, sim time:    259262 (4.13 T_f), wall: 15.125 minutes, Δt:  10.02, CFL: 9.00e-01
i:   27700, sim time:    260191 (4.14 T_f), wall: 15.174 minutes, Δt:  10.14, CFL: 9.00e-01
i:   27800, sim time:    261152 (4.16 T_f), wall: 15.229 minutes, Δt:  10.14, CFL: 9.00e-01
i:   27900, sim time:    262060 (4.17 T_f), wall: 15.281 minutes, Δt:   9.72, CFL: 9.00e-01
i:   28000, sim time:    262969 (4.19 T_f), wall: 15.331 minutes, Δt:   9.91, CFL: 9.00e-01
i:   28100, sim time:    263900 (4.20 T_f), wall: 15.386 minutes, Δt:  10.16, CFL: 9.00e-01
i:   28200, sim time:    264860 (4.22 T_f), wall: 15.438 minutes, Δt:   9.86, CFL: 9.00e-01
i:   28300, sim time:    265787 (4.23 T_f), wall: 15.487 minutes, Δt:   9.81, CFL: 9.00e-01
i:   28400, sim time:    266700 (4.24 T_f), wall: 15.543 minutes, Δt:  10.17, CFL: 9.00e-01
i:   28500, sim time:    267610 (4.26 T_f), wall: 15.601 minutes, Δt:   9.62, CFL: 9.00e-01
i:   28600, sim time:    268530 (4.27 T_f), wall: 15.652 minutes, Δt:  10.02, CFL: 9.00e-01
i:   28700, sim time:    269500 (4.29 T_f), wall: 15.705 minutes, Δt:  10.19, CFL: 9.00e-01
i:   28800, sim time:    270481 (4.30 T_f), wall: 15.757 minutes, Δt:  10.01, CFL: 9.00e-01
i:   28900, sim time:    271399 (4.32 T_f), wall: 15.813 minutes, Δt:   9.89, CFL: 9.00e-01
i:   29000, sim time:    272361 (4.33 T_f), wall: 15.866 minutes, Δt:  10.26, CFL: 9.00e-01
i:   29100, sim time:    273342 (4.35 T_f), wall: 15.921 minutes, Δt:  10.24, CFL: 9.00e-01
i:   29200, sim time:    274258 (4.36 T_f), wall: 15.973 minutes, Δt:   9.76, CFL: 9.00e-01
i:   29300, sim time:    275160 (4.38 T_f), wall: 16.027 minutes, Δt:  10.14, CFL: 9.00e-01
i:   29400, sim time:    276086 (4.39 T_f), wall: 16.079 minutes, Δt:   9.99, CFL: 9.00e-01
i:   29500, sim time:    277019 (4.41 T_f), wall: 16.133 minutes, Δt:   9.15, CFL: 9.00e-01
i:   29600, sim time:    277921 (4.42 T_f), wall: 16.185 minutes, Δt:  10.04, CFL: 9.00e-01
i:   29700, sim time:    278873 (4.44 T_f), wall: 16.243 minutes, Δt:   9.99, CFL: 9.00e-01
i:   29800, sim time:    279840 (4.45 T_f), wall: 16.299 minutes, Δt:   9.85, CFL: 9.00e-01
i:   29900, sim time:    280779 (4.47 T_f), wall: 16.350 minutes, Δt:  10.36, CFL: 9.00e-01
i:   30000, sim time:    281749 (4.48 T_f), wall: 16.403 minutes, Δt:   9.69, CFL: 9.00e-01
i:   30100, sim time:    282710 (4.50 T_f), wall: 16.455 minutes, Δt:  10.37, CFL: 9.00e-01
i:   30200, sim time:    283682 (4.51 T_f), wall: 16.515 minutes, Δt:  10.30, CFL: 9.00e-01
i:   30300, sim time:    284650 (4.53 T_f), wall: 16.567 minutes, Δt:   9.91, CFL: 9.00e-01
i:   30400, sim time:    285591 (4.55 T_f), wall: 16.626 minutes, Δt:   9.54, CFL: 9.00e-01
i:   30500, sim time:    286490 (4.56 T_f), wall: 16.677 minutes, Δt:   9.95, CFL: 9.00e-01
i:   30600, sim time:    287461 (4.58 T_f), wall: 16.731 minutes, Δt:  10.31, CFL: 9.00e-01
i:   30700, sim time:    288400 (4.59 T_f), wall: 16.789 minutes, Δt:  10.04, CFL: 9.00e-01
i:   30800, sim time:    289350 (4.61 T_f), wall: 16.844 minutes, Δt:   9.98, CFL: 9.00e-01
i:   30900, sim time:    290267 (4.62 T_f), wall: 16.898 minutes, Δt:   9.56, CFL: 9.00e-01
i:   31000, sim time:    291157 (4.63 T_f), wall: 16.949 minutes, Δt:   9.52, CFL: 9.00e-01
i:   31100, sim time:    292057 (4.65 T_f), wall: 17.002 minutes, Δt:   9.44, CFL: 9.00e-01
i:   31200, sim time:    292962 (4.66 T_f), wall: 17.052 minutes, Δt:   9.57, CFL: 9.00e-01
i:   31300, sim time:    293889 (4.68 T_f), wall: 17.106 minutes, Δt:   9.62, CFL: 9.00e-01
i:   31400, sim time:    294820 (4.69 T_f), wall: 17.159 minutes, Δt:  10.00, CFL: 9.00e-01
i:   31500, sim time:    295730 (4.71 T_f), wall: 17.211 minutes, Δt:   9.86, CFL: 9.00e-01
i:   31600, sim time:    296649 (4.72 T_f), wall: 17.264 minutes, Δt:   9.61, CFL: 9.00e-01
i:   31700, sim time:    297529 (4.74 T_f), wall: 17.744 minutes, Δt:   9.63, CFL: 9.00e-01
i:   31800, sim time:    298440 (4.75 T_f), wall: 18.495 minutes, Δt:   9.77, CFL: 9.00e-01
i:   31900, sim time:    299370 (4.76 T_f), wall: 18.545 minutes, Δt:   9.96, CFL: 9.00e-01
i:   32000, sim time:    300299 (4.78 T_f), wall: 18.596 minutes, Δt:   9.99, CFL: 9.00e-01
i:   32100, sim time:    301259 (4.79 T_f), wall: 18.648 minutes, Δt:  10.07, CFL: 9.00e-01
i:   32200, sim time:    302200 (4.81 T_f), wall: 18.699 minutes, Δt:  10.13, CFL: 9.00e-01
i:   32300, sim time:    303151 (4.82 T_f), wall: 18.755 minutes, Δt:   9.91, CFL: 9.00e-01
i:   32400, sim time:    304081 (4.84 T_f), wall: 18.808 minutes, Δt:  10.12, CFL: 9.00e-01
i:   32500, sim time:    305010 (4.85 T_f), wall: 18.860 minutes, Δt:   9.89, CFL: 9.00e-01
i:   32600, sim time:    305928 (4.87 T_f), wall: 18.909 minutes, Δt:   9.22, CFL: 9.00e-01
i:   32700, sim time:    306860 (4.88 T_f), wall: 18.971 minutes, Δt:  10.02, CFL: 9.00e-01
i:   32800, sim time:    307780 (4.90 T_f), wall: 19.021 minutes, Δt:  10.27, CFL: 9.00e-01
i:   32900, sim time:    308762 (4.91 T_f), wall: 19.076 minutes, Δt:  10.34, CFL: 9.00e-01
i:   33000, sim time:    309700 (4.93 T_f), wall: 19.127 minutes, Δt:  10.31, CFL: 9.00e-01
i:   33100, sim time:    310679 (4.94 T_f), wall: 19.180 minutes, Δt:   9.63, CFL: 9.00e-01
i:   33200, sim time:    311600 (4.96 T_f), wall: 19.231 minutes, Δt:  10.29, CFL: 9.00e-01
i:   33300, sim time:    312568 (4.97 T_f), wall: 19.287 minutes, Δt:   9.60, CFL: 9.00e-01
i:   33400, sim time:    313500 (4.99 T_f), wall: 19.340 minutes, Δt:  10.36, CFL: 9.00e-01
i:   33500, sim time:    314483 (5.01 T_f), wall: 19.393 minutes, Δt:  10.29, CFL: 9.00e-01
i:   33600, sim time:    315400 (5.02 T_f), wall: 19.444 minutes, Δt:  10.04, CFL: 9.00e-01
i:   33700, sim time:    316310 (5.03 T_f), wall: 19.496 minutes, Δt:   9.88, CFL: 9.00e-01
i:   33800, sim time:    317231 (5.05 T_f), wall: 19.554 minutes, Δt:  10.38, CFL: 9.00e-01
i:   33900, sim time:    318198 (5.06 T_f), wall: 19.607 minutes, Δt:  10.21, CFL: 9.00e-01
i:   34000, sim time:    319151 (5.08 T_f), wall: 19.661 minutes, Δt:  10.13, CFL: 9.00e-01
i:   34100, sim time:    320110 (5.09 T_f), wall: 19.726 minutes, Δt:   9.90, CFL: 9.00e-01
i:   34200, sim time:    321049 (5.11 T_f), wall: 19.784 minutes, Δt:   9.74, CFL: 9.00e-01
i:   34300, sim time:    321950 (5.12 T_f), wall: 19.841 minutes, Δt:   9.68, CFL: 9.00e-01
i:   34400, sim time:    322850 (5.14 T_f), wall: 19.896 minutes, Δt:  10.05, CFL: 9.00e-01
i:   34500, sim time:    323784 (5.15 T_f), wall: 19.951 minutes, Δt:  10.14, CFL: 9.00e-01
i:   34600, sim time:    324710 (5.17 T_f), wall: 20.010 minutes, Δt:   9.87, CFL: 9.00e-01
i:   34700, sim time:    325618 (5.18 T_f), wall: 20.066 minutes, Δt:   9.86, CFL: 9.00e-01
i:   34800, sim time:    326560 (5.20 T_f), wall: 20.125 minutes, Δt:  10.14, CFL: 9.00e-01
i:   34900, sim time:    327523 (5.21 T_f), wall: 20.181 minutes, Δt:  10.38, CFL: 9.00e-01
i:   35000, sim time:    328427 (5.23 T_f), wall: 20.240 minutes, Δt:   9.32, CFL: 9.00e-01
i:   35100, sim time:    329319 (5.24 T_f), wall: 20.296 minutes, Δt:   9.76, CFL: 9.00e-01
i:   35200, sim time:    330273 (5.26 T_f), wall: 20.348 minutes, Δt:  10.27, CFL: 9.00e-01
i:   35300, sim time:    331248 (5.27 T_f), wall: 20.415 minutes, Δt:  10.01, CFL: 9.00e-01
i:   35400, sim time:    332200 (5.29 T_f), wall: 20.470 minutes, Δt:  10.25, CFL: 9.00e-01
i:   35500, sim time:    333150 (5.30 T_f), wall: 20.527 minutes, Δt:  10.07, CFL: 9.00e-01
i:   35600, sim time:    334064 (5.32 T_f), wall: 20.586 minutes, Δt:   9.52, CFL: 9.00e-01
i:   35700, sim time:    334957 (5.33 T_f), wall: 20.638 minutes, Δt:   9.88, CFL: 9.00e-01
i:   35800, sim time:    335891 (5.35 T_f), wall: 20.697 minutes, Δt:  10.14, CFL: 9.00e-01
i:   35900, sim time:    336861 (5.36 T_f), wall: 20.753 minutes, Δt:  10.24, CFL: 9.00e-01
i:   36000, sim time:    337830 (5.38 T_f), wall: 20.811 minutes, Δt:   9.70, CFL: 9.00e-01
i:   36100, sim time:    338770 (5.39 T_f), wall: 20.867 minutes, Δt:   9.99, CFL: 9.00e-01
i:   36200, sim time:    339700 (5.41 T_f), wall: 20.925 minutes, Δt:   9.47, CFL: 9.00e-01
i:   36300, sim time:    340592 (5.42 T_f), wall: 20.982 minutes, Δt:   9.63, CFL: 9.00e-01
i:   36400, sim time:    341541 (5.44 T_f), wall: 21.043 minutes, Δt:  10.14, CFL: 9.00e-01
i:   36500, sim time:    342468 (5.45 T_f), wall: 21.101 minutes, Δt:   9.56, CFL: 9.00e-01
i:   36600, sim time:    343400 (5.47 T_f), wall: 21.153 minutes, Δt:   9.79, CFL: 9.00e-01
i:   36700, sim time:    344300 (5.48 T_f), wall: 21.216 minutes, Δt:   9.87, CFL: 9.00e-01
i:   36800, sim time:    345272 (5.50 T_f), wall: 21.275 minutes, Δt:  10.17, CFL: 9.00e-01
i:   36900, sim time:    346250 (5.51 T_f), wall: 21.329 minutes, Δt:  10.27, CFL: 9.00e-01
i:   37000, sim time:    347180 (5.53 T_f), wall: 21.380 minutes, Δt:   9.90, CFL: 9.00e-01
i:   37100, sim time:    348081 (5.54 T_f), wall: 21.433 minutes, Δt:  10.17, CFL: 9.00e-01
i:   37200, sim time:    349050 (5.56 T_f), wall: 21.491 minutes, Δt:  10.10, CFL: 9.00e-01
i:   37300, sim time:    349998 (5.57 T_f), wall: 21.542 minutes, Δt:   9.87, CFL: 9.00e-01
i:   37400, sim time:    350900 (5.58 T_f), wall: 21.597 minutes, Δt:  10.10, CFL: 9.00e-01
i:   37500, sim time:    351858 (5.60 T_f), wall: 21.655 minutes, Δt:   9.82, CFL: 9.00e-01
i:   37600, sim time:    352810 (5.62 T_f), wall: 21.708 minutes, Δt:  10.25, CFL: 9.00e-01
i:   37700, sim time:    353729 (5.63 T_f), wall: 21.762 minutes, Δt:   9.81, CFL: 9.00e-01
i:   37800, sim time:    354651 (5.64 T_f), wall: 21.816 minutes, Δt:  10.05, CFL: 9.00e-01
i:   37900, sim time:    355509 (5.66 T_f), wall: 21.868 minutes, Δt:   9.06, CFL: 9.00e-01
i:   38000, sim time:    356420 (5.67 T_f), wall: 21.923 minutes, Δt:   9.92, CFL: 9.00e-01
i:   38100, sim time:    357332 (5.69 T_f), wall: 21.977 minutes, Δt:   9.44, CFL: 9.00e-01
i:   38200, sim time:    358251 (5.70 T_f), wall: 22.028 minutes, Δt:   9.91, CFL: 9.00e-01
i:   38300, sim time:    359156 (5.72 T_f), wall: 22.087 minutes, Δt:   9.37, CFL: 9.00e-01
i:   38400, sim time:    360076 (5.73 T_f), wall: 22.143 minutes, Δt:   9.53, CFL: 9.00e-01
i:   38500, sim time:    360992 (5.75 T_f), wall: 22.195 minutes, Δt:   9.90, CFL: 9.00e-01
i:   38600, sim time:    361920 (5.76 T_f), wall: 22.255 minutes, Δt:  10.00, CFL: 9.00e-01
i:   38700, sim time:    362809 (5.77 T_f), wall: 22.311 minutes, Δt:   9.48, CFL: 9.00e-01
i:   38800, sim time:    363729 (5.79 T_f), wall: 22.367 minutes, Δt:   9.89, CFL: 9.00e-01
i:   38900, sim time:    364630 (5.80 T_f), wall: 22.422 minutes, Δt:  10.21, CFL: 9.00e-01
i:   39000, sim time:    365600 (5.82 T_f), wall: 22.474 minutes, Δt:  10.13, CFL: 9.00e-01
i:   39100, sim time:    366550 (5.83 T_f), wall: 22.528 minutes, Δt:  10.11, CFL: 9.00e-01
i:   39200, sim time:    367497 (5.85 T_f), wall: 22.594 minutes, Δt:   9.43, CFL: 9.00e-01
i:   39300, sim time:    368420 (5.86 T_f), wall: 22.654 minutes, Δt:  10.16, CFL: 9.00e-01
i:   39400, sim time:    369339 (5.88 T_f), wall: 22.707 minutes, Δt:  10.03, CFL: 9.00e-01
i:   39500, sim time:    370255 (5.89 T_f), wall: 22.763 minutes, Δt:   9.38, CFL: 9.00e-01
i:   39600, sim time:    371129 (5.91 T_f), wall: 22.815 minutes, Δt:   9.79, CFL: 9.00e-01
i:   39700, sim time:    372020 (5.92 T_f), wall: 22.871 minutes, Δt:   9.76, CFL: 9.00e-01
i:   39800, sim time:    372909 (5.94 T_f), wall: 22.925 minutes, Δt:   9.43, CFL: 9.00e-01
i:   39900, sim time:    373800 (5.95 T_f), wall: 22.978 minutes, Δt:   9.67, CFL: 9.00e-01
i:   40000, sim time:    374697 (5.96 T_f), wall: 23.031 minutes, Δt:   9.75, CFL: 9.00e-01
i:   40100, sim time:    375600 (5.98 T_f), wall: 23.084 minutes, Δt:  10.00, CFL: 9.00e-01
i:   40200, sim time:    376549 (5.99 T_f), wall: 23.146 minutes, Δt:   9.58, CFL: 9.00e-01
i:   40300, sim time:    377448 (6.01 T_f), wall: 23.200 minutes, Δt:  10.00, CFL: 9.00e-01
i:   40400, sim time:    378370 (6.02 T_f), wall: 23.250 minutes, Δt:   9.92, CFL: 9.00e-01
i:   40500, sim time:    379300 (6.04 T_f), wall: 23.307 minutes, Δt:   9.47, CFL: 9.00e-01
i:   40600, sim time:    380200 (6.05 T_f), wall: 23.359 minutes, Δt:   9.47, CFL: 9.00e-01
i:   40700, sim time:    381110 (6.07 T_f), wall: 23.421 minutes, Δt:   9.80, CFL: 9.00e-01
i:   40800, sim time:    382010 (6.08 T_f), wall: 23.475 minutes, Δt:   9.58, CFL: 9.00e-01
i:   40900, sim time:    382951 (6.09 T_f), wall: 23.529 minutes, Δt:  10.18, CFL: 9.00e-01
i:   41000, sim time:    383875 (6.11 T_f), wall: 23.582 minutes, Δt:   9.43, CFL: 9.00e-01
i:   41100, sim time:    384800 (6.12 T_f), wall: 23.634 minutes, Δt:  10.09, CFL: 9.00e-01
i:   41200, sim time:    385710 (6.14 T_f), wall: 23.696 minutes, Δt:   9.77, CFL: 9.00e-01
i:   41300, sim time:    386610 (6.15 T_f), wall: 23.751 minutes, Δt:   9.88, CFL: 9.00e-01
i:   41400, sim time:    387540 (6.17 T_f), wall: 23.804 minutes, Δt:   9.96, CFL: 9.00e-01
i:   41500, sim time:    388468 (6.18 T_f), wall: 23.862 minutes, Δt:  10.06, CFL: 9.00e-01
i:   41600, sim time:    389410 (6.20 T_f), wall: 23.918 minutes, Δt:   9.73, CFL: 9.00e-01
i:   41700, sim time:    390302 (6.21 T_f), wall: 23.971 minutes, Δt:   9.55, CFL: 9.00e-01
i:   41800, sim time:    391200 (6.23 T_f), wall: 24.028 minutes, Δt:   9.60, CFL: 9.00e-01
i:   41900, sim time:    392110 (6.24 T_f), wall: 24.085 minutes, Δt:  10.09, CFL: 9.00e-01
i:   42000, sim time:    393093 (6.26 T_f), wall: 24.137 minutes, Δt:  10.28, CFL: 9.00e-01
i:   42100, sim time:    394019 (6.27 T_f), wall: 24.193 minutes, Δt:   9.70, CFL: 9.00e-01
i:   42200, sim time:    394973 (6.29 T_f), wall: 24.247 minutes, Δt:  10.22, CFL: 9.00e-01
i:   42300, sim time:    395921 (6.30 T_f), wall: 24.300 minutes, Δt:  10.58, CFL: 9.00e-01
i:   42400, sim time:    396861 (6.32 T_f), wall: 24.356 minutes, Δt:  10.36, CFL: 9.00e-01
i:   42500, sim time:    397838 (6.33 T_f), wall: 24.410 minutes, Δt:  10.15, CFL: 9.00e-01
i:   42600, sim time:    398780 (6.35 T_f), wall: 24.462 minutes, Δt:  10.01, CFL: 9.00e-01
i:   42700, sim time:    399694 (6.36 T_f), wall: 24.515 minutes, Δt:   9.61, CFL: 9.00e-01
i:   42800, sim time:    400610 (6.38 T_f), wall: 24.571 minutes, Δt:   9.78, CFL: 9.00e-01
i:   42900, sim time:    401520 (6.39 T_f), wall: 24.624 minutes, Δt:   9.40, CFL: 9.00e-01
i:   43000, sim time:    402440 (6.41 T_f), wall: 24.680 minutes, Δt:   9.88, CFL: 9.00e-01
i:   43100, sim time:    403380 (6.42 T_f), wall: 24.736 minutes, Δt:  10.06, CFL: 9.00e-01
i:   43200, sim time:    404361 (6.44 T_f), wall: 24.790 minutes, Δt:  10.24, CFL: 9.00e-01
i:   43300, sim time:    405330 (6.45 T_f), wall: 24.847 minutes, Δt:  10.12, CFL: 9.00e-01
i:   43400, sim time:    406300 (6.47 T_f), wall: 24.899 minutes, Δt:  10.12, CFL: 9.00e-01
i:   43500, sim time:    407210 (6.48 T_f), wall: 24.954 minutes, Δt:   9.99, CFL: 9.00e-01
i:   43600, sim time:    408120 (6.50 T_f), wall: 25.012 minutes, Δt:   9.50, CFL: 9.00e-01
i:   43700, sim time:    409072 (6.51 T_f), wall: 25.064 minutes, Δt:  10.15, CFL: 9.00e-01
i:   43800, sim time:    410000 (6.53 T_f), wall: 25.115 minutes, Δt:   9.97, CFL: 9.00e-01
i:   43900, sim time:    410930 (6.54 T_f), wall: 25.167 minutes, Δt:  10.03, CFL: 9.00e-01
i:   44000, sim time:    411900 (6.56 T_f), wall: 25.222 minutes, Δt:  10.08, CFL: 9.00e-01
i:   44100, sim time:    412820 (6.57 T_f), wall: 25.275 minutes, Δt:  10.34, CFL: 9.00e-01
i:   44200, sim time:    413810 (6.59 T_f), wall: 25.331 minutes, Δt:  10.31, CFL: 9.00e-01
i:   44300, sim time:    414794 (6.60 T_f), wall: 25.387 minutes, Δt:  10.46, CFL: 9.00e-01
i:   44400, sim time:    415710 (6.62 T_f), wall: 25.438 minutes, Δt:   9.44, CFL: 9.00e-01
i:   44500, sim time:    416649 (6.63 T_f), wall: 25.492 minutes, Δt:   9.56, CFL: 9.00e-01
i:   44600, sim time:    417549 (6.65 T_f), wall: 25.544 minutes, Δt:   9.61, CFL: 9.00e-01
i:   44700, sim time:    418428 (6.66 T_f), wall: 25.599 minutes, Δt:   8.99, CFL: 9.00e-01
i:   44800, sim time:    419330 (6.67 T_f), wall: 25.652 minutes, Δt:  10.14, CFL: 9.00e-01
i:   44900, sim time:    420271 (6.69 T_f), wall: 25.703 minutes, Δt:  10.10, CFL: 9.00e-01
i:   45000, sim time:    421210 (6.70 T_f), wall: 25.755 minutes, Δt:  10.13, CFL: 9.00e-01
i:   45100, sim time:    422158 (6.72 T_f), wall: 25.807 minutes, Δt:   9.38, CFL: 9.00e-01
i:   45200, sim time:    423078 (6.73 T_f), wall: 25.860 minutes, Δt:  10.00, CFL: 9.00e-01
i:   45300, sim time:    423988 (6.75 T_f), wall: 25.911 minutes, Δt:   9.75, CFL: 9.00e-01
i:   45400, sim time:    424891 (6.76 T_f), wall: 25.972 minutes, Δt:   9.81, CFL: 9.00e-01
i:   45500, sim time:    425800 (6.78 T_f), wall: 26.023 minutes, Δt:   9.52, CFL: 9.00e-01
i:   45600, sim time:    426720 (6.79 T_f), wall: 26.075 minutes, Δt:   9.72, CFL: 9.00e-01
i:   45700, sim time:    427649 (6.81 T_f), wall: 26.128 minutes, Δt:   9.68, CFL: 9.00e-01
i:   45800, sim time:    428529 (6.82 T_f), wall: 26.179 minutes, Δt:   9.91, CFL: 9.00e-01
i:   45900, sim time:    429477 (6.84 T_f), wall: 26.249 minutes, Δt:   9.49, CFL: 9.00e-01
i:   46000, sim time:    430370 (6.85 T_f), wall: 26.320 minutes, Δt:  10.01, CFL: 9.00e-01
i:   46100, sim time:    431300 (6.86 T_f), wall: 26.376 minutes, Δt:  10.16, CFL: 9.00e-01
i:   46200, sim time:    432270 (6.88 T_f), wall: 26.432 minutes, Δt:   9.72, CFL: 9.00e-01
i:   46300, sim time:    433195 (6.89 T_f), wall: 26.485 minutes, Δt:   9.44, CFL: 9.00e-01
i:   46400, sim time:    434130 (6.91 T_f), wall: 26.542 minutes, Δt:   9.91, CFL: 9.00e-01
i:   46500, sim time:    435090 (6.92 T_f), wall: 26.596 minutes, Δt:   9.98, CFL: 9.00e-01
i:   46600, sim time:    436030 (6.94 T_f), wall: 26.651 minutes, Δt:  10.01, CFL: 9.00e-01
i:   46700, sim time:    436969 (6.95 T_f), wall: 26.705 minutes, Δt:   9.76, CFL: 9.00e-01
i:   46800, sim time:    437921 (6.97 T_f), wall: 26.762 minutes, Δt:  10.10, CFL: 9.00e-01
i:   46900, sim time:    438881 (6.99 T_f), wall: 26.820 minutes, Δt:  10.01, CFL: 9.00e-01
i:   47000, sim time:    439810 (7.00 T_f), wall: 26.874 minutes, Δt:   9.69, CFL: 9.00e-01
i:   47100, sim time:    440719 (7.01 T_f), wall: 26.928 minutes, Δt:   9.31, CFL: 9.00e-01
i:   47200, sim time:    441638 (7.03 T_f), wall: 26.986 minutes, Δt:   9.37, CFL: 9.00e-01
i:   47300, sim time:    442559 (7.04 T_f), wall: 27.042 minutes, Δt:   9.72, CFL: 9.00e-01
i:   47400, sim time:    443488 (7.06 T_f), wall: 27.122 minutes, Δt:  10.05, CFL: 9.00e-01
i:   47500, sim time:    444384 (7.07 T_f), wall: 27.178 minutes, Δt:   9.39, CFL: 9.00e-01
i:   47600, sim time:    445292 (7.09 T_f), wall: 27.231 minutes, Δt:   9.93, CFL: 9.00e-01
i:   47700, sim time:    446240 (7.10 T_f), wall: 27.288 minutes, Δt:   9.84, CFL: 9.00e-01
i:   47800, sim time:    447155 (7.12 T_f), wall: 27.344 minutes, Δt:   9.58, CFL: 9.00e-01
i:   47900, sim time:    448060 (7.13 T_f), wall: 27.397 minutes, Δt:   9.90, CFL: 9.00e-01
i:   48000, sim time:    448970 (7.15 T_f), wall: 27.456 minutes, Δt:   9.86, CFL: 9.00e-01
i:   48100, sim time:    449855 (7.16 T_f), wall: 27.508 minutes, Δt:   9.22, CFL: 9.00e-01
i:   48200, sim time:    450792 (7.17 T_f), wall: 27.561 minutes, Δt:  10.26, CFL: 9.00e-01
i:   48300, sim time:    451752 (7.19 T_f), wall: 27.615 minutes, Δt:  10.20, CFL: 9.00e-01
i:   48400, sim time:    452710 (7.21 T_f), wall: 27.677 minutes, Δt:   9.94, CFL: 9.00e-01
i:   48500, sim time:    453610 (7.22 T_f), wall: 27.734 minutes, Δt:  10.15, CFL: 9.00e-01
i:   48600, sim time:    454530 (7.23 T_f), wall: 27.787 minutes, Δt:  10.08, CFL: 9.00e-01
i:   48700, sim time:    455446 (7.25 T_f), wall: 27.845 minutes, Δt:   9.33, CFL: 9.00e-01
i:   48800, sim time:    456348 (7.26 T_f), wall: 27.897 minutes, Δt:   9.58, CFL: 9.00e-01
i:   48900, sim time:    457245 (7.28 T_f), wall: 27.951 minutes, Δt:   8.66, CFL: 9.00e-01
i:   49000, sim time:    458126 (7.29 T_f), wall: 28.002 minutes, Δt:   9.74, CFL: 9.00e-01
i:   49100, sim time:    459039 (7.31 T_f), wall: 28.054 minutes, Δt:  10.01, CFL: 9.00e-01
i:   49200, sim time:    459959 (7.32 T_f), wall: 28.108 minutes, Δt:   9.74, CFL: 9.00e-01
i:   49300, sim time:    460891 (7.34 T_f), wall: 28.162 minutes, Δt:  10.22, CFL: 9.00e-01
i:   49400, sim time:    461841 (7.35 T_f), wall: 28.221 minutes, Δt:  10.18, CFL: 9.00e-01
i:   49500, sim time:    462800 (7.37 T_f), wall: 28.279 minutes, Δt:  10.38, CFL: 9.00e-01
i:   49600, sim time:    463750 (7.38 T_f), wall: 28.354 minutes, Δt:   9.87, CFL: 9.00e-01
i:   49700, sim time:    464710 (7.40 T_f), wall: 28.412 minutes, Δt:   9.76, CFL: 9.00e-01
i:   49800, sim time:    465590 (7.41 T_f), wall: 28.463 minutes, Δt:   9.01, CFL: 9.00e-01
i:   49900, sim time:    466471 (7.42 T_f), wall: 28.518 minutes, Δt:  10.02, CFL: 9.00e-01
i:   50000, sim time:    467400 (7.44 T_f), wall: 28.569 minutes, Δt:  10.17, CFL: 9.00e-01
i:   50100, sim time:    468310 (7.45 T_f), wall: 28.626 minutes, Δt:   9.88, CFL: 9.00e-01
i:   50200, sim time:    469210 (7.47 T_f), wall: 28.683 minutes, Δt:   9.82, CFL: 9.00e-01
i:   50300, sim time:    470100 (7.48 T_f), wall: 28.737 minutes, Δt:   9.77, CFL: 9.00e-01
i:   50400, sim time:    471028 (7.50 T_f), wall: 28.791 minutes, Δt:   9.72, CFL: 9.00e-01
i:   50500, sim time:    471972 (7.51 T_f), wall: 28.844 minutes, Δt:  10.10, CFL: 9.00e-01
i:   50600, sim time:    472920 (7.53 T_f), wall: 28.900 minutes, Δt:  10.05, CFL: 9.00e-01
i:   50700, sim time:    473855 (7.54 T_f), wall: 28.955 minutes, Δt:   9.98, CFL: 9.00e-01
i:   50800, sim time:    474787 (7.56 T_f), wall: 29.012 minutes, Δt:   9.92, CFL: 9.00e-01
i:   50900, sim time:    475741 (7.57 T_f), wall: 29.066 minutes, Δt:  10.12, CFL: 9.00e-01
i:   51000, sim time:    476710 (7.59 T_f), wall: 29.122 minutes, Δt:  10.16, CFL: 9.00e-01
i:   51100, sim time:    477630 (7.60 T_f), wall: 29.179 minutes, Δt:   9.99, CFL: 9.00e-01
i:   51200, sim time:    478536 (7.62 T_f), wall: 29.232 minutes, Δt:   9.73, CFL: 9.00e-01
i:   51300, sim time:    479438 (7.63 T_f), wall: 29.290 minutes, Δt:   9.49, CFL: 9.00e-01
i:   51400, sim time:    480337 (7.64 T_f), wall: 29.346 minutes, Δt:   9.16, CFL: 9.00e-01
i:   51500, sim time:    481240 (7.66 T_f), wall: 29.402 minutes, Δt:   9.88, CFL: 9.00e-01
i:   51600, sim time:    482159 (7.67 T_f), wall: 29.455 minutes, Δt:   9.85, CFL: 9.00e-01
i:   51700, sim time:    483057 (7.69 T_f), wall: 29.508 minutes, Δt:   9.69, CFL: 9.00e-01
i:   51800, sim time:    484020 (7.70 T_f), wall: 29.569 minutes, Δt:  10.32, CFL: 9.00e-01
i:   51900, sim time:    484947 (7.72 T_f), wall: 29.627 minutes, Δt:   9.69, CFL: 9.00e-01
i:   52000, sim time:    485851 (7.73 T_f), wall: 29.686 minutes, Δt:  10.11, CFL: 9.00e-01
i:   52100, sim time:    486789 (7.75 T_f), wall: 29.743 minutes, Δt:   9.82, CFL: 9.00e-01
i:   52200, sim time:    487739 (7.76 T_f), wall: 29.800 minutes, Δt:   9.74, CFL: 9.00e-01
i:   52300, sim time:    488626 (7.78 T_f), wall: 29.885 minutes, Δt:   8.98, CFL: 9.00e-01
i:   52400, sim time:    489500 (7.79 T_f), wall: 29.938 minutes, Δt:   9.87, CFL: 9.00e-01
i:   52500, sim time:    490452 (7.81 T_f), wall: 29.997 minutes, Δt:   9.92, CFL: 9.00e-01
i:   52600, sim time:    491410 (7.82 T_f), wall: 30.056 minutes, Δt:  10.04, CFL: 9.00e-01
i:   52700, sim time:    492352 (7.84 T_f), wall: 30.110 minutes, Δt:   9.87, CFL: 9.00e-01
i:   52800, sim time:    493294 (7.85 T_f), wall: 30.165 minutes, Δt:   9.88, CFL: 9.00e-01
i:   52900, sim time:    494231 (7.87 T_f), wall: 30.223 minutes, Δt:   9.95, CFL: 9.00e-01
i:   53000, sim time:    495178 (7.88 T_f), wall: 30.277 minutes, Δt:  10.15, CFL: 9.00e-01
i:   53100, sim time:    496160 (7.90 T_f), wall: 30.336 minutes, Δt:   9.85, CFL: 9.00e-01
i:   53200, sim time:    497120 (7.91 T_f), wall: 30.392 minutes, Δt:  10.10, CFL: 9.00e-01
i:   53300, sim time:    498033 (7.93 T_f), wall: 30.449 minutes, Δt:   9.45, CFL: 9.00e-01
i:   53400, sim time:    498946 (7.94 T_f), wall: 30.504 minutes, Δt:  10.22, CFL: 9.00e-01
i:   53500, sim time:    499888 (7.96 T_f), wall: 30.558 minutes, Δt:   9.85, CFL: 9.00e-01
i:   53600, sim time:    500830 (7.97 T_f), wall: 30.616 minutes, Δt:   9.86, CFL: 9.00e-01
i:   53700, sim time:    501772 (7.99 T_f), wall: 30.669 minutes, Δt:  10.27, CFL: 9.00e-01
i:   53800, sim time:    502695 (8.00 T_f), wall: 30.725 minutes, Δt:   9.36, CFL: 9.00e-01
i:   53900, sim time:    503599 (8.02 T_f), wall: 30.778 minutes, Δt:   9.69, CFL: 9.00e-01
i:   54000, sim time:    504498 (8.03 T_f), wall: 30.832 minutes, Δt:   9.97, CFL: 9.00e-01
i:   54100, sim time:    505400 (8.04 T_f), wall: 30.889 minutes, Δt:   9.61, CFL: 9.00e-01
i:   54200, sim time:    506298 (8.06 T_f), wall: 30.947 minutes, Δt:   9.83, CFL: 9.00e-01
i:   54300, sim time:    507229 (8.07 T_f), wall: 31.003 minutes, Δt:  10.00, CFL: 9.00e-01
i:   54400, sim time:    508150 (8.09 T_f), wall: 31.058 minutes, Δt:   9.92, CFL: 9.00e-01
i:   54500, sim time:    509120 (8.10 T_f), wall: 31.115 minutes, Δt:  10.19, CFL: 9.00e-01
i:   54600, sim time:    510090 (8.12 T_f), wall: 31.173 minutes, Δt:   9.95, CFL: 9.00e-01
i:   54700, sim time:    511030 (8.13 T_f), wall: 31.230 minutes, Δt:  10.03, CFL: 9.00e-01
i:   54800, sim time:    511960 (8.15 T_f), wall: 31.283 minutes, Δt:   9.89, CFL: 9.00e-01
i:   54900, sim time:    512900 (8.16 T_f), wall: 31.343 minutes, Δt:  10.15, CFL: 9.00e-01
i:   55000, sim time:    513840 (8.18 T_f), wall: 31.401 minutes, Δt:  10.11, CFL: 9.00e-01
i:   55100, sim time:    514800 (8.19 T_f), wall: 31.456 minutes, Δt:  10.23, CFL: 9.00e-01
i:   55200, sim time:    515740 (8.21 T_f), wall: 31.514 minutes, Δt:   9.93, CFL: 9.00e-01
i:   55300, sim time:    516659 (8.22 T_f), wall: 31.570 minutes, Δt:  10.24, CFL: 9.00e-01
i:   55400, sim time:    517597 (8.24 T_f), wall: 31.623 minutes, Δt:   9.50, CFL: 9.00e-01
i:   55500, sim time:    518500 (8.25 T_f), wall: 31.678 minutes, Δt:   9.45, CFL: 9.00e-01
i:   55600, sim time:    519420 (8.27 T_f), wall: 31.733 minutes, Δt:   9.80, CFL: 9.00e-01
i:   55700, sim time:    520341 (8.28 T_f), wall: 31.786 minutes, Δt:   9.94, CFL: 9.00e-01
i:   55800, sim time:    521259 (8.30 T_f), wall: 31.843 minutes, Δt:   9.51, CFL: 9.00e-01
i:   55900, sim time:    522179 (8.31 T_f), wall: 31.897 minutes, Δt:   9.70, CFL: 9.00e-01
i:   56000, sim time:    523078 (8.33 T_f), wall: 31.951 minutes, Δt:   9.89, CFL: 9.00e-01
i:   56100, sim time:    524020 (8.34 T_f), wall: 32.013 minutes, Δt:  10.12, CFL: 9.00e-01
i:   56200, sim time:    524919 (8.35 T_f), wall: 32.069 minutes, Δt:   9.69, CFL: 9.00e-01
i:   56300, sim time:    525828 (8.37 T_f), wall: 32.125 minutes, Δt:   9.29, CFL: 9.00e-01
i:   56400, sim time:    526700 (8.38 T_f), wall: 32.179 minutes, Δt:   9.94, CFL: 9.00e-01
i:   56500, sim time:    527619 (8.40 T_f), wall: 32.233 minutes, Δt:   9.18, CFL: 9.00e-01
i:   56600, sim time:    528520 (8.41 T_f), wall: 32.290 minutes, Δt:   9.56, CFL: 9.00e-01
i:   56700, sim time:    529404 (8.43 T_f), wall: 32.343 minutes, Δt:   9.90, CFL: 9.00e-01
i:   56800, sim time:    530319 (8.44 T_f), wall: 32.399 minutes, Δt:   9.63, CFL: 9.00e-01
i:   56900, sim time:    531249 (8.46 T_f), wall: 32.455 minutes, Δt:  10.04, CFL: 9.00e-01
i:   57000, sim time:    532200 (8.47 T_f), wall: 32.509 minutes, Δt:  10.07, CFL: 9.00e-01
i:   57100, sim time:    533109 (8.48 T_f), wall: 32.567 minutes, Δt:   9.46, CFL: 9.00e-01
i:   57200, sim time:    534020 (8.50 T_f), wall: 32.628 minutes, Δt:   9.61, CFL: 9.00e-01
i:   57300, sim time:    534929 (8.51 T_f), wall: 32.681 minutes, Δt:   9.56, CFL: 9.00e-01
i:   57400, sim time:    535829 (8.53 T_f), wall: 32.736 minutes, Δt:   9.51, CFL: 9.00e-01
i:   57500, sim time:    536730 (8.54 T_f), wall: 32.797 minutes, Δt:   9.84, CFL: 9.00e-01
i:   57600, sim time:    537629 (8.56 T_f), wall: 32.857 minutes, Δt:   9.93, CFL: 9.00e-01
i:   57700, sim time:    538541 (8.57 T_f), wall: 32.910 minutes, Δt:  10.06, CFL: 9.00e-01
i:   57800, sim time:    539510 (8.59 T_f), wall: 32.968 minutes, Δt:   9.85, CFL: 9.00e-01
i:   57900, sim time:    540451 (8.60 T_f), wall: 33.023 minutes, Δt:  10.22, CFL: 9.00e-01
i:   58000, sim time:    541430 (8.62 T_f), wall: 33.087 minutes, Δt:  10.20, CFL: 9.00e-01
i:   58100, sim time:    542384 (8.63 T_f), wall: 33.145 minutes, Δt:  10.41, CFL: 9.00e-01
i:   58200, sim time:    543371 (8.65 T_f), wall: 33.200 minutes, Δt:  10.12, CFL: 9.00e-01
i:   58300, sim time:    544310 (8.66 T_f), wall: 33.259 minutes, Δt:   9.67, CFL: 9.00e-01
i:   58400, sim time:    545270 (8.68 T_f), wall: 33.316 minutes, Δt:   9.80, CFL: 9.00e-01
i:   58500, sim time:    546220 (8.69 T_f), wall: 33.374 minutes, Δt:  10.25, CFL: 9.00e-01
i:   58600, sim time:    547190 (8.71 T_f), wall: 33.425 minutes, Δt:  10.03, CFL: 9.00e-01
i:   58700, sim time:    548139 (8.72 T_f), wall: 33.492 minutes, Δt:   9.93, CFL: 9.00e-01
i:   58800, sim time:    549062 (8.74 T_f), wall: 33.550 minutes, Δt:   9.85, CFL: 9.00e-01
i:   58900, sim time:    550010 (8.75 T_f), wall: 33.605 minutes, Δt:   9.97, CFL: 9.00e-01
i:   59000, sim time:    550972 (8.77 T_f), wall: 33.663 minutes, Δt:  10.06, CFL: 9.00e-01
i:   59100, sim time:    551900 (8.78 T_f), wall: 33.717 minutes, Δt:  10.25, CFL: 9.00e-01
i:   59200, sim time:    552800 (8.80 T_f), wall: 33.775 minutes, Δt:   9.85, CFL: 9.00e-01
i:   59300, sim time:    553710 (8.81 T_f), wall: 33.831 minutes, Δt:   9.71, CFL: 9.00e-01
i:   59400, sim time:    554610 (8.83 T_f), wall: 33.891 minutes, Δt:  10.05, CFL: 9.00e-01
i:   59500, sim time:    555530 (8.84 T_f), wall: 33.948 minutes, Δt:  10.03, CFL: 9.00e-01
i:   59600, sim time:    556474 (8.86 T_f), wall: 34.005 minutes, Δt:   9.98, CFL: 9.00e-01
i:   59700, sim time:    557359 (8.87 T_f), wall: 34.057 minutes, Δt:   9.70, CFL: 9.00e-01
i:   59800, sim time:    558247 (8.88 T_f), wall: 34.112 minutes, Δt:   9.38, CFL: 9.00e-01
i:   59900, sim time:    559140 (8.90 T_f), wall: 34.165 minutes, Δt:  10.02, CFL: 9.00e-01
i:   60000, sim time:    560059 (8.91 T_f), wall: 34.223 minutes, Δt:   9.99, CFL: 9.00e-01
i:   60100, sim time:    560948 (8.93 T_f), wall: 34.283 minutes, Δt:   9.50, CFL: 9.00e-01
i:   60200, sim time:    561883 (8.94 T_f), wall: 34.342 minutes, Δt:  10.26, CFL: 9.00e-01
i:   60300, sim time:    562849 (8.96 T_f), wall: 34.407 minutes, Δt:  10.11, CFL: 9.00e-01
i:   60400, sim time:    563800 (8.97 T_f), wall: 34.461 minutes, Δt:   9.55, CFL: 9.00e-01
i:   60500, sim time:    564710 (8.99 T_f), wall: 34.518 minutes, Δt:   9.76, CFL: 9.00e-01
i:   60600, sim time:    565609 (9.00 T_f), wall: 34.571 minutes, Δt:   9.46, CFL: 9.00e-01
i:   60700, sim time:    566500 (9.02 T_f), wall: 34.628 minutes, Δt:   9.76, CFL: 9.00e-01
i:   60800, sim time:    567419 (9.03 T_f), wall: 34.687 minutes, Δt:  10.02, CFL: 9.00e-01
i:   60900, sim time:    568340 (9.05 T_f), wall: 34.739 minutes, Δt:   9.96, CFL: 9.00e-01
i:   61000, sim time:    569292 (9.06 T_f), wall: 34.797 minutes, Δt:  10.44, CFL: 9.00e-01
i:   61100, sim time:    570275 (9.08 T_f), wall: 34.854 minutes, Δt:  10.47, CFL: 9.00e-01
i:   61200, sim time:    571239 (9.09 T_f), wall: 34.912 minutes, Δt:   9.75, CFL: 9.00e-01
i:   61300, sim time:    572188 (9.11 T_f), wall: 34.970 minutes, Δt:   9.91, CFL: 9.00e-01
i:   61400, sim time:    573151 (9.12 T_f), wall: 35.051 minutes, Δt:  10.21, CFL: 9.00e-01
i:   61500, sim time:    574131 (9.14 T_f), wall: 35.113 minutes, Δt:  10.04, CFL: 9.00e-01
i:   61600, sim time:    575050 (9.15 T_f), wall: 35.168 minutes, Δt:   9.90, CFL: 9.00e-01
i:   61700, sim time:    575979 (9.17 T_f), wall: 35.223 minutes, Δt:  10.04, CFL: 9.00e-01
i:   61800, sim time:    576929 (9.18 T_f), wall: 35.282 minutes, Δt:   9.50, CFL: 9.00e-01
i:   61900, sim time:    577849 (9.20 T_f), wall: 35.366 minutes, Δt:   9.98, CFL: 9.00e-01
i:   62000, sim time:    578753 (9.21 T_f), wall: 35.422 minutes, Δt:   9.73, CFL: 9.00e-01
i:   62100, sim time:    579686 (9.23 T_f), wall: 35.479 minutes, Δt:  10.00, CFL: 9.00e-01
i:   62200, sim time:    580649 (9.24 T_f), wall: 35.537 minutes, Δt:   9.85, CFL: 9.00e-01
i:   62300, sim time:    581599 (9.26 T_f), wall: 35.604 minutes, Δt:  10.27, CFL: 9.00e-01
i:   62400, sim time:    582519 (9.27 T_f), wall: 35.664 minutes, Δt:   9.82, CFL: 9.00e-01
i:   62500, sim time:    583441 (9.29 T_f), wall: 35.719 minutes, Δt:   9.74, CFL: 9.00e-01
i:   62600, sim time:    584383 (9.30 T_f), wall: 35.774 minutes, Δt:   9.89, CFL: 9.00e-01
i:   62700, sim time:    585309 (9.32 T_f), wall: 35.831 minutes, Δt:   9.40, CFL: 9.00e-01
i:   62800, sim time:    586229 (9.33 T_f), wall: 35.905 minutes, Δt:   9.57, CFL: 9.00e-01
i:   62900, sim time:    587139 (9.34 T_f), wall: 35.961 minutes, Δt:  10.00, CFL: 9.00e-01
i:   63000, sim time:    588039 (9.36 T_f), wall: 36.016 minutes, Δt:   9.66, CFL: 9.00e-01
i:   63100, sim time:    588929 (9.37 T_f), wall: 36.071 minutes, Δt:   9.62, CFL: 9.00e-01
i:   63200, sim time:    589839 (9.39 T_f), wall: 36.127 minutes, Δt:   9.64, CFL: 9.00e-01
i:   63300, sim time:    590748 (9.40 T_f), wall: 36.181 minutes, Δt:   9.69, CFL: 9.00e-01
i:   63400, sim time:    591679 (9.42 T_f), wall: 36.238 minutes, Δt:  10.12, CFL: 9.00e-01
i:   63500, sim time:    592600 (9.43 T_f), wall: 36.293 minutes, Δt:   9.54, CFL: 9.00e-01
i:   63600, sim time:    593500 (9.45 T_f), wall: 36.350 minutes, Δt:   9.49, CFL: 9.00e-01
i:   63700, sim time:    594422 (9.46 T_f), wall: 36.408 minutes, Δt:  10.18, CFL: 9.00e-01
i:   63800, sim time:    595340 (9.48 T_f), wall: 36.460 minutes, Δt:  10.04, CFL: 9.00e-01
i:   63900, sim time:    596259 (9.49 T_f), wall: 36.520 minutes, Δt:  10.14, CFL: 9.00e-01
i:   64000, sim time:    597190 (9.50 T_f), wall: 36.575 minutes, Δt:   9.99, CFL: 9.00e-01
i:   64100, sim time:    598140 (9.52 T_f), wall: 36.655 minutes, Δt:  10.10, CFL: 9.00e-01
i:   64200, sim time:    599038 (9.53 T_f), wall: 36.719 minutes, Δt:   9.46, CFL: 9.00e-01
i:   64300, sim time:    599984 (9.55 T_f), wall: 36.772 minutes, Δt:  10.50, CFL: 9.00e-01
i:   64400, sim time:    600929 (9.56 T_f), wall: 36.831 minutes, Δt:   9.96, CFL: 9.00e-01
i:   64500, sim time:    601839 (9.58 T_f), wall: 36.887 minutes, Δt:  10.24, CFL: 9.00e-01
i:   64600, sim time:    602768 (9.59 T_f), wall: 36.942 minutes, Δt:   9.89, CFL: 9.00e-01
i:   64700, sim time:    603637 (9.61 T_f), wall: 36.996 minutes, Δt:   9.61, CFL: 9.00e-01
i:   64800, sim time:    604548 (9.62 T_f), wall: 37.052 minutes, Δt:   9.37, CFL: 9.00e-01
i:   64900, sim time:    605458 (9.64 T_f), wall: 37.111 minutes, Δt:   9.78, CFL: 9.00e-01
i:   65000, sim time:    606363 (9.65 T_f), wall: 37.172 minutes, Δt:   9.95, CFL: 9.00e-01
i:   65100, sim time:    607296 (9.67 T_f), wall: 37.230 minutes, Δt:  10.17, CFL: 9.00e-01
i:   65200, sim time:    608248 (9.68 T_f), wall: 37.286 minutes, Δt:  10.19, CFL: 9.00e-01
i:   65300, sim time:    609200 (9.70 T_f), wall: 37.341 minutes, Δt:  10.26, CFL: 9.00e-01
i:   65400, sim time:    610151 (9.71 T_f), wall: 37.402 minutes, Δt:  10.04, CFL: 9.00e-01
i:   65500, sim time:    611100 (9.73 T_f), wall: 37.461 minutes, Δt:  10.06, CFL: 9.00e-01
i:   65600, sim time:    612030 (9.74 T_f), wall: 37.522 minutes, Δt:   9.91, CFL: 9.00e-01
i:   65700, sim time:    612986 (9.76 T_f), wall: 37.576 minutes, Δt:   9.81, CFL: 9.00e-01
i:   65800, sim time:    613900 (9.77 T_f), wall: 37.635 minutes, Δt:   9.79, CFL: 9.00e-01
i:   65900, sim time:    614843 (9.79 T_f), wall: 37.696 minutes, Δt:  10.30, CFL: 9.00e-01
i:   66000, sim time:    615784 (9.80 T_f), wall: 37.748 minutes, Δt:   9.96, CFL: 9.00e-01
i:   66100, sim time:    616751 (9.82 T_f), wall: 37.807 minutes, Δt:  10.20, CFL: 9.00e-01
i:   66200, sim time:    617718 (9.83 T_f), wall: 37.864 minutes, Δt:   9.45, CFL: 9.00e-01
i:   66300, sim time:    618682 (9.85 T_f), wall: 37.920 minutes, Δt:   9.84, CFL: 9.00e-01
i:   66400, sim time:    619631 (9.86 T_f), wall: 37.979 minutes, Δt:  10.00, CFL: 9.00e-01
i:   66500, sim time:    620570 (9.88 T_f), wall: 38.034 minutes, Δt:  10.09, CFL: 9.00e-01
i:   66600, sim time:    621530 (9.89 T_f), wall: 38.091 minutes, Δt:  10.03, CFL: 9.00e-01
i:   66700, sim time:    622481 (9.91 T_f), wall: 38.147 minutes, Δt:  10.20, CFL: 9.00e-01
i:   66800, sim time:    623463 (9.92 T_f), wall: 38.205 minutes, Δt:   9.99, CFL: 9.00e-01
i:   66900, sim time:    624410 (9.94 T_f), wall: 38.260 minutes, Δt:  10.06, CFL: 9.00e-01
i:   67000, sim time:    625360 (9.95 T_f), wall: 38.319 minutes, Δt:  10.12, CFL: 9.00e-01
i:   67100, sim time:    626300 (9.97 T_f), wall: 38.378 minutes, Δt:  10.17, CFL: 9.00e-01
i:   67200, sim time:    627251 (9.98 T_f), wall: 38.441 minutes, Δt:  10.35, CFL: 9.00e-01
i:   67300, sim time:    628200 (10.00 T_f), wall: 38.498 minutes, Δt:  10.17, CFL: 9.00e-01
i:   67400, sim time:    629139 (10.01 T_f), wall: 38.559 minutes, Δt:   9.82, CFL: 9.00e-01
i:   67500, sim time:    630098 (10.03 T_f), wall: 38.615 minutes, Δt:   9.91, CFL: 9.00e-01
i:   67600, sim time:    631020 (10.04 T_f), wall: 38.676 minutes, Δt:   9.82, CFL: 9.00e-01
i:   67700, sim time:    631920 (10.06 T_f), wall: 38.733 minutes, Δt:   9.93, CFL: 9.00e-01
i:   67800, sim time:    632830 (10.07 T_f), wall: 38.791 minutes, Δt:  10.14, CFL: 9.00e-01
i:   67900, sim time:    633782 (10.09 T_f), wall: 38.848 minutes, Δt:  10.10, CFL: 9.00e-01
i:   68000, sim time:    634709 (10.10 T_f), wall: 38.906 minutes, Δt:   9.69, CFL: 9.00e-01
i:   68100, sim time:    635640 (10.12 T_f), wall: 38.961 minutes, Δt:  10.14, CFL: 9.00e-01
i:   68200, sim time:    636590 (10.13 T_f), wall: 39.019 minutes, Δt:   9.73, CFL: 9.00e-01
i:   68300, sim time:    637540 (10.15 T_f), wall: 39.078 minutes, Δt:   9.70, CFL: 9.00e-01
i:   68400, sim time:    638493 (10.16 T_f), wall: 39.136 minutes, Δt:  10.07, CFL: 9.00e-01
i:   68500, sim time:    639468 (10.18 T_f), wall: 39.194 minutes, Δt:   9.39, CFL: 9.00e-01
i:   68600, sim time:    640392 (10.19 T_f), wall: 39.248 minutes, Δt:  10.59, CFL: 9.00e-01
i:   68700, sim time:    641350 (10.21 T_f), wall: 39.305 minutes, Δt:  10.03, CFL: 9.00e-01
i:   68800, sim time:    642320 (10.22 T_f), wall: 39.363 minutes, Δt:  10.33, CFL: 9.00e-01
i:   68900, sim time:    643292 (10.24 T_f), wall: 39.423 minutes, Δt:  10.25, CFL: 9.00e-01
i:   69000, sim time:    644270 (10.25 T_f), wall: 39.483 minutes, Δt:  10.06, CFL: 9.00e-01
i:   69100, sim time:    645200 (10.27 T_f), wall: 39.540 minutes, Δt:   9.95, CFL: 9.00e-01
i:   69200, sim time:    646130 (10.28 T_f), wall: 39.599 minutes, Δt:   9.98, CFL: 9.00e-01
i:   69300, sim time:    647019 (10.30 T_f), wall: 39.658 minutes, Δt:   9.74, CFL: 9.00e-01
i:   69400, sim time:    647929 (10.31 T_f), wall: 39.711 minutes, Δt:   9.50, CFL: 9.00e-01
i:   69500, sim time:    648840 (10.33 T_f), wall: 39.769 minutes, Δt:   9.80, CFL: 9.00e-01
i:   69600, sim time:    649760 (10.34 T_f), wall: 39.826 minutes, Δt:  10.13, CFL: 9.00e-01
i:   69700, sim time:    650688 (10.36 T_f), wall: 39.888 minutes, Δt:   9.83, CFL: 9.00e-01
i:   69800, sim time:    651651 (10.37 T_f), wall: 39.950 minutes, Δt:  10.09, CFL: 9.00e-01
i:   69900, sim time:    652598 (10.39 T_f), wall: 40.004 minutes, Δt:   9.80, CFL: 9.00e-01
i:   70000, sim time:    653548 (10.40 T_f), wall: 40.059 minutes, Δt:   9.56, CFL: 9.00e-01
i:   70100, sim time:    654459 (10.42 T_f), wall: 40.116 minutes, Δt:   9.87, CFL: 9.00e-01
i:   70200, sim time:    655410 (10.43 T_f), wall: 40.175 minutes, Δt:  10.20, CFL: 9.00e-01
i:   70300, sim time:    656369 (10.45 T_f), wall: 40.229 minutes, Δt:  10.02, CFL: 9.00e-01
i:   70400, sim time:    657300 (10.46 T_f), wall: 40.286 minutes, Δt:  10.15, CFL: 9.00e-01
i:   70500, sim time:    658260 (10.48 T_f), wall: 40.344 minutes, Δt:  10.12, CFL: 9.00e-01
i:   70600, sim time:    659200 (10.49 T_f), wall: 40.397 minutes, Δt:  10.57, CFL: 9.00e-01
i:   70700, sim time:    660120 (10.51 T_f), wall: 40.454 minutes, Δt:   9.90, CFL: 9.00e-01
i:   70800, sim time:    661100 (10.52 T_f), wall: 40.514 minutes, Δt:  10.23, CFL: 9.00e-01
i:   70900, sim time:    662068 (10.54 T_f), wall: 40.571 minutes, Δt:   9.75, CFL: 9.00e-01
i:   71000, sim time:    662968 (10.55 T_f), wall: 40.624 minutes, Δt:   9.85, CFL: 9.00e-01
i:   71100, sim time:    663878 (10.57 T_f), wall: 40.681 minutes, Δt:   9.79, CFL: 9.00e-01
i:   71200, sim time:    664777 (10.58 T_f), wall: 40.734 minutes, Δt:   9.73, CFL: 9.00e-01
i:   71300, sim time:    665700 (10.59 T_f), wall: 40.791 minutes, Δt:   9.77, CFL: 9.00e-01
i:   71400, sim time:    666620 (10.61 T_f), wall: 40.847 minutes, Δt:   9.84, CFL: 9.00e-01
i:   71500, sim time:    667564 (10.62 T_f), wall: 40.901 minutes, Δt:  10.24, CFL: 9.00e-01
i:   71600, sim time:    668500 (10.64 T_f), wall: 40.957 minutes, Δt:   9.87, CFL: 9.00e-01
i:   71700, sim time:    669458 (10.65 T_f), wall: 41.016 minutes, Δt:   9.90, CFL: 9.00e-01
i:   71800, sim time:    670400 (10.67 T_f), wall: 41.071 minutes, Δt:   9.60, CFL: 9.00e-01
i:   71900, sim time:    671310 (10.68 T_f), wall: 41.128 minutes, Δt:   9.88, CFL: 9.00e-01
i:   72000, sim time:    672241 (10.70 T_f), wall: 41.184 minutes, Δt:  10.32, CFL: 9.00e-01
i:   72100, sim time:    673170 (10.71 T_f), wall: 41.241 minutes, Δt:  10.12, CFL: 9.00e-01
i:   72200, sim time:    674140 (10.73 T_f), wall: 41.298 minutes, Δt:   9.81, CFL: 9.00e-01
i:   72300, sim time:    675110 (10.74 T_f), wall: 41.357 minutes, Δt:  10.09, CFL: 9.00e-01
i:   72400, sim time:    676093 (10.76 T_f), wall: 41.414 minutes, Δt:  10.20, CFL: 9.00e-01
i:   72500, sim time:    677073 (10.78 T_f), wall: 41.469 minutes, Δt:  10.41, CFL: 9.00e-01
i:   72600, sim time:    678000 (10.79 T_f), wall: 41.528 minutes, Δt:  10.16, CFL: 9.00e-01
i:   72700, sim time:    678910 (10.81 T_f), wall: 41.586 minutes, Δt:   9.73, CFL: 9.00e-01
i:   72800, sim time:    679830 (10.82 T_f), wall: 41.642 minutes, Δt:  10.07, CFL: 9.00e-01
i:   72900, sim time:    680762 (10.83 T_f), wall: 41.702 minutes, Δt:   9.98, CFL: 9.00e-01
i:   73000, sim time:    681694 (10.85 T_f), wall: 41.760 minutes, Δt:  10.02, CFL: 9.00e-01
i:   73100, sim time:    682631 (10.86 T_f), wall: 41.822 minutes, Δt:  10.31, CFL: 9.00e-01
i:   73200, sim time:    683568 (10.88 T_f), wall: 41.879 minutes, Δt:   9.61, CFL: 9.00e-01
i:   73300, sim time:    684471 (10.89 T_f), wall: 41.941 minutes, Δt:  10.01, CFL: 9.00e-01
i:   73400, sim time:    685420 (10.91 T_f), wall: 42.000 minutes, Δt:   9.99, CFL: 9.00e-01
i:   73500, sim time:    686329 (10.92 T_f), wall: 42.060 minutes, Δt:   9.77, CFL: 9.00e-01
i:   73600, sim time:    687280 (10.94 T_f), wall: 42.121 minutes, Δt:   9.62, CFL: 9.00e-01
i:   73700, sim time:    688200 (10.95 T_f), wall: 42.185 minutes, Δt:   9.92, CFL: 9.00e-01
i:   73800, sim time:    689130 (10.97 T_f), wall: 42.252 minutes, Δt:   9.90, CFL: 9.00e-01
i:   73900, sim time:    690019 (10.98 T_f), wall: 42.315 minutes, Δt:   9.73, CFL: 9.00e-01
i:   74000, sim time:    690970 (11.00 T_f), wall: 42.374 minutes, Δt:  10.03, CFL: 9.00e-01
i:   74100, sim time:    691920 (11.01 T_f), wall: 42.438 minutes, Δt:   9.92, CFL: 9.00e-01
i:   74200, sim time:    692861 (11.03 T_f), wall: 42.505 minutes, Δt:  10.38, CFL: 9.00e-01
i:   74300, sim time:    693797 (11.04 T_f), wall: 42.564 minutes, Δt:   9.58, CFL: 9.00e-01
i:   74400, sim time:    694672 (11.06 T_f), wall: 42.626 minutes, Δt:   9.11, CFL: 9.00e-01
i:   74500, sim time:    695561 (11.07 T_f), wall: 42.694 minutes, Δt:   9.60, CFL: 9.00e-01
i:   74600, sim time:    696520 (11.09 T_f), wall: 42.756 minutes, Δt:  10.10, CFL: 9.00e-01
i:   74700, sim time:    697438 (11.10 T_f), wall: 42.819 minutes, Δt:   9.43, CFL: 9.00e-01
i:   74800, sim time:    698376 (11.11 T_f), wall: 42.880 minutes, Δt:   9.99, CFL: 9.00e-01
i:   74900, sim time:    699330 (11.13 T_f), wall: 42.945 minutes, Δt:  10.13, CFL: 9.00e-01
i:   75000, sim time:    700290 (11.15 T_f), wall: 43.004 minutes, Δt:  10.20, CFL: 9.00e-01
i:   75100, sim time:    701210 (11.16 T_f), wall: 43.067 minutes, Δt:   9.93, CFL: 9.00e-01
i:   75200, sim time:    702174 (11.18 T_f), wall: 43.130 minutes, Δt:  10.01, CFL: 9.00e-01
i:   75300, sim time:    703120 (11.19 T_f), wall: 43.194 minutes, Δt:  10.05, CFL: 9.00e-01
i:   75400, sim time:    704070 (11.21 T_f), wall: 43.259 minutes, Δt:  10.23, CFL: 9.00e-01
i:   75500, sim time:    705020 (11.22 T_f), wall: 43.323 minutes, Δt:   9.97, CFL: 9.00e-01
i:   75600, sim time:    705910 (11.23 T_f), wall: 43.386 minutes, Δt:   9.77, CFL: 9.00e-01
i:   75700, sim time:    706814 (11.25 T_f), wall: 43.452 minutes, Δt:   9.88, CFL: 9.00e-01
i:   75800, sim time:    707756 (11.26 T_f), wall: 43.508 minutes, Δt:  10.20, CFL: 9.00e-01
i:   75900, sim time:    708658 (11.28 T_f), wall: 43.571 minutes, Δt:   9.84, CFL: 9.00e-01
i:   76000, sim time:    709591 (11.29 T_f), wall: 43.625 minutes, Δt:  10.10, CFL: 9.00e-01
i:   76100, sim time:    710557 (11.31 T_f), wall: 43.683 minutes, Δt:   9.69, CFL: 9.00e-01
i:   76200, sim time:    711469 (11.32 T_f), wall: 43.738 minutes, Δt:  10.20, CFL: 9.00e-01
i:   76300, sim time:    712410 (11.34 T_f), wall: 43.797 minutes, Δt:  10.24, CFL: 9.00e-01
i:   76400, sim time:    713350 (11.35 T_f), wall: 43.851 minutes, Δt:   9.82, CFL: 9.00e-01
i:   76500, sim time:    714292 (11.37 T_f), wall: 43.912 minutes, Δt:  10.33, CFL: 9.00e-01
i:   76600, sim time:    715250 (11.38 T_f), wall: 43.973 minutes, Δt:   9.79, CFL: 9.00e-01
i:   76700, sim time:    716175 (11.40 T_f), wall: 44.028 minutes, Δt:   9.62, CFL: 9.00e-01
i:   76800, sim time:    717050 (11.41 T_f), wall: 44.088 minutes, Δt:  10.10, CFL: 9.00e-01
i:   76900, sim time:    717958 (11.43 T_f), wall: 44.141 minutes, Δt:   9.80, CFL: 9.00e-01
i:   77000, sim time:    718869 (11.44 T_f), wall: 44.199 minutes, Δt:   9.80, CFL: 9.00e-01
i:   77100, sim time:    719769 (11.46 T_f), wall: 44.255 minutes, Δt:   9.55, CFL: 9.00e-01
i:   77200, sim time:    720700 (11.47 T_f), wall: 44.312 minutes, Δt:  10.05, CFL: 9.00e-01
i:   77300, sim time:    721619 (11.48 T_f), wall: 44.371 minutes, Δt:   9.49, CFL: 9.00e-01
i:   77400, sim time:    722514 (11.50 T_f), wall: 44.428 minutes, Δt:   9.82, CFL: 9.00e-01
i:   77500, sim time:    723430 (11.51 T_f), wall: 44.486 minutes, Δt:  10.09, CFL: 9.00e-01
i:   77600, sim time:    724398 (11.53 T_f), wall: 44.546 minutes, Δt:  10.23, CFL: 9.00e-01
i:   77700, sim time:    725340 (11.54 T_f), wall: 44.602 minutes, Δt:  10.56, CFL: 9.00e-01
i:   77800, sim time:    726310 (11.56 T_f), wall: 44.662 minutes, Δt:  10.12, CFL: 9.00e-01
i:   77900, sim time:    727224 (11.57 T_f), wall: 44.719 minutes, Δt:   9.94, CFL: 9.00e-01
i:   78000, sim time:    728166 (11.59 T_f), wall: 44.773 minutes, Δt:   9.17, CFL: 9.00e-01
i:   78100, sim time:    729045 (11.60 T_f), wall: 44.831 minutes, Δt:   9.25, CFL: 9.00e-01
i:   78200, sim time:    729940 (11.62 T_f), wall: 44.885 minutes, Δt:   9.94, CFL: 9.00e-01
i:   78300, sim time:    730855 (11.63 T_f), wall: 44.946 minutes, Δt:   9.18, CFL: 9.00e-01
i:   78400, sim time:    731780 (11.65 T_f), wall: 45.000 minutes, Δt:   9.89, CFL: 9.00e-01
i:   78500, sim time:    732679 (11.66 T_f), wall: 45.057 minutes, Δt:   9.75, CFL: 9.00e-01
i:   78600, sim time:    733565 (11.68 T_f), wall: 45.113 minutes, Δt:  10.01, CFL: 9.00e-01
i:   78700, sim time:    734497 (11.69 T_f), wall: 45.172 minutes, Δt:  10.22, CFL: 9.00e-01
i:   78800, sim time:    735471 (11.71 T_f), wall: 45.229 minutes, Δt:  10.10, CFL: 9.00e-01
i:   78900, sim time:    736431 (11.72 T_f), wall: 45.287 minutes, Δt:  10.27, CFL: 9.00e-01
i:   79000, sim time:    737394 (11.74 T_f), wall: 45.345 minutes, Δt:  10.35, CFL: 9.00e-01
i:   79100, sim time:    738339 (11.75 T_f), wall: 45.405 minutes, Δt:   9.84, CFL: 9.00e-01
i:   79200, sim time:    739283 (11.77 T_f), wall: 45.470 minutes, Δt:  10.26, CFL: 9.00e-01
i:   79300, sim time:    740210 (11.78 T_f), wall: 45.528 minutes, Δt:   9.73, CFL: 9.00e-01
i:   79400, sim time:    741120 (11.80 T_f), wall: 45.585 minutes, Δt:   9.70, CFL: 9.00e-01
i:   79500, sim time:    742052 (11.81 T_f), wall: 45.647 minutes, Δt:  10.33, CFL: 9.00e-01
i:   79600, sim time:    743029 (11.83 T_f), wall: 45.711 minutes, Δt:  10.01, CFL: 9.00e-01
i:   79700, sim time:    743951 (11.84 T_f), wall: 45.767 minutes, Δt:   9.91, CFL: 9.00e-01
i:   79800, sim time:    744900 (11.86 T_f), wall: 45.826 minutes, Δt:   9.87, CFL: 9.00e-01
i:   79900, sim time:    745830 (11.87 T_f), wall: 45.886 minutes, Δt:   9.95, CFL: 9.00e-01
i:   80000, sim time:    746771 (11.89 T_f), wall: 45.942 minutes, Δt:   9.97, CFL: 9.00e-01
i:   80100, sim time:    747693 (11.90 T_f), wall: 45.999 minutes, Δt:   9.98, CFL: 9.00e-01
i:   80200, sim time:    748609 (11.91 T_f), wall: 46.065 minutes, Δt:   8.99, CFL: 9.00e-01
i:   80300, sim time:    749510 (11.93 T_f), wall: 46.121 minutes, Δt:   9.68, CFL: 9.00e-01
i:   80400, sim time:    750460 (11.94 T_f), wall: 46.183 minutes, Δt:   9.87, CFL: 9.00e-01
i:   80500, sim time:    751369 (11.96 T_f), wall: 46.244 minutes, Δt:   9.56, CFL: 9.00e-01
i:   80600, sim time:    752280 (11.97 T_f), wall: 46.299 minutes, Δt:   9.84, CFL: 9.00e-01
i:   80700, sim time:    753241 (11.99 T_f), wall: 46.369 minutes, Δt:   9.91, CFL: 9.00e-01
i:   80800, sim time:    754148 (12.00 T_f), wall: 46.426 minutes, Δt:   9.81, CFL: 9.00e-01
i:   80900, sim time:    755058 (12.02 T_f), wall: 46.483 minutes, Δt:   9.78, CFL: 9.00e-01
i:   81000, sim time:    755997 (12.03 T_f), wall: 46.540 minutes, Δt:   9.79, CFL: 9.00e-01
i:   81100, sim time:    756910 (12.05 T_f), wall: 46.601 minutes, Δt:   9.86, CFL: 9.00e-01
i:   81200, sim time:    757882 (12.06 T_f), wall: 46.663 minutes, Δt:  10.27, CFL: 9.00e-01
i:   81300, sim time:    758788 (12.08 T_f), wall: 46.717 minutes, Δt:   9.81, CFL: 9.00e-01
i:   81400, sim time:    759700 (12.09 T_f), wall: 46.777 minutes, Δt:   9.70, CFL: 9.00e-01
i:   81500, sim time:    760619 (12.11 T_f), wall: 46.843 minutes, Δt:  10.03, CFL: 9.00e-01
i:   81600, sim time:    761529 (12.12 T_f), wall: 46.905 minutes, Δt:   9.91, CFL: 9.00e-01
i:   81700, sim time:    762459 (12.13 T_f), wall: 46.961 minutes, Δt:   9.94, CFL: 9.00e-01
i:   81800, sim time:    763375 (12.15 T_f), wall: 47.019 minutes, Δt:   9.90, CFL: 9.00e-01
i:   81900, sim time:    764320 (12.16 T_f), wall: 47.083 minutes, Δt:   9.83, CFL: 9.00e-01
i:   82000, sim time:    765228 (12.18 T_f), wall: 47.140 minutes, Δt:  10.09, CFL: 9.00e-01
i:   82100, sim time:    766170 (12.19 T_f), wall: 47.197 minutes, Δt:   9.93, CFL: 9.00e-01
i:   82200, sim time:    767099 (12.21 T_f), wall: 47.254 minutes, Δt:   9.80, CFL: 9.00e-01
i:   82300, sim time:    768000 (12.22 T_f), wall: 47.308 minutes, Δt:   9.63, CFL: 9.00e-01
i:   82400, sim time:    768920 (12.24 T_f), wall: 47.370 minutes, Δt:  10.04, CFL: 9.00e-01
i:   82500, sim time:    769809 (12.25 T_f), wall: 47.424 minutes, Δt:   9.48, CFL: 9.00e-01
i:   82600, sim time:    770720 (12.27 T_f), wall: 47.481 minutes, Δt:  10.02, CFL: 9.00e-01
i:   82700, sim time:    771620 (12.28 T_f), wall: 47.539 minutes, Δt:   9.84, CFL: 9.00e-01
i:   82800, sim time:    772519 (12.30 T_f), wall: 47.596 minutes, Δt:   9.56, CFL: 9.00e-01
i:   82900, sim time:    773440 (12.31 T_f), wall: 47.655 minutes, Δt:  10.03, CFL: 9.00e-01
i:   83000, sim time:    774364 (12.32 T_f), wall: 47.709 minutes, Δt:  10.20, CFL: 9.00e-01
i:   83100, sim time:    775310 (12.34 T_f), wall: 47.773 minutes, Δt:   9.91, CFL: 9.00e-01
i:   83200, sim time:    776208 (12.35 T_f), wall: 47.831 minutes, Δt:   9.77, CFL: 9.00e-01
i:   83300, sim time:    777180 (12.37 T_f), wall: 47.888 minutes, Δt:  10.15, CFL: 9.00e-01
i:   83400, sim time:    778151 (12.38 T_f), wall: 47.947 minutes, Δt:  10.32, CFL: 9.00e-01
i:   83500, sim time:    779131 (12.40 T_f), wall: 48.006 minutes, Δt:  10.21, CFL: 9.00e-01
i:   83600, sim time:    780080 (12.42 T_f), wall: 48.070 minutes, Δt:   9.90, CFL: 9.00e-01
i:   83700, sim time:    780989 (12.43 T_f), wall: 48.127 minutes, Δt:  10.16, CFL: 9.00e-01
i:   83800, sim time:    781960 (12.45 T_f), wall: 48.185 minutes, Δt:   9.93, CFL: 9.00e-01
i:   83900, sim time:    782921 (12.46 T_f), wall: 48.250 minutes, Δt:  10.35, CFL: 9.00e-01
i:   84000, sim time:    783878 (12.48 T_f), wall: 48.309 minutes, Δt:  10.06, CFL: 9.00e-01
i:   84100, sim time:    784755 (12.49 T_f), wall: 48.365 minutes, Δt:   8.99, CFL: 9.00e-01
i:   84200, sim time:    785668 (12.50 T_f), wall: 48.423 minutes, Δt:   9.77, CFL: 9.00e-01
i:   84300, sim time:    786590 (12.52 T_f), wall: 48.480 minutes, Δt:   9.51, CFL: 9.00e-01
i:   84400, sim time:    787490 (12.53 T_f), wall: 48.540 minutes, Δt:  10.00, CFL: 9.00e-01
i:   84500, sim time:    788410 (12.55 T_f), wall: 48.602 minutes, Δt:   9.85, CFL: 9.00e-01
i:   84600, sim time:    789330 (12.56 T_f), wall: 48.660 minutes, Δt:   9.79, CFL: 9.00e-01
i:   84700, sim time:    790228 (12.58 T_f), wall: 48.719 minutes, Δt:   9.40, CFL: 9.00e-01
i:   84800, sim time:    791129 (12.59 T_f), wall: 48.776 minutes, Δt:   9.91, CFL: 9.00e-01
i:   84900, sim time:    792029 (12.61 T_f), wall: 48.832 minutes, Δt:   9.52, CFL: 9.00e-01
i:   85000, sim time:    792920 (12.62 T_f), wall: 48.887 minutes, Δt:   9.80, CFL: 9.00e-01
i:   85100, sim time:    793792 (12.63 T_f), wall: 48.941 minutes, Δt:   9.28, CFL: 9.00e-01
i:   85200, sim time:    794697 (12.65 T_f), wall: 48.997 minutes, Δt:   9.92, CFL: 9.00e-01
i:   85300, sim time:    795619 (12.66 T_f), wall: 49.069 minutes, Δt:   9.44, CFL: 9.00e-01
i:   85400, sim time:    796539 (12.68 T_f), wall: 49.128 minutes, Δt:   9.91, CFL: 9.00e-01
i:   85500, sim time:    797459 (12.69 T_f), wall: 49.187 minutes, Δt:   9.80, CFL: 9.00e-01
i:   85600, sim time:    798400 (12.71 T_f), wall: 49.244 minutes, Δt:  10.28, CFL: 9.00e-01
i:   85700, sim time:    799300 (12.72 T_f), wall: 49.300 minutes, Δt:   9.90, CFL: 9.00e-01
u* = 4.5725e-03 m/s (R² = 0.5523), z₀ fit 2.002e-01 vs imposed 1.600e-03, δ = 45.73 m
case P4_T10_r0.5 finished at 2026-09-04 00:15:32
[ Info: Oceananigans will use 4 threads
┌ Warning: CUDA runtime library `libcusparse.so.12` was loaded from a system path, `/usr/local/software/spack/2024.2/views/maths/cuda-12.6.3/gcc-11.4.0/leehydd5fuufm35ohlbwth2mqtadrq3f/lib64/libcusparse.so.12`.
│ This may cause errors.
│ 
│ If you're running under a profiler, this situation is expected. Otherwise,
│ ensure that your library path environment variable (e.g., `PATH` on Windows
│ or `LD_LIBRARY_PATH` on Linux) does not include CUDA library paths.
│ 
│ In any other case, please file an issue.
└ @ CUDACore ~/.julia/packages/CUDACore/NlVPI/src/initialization.jl:199
┌ Warning: CUDA runtime library `libnvJitLink.so.12` was loaded from a system path, `/usr/local/software/spack/2024.2/views/maths/cuda-12.6.3/gcc-11.4.0/leehydd5fuufm35ohlbwth2mqtadrq3f/lib64/libnvJitLink.so.12`.
│ This may cause errors.
│ 
│ If you're running under a profiler, this situation is expected. Otherwise,
│ ensure that your library path environment variable (e.g., `PATH` on Windows
│ or `LD_LIBRARY_PATH` on Linux) does not include CUDA library paths.
│ 
│ In any other case, please file an issue.
└ @ CUDACore ~/.julia/packages/CUDACore/NlVPI/src/initialization.jl:199
[ Info: closure auxiliary fields at `model.closure_fields` (Tuple)
[ Info: SGS diffusivity resolved as `model.closure_fields[2].κₑ` — 100×100×400 Field{Center, Center, Center} on RectilinearGrid on CUDAGPU
[ Info: writing 13 plane-averaged profiles to /cephfs/store/damtp/tll46/SRIM-2026/Combined/Data/Ekman_moments/4/r=0.5, T=10.0/Moments.jld2 every 314 s (2547 samples)
[ Info: Initializing simulation...
[ Info: health @ 0.00 T_f: max|⟨w⟩_xy| = 6.115e-20 m/s (= 1.5e-18 U∞); κₑ ∈ [0.000e+00, 1.877e-03] m²/s
[ Info:     ... simulation initialization complete (55.686 seconds)
[ Info: Executing initial time step...
[ Info:     ... initial time step complete (4.883 seconds).
[ Info: health @ 0.64 T_f: max|⟨w⟩_xy| = 1.249e-20 m/s (= 3.1e-19 U∞); κₑ ∈ [0.000e+00, 2.143e-03] m²/s
[ Info: health @ 1.27 T_f: max|⟨w⟩_xy| = 2.220e-20 m/s (= 5.6e-19 U∞); κₑ ∈ [0.000e+00, 1.826e-03] m²/s
[ Info: health @ 1.91 T_f: max|⟨w⟩_xy| = 1.943e-20 m/s (= 4.9e-19 U∞); κₑ ∈ [0.000e+00, 1.967e-03] m²/s
[ Info: health @ 2.55 T_f: max|⟨w⟩_xy| = 1.110e-20 m/s (= 2.8e-19 U∞); κₑ ∈ [0.000e+00, 1.810e-03] m²/s
[ Info: health @ 3.18 T_f: max|⟨w⟩_xy| = 6.939e-21 m/s (= 1.7e-19 U∞); κₑ ∈ [0.000e+00, 1.992e-03] m²/s
[ Info: health @ 3.82 T_f: max|⟨w⟩_xy| = 1.388e-20 m/s (= 3.5e-19 U∞); κₑ ∈ [0.000e+00, 2.001e-03] m²/s
[ Info: health @ 4.46 T_f: max|⟨w⟩_xy| = 1.249e-20 m/s (= 3.1e-19 U∞); κₑ ∈ [0.000e+00, 1.833e-03] m²/s
[ Info: health @ 5.09 T_f: max|⟨w⟩_xy| = 9.714e-21 m/s (= 2.4e-19 U∞); κₑ ∈ [0.000e+00, 1.938e-03] m²/s
[ Info: health @ 5.73 T_f: max|⟨w⟩_xy| = 1.527e-20 m/s (= 3.8e-19 U∞); κₑ ∈ [0.000e+00, 2.490e-03] m²/s
[ Info: health @ 6.37 T_f: max|⟨w⟩_xy| = 2.082e-20 m/s (= 5.2e-19 U∞); κₑ ∈ [0.000e+00, 1.977e-03] m²/s
[ Info: health @ 7.00 T_f: max|⟨w⟩_xy| = 1.527e-20 m/s (= 3.8e-19 U∞); κₑ ∈ [0.000e+00, 2.118e-03] m²/s
[ Info: health @ 7.64 T_f: max|⟨w⟩_xy| = 1.527e-20 m/s (= 3.8e-19 U∞); κₑ ∈ [0.000e+00, 1.949e-03] m²/s
[ Info: health @ 8.28 T_f: max|⟨w⟩_xy| = 1.457e-20 m/s (= 3.6e-19 U∞); κₑ ∈ [0.000e+00, 1.947e-03] m²/s
[ Info: health @ 8.91 T_f: max|⟨w⟩_xy| = 1.110e-20 m/s (= 2.8e-19 U∞); κₑ ∈ [0.000e+00, 1.908e-03] m²/s
[ Info: health @ 9.55 T_f: max|⟨w⟩_xy| = 1.527e-20 m/s (= 3.8e-19 U∞); κₑ ∈ [0.000e+00, 2.068e-03] m²/s
[ Info: health @ 10.19 T_f: max|⟨w⟩_xy| = 1.388e-20 m/s (= 3.5e-19 U∞); κₑ ∈ [0.000e+00, 1.853e-03] m²/s
[ Info: health @ 10.82 T_f: max|⟨w⟩_xy| = 8.327e-21 m/s (= 2.1e-19 U∞); κₑ ∈ [0.000e+00, 2.162e-03] m²/s
[ Info: health @ 11.46 T_f: max|⟨w⟩_xy| = 1.110e-20 m/s (= 2.8e-19 U∞); κₑ ∈ [0.000e+00, 2.141e-03] m²/s
[ Info: health @ 12.10 T_f: max|⟨w⟩_xy| = 2.498e-20 m/s (= 6.2e-19 U∞); κₑ ∈ [0.000e+00, 2.098e-03] m²/s
[ Info: Simulation is stopping after running for 48.723 minutes.
[ Info: Simulation time 9.259 days equals or exceeds stop time 9.259 days.
[ Info: health @ 12.73 T_f: max|⟨w⟩_xy| = 1.110e-20 m/s (= 2.8e-19 U∞); κₑ ∈ [0.000e+00, 1.886e-03] m²/s
