per-sample scales at z = h.  L_C = (eps/S^3)^(1/2) exists only where eps > 0
  flow    r      L_N (m)   L_s (m)   L_C (m)   L_K (m)   eps>0 frac
  Stokes 0.2     24.3938    1.6480    0.7433    0.4808      0.99 
  Stokes 0.5      8.1929    1.4761    0.6452    0.5120      0.96 
  Stokes 1        2.8956    2.1508    0.7902    0.4783      0.90 
  Stokes 2        1.4305    2.0805    0.6764    0.4229      0.78 
  Stokes 5        0.5113    1.8156    0.5091    0.1796      0.59 
  Stokes 10       0.2815    1.3691    0.3195    0.0956      0.44   << eps unusable
  Stokes 25       0.1026    0.6299    0.0541    0.0384      0.20   << eps unusable
  Stokes 50       0.0438    0.6851    0.0559    0.0183      0.03   << eps unusable
  Ekman  0.2     20.6251   13.6802    4.4513    1.7138      0.89 
  Ekman  0.5      9.8465   12.5081    4.1324    1.4755      0.93 
  Ekman  1        4.5784   13.0374    3.1278    1.0565      0.78 
  Ekman  2        2.9600   10.6509    2.7289    0.7771      0.73 
  Ekman  5        1.4482    4.8474    1.4439    0.4252      0.85 
  Ekman  10       0.8513    3.0476    0.8399    0.2381      0.88 
  Ekman  25       0.3762    1.1874    0.3104    0.1092      1.00 
  Ekman  50       0.1710    0.4872    0.1436    0.0640      1.00 

fits on the case medians of the 13 reliable cases of 16
  candidate            prop rms: both  Stokes  Ekman |  power b   rms |  saturating: both Stokes Ekman
  L_N alone                82.0 %   107.3 %    45.1 % |   0.54   46.7 % |    35.2 %     6.8 %     7.1 %
  L_C alone                33.5 %    27.0 %    14.9 % |   0.88   31.5 % |    31.0 %    27.1 %    14.9 %
  min(L_N, L_C)            32.6 %    25.3 %    13.8 % |   0.89   30.5 % |    29.9 %    25.4 %    13.8 %
  harmonic, equal          20.3 %    12.5 %    16.2 % |   0.87   15.1 % |    13.8 %    12.6 %     9.5 %
  harmonic, weighted       20.0 %    12.5 %    17.1 % |   0.87   14.2 % |    12.8 %    12.4 %     9.3 %
  p-norm                   19.9 %    13.9 %    17.4 % |   0.87   14.0 % |    12.8 %    13.4 %     9.4 %
  geometric                20.9 %    21.8 %    14.9 % |   0.88   16.8 % |    16.9 %    18.7 %    11.0 %

best saturating curve on both flows: p-norm, rms 12.8 %

wrote /home/tll46/SRIM-2026/Combined/figures/L_N_L_C_vs_r_T10.png
wrote /home/tll46/SRIM-2026/Combined/figures/L_K_vs_Lcomb_corrsin_T10.png
wrote /home/tll46/SRIM-2026/Combined/figures/L_K_vs_Lbest_corrsin_T10.png
