8 Stokes and 8 Ekman cases

TKE(z) = A1 exp(-A2 z/delta), fitted from the TKE peak up to z = h
  flow    r      delta (m)   h/delta   z_peak/delta   A1/u_*^2      A2     rms
  Stokes 0.2        4.444     2.018        0.0070       3.50    1.456   13.1 %
  Stokes 0.5        4.500     2.293        0.0069       3.29    1.510   14.0 %
  Stokes 1          4.377     2.581        0.0071       3.38    1.376   15.0 %
  Stokes 2          4.286     2.480        0.0072       3.44    1.493   13.6 %
  Stokes 5          4.160     2.531        0.0075       3.45    1.492   13.6 %
  Stokes 10         4.087     2.397        0.0076       3.50    1.442   15.3 %
  Stokes 25         3.934     2.303        0.0079       3.34    1.475   16.0 %
  Stokes 50         3.804     2.262        0.0082       3.55    1.519   19.3 %
  Ekman  0.2       34.317     0.659        0.0241       1.73    6.880    5.4 %
  Ekman  0.5       33.357     0.615        0.0248       1.77    6.482    2.9 %
  Ekman  1         31.049     0.666        0.0266       1.76    6.345    3.0 %
  Ekman  2         26.965     0.692        0.0307       1.75    5.279    3.7 %
  Ekman  5         20.825     0.694        0.0397       1.91    4.583    1.6 %
  Ekman  10        16.792     0.682        0.0493       2.01    4.198    2.8 %
  Ekman  25        12.602     0.659        0.0656       2.23    4.009    6.6 %
  Ekman  50         9.983     0.625        0.0355       2.15    4.153   12.9 %
  Stokes: A2 = 1.376 - 1.519 (x1.10)   A2 h/delta = 2.940 - 3.774 (x1.28)   A1/u_*^2 = 3.29 - 3.55 (x1.08)
  Ekman : A2 = 4.009 - 6.880 (x1.72)   A2 h/delta = 2.596 - 4.532 (x1.75)   A1/u_*^2 = 1.73 - 2.23 (x1.29)

wrote /home/tll46/SRIM-2026/Combined/figures/tke_profiles_T10.png
