6 Stokes and 7 Ekman cases from shear_scales_T10.jld2

L_c = 1/(1/L_N + 1/L_s), on all 13 cases
  proportionality  L_K = 0.398 L_c                 rms 18.3 %
  power law        L_K = 0.375 L_c^0.91            rms 12.7 %
  saturating       L_K = 2.183(1 − e^(−L_c/4.887))  rms 10.4 %
  Stokes alone, saturating:                       rms 9.1 %
  Ekman  alone, saturating:                       rms 8.9 %

the shear's share of 1/L_c, w_s = L_c/L_s.  w_s > 1/2 means the shear scale
is the smaller of the two and the mixing is shear-limited
  flow    r       L_N (m)   L_s (m)   L_c (m)   L_K (m)     w_N     w_s
  Stokes 1        2.8956    2.1508    1.2013    0.4783   0.409   0.591   << shear-limited
  Stokes 2        1.4305    2.0805    0.7913    0.4229   0.605   0.395
  Stokes 5        0.5113    1.8156    0.3909    0.1796   0.768   0.232
  Stokes 10       0.2815    1.3691    0.2253    0.0956   0.817   0.183
  Stokes 25       0.1026    0.6299    0.0880    0.0384   0.851   0.149
  Stokes 50       0.0438    0.6851    0.0405    0.0183   0.942   0.058
  Ekman  0.5      9.8465   12.5081    5.4898    1.4755   0.559   0.441
  Ekman  1        4.5784   13.0374    3.3051    1.0565   0.744   0.256
  Ekman  2        2.9600   10.6509    2.2674    0.7771   0.782   0.218
  Ekman  5        1.4482    4.8474    1.1283    0.4252   0.768   0.232
  Ekman  10       0.8513    3.0476    0.6733    0.2381   0.776   0.224
  Ekman  25       0.3762    1.1874    0.2853    0.1092   0.758   0.242
  Ekman  50       0.1710    0.4872    0.1267    0.0640   0.739   0.261

wrote /home/tll46/SRIM-2026/Combined/figures/L_K_vs_Lc_T10.png
