8 Stokes and 8 Ekman cases from profiles_T10.jld2

h_pin, the fraction of samples with h within 5 % of z = T = 10 m:
  Stokes  r=0.2    24 %  r=0.5    26 %  r=1      14 %  r=2      36 %  r=5      45 %  r=10     94 %  r=25      0 %  r=50      0 %
  Ekman   r=0.2     0 %  r=0.5     0 %  r=1       0 %  r=2       0 %  r=5       0 %  r=10      0 %  r=25      0 %  r=50      0 %

flattest stratification exponent:  Stokes p = 0.020   Ekman p = 0.155   (Weatherly & Martin use 1/4)

Stokes:  h/delta across the sweep.  flat is what matters, not the level
  candidate                   h/delta range        max/min   rms about the mean
  plain  0.4u_*/\omega        1.934 - 2.545        1.32          9.1 %
  WM 1/4                      2.037 - 13.677       6.72         64.3 %
  fitted p = 0.020            2.018 - 2.581        1.28          7.3 %
  u_*/sqrt(omega N)           0.361 - 5.470       15.16         86.8 %

Ekman :  h/delta across the sweep.  flat is what matters, not the level
  candidate                   h/delta range        max/min   rms about the mean
  plain  1.3u_*/f             0.186 - 0.655        3.52         43.5 %
  WM 1/4                      0.628 - 1.314        2.09         26.3 %
  fitted p = 0.155            0.615 - 0.694        1.13          4.2 %
  u_*/sqrt(f N)               0.381 - 1.709        4.49         49.8 %

h and u_* per case
  flow    r        h (m)     u_* (m/s)   u_*(p90)   h_pin
  Stokes 0.2       8.970   1.1120e-03  1.4788e-03    0.24
  Stokes 0.5      10.322   1.1302e-03  1.4680e-03    0.26
  Stokes 1        11.296   1.1096e-03  1.4687e-03    0.14
  Stokes 2        10.629   1.1064e-03  1.4716e-03    0.36
  Stokes 5        10.528   1.1101e-03  1.4751e-03    0.45
  Stokes 10        9.795   1.1204e-03  1.4767e-03    0.94
  Stokes 25        9.061   1.1186e-03  1.4681e-03    0.00
  Stokes 50        8.602   1.1120e-03  1.4701e-03    0.00
  Ekman  0.2      22.606   2.6559e-03  2.6844e-03    0.00
  Ekman  0.5      20.521   2.6562e-03  2.6921e-03    0.00
  Ekman  1        20.663   2.6593e-03  2.6988e-03    0.00
  Ekman  2        18.664   2.6620e-03  2.6922e-03    0.00
  Ekman  5        14.458   2.6544e-03  2.6903e-03    0.00
  Ekman  10       11.450   2.6414e-03  2.6771e-03    0.00
  Ekman  25        8.309   2.6301e-03  2.6525e-03    0.00
  Ekman  50        6.240   2.5825e-03  2.6041e-03    0.00

wrote /home/tll46/SRIM-2026/Combined/figures/delta_vs_h_T10.png
