
Stokes: t(h) in hours
  r      N (1/s)   delta (m)   sqrt(Ri)   K_T*    h_sim  h_model at run end (m)         10 m       20 m       30 m       40 m       50 m       60 m
  0.2     2.0e-05      4.44      0.066   0.025    8.97     15.11              1.510e+01  9.864e+02  4.271e+04  1.596e+06  5.525e+07  1.826e+09
  0.5     5.0e-05      4.50      0.180   0.063   10.32     15.30              1.422e+01  8.932e+02  3.715e+04  1.332e+06  4.428e+07  1.405e+09
  1       1.0e-04      4.38      0.693   0.169   11.30     15.63              1.186e+01  8.127e+02  3.698e+04  1.453e+06  5.290e+07  1.839e+09
  2       2.0e-04      4.29      1.535   0.250   10.63     14.68              1.710e+01  1.254e+03  6.125e+04  2.584e+06  1.011e+08  3.775e+09
  5       5.0e-04      4.16      3.308   0.317   10.53     12.88              3.641e+01  2.944e+03  1.591e+05  7.434e+06  3.222e+08  1.334e+10
  10      1.0e-03      4.09      4.477   0.337    9.79     11.41              7.072e+01  6.077e+03  3.497e+05  1.741e+07  8.039e+08  3.546e+10
  25      2.5e-03      3.93      5.700   0.351    9.06      9.39              1.910e+02  1.875e+04  1.238e+06  7.079e+07  3.757e+09  1.905e+11
  50      5.0e-03      3.80     16.226   0.388    8.60      8.09              3.878e+02  4.302e+04  3.221e+06  2.091e+08  1.261e+10  7.261e+11
wrote /home/tll46/SRIM-2026/Combined/figures/growth_stokes_T10.png

Ekman: t(h) in hours
  r      N (1/s)   delta (m)   sqrt(Ri)   K_T*    h_sim  h_model at run end (m)         10 m       20 m       30 m       40 m       50 m       60 m
  0.2     2.0e-05     34.32      0.225   0.022   22.61     30.21              1.654e+00  2.401e+01  2.127e+02  1.575e+03  1.067e+04  6.855e+04
  0.5     5.0e-05     33.36      0.428   0.037   20.52     27.64              2.625e+00  3.971e+01  3.677e+02  2.852e+03  2.024e+04  1.363e+05
  1       1.0e-04     31.05      0.975   0.060   20.66     25.52              3.498e+00  5.910e+01  6.161e+02  5.398e+03  4.337e+04  3.308e+05
  2       2.0e-04     26.97      1.108   0.064   18.66     20.88              8.095e+00  1.748e+02  2.369e+03  2.717e+04  2.867e+05  2.877e+06
  5       5.0e-04     20.83      1.091   0.064   14.46     14.96              3.322e+01  1.264e+03  3.113e+04  6.568e+05  1.281e+07  2.382e+08
  10      1.0e-03     16.79      1.114   0.064   11.45     11.48              1.121e+02  7.876e+03  3.679e+05  1.484e+07  5.549e+08  1.981e+10
wrote /home/tll46/SRIM-2026/Combined/figures/growth_ekman_T10.png
wrote /home/tll46/SRIM-2026/Combined/tables/growth_times_T10.tex
