r = 0.2   h = 22.61 m  kept 7 of 8 heights
r = 0.5   h = 20.52 m  kept 7 of 8 heights
r = 1     h = 20.66 m  kept 6 of 8 heights
r = 2     h = 18.66 m  kept 6 of 8 heights
r = 5     h = 14.46 m  kept 6 of 8 heights
r = 10    h = 11.45 m  kept 6 of 8 heights
r = 25    h =  8.31 m  kept 6 of 8 heights
r = 50    h =  6.24 m  kept 6 of 8 heights

all r    K_T* = 0.1488 sqrt(Ri)/(1+sqrt(Ri))  rms  52.3 %  n =  50  Ri 0.00878 to 4.46e+05
r < 25   K_T* = 0.1220 sqrt(Ri)/(1+sqrt(Ri))  rms  39.8 %  n =  38  Ri 0.00878 to 5.81e+04

  per-r median of K_T*/fit, against the all-r fit and the r < 25 fit
  r = 0.2     1.05    1.28
  r = 0.5     0.75    0.91
  r = 1       0.83    1.01
  r = 2       0.73    0.89
  r = 5       0.54    0.66
  r = 10      0.74    0.90
  r = 25      1.47    1.79
  r = 50      2.44    2.98

   r     z/h    sqrt(Ri)      K_T*    usable
  0.2    0.80      0.094    0.0137      85 %
  0.2    1.00      0.225    0.0287     100 %
  0.2    1.25      0.670    0.0526     100 %
  0.2    1.50      1.207    0.0838     100 %
  0.2    2.00      3.999    0.1275      88 %
  0.2    2.50      3.517    0.1340      76 %
  0.2    3.00      3.197    0.1192      65 %
  0.5    0.80      0.163    0.0266      63 %
  0.5    1.00      0.428    0.0493     100 %
  0.5    1.25      1.459    0.0833     100 %
  0.5    1.50      5.048    0.0929      91 %
  0.5    2.00      5.956    0.0954      56 %
  0.5    2.50     33.229    0.0693      52 %
  0.5    3.00     30.081    0.1042      53 %
  1      1.00      0.975    0.0734     100 %
  1      1.25      5.552    0.0759      98 %
  1      1.50      8.783    0.0873      67 %
  1      2.00     21.493    0.0857      54 %
  1      2.50    158.297    0.1815      69 %
  1      3.00    241.128    0.6192     100 %
  2      1.00      1.108    0.0817     100 %
  2      1.25      5.377    0.0660      94 %
  2      1.50      4.406    0.0980      67 %
  2      2.00     29.523    0.0687      61 %
  2      2.50     50.054    0.1015      58 %
  2      3.00    110.593    0.1126      58 %
  5      1.00      1.091    0.0927     100 %
  5      1.25      7.430    0.0747      95 %
  5      1.50      3.636    0.0612      76 %
  5      2.00      3.738    0.0631      66 %
  5      2.50      9.980    0.0731      61 %
  5      3.00     12.172    0.0675      61 %
  10     1.00      1.114    0.0870     100 %
  10     1.25      3.527    0.0893     100 %
  10     1.50      3.562    0.0839     100 %
  10     2.00      5.683    0.0853      92 %
  10     2.50     13.210    0.0970      91 %
  10     3.00     35.771    0.1091      92 %
  25     1.00      0.999    0.0910     100 %
  25     1.25     12.175    0.1408     100 %
  25     1.50     20.703    0.1797     100 %
  25     2.00     37.928    0.2431     100 %
  25     2.50     76.981    0.2933     100 %
  25     3.00    137.418    0.3273     100 %
  50     1.00      0.908    0.1188     100 %
  50     1.25     16.388    0.2405     100 %
  50     1.50     86.662    0.3141     100 %
  50     2.00    383.901    0.4083     100 %
  50     2.50    494.356    0.4356     100 %
  50     3.00    667.930    0.4761     100 %

wrote /home/tll46/SRIM-2026/Combined/figures/KTstar_vs_Ri_zscan_ekman_T10.png
wrote /home/tll46/SRIM-2026/Combined/figures/KTstar_vs_Ri_zscan_ekman_lowr_T10.png
