8 Stokes and 8 Ekman cases from shear_scales_T10.jld2

fits of l against L_s, on the case medians of all 16 cases
  set       saturating  l = L∞(1 − e^(−x/x₀))            power law  l = A x^b
  Stokes  L∞ =  7.46 m, x₀ =  60.00 m, rms  84.1 % << no knee   A = 0.079, b =  2.43, rms  54.7 %
  Ekman   L∞ =  6.12 m, x₀ =  60.00 m, rms  21.9 % << no knee   A = 0.103, b =  0.96, rms  20.8 %
  both    L∞ =  6.55 m, x₀ =  58.14 m, rms  62.2 % << no knee   A = 0.105, b =  1.03, rms  62.3 %

medians at z = h
  flow    r        L_s (m)      l (m)     l/L_s   samples
  Stokes 0.2        1.6480     0.4808    0.2917      847
  Stokes 0.5        1.4761     0.5120    0.3469      766
  Stokes 1          2.1508     0.4783    0.2224      719
  Stokes 2          2.0805     0.4229    0.2033      709
  Stokes 5          1.8156     0.1796    0.0989      872
  Stokes 10         1.3691     0.0956    0.0698      918
  Stokes 25         0.6299     0.0384    0.0610      891
  Stokes 50         0.6851     0.0183    0.0267     1001
  Ekman  0.2       13.6802     1.7138    0.1253      801
  Ekman  0.5       12.5081     1.4755    0.1180      801
  Ekman  1         13.0374     1.0565    0.0810      801
  Ekman  2         10.6509     0.7771    0.0730      801
  Ekman  5          4.8474     0.4252    0.0877      801
  Ekman  10         3.0476     0.2381    0.0781      801
  Ekman  25         1.1874     0.1092    0.0919      801
  Ekman  50         0.4872     0.0640    0.1314      801

wrote /home/tll46/SRIM-2026/Combined/figures/l_vs_shear_ath_T10_combined.png
wrote /home/tll46/SRIM-2026/Combined/figures/l_vs_shear_ath_T10_combined_errorbars.png
