[2026-08-02 01:15:20] === L sweep start: L ∈ {0.2 0.5 1 1.5} Lz, Ri ∈ {Ri500 Ri2500}, 8 periods, grid 48×48×192 ===
[2026-08-02 01:15:20] reusing archived spin-up: -Varying L_strat/output_L4_Ri0/TidalBL3D_L4_Ri0_fields.jld2
[2026-08-02 01:15:20] run L0p2Lz_Ri500: 8 periods
[2026-08-02 05:24:11]   L0p2Lz_Ri500 reached 8.00 periods
[2026-08-02 05:24:11]   animation L0p2Lz_Ri500
[2026-08-02 05:26:10]   vorticity L0p2Lz_Ri500
[2026-08-02 05:26:38] run L0p2Lz_Ri2500: 8 periods
[2026-08-02 09:34:58]   L0p2Lz_Ri2500 reached 8.00 periods
[2026-08-02 09:34:58]   animation L0p2Lz_Ri2500
[2026-08-02 09:36:58]   vorticity L0p2Lz_Ri2500
[2026-08-02 09:37:26] run L0p5Lz_Ri500: 8 periods
[2026-08-02 13:45:37]   L0p5Lz_Ri500 reached 8.00 periods
[2026-08-02 13:45:37]   animation L0p5Lz_Ri500
[2026-08-02 13:47:37]   vorticity L0p5Lz_Ri500
[2026-08-02 13:48:05] run L0p5Lz_Ri2500: 8 periods
[2026-08-02 17:57:06]   L0p5Lz_Ri2500 reached 8.00 periods
[2026-08-02 17:57:06]   animation L0p5Lz_Ri2500
[2026-08-02 17:59:07]   vorticity L0p5Lz_Ri2500
[2026-08-02 17:59:35] run L1Lz_Ri500: 8 periods
[2026-08-02 22:06:07]   L1Lz_Ri500 reached 8.00 periods
[2026-08-02 22:06:07]   animation L1Lz_Ri500
[2026-08-02 22:08:06]   vorticity L1Lz_Ri500
[2026-08-02 22:08:34] run L1Lz_Ri2500: 8 periods
[2026-08-03 02:18:06]   L1Lz_Ri2500 reached 8.00 periods
[2026-08-03 02:18:06]   animation L1Lz_Ri2500
[2026-08-03 02:20:06]   vorticity L1Lz_Ri2500
[2026-08-03 02:20:34] run L1p5Lz_Ri500: 8 periods
[2026-08-03 06:28:02]   L1p5Lz_Ri500 reached 8.00 periods
[2026-08-03 06:28:02]   animation L1p5Lz_Ri500
[2026-08-03 06:30:02]   vorticity L1p5Lz_Ri500
[2026-08-03 06:30:30] run L1p5Lz_Ri2500: 8 periods
[2026-08-03 10:38:53]   L1p5Lz_Ri2500 reached 8.00 periods
[2026-08-03 10:38:53]   animation L1p5Lz_Ri2500
[2026-08-03 10:40:53]   vorticity L1p5Lz_Ri2500
[2026-08-03 10:41:21] all simulations + per-case post-processing done
[2026-08-03 10:41:21] figures 4 & 5 (all cases)
[2026-08-03 10:42:19] === DONE ===
[2026-08-03 10:42:19]   L0p2Lz_Ri500: 8.00 periods
[2026-08-03 10:42:19]   L0p2Lz_Ri2500: 8.00 periods
[2026-08-03 10:42:19]   L0p5Lz_Ri500: 8.00 periods
[2026-08-03 10:42:19]   L0p5Lz_Ri2500: 8.00 periods
[2026-08-03 10:42:20]   L1Lz_Ri500: 8.00 periods
[2026-08-03 10:42:20]   L1Lz_Ri2500: 8.00 periods
[2026-08-03 10:42:20]   L1p5Lz_Ri500: 8.00 periods
[2026-08-03 10:42:20]   L1p5Lz_Ri2500: 8.00 periods
603M	output_L0p2Lz_Ri2500
602M	output_L0p2Lz_Ri500
602M	output_L0p5Lz_Ri2500
601M	output_L0p5Lz_Ri500
601M	output_L1Lz_Ri2500
601M	output_L1Lz_Ri500
601M	output_L1p5Lz_Ri2500
601M	output_L1p5Lz_Ri500
