
==============================================================================
==== 2026-08-11 20:39:56  Tidal3Danimation.jl sqrtRi5
==== BPLIM=20  PROFILE=4  STRIDE=1  T_STRAT=10
==============================================================================
[ Info: Oceananigans will use 4 threads
[ Info: Case P4_T10_sqrtRi5: Ri = 25 (√Ri = 5), N² = 2.5e-07 s⁻², δ_s = 0.1414 m, Re_s = 5657
[ Info: Domain 10.000 × 10.000 × 50.000 m = 71 × 71 × 354 δ_s (physical), + 70.7 δ_s sponge on top → grid top 424 δ_s, 8 periods
[ Info: Analysed/plotted section: 0 – 20.00 m = 141 δ_s (pycnocline at T = 10.0 m)
[ Info: Background: softplus (profile 4), T = 10.0 m = 70.7 δ_s — N²_bg/N∞² = 0.000 at z = δ_s, 1.000 at z = Lz, 1.000 at lid; Δb over domain = 1.25e-05 m s⁻²
[ Info: Making an animation from 1601 frames...
[ Info: Frame 100 / 1601
[ Info: Frame 200 / 1601
[ Info: Frame 300 / 1601
[ Info: Frame 400 / 1601
[ Info: Frame 500 / 1601
[ Info: Frame 600 / 1601
[ Info: Frame 700 / 1601
[ Info: Frame 800 / 1601
[ Info: Frame 900 / 1601
[ Info: Frame 1000 / 1601
[ Info: Frame 1100 / 1601
[ Info: Frame 1200 / 1601
[ Info: Frame 1300 / 1601
[ Info: Frame 1400 / 1601
[ Info: Frame 1500 / 1601
[ Info: Frame 1600 / 1601
[ Info: Saved animation to /cephfs/store/damtp/tll46/SRIM-2026/Stokes/3D/outputs/P4_T10_sqrtRi5/animation_P4_T10_sqrtRi5.mp4
[ Info: Saved animation for P4_T10_sqrtRi5 in outputs/P4_T10_sqrtRi5/
