
==============================================================================
==== 2026-08-12 08:24:51  Figure4_metres.jl 
==== N_PERIODS_PLOT=5 6 7 8  SKIP_SWEEP=1  SQRT_RI=0 0.5 1 2 5 10  T_VALUES=15 20
==============================================================================
[ Info: Oceananigans will use 4 threads
[ Info: Saved figures/Figure4_softplus_T15.png
[ Info: Saved figures/Figure4_softplus_T20.png
[ Info: SKIP_SWEEP=1 — leaving figures/Figure4_softplus_sweep.png untouched

==============================================================================
==== 2026-08-12 08:25:57  Figure5.jl 
==== N_PERIODS_PLOT=5 6 7 8  SQRT_RI=0 0.5 1 2 5 10  T_VALUES=15 20
==============================================================================
[ Info: Oceananigans will use 4 threads
[ Info: Saved figures/Figure5_P4_T15_sqrtRi0.png
[ Info: Saved figures/Figure5_P4_T15_sqrtRi0p5.png
[ Info: Saved figures/Figure5_P4_T15_sqrtRi1.png
[ Info: Saved figures/Figure5_P4_T15_sqrtRi2.png
[ Info: Saved figures/Figure5_P4_T15_sqrtRi5.png
[ Info: Saved figures/Figure5_P4_T15_sqrtRi10.png
[ Info: Saved figures/Figure5_P4_T20_sqrtRi0.png
[ Info: Saved figures/Figure5_P4_T20_sqrtRi0p5.png
[ Info: Saved figures/Figure5_P4_T20_sqrtRi1.png
[ Info: Saved figures/Figure5_P4_T20_sqrtRi2.png
[ Info: Saved figures/Figure5_P4_T20_sqrtRi5.png
[ Info: Saved figures/Figure5_P4_T20_sqrtRi10.png
[ Info: Figure 5: saved 12 of 12 cases

==============================================================================
==== 2026-08-12 08:57:51  Figure4_metres.jl 
==== SQRT_RI=0 0.5 1 2 5 10  T_VALUES=5 10 15 20 30
==============================================================================
[ Info: Oceananigans will use 4 threads
[ Info: Saved figures/Figure4_softplus_T5.png
[ Info: Saved figures/Figure4_softplus_T10.png
[ Info: Saved figures/Figure4_softplus_T15.png
[ Info: Saved figures/Figure4_softplus_T20.png
[ Info: Saved figures/Figure4_softplus_T30.png
[ Info: Saved figures/Figure4_softplus_sweep.png (30 of 30 cases found)
