
========================================================================================================
==== 2026-08-21 11:42:10  swirlesrun3.jl  Γ = K_T·N/TKE   SKIP_PERIODS=3  N/ω ≥ 5
========================================================================================================
case                  N/ω flux      |    Γ p25    Γ med    Γ p75  IQR/m | dlnΓ/dlnE      r |      n
P4_T10_sqrtRi10      10.0 full      |   0.2508   0.3494   0.4460   0.56 |     -0.05  -0.12 |    799
P4_T5_sqrtRi10       10.0 full      |   0.1194   0.1643   0.2536   0.82 |     +0.27   0.42 |    810
L0p2Lz_Ri500         22.4 resolved  |   0.2900   0.4572   0.6376   0.76 |     -0.14  -0.21 |    884
L0p5Lz_Ri500         22.4 resolved  |   0.4745   0.7470   1.0510   0.77 |     -0.33  -0.58 |    933
L1Lz_Ri500           22.4 resolved  |   0.5824   0.9385   1.3144   0.78 |     -0.31  -0.51 |    856
L1p5Lz_Ri500         22.4 resolved  |   0.4574   0.6529   0.9461   0.75 |     -0.23  -0.35 |    787
L2_Ri500             22.4 resolved  |   0.3306   0.4854   0.6838   0.73 |     -0.07  -0.13 |    828
L4_Ri500             22.4 resolved  |   0.3277   0.4635   0.6699   0.74 |     -0.08  -0.14 |    794
L6_Ri500             22.4 resolved  |   0.3832   0.5546   0.8173   0.78 |     -0.06  -0.11 |    790
L8_Ri500             22.4 resolved  |   0.3775   0.5703   0.8060   0.75 |     -0.13  -0.21 |    778
L0p2Lz_Ri2500        50.0 resolved  |   0.3542   0.5056   0.7010   0.69 |     -0.20  -0.48 |    873
L0p5Lz_Ri2500        50.0 resolved  |   0.3602   0.5102   0.7329   0.73 |     -0.06  -0.12 |    821
L1Lz_Ri2500          50.0 resolved  |   0.4983   0.7160   1.0722   0.80 |     -0.20  -0.31 |    827
L1p5Lz_Ri2500        50.0 resolved  |   0.4334   0.6672   0.9904   0.83 |     -0.26  -0.35 |    741
L2_Ri2500            50.0 resolved  |   0.2601   0.3889   0.5591   0.77 |     -0.02  -0.04 |    665
L4_Ri2500            50.0 resolved  |   0.2762   0.3930   0.5740   0.76 |     -0.03  -0.05 |    552
L6_Ri2500            50.0 resolved  |   0.3065   0.4184   0.5802   0.65 |     +0.03   0.07 |    487
L8_Ri2500            50.0 resolved  |   0.2960   0.4246   0.6018   0.72 |     +0.04   0.07 |    569
--------------------------------------------------------------------------------------------------------
pooled median Γ = 0.4994  (p25 0.3254, p75 0.7690, n = 13794)
  full flux      median Γ = 0.2568   spread across cases 0.1643 – 0.3494 (2 cases)
  resolved only  median Γ = 0.5079   spread across cases 0.3889 – 0.9385 (16 cases)
dlnΓ/dlnE is EXACTLY (panel-d slope − 1): 0 ⇒ K_T ∝ TKE/N.
Legacy cases lack F_sgs, so their K_T and Γ are biased LOW —
an offset between the two flux groups is an artefact, not physics.
wrote h_defs/peak_flux/figures/gamma_collapse.png
========================================================================================================
