
================================================================================================
==== 2026-08-21 11:42:17  swirlesrun4.jl   l = K_T(bulk)/√TKE   SKIP_PERIODS=3
================================================================================================

-- h --
case                      N/ω |      slope        r      n | median l/L
P4_T5_sqrtRi0               0 |      +3.66     0.97   1001 |      0.060
P4_T10_sqrtRi0              0 |      +3.69     0.96   1001 |      0.049
P4_T5_sqrtRi1               1 |      +2.82     0.80    985 |      0.010
P4_T10_sqrtRi1              1 |      +4.79     0.83   1001 |      0.004
P4_T5_sqrtRi2               2 |      +3.98     0.80    987 |      0.004
P4_T10_sqrtRi2              2 |      +5.48     0.71    979 |      0.003
P4_T5_sqrtRi10             10 |      +2.08     0.82   1001 |      0.001
P4_T10_sqrtRi10            10 |      +1.40     0.78   1001 |      0.001

-- delta_s --
case                      N/ω |      slope        r      n | median l/L
P4_T5_sqrtRi0               0 |        n/a  (const)   1001 |      6.192
P4_T10_sqrtRi0              0 |        n/a  (const)   1001 |      5.192
P4_T5_sqrtRi1               1 |        n/a  (const)    985 |      0.830
P4_T10_sqrtRi1              1 |        n/a  (const)   1001 |      0.421
P4_T5_sqrtRi2               2 |        n/a  (const)    987 |      0.368
P4_T10_sqrtRi2              2 |        n/a  (const)    979 |      0.290
P4_T5_sqrtRi10             10 |        n/a  (const)   1001 |      0.080
P4_T10_sqrtRi10            10 |        n/a  (const)   1001 |      0.083

-- ustar_over_omega --
case                      N/ω |      slope        r      n | median l/L
P4_T5_sqrtRi0               0 |      -0.17    -0.11   1001 |      0.122
P4_T10_sqrtRi0              0 |      -0.07    -0.04   1001 |      0.107
P4_T5_sqrtRi1               1 |      +0.10     0.07    985 |      0.013
P4_T10_sqrtRi1              1 |      +0.17     0.09   1001 |      0.008
P4_T5_sqrtRi2               2 |      +0.23     0.12    987 |      0.006
P4_T10_sqrtRi2              2 |      -0.18    -0.08    979 |      0.005
P4_T5_sqrtRi10             10 |      +0.15     0.14   1001 |      0.001
P4_T10_sqrtRi10            10 |      -0.11    -0.10   1001 |      0.001

-- q_over_N --
case                      N/ω |      slope        r      n | median l/L
P4_T5_sqrtRi0               0 |       +NaN      NaN      0 |        NaN
P4_T10_sqrtRi0              0 |       +NaN      NaN      0 |        NaN
P4_T5_sqrtRi1               1 |      -1.11    -0.83    985 |      0.047
P4_T10_sqrtRi1              1 |      -1.35    -0.87   1001 |      0.041
P4_T5_sqrtRi2               2 |      -1.17    -0.77    987 |      0.056
P4_T10_sqrtRi2              2 |      -1.20    -0.57    979 |      0.044
P4_T5_sqrtRi10             10 |      -0.83    -0.72   1001 |      0.024
P4_T10_sqrtRi10            10 |      -0.76    -0.89   1001 |      0.066

------------------------------------------------------------------------------------------------
A candidate is THE scale only if slope ≈ 1 AND median l/L is the same
across cases. Slope 1 with a case-dependent ratio means l is merely
correlated with that scale, not set by it.
wrote h_defs/peak_flux/figures/l_vs_h.png
wrote h_defs/peak_flux/figures/l_vs_delta_s.png
wrote h_defs/peak_flux/figures/l_vs_ustar_over_omega.png
wrote h_defs/peak_flux/figures/l_vs_q_over_N.png
================================================================================================
