found 8 case(s): P4_T5_sqrtRi0, P4_T5_sqrtRi1, P4_T5_sqrtRi2, P4_T5_sqrtRi10, P4_T10_sqrtRi0, P4_T10_sqrtRi1, P4_T10_sqrtRi2, P4_T10_sqrtRi10

==============================================================================================
==== 2026-08-21 11:41:29  swirlesrun2.jl (panel d only)  SKIP_PERIODS=3  L_GEOM=h
==============================================================================================
case                        T    N/ω |    slope       r       n | slope at each cutoff 0.0 1.0 2.0 3.0 4.0 5.0 6.0
P4_T5_sqrtRi0               5      0 |    +0.31    0.64     931 | +0.40 +0.33 +0.32 +0.31 +0.31 +0.27 +0.36
P4_T5_sqrtRi1               5      1 |    +0.76    0.88     898 | +0.72 +0.69 +0.76 +0.76 +0.77 +0.75 +0.89
P4_T5_sqrtRi2               5      2 |    +0.98    0.93     880 | +0.86 +0.86 +0.90 +0.98 +0.99 +0.97 +1.05
P4_T5_sqrtRi10              5     10 |    +1.27    0.91     810 | +0.97 +1.28 +1.30 +1.27 +1.31 +1.33 +1.35
P4_T10_sqrtRi0             10      0 |    +0.26    0.57     928 | +0.42 +0.25 +0.26 +0.26 +0.26 +0.19 +0.17
P4_T10_sqrtRi1             10      1 |    +0.85    0.92     801 | +0.81 +0.83 +0.80 +0.85 +0.86 +0.87 +0.97
P4_T10_sqrtRi2             10      2 |    +0.88    0.91     855 | +0.93 +0.88 +0.90 +0.88 +0.88 +0.91 +0.90
P4_T10_sqrtRi10            10     10 |    +0.95    0.93     799 | +0.88 +0.97 +0.96 +0.95 +0.96 +0.98 +0.99
----------------------------------------------------------------------------------------------
A slope that changes across the cutoff columns is the spin-up transient,
not the closure. Read the exponent only where those columns are flat.
wrote h_defs/peak_flux/figures/panelD_grid.png
      h_defs/peak_flux/figures/panelD_stability.png
      h_defs/peak_flux/figures/panelD_crossover.png
==============================================================================================
