
==============================================================================
VERIFICATION  P4_T5_sqrtRi0   (T = 5 m, N/ω = 0, Ri = 0, zref = 20.0 m, GRAD_FLOOR = 0.050, SMOOTH = tide20)
==============================================================================
  1. max|⟨w⟩_xy| = 2.987e-19 m/s  (= 7.47e-18 U₀)                     PASS
  2. K_T_bulk vs K_T_pe_full: rel RMS diff =   0.5 %, bias =  +0.0 %   PASS
     (brief's uncorrected K_T_pe: 146.0 %; flux leaking past zref = 0.53 × ∫F_b
      — NOT small, so the boundary term must NOT be dropped)
  3. K_sgs/K_T at z = h: median 0.01 (90th pct 0.02)              PASS
  3b. h = peak of −F_b: ambiguous in   48 % of samples, h = 13.33 ± 3.34 m  FAIL
  4. delta_eff = 9.04 ± 1.60 m (CV 0.18); mean h = 13.33 m          PASS
     delta_eff/Lz = 0.181 — the 'peak = mean' shorthand needs this ≈ 1; IT IS NOT — use the integral
  5. panel (d) slope d(log K_T)/d(log TKE) at z = h = +0.33  (r = +0.68, n = 1313)
     N/ω = 0: K_T ~ TKE/N is UNDEFINED (N = 0), so this case CANNOT
     discriminate between the two scalings. It is the unstratified control:
     it shows the machinery works and the √TKE·l branch unsuppressed.
     The exponent needs the stratified cases.
  → FAILED CHECKS (read no further down the list than the first):
      • h is ambiguous in 48 % of samples — the gradient above the layer has several comparable bumps, so the peak is not an interface. Do not use h as a length scale for this case
  wrote outputs/P4_T5_sqrtRi0/mixing_P4_T5_sqrtRi0_hflux.jld2
         h_defs/peak_flux/figures/K_T_P4_T5_sqrtRi0.png

==============================================================================
VERIFICATION  P4_T5_sqrtRi1   (T = 5 m, N/ω = 1, Ri = 1, zref = 20.0 m, GRAD_FLOOR = 0.050, SMOOTH = tide20)
==============================================================================
  1. max|⟨w⟩_xy| = 3.401e-19 m/s  (= 8.50e-18 U₀)                     PASS
  2. K_T_bulk vs K_T_pe_full: rel RMS diff =   0.2 %, bias =  +0.0 %   PASS
     (brief's uncorrected K_T_pe: 6.9 %; flux leaking past zref = 0.02 × ∫F_b
      — small, so the boundary term may be dropped)
  3. K_sgs/K_T at z = h: median 0.02 (90th pct 0.05)              PASS
  3b. h = peak of −F_b: ambiguous in   40 % of samples, h = 10.99 ± 2.66 m  FAIL
  4. delta_eff = 6.15 ± 2.17 m (CV 0.35); mean h = 10.99 m          PASS
     delta_eff/Lz = 0.123 — the 'peak = mean' shorthand needs this ≈ 1; IT IS NOT — use the integral
  5. panel (d) slope d(log K_T)/d(log TKE) at z = h = +0.69  (r = +0.87, n = 1290)
     1/2 ⇒ K_T ~ √TKE·l ;  1 ⇒ K_T ~ TKE/N.  Nearest: √TKE·l
  → FAILED CHECKS (read no further down the list than the first):
      • h is ambiguous in 40 % of samples — the gradient above the layer has several comparable bumps, so the peak is not an interface. Do not use h as a length scale for this case
  wrote outputs/P4_T5_sqrtRi1/mixing_P4_T5_sqrtRi1_hflux.jld2
         h_defs/peak_flux/figures/K_T_P4_T5_sqrtRi1.png

==============================================================================
VERIFICATION  P4_T5_sqrtRi2   (T = 5 m, N/ω = 2, Ri = 4, zref = 20.0 m, GRAD_FLOOR = 0.050, SMOOTH = tide20)
==============================================================================
  1. max|⟨w⟩_xy| = 3.351e-19 m/s  (= 8.38e-18 U₀)                     PASS
  2. K_T_bulk vs K_T_pe_full: rel RMS diff =   0.3 %, bias =  +0.1 %   PASS
     (brief's uncorrected K_T_pe: 8.0 %; flux leaking past zref = 0.07 × ∫F_b
      — small, so the boundary term may be dropped)
  3. K_sgs/K_T at z = h: median 0.04 (90th pct 0.12)              PASS
  3b. h = peak of −F_b: ambiguous in   38 % of samples, h = 10.72 ± 2.47 m  FAIL
  4. delta_eff = 4.79 ± 3.02 m (CV 0.63); mean h = 10.72 m          FAIL
     delta_eff/Lz = 0.096 — the 'peak = mean' shorthand needs this ≈ 1; IT IS NOT — use the integral
  5. panel (d) slope d(log K_T)/d(log TKE) at z = h = +0.86  (r = +0.94, n = 1254)
     1/2 ⇒ K_T ~ √TKE·l ;  1 ⇒ K_T ~ TKE/N.  Nearest: TKE/N
  → FAILED CHECKS (read no further down the list than the first):
      • h is ambiguous in 38 % of samples — the gradient above the layer has several comparable bumps, so the peak is not an interface. Do not use h as a length scale for this case
      • delta_eff wanders (CV 0.63) — use the integral, not the peak
  wrote outputs/P4_T5_sqrtRi2/mixing_P4_T5_sqrtRi2_hflux.jld2
         h_defs/peak_flux/figures/K_T_P4_T5_sqrtRi2.png

==============================================================================
VERIFICATION  P4_T5_sqrtRi10   (T = 5 m, N/ω = 10, Ri = 100, zref = 20.0 m, GRAD_FLOOR = 0.050, SMOOTH = tide20)
==============================================================================
  1. max|⟨w⟩_xy| = 2.776e-19 m/s  (= 6.94e-18 U₀)                     PASS
  2. K_T_bulk vs K_T_pe_full: rel RMS diff =   1.3 %, bias =  +0.0 %   PASS
     (brief's uncorrected K_T_pe: 32.3 %; flux leaking past zref = 0.23 × ∫F_b
      — NOT small, so the boundary term must NOT be dropped)
  3. K_sgs/K_T at z = h: median 0.13 (90th pct 0.45)              PASS
  3b. h = peak of −F_b: ambiguous in   42 % of samples, h = 6.98 ± 1.71 m  FAIL
  4. delta_eff = 5.25 ± 1.43 m (CV 0.27); mean h = 6.98 m          PASS
     delta_eff/Lz = 0.105 — the 'peak = mean' shorthand needs this ≈ 1; IT IS NOT — use the integral
  5. panel (d) slope d(log K_T)/d(log TKE) at z = h = +1.28  (r = +0.91, n = 1149)
     1/2 ⇒ K_T ~ √TKE·l ;  1 ⇒ K_T ~ TKE/N.  Nearest: TKE/N
  → FAILED CHECKS (read no further down the list than the first):
      • h is ambiguous in 42 % of samples — the gradient above the layer has several comparable bumps, so the peak is not an interface. Do not use h as a length scale for this case
  wrote outputs/P4_T5_sqrtRi10/mixing_P4_T5_sqrtRi10_hflux.jld2
         h_defs/peak_flux/figures/K_T_P4_T5_sqrtRi10.png

==============================================================================
VERIFICATION  P4_T10_sqrtRi0   (T = 10 m, N/ω = 0, Ri = 0, zref = 25.0 m, GRAD_FLOOR = 0.050, SMOOTH = tide20)
==============================================================================
  1. max|⟨w⟩_xy| = 2.987e-19 m/s  (= 7.47e-18 U₀)                     PASS
  2. K_T_bulk vs K_T_pe_full: rel RMS diff =   0.3 %, bias =  -0.0 %   PASS
     (brief's uncorrected K_T_pe: 107.3 %; flux leaking past zref = 0.23 × ∫F_b
      — NOT small, so the boundary term must NOT be dropped)
  3. K_sgs/K_T at z = h: median 0.01 (90th pct 0.02)              PASS
  3b. h = peak of −F_b: ambiguous in   61 % of samples, h = 15.12 ± 4.24 m  FAIL
  4. delta_eff = 9.96 ± 2.43 m (CV 0.24); mean h = 15.12 m          PASS
     delta_eff/Lz = 0.199 — the 'peak = mean' shorthand needs this ≈ 1; IT IS NOT — use the integral
  5. panel (d) slope d(log K_T)/d(log TKE) at z = h = +0.25  (r = +0.53, n = 1302)
     N/ω = 0: K_T ~ TKE/N is UNDEFINED (N = 0), so this case CANNOT
     discriminate between the two scalings. It is the unstratified control:
     it shows the machinery works and the √TKE·l branch unsuppressed.
     The exponent needs the stratified cases.
  → FAILED CHECKS (read no further down the list than the first):
      • h is ambiguous in 61 % of samples — the gradient above the layer has several comparable bumps, so the peak is not an interface. Do not use h as a length scale for this case
  wrote outputs/P4_T10_sqrtRi0/mixing_P4_T10_sqrtRi0_hflux.jld2
         h_defs/peak_flux/figures/K_T_P4_T10_sqrtRi0.png

==============================================================================
VERIFICATION  P4_T10_sqrtRi1   (T = 10 m, N/ω = 1, Ri = 1, zref = 25.0 m, GRAD_FLOOR = 0.050, SMOOTH = tide20)
==============================================================================
  1. max|⟨w⟩_xy| = 3.064e-19 m/s  (= 7.66e-18 U₀)                     PASS
  2. K_T_bulk vs K_T_pe_full: rel RMS diff =   0.2 %, bias =  -0.0 %   PASS
     (brief's uncorrected K_T_pe: 5.2 %; flux leaking past zref = 0.03 × ∫F_b
      — small, so the boundary term may be dropped)
  3. K_sgs/K_T at z = h: median 0.03 (90th pct 0.05)              PASS
  3b. h = peak of −F_b: ambiguous in   42 % of samples, h = 12.54 ± 2.45 m  FAIL
  4. delta_eff = 4.55 ± 4.02 m (CV 0.88); mean h = 12.54 m          FAIL
     delta_eff/Lz = 0.091 — the 'peak = mean' shorthand needs this ≈ 1; IT IS NOT — use the integral
  5. panel (d) slope d(log K_T)/d(log TKE) at z = h = +0.83  (r = +0.91, n = 1154)
     1/2 ⇒ K_T ~ √TKE·l ;  1 ⇒ K_T ~ TKE/N.  Nearest: TKE/N
  → FAILED CHECKS (read no further down the list than the first):
      • h is ambiguous in 42 % of samples — the gradient above the layer has several comparable bumps, so the peak is not an interface. Do not use h as a length scale for this case
      • delta_eff wanders (CV 0.88) — use the integral, not the peak
  wrote outputs/P4_T10_sqrtRi1/mixing_P4_T10_sqrtRi1_hflux.jld2
         h_defs/peak_flux/figures/K_T_P4_T10_sqrtRi1.png

==============================================================================
VERIFICATION  P4_T10_sqrtRi2   (T = 10 m, N/ω = 2, Ri = 4, zref = 25.0 m, GRAD_FLOOR = 0.050, SMOOTH = tide20)
==============================================================================
  1. max|⟨w⟩_xy| = 2.928e-19 m/s  (= 7.32e-18 U₀)                     PASS
  2. K_T_bulk vs K_T_pe_full: rel RMS diff =   0.4 %, bias =  +0.0 %   PASS
     (brief's uncorrected K_T_pe: 41.8 %; flux leaking past zref = 0.28 × ∫F_b
      — NOT small, so the boundary term must NOT be dropped)
  3. K_sgs/K_T at z = h: median 0.04 (90th pct 0.08)              PASS
  3b. h = peak of −F_b: ambiguous in   40 % of samples, h = 11.62 ± 1.96 m  FAIL
  4. delta_eff = 4.08 ± 3.21 m (CV 0.79); mean h = 11.62 m          FAIL
     delta_eff/Lz = 0.082 — the 'peak = mean' shorthand needs this ≈ 1; IT IS NOT — use the integral
  5. panel (d) slope d(log K_T)/d(log TKE) at z = h = +0.88  (r = +0.91, n = 1187)
     1/2 ⇒ K_T ~ √TKE·l ;  1 ⇒ K_T ~ TKE/N.  Nearest: TKE/N
  → FAILED CHECKS (read no further down the list than the first):
      • h is ambiguous in 40 % of samples — the gradient above the layer has several comparable bumps, so the peak is not an interface. Do not use h as a length scale for this case
      • delta_eff wanders (CV 0.79) — use the integral, not the peak
  wrote outputs/P4_T10_sqrtRi2/mixing_P4_T10_sqrtRi2_hflux.jld2
         h_defs/peak_flux/figures/K_T_P4_T10_sqrtRi2.png

==============================================================================
VERIFICATION  P4_T10_sqrtRi10   (T = 10 m, N/ω = 10, Ri = 100, zref = 25.0 m, GRAD_FLOOR = 0.050, SMOOTH = tide20)
==============================================================================
  1. max|⟨w⟩_xy| = 2.907e-19 m/s  (= 7.27e-18 U₀)                     PASS
  2. K_T_bulk vs K_T_pe_full: rel RMS diff =   2.2 %, bias =  +0.0 %   PASS
     (brief's uncorrected K_T_pe: 87.0 %; flux leaking past zref = 0.51 × ∫F_b
      — NOT small, so the boundary term must NOT be dropped)
  3. K_sgs/K_T at z = h: median 0.18 (90th pct 0.36)              PASS
  3b. h = peak of −F_b: ambiguous in   79 % of samples, h = 12.57 ± 4.85 m  FAIL
  4. delta_eff = 6.77 ± 2.60 m (CV 0.38); mean h = 12.57 m          PASS
     delta_eff/Lz = 0.135 — the 'peak = mean' shorthand needs this ≈ 1; IT IS NOT — use the integral
  5. panel (d) slope d(log K_T)/d(log TKE) at z = h = +0.97  (r = +0.93, n = 1094)
     1/2 ⇒ K_T ~ √TKE·l ;  1 ⇒ K_T ~ TKE/N.  Nearest: TKE/N
  → FAILED CHECKS (read no further down the list than the first):
      • h is ambiguous in 79 % of samples — the gradient above the layer has several comparable bumps, so the peak is not an interface. Do not use h as a length scale for this case
  wrote outputs/P4_T10_sqrtRi10/mixing_P4_T10_sqrtRi10_hflux.jld2
         h_defs/peak_flux/figures/K_T_P4_T10_sqrtRi10.png

==============================================================================
8 case(s) analysed; 8 with failing checks:
  P4_T10_sqrtRi0
      • h is ambiguous in 61 % of samples — the gradient above the layer has several comparable bumps, so the peak is not an interface. Do not use h as a length scale for this case
  P4_T10_sqrtRi1
      • h is ambiguous in 42 % of samples — the gradient above the layer has several comparable bumps, so the peak is not an interface. Do not use h as a length scale for this case
      • delta_eff wanders (CV 0.88) — use the integral, not the peak
  P4_T10_sqrtRi10
      • h is ambiguous in 79 % of samples — the gradient above the layer has several comparable bumps, so the peak is not an interface. Do not use h as a length scale for this case
  P4_T10_sqrtRi2
      • h is ambiguous in 40 % of samples — the gradient above the layer has several comparable bumps, so the peak is not an interface. Do not use h as a length scale for this case
      • delta_eff wanders (CV 0.79) — use the integral, not the peak
  P4_T5_sqrtRi0
      • h is ambiguous in 48 % of samples — the gradient above the layer has several comparable bumps, so the peak is not an interface. Do not use h as a length scale for this case
  P4_T5_sqrtRi1
      • h is ambiguous in 40 % of samples — the gradient above the layer has several comparable bumps, so the peak is not an interface. Do not use h as a length scale for this case
  P4_T5_sqrtRi10
      • h is ambiguous in 42 % of samples — the gradient above the layer has several comparable bumps, so the peak is not an interface. Do not use h as a length scale for this case
  P4_T5_sqrtRi2
      • h is ambiguous in 38 % of samples — the gradient above the layer has several comparable bumps, so the peak is not an interface. Do not use h as a length scale for this case
      • delta_eff wanders (CV 0.63) — use the integral, not the peak

Do not read the panel (d) slope for a case whose check 1, 2 or 3 failed.
==============================================================================
