i:      0, t:        0.0 s (0.00 periods), wall: 23.736 seconds, Δt:   1.20, CFL: 1.02e-01
i:    100, t:      311.5 s (0.00 periods), wall: 48.654 seconds, Δt:   7.43, CFL: 2.58e-01
i:    200, t:     1570.8 s (0.02 periods), wall: 54.556 seconds, Δt:  11.15, CFL: 7.20e-01
i:    300, t:     2483.6 s (0.04 periods), wall: 1.007 minutes, Δt:   7.63, CFL: 7.20e-01
i:    400, t:     3166.9 s (0.05 periods), wall: 1.106 minutes, Δt:   6.21, CFL: 7.20e-01
i:    500, t:     3737.7 s (0.06 periods), wall: 1.204 minutes, Δt:   5.30, CFL: 7.20e-01
i:    600, t:     4234.6 s (0.07 periods), wall: 1.302 minutes, Δt:   4.76, CFL: 7.20e-01
i:    700, t:     4689.6 s (0.07 periods), wall: 1.401 minutes, Δt:   4.34, CFL: 7.20e-01
i:    800, t:     5103.5 s (0.08 periods), wall: 1.499 minutes, Δt:   4.01, CFL: 7.20e-01
i:    900, t:     5489.6 s (0.09 periods), wall: 1.597 minutes, Δt:   3.76, CFL: 7.20e-01
i:   1000, t:     5854.4 s (0.09 periods), wall: 1.695 minutes, Δt:   3.57, CFL: 7.20e-01
i:   1100, t:     6200.7 s (0.10 periods), wall: 1.793 minutes, Δt:   3.39, CFL: 7.20e-01
i:   1200, t:     6531.3 s (0.10 periods), wall: 1.892 minutes, Δt:   3.25, CFL: 7.20e-01
i:   1300, t:     6848.1 s (0.11 periods), wall: 1.990 minutes, Δt:   3.12, CFL: 7.20e-01
i:   1400, t:     7153.0 s (0.11 periods), wall: 2.089 minutes, Δt:   3.01, CFL: 7.20e-01
i:   1500, t:     7447.2 s (0.12 periods), wall: 2.187 minutes, Δt:   2.91, CFL: 7.20e-01
i:   1600, t:     7734.5 s (0.12 periods), wall: 2.285 minutes, Δt:   2.83, CFL: 7.20e-01
i:   1700, t:     8012.4 s (0.13 periods), wall: 2.384 minutes, Δt:   2.76, CFL: 7.20e-01
i:   1800, t:     8284.4 s (0.13 periods), wall: 2.482 minutes, Δt:   2.69, CFL: 7.20e-01
i:   1900, t:     8548.2 s (0.14 periods), wall: 2.581 minutes, Δt:   2.62, CFL: 7.20e-01
i:   2000, t:     8806.8 s (0.14 periods), wall: 2.679 minutes, Δt:   2.57, CFL: 7.20e-01
i:   2100, t:     9061.2 s (0.14 periods), wall: 2.777 minutes, Δt:   2.52, CFL: 7.20e-01
i:   2200, t:     9309.8 s (0.15 periods), wall: 2.876 minutes, Δt:   2.47, CFL: 7.20e-01
i:   2300, t:     9554.1 s (0.15 periods), wall: 2.974 minutes, Δt:   2.43, CFL: 7.20e-01
i:   2400, t:     9794.0 s (0.16 periods), wall: 3.073 minutes, Δt:   2.39, CFL: 7.20e-01
i:   2500, t:    10031.0 s (0.16 periods), wall: 3.171 minutes, Δt:   2.35, CFL: 7.20e-01
i:   2600, t:    10263.2 s (0.16 periods), wall: 3.269 minutes, Δt:   2.32, CFL: 7.20e-01
i:   2700, t:    10491.3 s (0.17 periods), wall: 3.368 minutes, Δt:   2.29, CFL: 7.20e-01
i:   2800, t:    10717.6 s (0.17 periods), wall: 3.466 minutes, Δt:   2.26, CFL: 7.20e-01
i:   2900, t:    10942.4 s (0.17 periods), wall: 3.565 minutes, Δt:   2.23, CFL: 7.20e-01
i:   3000, t:    11164.3 s (0.18 periods), wall: 3.663 minutes, Δt:   2.21, CFL: 7.20e-01
i:   3100, t:    11382.1 s (0.18 periods), wall: 3.761 minutes, Δt:   2.19, CFL: 7.20e-01
i:   3200, t:    11599.8 s (0.18 periods), wall: 3.860 minutes, Δt:   2.17, CFL: 7.20e-01
i:   3300, t:    11813.6 s (0.19 periods), wall: 3.958 minutes, Δt:   2.15, CFL: 7.20e-01
i:   3400, t:    12025.5 s (0.19 periods), wall: 4.057 minutes, Δt:   2.13, CFL: 7.20e-01
i:   3500, t:    12237.6 s (0.19 periods), wall: 4.155 minutes, Δt:   2.11, CFL: 7.20e-01
i:   3600, t:    12447.9 s (0.20 periods), wall: 4.253 minutes, Δt:   2.10, CFL: 7.20e-01
i:   3700, t:    12656.1 s (0.20 periods), wall: 4.352 minutes, Δt:   2.08, CFL: 7.20e-01
i:   3800, t:    12863.7 s (0.20 periods), wall: 4.450 minutes, Δt:   2.07, CFL: 7.20e-01
i:   3900, t:    13068.3 s (0.21 periods), wall: 4.549 minutes, Δt:   2.06, CFL: 7.20e-01
i:   4000, t:    13272.6 s (0.21 periods), wall: 4.647 minutes, Δt:   2.05, CFL: 7.20e-01
i:   4100, t:    13476.9 s (0.21 periods), wall: 4.746 minutes, Δt:   2.04, CFL: 7.20e-01
i:   4200, t:    13679.6 s (0.22 periods), wall: 4.844 minutes, Δt:   2.03, CFL: 7.20e-01
i:   4300, t:    13881.7 s (0.22 periods), wall: 4.943 minutes, Δt:   2.02, CFL: 7.20e-01
i:   4400, t:    14083.5 s (0.22 periods), wall: 5.041 minutes, Δt:   2.01, CFL: 7.20e-01
i:   4500, t:    14283.9 s (0.23 periods), wall: 5.139 minutes, Δt:   2.01, CFL: 7.20e-01
i:   4600, t:    14483.4 s (0.23 periods), wall: 5.238 minutes, Δt:   2.00, CFL: 7.20e-01
i:   4700, t:    14683.4 s (0.23 periods), wall: 5.336 minutes, Δt:   2.00, CFL: 7.20e-01
i:   4800, t:    14881.2 s (0.24 periods), wall: 5.435 minutes, Δt:   1.99, CFL: 7.20e-01
i:   4900, t:    15079.6 s (0.24 periods), wall: 5.533 minutes, Δt:   1.99, CFL: 7.20e-01
i:   5000, t:    15278.7 s (0.24 periods), wall: 5.631 minutes, Δt:   1.99, CFL: 7.20e-01
i:   5100, t:    15477.3 s (0.25 periods), wall: 5.730 minutes, Δt:   1.99, CFL: 7.20e-01
i:   5200, t:    15676.1 s (0.25 periods), wall: 5.828 minutes, Δt:   1.99, CFL: 7.20e-01
i:   5300, t:    15873.0 s (0.25 periods), wall: 5.926 minutes, Δt:   1.99, CFL: 7.20e-01
i:   5400, t:    16069.9 s (0.26 periods), wall: 6.025 minutes, Δt:   1.99, CFL: 7.20e-01
i:   5500, t:    16268.9 s (0.26 periods), wall: 6.123 minutes, Δt:   1.99, CFL: 7.20e-01
i:   5600, t:    16467.8 s (0.26 periods), wall: 6.221 minutes, Δt:   1.99, CFL: 7.20e-01
i:   5700, t:    16666.4 s (0.27 periods), wall: 6.320 minutes, Δt:   2.00, CFL: 7.20e-01
i:   5800, t:    16866.3 s (0.27 periods), wall: 6.418 minutes, Δt:   2.00, CFL: 7.20e-01
i:   5900, t:    17064.8 s (0.27 periods), wall: 6.517 minutes, Δt:   2.01, CFL: 7.20e-01
i:   6000, t:    17265.7 s (0.27 periods), wall: 6.615 minutes, Δt:   2.01, CFL: 7.20e-01
i:   6100, t:    17466.2 s (0.28 periods), wall: 6.714 minutes, Δt:   2.02, CFL: 7.20e-01
i:   6200, t:    17667.8 s (0.28 periods), wall: 6.812 minutes, Δt:   2.03, CFL: 7.20e-01
i:   6300, t:    17870.9 s (0.28 periods), wall: 6.911 minutes, Δt:   2.04, CFL: 7.20e-01
i:   6400, t:    18074.4 s (0.29 periods), wall: 7.009 minutes, Δt:   2.05, CFL: 7.20e-01
i:   6500, t:    18278.7 s (0.29 periods), wall: 7.107 minutes, Δt:   2.06, CFL: 7.20e-01
i:   6600, t:    18484.8 s (0.29 periods), wall: 7.206 minutes, Δt:   2.07, CFL: 7.20e-01
i:   6700, t:    18691.0 s (0.30 periods), wall: 7.305 minutes, Δt:   2.08, CFL: 7.20e-01
i:   6800, t:    18897.7 s (0.30 periods), wall: 7.404 minutes, Δt:   2.09, CFL: 7.20e-01
i:   6900, t:    19107.7 s (0.30 periods), wall: 7.502 minutes, Δt:   2.11, CFL: 7.20e-01
i:   7000, t:    19318.3 s (0.31 periods), wall: 7.601 minutes, Δt:   2.13, CFL: 7.20e-01
i:   7100, t:    19531.4 s (0.31 periods), wall: 7.700 minutes, Δt:   2.14, CFL: 7.20e-01
i:   7200, t:    19746.5 s (0.31 periods), wall: 7.798 minutes, Δt:   2.16, CFL: 7.20e-01
i:   7300, t:    19961.6 s (0.32 periods), wall: 7.897 minutes, Δt:   2.18, CFL: 7.20e-01
i:   7400, t:    20178.8 s (0.32 periods), wall: 7.995 minutes, Δt:   2.20, CFL: 7.20e-01
i:   7500, t:    20400.4 s (0.32 periods), wall: 8.094 minutes, Δt:   2.23, CFL: 7.20e-01
i:   7600, t:    20624.4 s (0.33 periods), wall: 8.192 minutes, Δt:   2.26, CFL: 7.20e-01
i:   7700, t:    20850.5 s (0.33 periods), wall: 8.291 minutes, Δt:   2.28, CFL: 7.20e-01
i:   7800, t:    21078.7 s (0.34 periods), wall: 8.390 minutes, Δt:   2.31, CFL: 7.20e-01
i:   7900, t:    21311.6 s (0.34 periods), wall: 8.488 minutes, Δt:   2.35, CFL: 7.20e-01
i:   8000, t:    21547.4 s (0.34 periods), wall: 8.587 minutes, Δt:   2.38, CFL: 7.20e-01
i:   8100, t:    21785.5 s (0.35 periods), wall: 8.685 minutes, Δt:   2.42, CFL: 7.20e-01
i:   8200, t:    22028.0 s (0.35 periods), wall: 8.784 minutes, Δt:   2.46, CFL: 7.20e-01
i:   8300, t:    22276.4 s (0.35 periods), wall: 8.882 minutes, Δt:   2.51, CFL: 7.20e-01
i:   8400, t:    22527.7 s (0.36 periods), wall: 8.980 minutes, Δt:   2.54, CFL: 7.20e-01
i:   8500, t:    22780.4 s (0.36 periods), wall: 9.079 minutes, Δt:   2.55, CFL: 7.20e-01
i:   8600, t:    23027.4 s (0.37 periods), wall: 9.178 minutes, Δt:   2.32, CFL: 7.20e-01
i:   8700, t:    23237.7 s (0.37 periods), wall: 9.276 minutes, Δt:   1.73, CFL: 7.20e-01
i:   8800, t:    23361.6 s (0.37 periods), wall: 9.375 minutes, Δt:   0.84, CFL: 7.20e-01
i:   8900, t:    23428.1 s (0.37 periods), wall: 9.473 minutes, Δt:   0.53, CFL: 7.20e-01
i:   9000, t:    23479.2 s (0.37 periods), wall: 9.572 minutes, Δt:   0.49, CFL: 7.20e-01
i:   9100, t:    23527.4 s (0.37 periods), wall: 9.670 minutes, Δt:   0.45, CFL: 7.20e-01
i:   9200, t:    23571.1 s (0.38 periods), wall: 9.769 minutes, Δt:   0.42, CFL: 7.20e-01
i:   9300, t:    23609.4 s (0.38 periods), wall: 9.867 minutes, Δt:   0.30, CFL: 7.20e-01
i:   9400, t:    23646.0 s (0.38 periods), wall: 9.965 minutes, Δt:   0.39, CFL: 7.20e-01
i:   9500, t:    23683.5 s (0.38 periods), wall: 10.063 minutes, Δt:   0.39, CFL: 7.20e-01
i:   9600, t:    23718.8 s (0.38 periods), wall: 10.162 minutes, Δt:   0.40, CFL: 7.20e-01
i:   9700, t:    23758.6 s (0.38 periods), wall: 10.260 minutes, Δt:   0.40, CFL: 7.20e-01
i:   9800, t:    23798.5 s (0.38 periods), wall: 10.358 minutes, Δt:   0.40, CFL: 7.20e-01
i:   9900, t:    23841.2 s (0.38 periods), wall: 10.456 minutes, Δt:   0.44, CFL: 7.20e-01
i:  10000, t:    23886.9 s (0.38 periods), wall: 10.555 minutes, Δt:   0.41, CFL: 7.20e-01
i:  10100, t:    23930.1 s (0.38 periods), wall: 10.653 minutes, Δt:   0.50, CFL: 7.20e-01
i:  10200, t:    23982.1 s (0.38 periods), wall: 10.751 minutes, Δt:   0.53, CFL: 7.20e-01
i:  10300, t:    24036.1 s (0.38 periods), wall: 10.850 minutes, Δt:   0.52, CFL: 7.20e-01
i:  10400, t:    24087.9 s (0.38 periods), wall: 10.949 minutes, Δt:   0.57, CFL: 7.20e-01
i:  10500, t:    24147.7 s (0.38 periods), wall: 11.047 minutes, Δt:   0.62, CFL: 7.20e-01
i:  10600, t:    24205.9 s (0.39 periods), wall: 11.145 minutes, Δt:   0.63, CFL: 7.20e-01
i:  10700, t:    24265.2 s (0.39 periods), wall: 11.244 minutes, Δt:   0.61, CFL: 7.20e-01
i:  10800, t:    24321.3 s (0.39 periods), wall: 11.342 minutes, Δt:   0.61, CFL: 7.20e-01
i:  10900, t:    24378.5 s (0.39 periods), wall: 11.440 minutes, Δt:   0.62, CFL: 7.20e-01
i:  11000, t:    24438.6 s (0.39 periods), wall: 11.538 minutes, Δt:   0.57, CFL: 7.20e-01
i:  11100, t:    24498.6 s (0.39 periods), wall: 11.637 minutes, Δt:   0.54, CFL: 7.20e-01
i:  11200, t:    24557.9 s (0.39 periods), wall: 11.735 minutes, Δt:   0.58, CFL: 7.20e-01
i:  11300, t:    24613.8 s (0.39 periods), wall: 11.833 minutes, Δt:   0.57, CFL: 7.20e-01
i:  11400, t:    24677.9 s (0.39 periods), wall: 11.932 minutes, Δt:   0.65, CFL: 7.20e-01
i:  11500, t:    24745.5 s (0.39 periods), wall: 12.030 minutes, Δt:   0.60, CFL: 7.20e-01
i:  11600, t:    24808.8 s (0.39 periods), wall: 12.128 minutes, Δt:   0.61, CFL: 7.20e-01
i:  11700, t:    24875.9 s (0.40 periods), wall: 12.227 minutes, Δt:   0.69, CFL: 7.20e-01
i:  11800, t:    24946.1 s (0.40 periods), wall: 12.325 minutes, Δt:   0.71, CFL: 7.20e-01
i:  11900, t:    25016.9 s (0.40 periods), wall: 12.423 minutes, Δt:   0.69, CFL: 7.20e-01
i:  12000, t:    25091.9 s (0.40 periods), wall: 12.521 minutes, Δt:   0.82, CFL: 7.20e-01
i:  12100, t:    25168.0 s (0.40 periods), wall: 12.620 minutes, Δt:   0.62, CFL: 7.20e-01
i:  12200, t:    25238.0 s (0.40 periods), wall: 12.718 minutes, Δt:   0.70, CFL: 7.20e-01
i:  12300, t:    25318.0 s (0.40 periods), wall: 12.816 minutes, Δt:   0.73, CFL: 7.20e-01
i:  12400, t:    25395.1 s (0.40 periods), wall: 12.915 minutes, Δt:   0.65, CFL: 7.20e-01
i:  12500, t:    25473.9 s (0.41 periods), wall: 13.013 minutes, Δt:   0.86, CFL: 7.20e-01
i:  12600, t:    25554.4 s (0.41 periods), wall: 13.111 minutes, Δt:   0.72, CFL: 7.20e-01
i:  12700, t:    25638.1 s (0.41 periods), wall: 13.209 minutes, Δt:   0.74, CFL: 7.20e-01
i:  12800, t:    25714.9 s (0.41 periods), wall: 13.308 minutes, Δt:   0.84, CFL: 7.20e-01
i:  12900, t:    25801.9 s (0.41 periods), wall: 13.406 minutes, Δt:   0.87, CFL: 7.20e-01
i:  13000, t:    25889.2 s (0.41 periods), wall: 13.505 minutes, Δt:   0.93, CFL: 7.20e-01
i:  13100, t:    25983.2 s (0.41 periods), wall: 13.603 minutes, Δt:   0.81, CFL: 7.20e-01
i:  13200, t:    26066.4 s (0.41 periods), wall: 13.701 minutes, Δt:   0.93, CFL: 7.20e-01
i:  13300, t:    26157.6 s (0.42 periods), wall: 13.799 minutes, Δt:   0.90, CFL: 7.20e-01
i:  13400, t:    26254.0 s (0.42 periods), wall: 13.898 minutes, Δt:   0.98, CFL: 7.20e-01
i:  13500, t:    26348.3 s (0.42 periods), wall: 13.996 minutes, Δt:   1.02, CFL: 7.20e-01
i:  13600, t:    26448.3 s (0.42 periods), wall: 14.094 minutes, Δt:   0.98, CFL: 7.20e-01
i:  13700, t:    26548.2 s (0.42 periods), wall: 14.193 minutes, Δt:   0.86, CFL: 7.20e-01
i:  13800, t:    26647.1 s (0.42 periods), wall: 14.291 minutes, Δt:   1.01, CFL: 7.20e-01
i:  13900, t:    26752.0 s (0.43 periods), wall: 14.389 minutes, Δt:   1.11, CFL: 7.20e-01
i:  14000, t:    26858.1 s (0.43 periods), wall: 14.488 minutes, Δt:   1.09, CFL: 7.20e-01
i:  14100, t:    26963.3 s (0.43 periods), wall: 14.586 minutes, Δt:   0.97, CFL: 7.20e-01
i:  14200, t:    27057.0 s (0.43 periods), wall: 14.684 minutes, Δt:   1.06, CFL: 7.20e-01
i:  14300, t:    27163.8 s (0.43 periods), wall: 14.783 minutes, Δt:   1.14, CFL: 7.20e-01
i:  14400, t:    27277.8 s (0.43 periods), wall: 14.881 minutes, Δt:   1.15, CFL: 7.20e-01
i:  14500, t:    27386.1 s (0.44 periods), wall: 14.979 minutes, Δt:   1.10, CFL: 7.20e-01
i:  14600, t:    27492.0 s (0.44 periods), wall: 15.077 minutes, Δt:   1.24, CFL: 7.20e-01
i:  14700, t:    27620.6 s (0.44 periods), wall: 15.176 minutes, Δt:   1.16, CFL: 7.20e-01
i:  14800, t:    27744.7 s (0.44 periods), wall: 15.274 minutes, Δt:   1.26, CFL: 7.20e-01
i:  14900, t:    27879.0 s (0.44 periods), wall: 15.372 minutes, Δt:   1.42, CFL: 7.20e-01
i:  15000, t:    28009.0 s (0.45 periods), wall: 15.471 minutes, Δt:   1.35, CFL: 7.20e-01
i:  15100, t:    28130.5 s (0.45 periods), wall: 15.569 minutes, Δt:   1.15, CFL: 7.20e-01
i:  15200, t:    28263.2 s (0.45 periods), wall: 15.667 minutes, Δt:   1.51, CFL: 7.20e-01
i:  15300, t:    28418.5 s (0.45 periods), wall: 15.766 minutes, Δt:   1.45, CFL: 7.20e-01
i:  15400, t:    28541.1 s (0.45 periods), wall: 15.864 minutes, Δt:   1.43, CFL: 7.20e-01
i:  15500, t:    28703.3 s (0.46 periods), wall: 15.963 minutes, Δt:   1.89, CFL: 7.20e-01
i:  15600, t:    28873.5 s (0.46 periods), wall: 16.061 minutes, Δt:   1.69, CFL: 7.20e-01
i:  15700, t:    29039.4 s (0.46 periods), wall: 16.159 minutes, Δt:   1.51, CFL: 7.20e-01
i:  15800, t:    29165.2 s (0.46 periods), wall: 16.258 minutes, Δt:   1.36, CFL: 7.20e-01
i:  15900, t:    29327.8 s (0.47 periods), wall: 16.356 minutes, Δt:   1.57, CFL: 7.20e-01
i:  16000, t:    29507.3 s (0.47 periods), wall: 16.454 minutes, Δt:   1.86, CFL: 7.20e-01
i:  16100, t:    29716.1 s (0.47 periods), wall: 16.553 minutes, Δt:   2.32, CFL: 7.20e-01
i:  16200, t:    29942.3 s (0.48 periods), wall: 16.652 minutes, Δt:   2.33, CFL: 7.20e-01
i:  16300, t:    30163.5 s (0.48 periods), wall: 16.751 minutes, Δt:   2.15, CFL: 7.20e-01
i:  16400, t:    30357.7 s (0.48 periods), wall: 16.849 minutes, Δt:   2.24, CFL: 7.20e-01
i:  16500, t:    30599.6 s (0.49 periods), wall: 16.948 minutes, Δt:   2.43, CFL: 7.20e-01
i:  16600, t:    30865.8 s (0.49 periods), wall: 17.046 minutes, Δt:   3.07, CFL: 7.20e-01
i:  16700, t:    31192.1 s (0.50 periods), wall: 17.144 minutes, Δt:   3.39, CFL: 7.20e-01
i:  16800, t:    31524.7 s (0.50 periods), wall: 17.258 minutes, Δt:   3.11, CFL: 7.20e-01
i:  16900, t:    31818.4 s (0.51 periods), wall: 17.357 minutes, Δt:   2.75, CFL: 7.20e-01
i:  17000, t:    32088.4 s (0.51 periods), wall: 17.456 minutes, Δt:   2.77, CFL: 7.20e-01
i:  17100, t:    32373.0 s (0.52 periods), wall: 17.554 minutes, Δt:   2.98, CFL: 7.20e-01
i:  17200, t:    32641.7 s (0.52 periods), wall: 17.652 minutes, Δt:   2.73, CFL: 7.20e-01
i:  17300, t:    32878.3 s (0.52 periods), wall: 17.752 minutes, Δt:   1.81, CFL: 7.20e-01
i:  17400, t:    33050.3 s (0.53 periods), wall: 17.850 minutes, Δt:   1.96, CFL: 7.20e-01
i:  17500, t:    33230.2 s (0.53 periods), wall: 17.949 minutes, Δt:   1.85, CFL: 7.20e-01
i:  17600, t:    33386.7 s (0.53 periods), wall: 18.047 minutes, Δt:   1.32, CFL: 7.20e-01
i:  17700, t:    33535.6 s (0.53 periods), wall: 18.145 minutes, Δt:   1.84, CFL: 7.20e-01
i:  17800, t:    33674.2 s (0.54 periods), wall: 18.244 minutes, Δt:   1.29, CFL: 7.20e-01
i:  17900, t:    33812.5 s (0.54 periods), wall: 18.342 minutes, Δt:   1.51, CFL: 7.20e-01
i:  18000, t:    33958.1 s (0.54 periods), wall: 18.440 minutes, Δt:   1.37, CFL: 7.20e-01
i:  18100, t:    34081.4 s (0.54 periods), wall: 18.539 minutes, Δt:   1.26, CFL: 7.20e-01
i:  18200, t:    34209.9 s (0.54 periods), wall: 18.637 minutes, Δt:   1.12, CFL: 7.20e-01
i:  18300, t:    34331.4 s (0.55 periods), wall: 18.735 minutes, Δt:   1.18, CFL: 7.20e-01
i:  18400, t:    34438.5 s (0.55 periods), wall: 18.834 minutes, Δt:   1.08, CFL: 7.20e-01
i:  18500, t:    34534.6 s (0.55 periods), wall: 18.932 minutes, Δt:   0.98, CFL: 7.20e-01
i:  18600, t:    34624.5 s (0.55 periods), wall: 19.031 minutes, Δt:   1.00, CFL: 7.20e-01
i:  18700, t:    34721.5 s (0.55 periods), wall: 19.129 minutes, Δt:   0.92, CFL: 7.20e-01
i:  18800, t:    34819.2 s (0.55 periods), wall: 19.227 minutes, Δt:   1.16, CFL: 7.20e-01
i:  18900, t:    34930.0 s (0.56 periods), wall: 19.326 minutes, Δt:   1.16, CFL: 7.20e-01
i:  19000, t:    35026.4 s (0.56 periods), wall: 19.424 minutes, Δt:   1.07, CFL: 7.20e-01
i:  19100, t:    35118.7 s (0.56 periods), wall: 19.522 minutes, Δt:   0.96, CFL: 7.20e-01
i:  19200, t:    35215.9 s (0.56 periods), wall: 19.620 minutes, Δt:   0.87, CFL: 7.20e-01
i:  19300, t:    35310.6 s (0.56 periods), wall: 19.719 minutes, Δt:   0.97, CFL: 7.20e-01
i:  19400, t:    35402.3 s (0.56 periods), wall: 19.817 minutes, Δt:   0.95, CFL: 7.20e-01
i:  19500, t:    35498.1 s (0.56 periods), wall: 19.915 minutes, Δt:   0.80, CFL: 7.20e-01
i:  19600, t:    35577.2 s (0.57 periods), wall: 20.014 minutes, Δt:   0.77, CFL: 7.20e-01
i:  19700, t:    35665.5 s (0.57 periods), wall: 20.112 minutes, Δt:   0.87, CFL: 7.20e-01
i:  19800, t:    35752.8 s (0.57 periods), wall: 20.210 minutes, Δt:   0.93, CFL: 7.20e-01
i:  19900, t:    35840.4 s (0.57 periods), wall: 20.309 minutes, Δt:   0.89, CFL: 7.20e-01
i:  20000, t:    35932.0 s (0.57 periods), wall: 20.407 minutes, Δt:   0.85, CFL: 7.20e-01
i:  20100, t:    36009.6 s (0.57 periods), wall: 20.506 minutes, Δt:   0.80, CFL: 7.20e-01
i:  20200, t:    36096.8 s (0.57 periods), wall: 20.604 minutes, Δt:   0.96, CFL: 7.20e-01
i:  20300, t:    36183.0 s (0.58 periods), wall: 20.702 minutes, Δt:   0.93, CFL: 7.20e-01
i:  20400, t:    36267.7 s (0.58 periods), wall: 20.801 minutes, Δt:   0.93, CFL: 7.20e-01
i:  20500, t:    36348.3 s (0.58 periods), wall: 20.899 minutes, Δt:   0.80, CFL: 7.20e-01
i:  20600, t:    36411.5 s (0.58 periods), wall: 20.997 minutes, Δt:   0.71, CFL: 7.20e-01
i:  20700, t:    36485.2 s (0.58 periods), wall: 21.096 minutes, Δt:   0.76, CFL: 7.20e-01
i:  20800, t:    36562.5 s (0.58 periods), wall: 21.194 minutes, Δt:   0.83, CFL: 7.20e-01
i:  20900, t:    36642.1 s (0.58 periods), wall: 21.292 minutes, Δt:   0.79, CFL: 7.20e-01
i:  21000, t:    36718.1 s (0.58 periods), wall: 21.391 minutes, Δt:   0.81, CFL: 7.20e-01
i:  21100, t:    36795.7 s (0.59 periods), wall: 21.489 minutes, Δt:   0.76, CFL: 7.20e-01
i:  21200, t:    36868.4 s (0.59 periods), wall: 21.587 minutes, Δt:   0.58, CFL: 7.20e-01
i:  21300, t:    36939.0 s (0.59 periods), wall: 21.686 minutes, Δt:   0.81, CFL: 7.20e-01
i:  21400, t:    37015.5 s (0.59 periods), wall: 21.784 minutes, Δt:   0.74, CFL: 7.20e-01
i:  21500, t:    37093.1 s (0.59 periods), wall: 21.882 minutes, Δt:   0.76, CFL: 7.20e-01
i:  21600, t:    37169.7 s (0.59 periods), wall: 21.981 minutes, Δt:   0.67, CFL: 7.20e-01
i:  21700, t:    37242.5 s (0.59 periods), wall: 22.079 minutes, Δt:   0.75, CFL: 7.20e-01
i:  21800, t:    37313.4 s (0.59 periods), wall: 22.177 minutes, Δt:   0.66, CFL: 7.20e-01
i:  21900, t:    37385.7 s (0.60 periods), wall: 22.276 minutes, Δt:   0.76, CFL: 7.20e-01
i:  22000, t:    37456.8 s (0.60 periods), wall: 22.374 minutes, Δt:   0.74, CFL: 7.20e-01
i:  22100, t:    37522.5 s (0.60 periods), wall: 22.472 minutes, Δt:   0.67, CFL: 7.20e-01
i:  22200, t:    37585.3 s (0.60 periods), wall: 22.570 minutes, Δt:   0.57, CFL: 7.20e-01
i:  22300, t:    37655.0 s (0.60 periods), wall: 22.668 minutes, Δt:   0.71, CFL: 7.20e-01
i:  22400, t:    37724.8 s (0.60 periods), wall: 22.767 minutes, Δt:   0.66, CFL: 7.20e-01
i:  22500, t:    37785.6 s (0.60 periods), wall: 22.865 minutes, Δt:   0.52, CFL: 7.20e-01
i:  22600, t:    37853.0 s (0.60 periods), wall: 22.963 minutes, Δt:   0.63, CFL: 7.20e-01
i:  22700, t:    37919.2 s (0.60 periods), wall: 23.062 minutes, Δt:   0.67, CFL: 7.20e-01
i:  22800, t:    37987.3 s (0.60 periods), wall: 23.160 minutes, Δt:   0.71, CFL: 7.20e-01
i:  22900, t:    38058.0 s (0.61 periods), wall: 23.258 minutes, Δt:   0.69, CFL: 7.20e-01
i:  23000, t:    38119.1 s (0.61 periods), wall: 23.356 minutes, Δt:   0.61, CFL: 7.20e-01
i:  23100, t:    38181.0 s (0.61 periods), wall: 23.455 minutes, Δt:   0.62, CFL: 7.20e-01
i:  23200, t:    38245.6 s (0.61 periods), wall: 23.553 minutes, Δt:   0.63, CFL: 7.20e-01
i:  23300, t:    38308.5 s (0.61 periods), wall: 23.651 minutes, Δt:   0.59, CFL: 7.20e-01
i:  23400, t:    38366.4 s (0.61 periods), wall: 23.749 minutes, Δt:   0.56, CFL: 7.20e-01
i:  23500, t:    38430.5 s (0.61 periods), wall: 23.848 minutes, Δt:   0.66, CFL: 7.20e-01
i:  23600, t:    38486.5 s (0.61 periods), wall: 23.946 minutes, Δt:   0.63, CFL: 7.20e-01
i:  23700, t:    38553.0 s (0.61 periods), wall: 24.044 minutes, Δt:   0.61, CFL: 7.20e-01
i:  23800, t:    38615.2 s (0.61 periods), wall: 24.142 minutes, Δt:   0.57, CFL: 7.20e-01
i:  23900, t:    38673.9 s (0.62 periods), wall: 24.241 minutes, Δt:   0.64, CFL: 7.20e-01
i:  24000, t:    38739.5 s (0.62 periods), wall: 24.339 minutes, Δt:   0.53, CFL: 7.20e-01
i:  24100, t:    38802.2 s (0.62 periods), wall: 24.439 minutes, Δt:   0.65, CFL: 7.20e-01
i:  24200, t:    38865.2 s (0.62 periods), wall: 24.537 minutes, Δt:   0.62, CFL: 7.20e-01
i:  24300, t:    38926.8 s (0.62 periods), wall: 24.635 minutes, Δt:   0.56, CFL: 7.20e-01
i:  24400, t:    38988.8 s (0.62 periods), wall: 24.733 minutes, Δt:   0.59, CFL: 7.20e-01
i:  24500, t:    39046.1 s (0.62 periods), wall: 24.832 minutes, Δt:   0.63, CFL: 7.20e-01
i:  24600, t:    39105.8 s (0.62 periods), wall: 24.930 minutes, Δt:   0.63, CFL: 7.20e-01
i:  24700, t:    39167.1 s (0.62 periods), wall: 25.028 minutes, Δt:   0.65, CFL: 7.20e-01
i:  24800, t:    39227.9 s (0.62 periods), wall: 25.126 minutes, Δt:   0.53, CFL: 7.20e-01
i:  24900, t:    39282.8 s (0.63 periods), wall: 25.225 minutes, Δt:   0.46, CFL: 7.20e-01
i:  25000, t:    39339.6 s (0.63 periods), wall: 25.323 minutes, Δt:   0.64, CFL: 7.20e-01
i:  25100, t:    39398.5 s (0.63 periods), wall: 25.421 minutes, Δt:   0.57, CFL: 7.20e-01
i:  25200, t:    39456.1 s (0.63 periods), wall: 25.520 minutes, Δt:   0.64, CFL: 7.20e-01
i:  25300, t:    39518.4 s (0.63 periods), wall: 25.618 minutes, Δt:   0.65, CFL: 7.20e-01
i:  25400, t:    39583.0 s (0.63 periods), wall: 25.716 minutes, Δt:   0.64, CFL: 7.20e-01
i:  25500, t:    39640.3 s (0.63 periods), wall: 25.815 minutes, Δt:   0.57, CFL: 7.20e-01
i:  25600, t:    39696.0 s (0.63 periods), wall: 25.913 minutes, Δt:   0.55, CFL: 7.20e-01
i:  25700, t:    39754.0 s (0.63 periods), wall: 26.011 minutes, Δt:   0.54, CFL: 7.20e-01
i:  25800, t:    39808.9 s (0.63 periods), wall: 26.109 minutes, Δt:   0.57, CFL: 7.20e-01
i:  25900, t:    39863.5 s (0.63 periods), wall: 26.208 minutes, Δt:   0.56, CFL: 7.20e-01
i:  26000, t:    39923.2 s (0.64 periods), wall: 26.306 minutes, Δt:   0.57, CFL: 7.20e-01
i:  26100, t:    39983.1 s (0.64 periods), wall: 26.404 minutes, Δt:   0.59, CFL: 7.20e-01
i:  26200, t:    40046.5 s (0.64 periods), wall: 26.502 minutes, Δt:   0.61, CFL: 7.20e-01
i:  26300, t:    40101.5 s (0.64 periods), wall: 26.601 minutes, Δt:   0.52, CFL: 7.20e-01
i:  26400, t:    40159.3 s (0.64 periods), wall: 26.699 minutes, Δt:   0.60, CFL: 7.20e-01
i:  26500, t:    40218.9 s (0.64 periods), wall: 26.797 minutes, Δt:   0.65, CFL: 7.20e-01
i:  26600, t:    40280.1 s (0.64 periods), wall: 26.896 minutes, Δt:   0.60, CFL: 7.20e-01
i:  26700, t:    40336.6 s (0.64 periods), wall: 26.994 minutes, Δt:   0.61, CFL: 7.20e-01
i:  26800, t:    40396.5 s (0.64 periods), wall: 27.092 minutes, Δt:   0.52, CFL: 7.20e-01
i:  26900, t:    40446.2 s (0.64 periods), wall: 27.191 minutes, Δt:   0.50, CFL: 7.20e-01
i:  27000, t:    40501.0 s (0.64 periods), wall: 27.289 minutes, Δt:   0.48, CFL: 7.20e-01
i:  27100, t:    40552.6 s (0.65 periods), wall: 27.387 minutes, Δt:   0.55, CFL: 7.20e-01
i:  27200, t:    40608.6 s (0.65 periods), wall: 27.485 minutes, Δt:   0.61, CFL: 7.20e-01
i:  27300, t:    40665.1 s (0.65 periods), wall: 27.584 minutes, Δt:   0.57, CFL: 7.20e-01
i:  27400, t:    40723.1 s (0.65 periods), wall: 27.682 minutes, Δt:   0.61, CFL: 7.20e-01
i:  27500, t:    40785.6 s (0.65 periods), wall: 27.780 minutes, Δt:   0.57, CFL: 7.20e-01
i:  27600, t:    40846.5 s (0.65 periods), wall: 27.879 minutes, Δt:   0.53, CFL: 7.20e-01
i:  27700, t:    40903.3 s (0.65 periods), wall: 27.977 minutes, Δt:   0.53, CFL: 7.20e-01
i:  27800, t:    40959.0 s (0.65 periods), wall: 28.075 minutes, Δt:   0.59, CFL: 7.20e-01
i:  27900, t:    41014.6 s (0.65 periods), wall: 28.174 minutes, Δt:   0.56, CFL: 7.20e-01
i:  28000, t:    41067.3 s (0.65 periods), wall: 28.272 minutes, Δt:   0.57, CFL: 7.20e-01
i:  28100, t:    41123.0 s (0.65 periods), wall: 28.370 minutes, Δt:   0.57, CFL: 7.20e-01
i:  28200, t:    41169.9 s (0.66 periods), wall: 28.468 minutes, Δt:   0.48, CFL: 7.20e-01
i:  28300, t:    41220.8 s (0.66 periods), wall: 28.567 minutes, Δt:   0.50, CFL: 7.20e-01
i:  28400, t:    41267.6 s (0.66 periods), wall: 28.665 minutes, Δt:   0.48, CFL: 7.20e-01
i:  28500, t:    41320.7 s (0.66 periods), wall: 28.763 minutes, Δt:   0.52, CFL: 7.20e-01
i:  28600, t:    41373.4 s (0.66 periods), wall: 28.861 minutes, Δt:   0.50, CFL: 7.20e-01
i:  28700, t:    41427.7 s (0.66 periods), wall: 28.960 minutes, Δt:   0.56, CFL: 7.20e-01
i:  28800, t:    41483.1 s (0.66 periods), wall: 29.058 minutes, Δt:   0.56, CFL: 7.20e-01
i:  28900, t:    41534.4 s (0.66 periods), wall: 29.157 minutes, Δt:   0.53, CFL: 7.20e-01
i:  29000, t:    41588.6 s (0.66 periods), wall: 29.255 minutes, Δt:   0.50, CFL: 7.20e-01
i:  29100, t:    41637.3 s (0.66 periods), wall: 29.353 minutes, Δt:   0.54, CFL: 7.20e-01
i:  29200, t:    41688.2 s (0.66 periods), wall: 29.451 minutes, Δt:   0.46, CFL: 7.20e-01
i:  29300, t:    41739.5 s (0.66 periods), wall: 29.550 minutes, Δt:   0.48, CFL: 7.20e-01
i:  29400, t:    41791.0 s (0.67 periods), wall: 29.648 minutes, Δt:   0.51, CFL: 7.20e-01
i:  29500, t:    41838.4 s (0.67 periods), wall: 29.746 minutes, Δt:   0.44, CFL: 7.20e-01
i:  29600, t:    41895.1 s (0.67 periods), wall: 29.845 minutes, Δt:   0.60, CFL: 7.20e-01
i:  29700, t:    41948.7 s (0.67 periods), wall: 29.943 minutes, Δt:   0.48, CFL: 7.20e-01
i:  29800, t:    42000.7 s (0.67 periods), wall: 30.041 minutes, Δt:   0.55, CFL: 7.20e-01
i:  29900, t:    42057.8 s (0.67 periods), wall: 30.139 minutes, Δt:   0.57, CFL: 7.20e-01
i:  30000, t:    42110.3 s (0.67 periods), wall: 30.238 minutes, Δt:   0.50, CFL: 7.20e-01
i:  30100, t:    42160.6 s (0.67 periods), wall: 30.336 minutes, Δt:   0.57, CFL: 7.20e-01
i:  30200, t:    42215.8 s (0.67 periods), wall: 30.434 minutes, Δt:   0.56, CFL: 7.20e-01
i:  30300, t:    42269.5 s (0.67 periods), wall: 30.532 minutes, Δt:   0.56, CFL: 7.20e-01
i:  30400, t:    42324.4 s (0.67 periods), wall: 30.631 minutes, Δt:   0.53, CFL: 7.20e-01
i:  30500, t:    42374.4 s (0.67 periods), wall: 30.729 minutes, Δt:   0.50, CFL: 7.20e-01
i:  30600, t:    42426.6 s (0.68 periods), wall: 30.828 minutes, Δt:   0.55, CFL: 7.20e-01
i:  30700, t:    42481.3 s (0.68 periods), wall: 30.926 minutes, Δt:   0.54, CFL: 7.20e-01
i:  30800, t:    42534.6 s (0.68 periods), wall: 31.024 minutes, Δt:   0.50, CFL: 7.20e-01
i:  30900, t:    42588.5 s (0.68 periods), wall: 31.122 minutes, Δt:   0.52, CFL: 7.20e-01
i:  31000, t:    42640.7 s (0.68 periods), wall: 31.221 minutes, Δt:   0.50, CFL: 7.20e-01
i:  31100, t:    42691.1 s (0.68 periods), wall: 31.319 minutes, Δt:   0.57, CFL: 7.20e-01
i:  31200, t:    42740.1 s (0.68 periods), wall: 31.418 minutes, Δt:   0.43, CFL: 7.20e-01
i:  31300, t:    42786.2 s (0.68 periods), wall: 31.516 minutes, Δt:   0.56, CFL: 7.20e-01
i:  31400, t:    42837.4 s (0.68 periods), wall: 31.614 minutes, Δt:   0.45, CFL: 7.20e-01
i:  31500, t:    42887.2 s (0.68 periods), wall: 31.712 minutes, Δt:   0.53, CFL: 7.20e-01
i:  31600, t:    42935.9 s (0.68 periods), wall: 31.811 minutes, Δt:   0.45, CFL: 7.20e-01
i:  31700, t:    42986.7 s (0.68 periods), wall: 31.909 minutes, Δt:   0.55, CFL: 7.20e-01
i:  31800, t:    43038.5 s (0.68 periods), wall: 32.007 minutes, Δt:   0.53, CFL: 7.20e-01
i:  31900, t:    43085.7 s (0.69 periods), wall: 32.106 minutes, Δt:   0.51, CFL: 7.20e-01
i:  32000, t:    43138.6 s (0.69 periods), wall: 32.204 minutes, Δt:   0.48, CFL: 7.20e-01
i:  32100, t:    43180.7 s (0.69 periods), wall: 32.302 minutes, Δt:   0.40, CFL: 7.20e-01
i:  32200, t:    43226.1 s (0.69 periods), wall: 32.400 minutes, Δt:   0.46, CFL: 7.20e-01
i:  32300, t:    43274.2 s (0.69 periods), wall: 32.499 minutes, Δt:   0.44, CFL: 7.20e-01
i:  32400, t:    43319.0 s (0.69 periods), wall: 32.597 minutes, Δt:   0.53, CFL: 7.20e-01
i:  32500, t:    43367.7 s (0.69 periods), wall: 32.696 minutes, Δt:   0.46, CFL: 7.20e-01
i:  32600, t:    43416.6 s (0.69 periods), wall: 32.794 minutes, Δt:   0.51, CFL: 7.20e-01
i:  32700, t:    43470.0 s (0.69 periods), wall: 32.892 minutes, Δt:   0.51, CFL: 7.20e-01
i:  32800, t:    43513.8 s (0.69 periods), wall: 32.990 minutes, Δt:   0.47, CFL: 7.20e-01
i:  32900, t:    43559.7 s (0.69 periods), wall: 33.089 minutes, Δt:   0.51, CFL: 7.20e-01
i:  33000, t:    43610.7 s (0.69 periods), wall: 33.187 minutes, Δt:   0.52, CFL: 7.20e-01
i:  33100, t:    43663.0 s (0.69 periods), wall: 33.285 minutes, Δt:   0.49, CFL: 7.20e-01
i:  33200, t:    43712.7 s (0.70 periods), wall: 33.384 minutes, Δt:   0.55, CFL: 7.20e-01
i:  33300, t:    43764.7 s (0.70 periods), wall: 33.482 minutes, Δt:   0.49, CFL: 7.20e-01
i:  33400, t:    43820.6 s (0.70 periods), wall: 33.580 minutes, Δt:   0.56, CFL: 7.20e-01
i:  33500, t:    43874.7 s (0.70 periods), wall: 33.678 minutes, Δt:   0.50, CFL: 7.20e-01
i:  33600, t:    43924.3 s (0.70 periods), wall: 33.777 minutes, Δt:   0.50, CFL: 7.20e-01
i:  33700, t:    43972.3 s (0.70 periods), wall: 33.875 minutes, Δt:   0.44, CFL: 7.20e-01
i:  33800, t:    44019.5 s (0.70 periods), wall: 33.973 minutes, Δt:   0.49, CFL: 7.20e-01
i:  33900, t:    44069.6 s (0.70 periods), wall: 34.071 minutes, Δt:   0.50, CFL: 7.20e-01
i:  34000, t:    44115.7 s (0.70 periods), wall: 34.170 minutes, Δt:   0.42, CFL: 7.20e-01
i:  34100, t:    44165.2 s (0.70 periods), wall: 34.268 minutes, Δt:   0.56, CFL: 7.20e-01
i:  34200, t:    44219.7 s (0.70 periods), wall: 34.366 minutes, Δt:   0.54, CFL: 7.20e-01
i:  34300, t:    44273.2 s (0.70 periods), wall: 34.464 minutes, Δt:   0.50, CFL: 7.20e-01
i:  34400, t:    44323.6 s (0.71 periods), wall: 34.563 minutes, Δt:   0.49, CFL: 7.20e-01
i:  34500, t:    44370.2 s (0.71 periods), wall: 34.661 minutes, Δt:   0.48, CFL: 7.20e-01
i:  34600, t:    44416.8 s (0.71 periods), wall: 34.759 minutes, Δt:   0.52, CFL: 7.20e-01
i:  34700, t:    44465.0 s (0.71 periods), wall: 34.858 minutes, Δt:   0.37, CFL: 7.20e-01
i:  34800, t:    44505.9 s (0.71 periods), wall: 34.956 minutes, Δt:   0.46, CFL: 7.20e-01
i:  34900, t:    44555.3 s (0.71 periods), wall: 35.054 minutes, Δt:   0.50, CFL: 7.20e-01
i:  35000, t:    44603.6 s (0.71 periods), wall: 35.153 minutes, Δt:   0.51, CFL: 7.20e-01
i:  35100, t:    44656.0 s (0.71 periods), wall: 35.251 minutes, Δt:   0.57, CFL: 7.20e-01
i:  35200, t:    44709.3 s (0.71 periods), wall: 35.349 minutes, Δt:   0.45, CFL: 7.20e-01
i:  35300, t:    44759.6 s (0.71 periods), wall: 35.447 minutes, Δt:   0.51, CFL: 7.20e-01
i:  35400, t:    44810.7 s (0.71 periods), wall: 35.546 minutes, Δt:   0.51, CFL: 7.20e-01
i:  35500, t:    44864.5 s (0.71 periods), wall: 35.644 minutes, Δt:   0.55, CFL: 7.20e-01
i:  35600, t:    44920.8 s (0.71 periods), wall: 35.742 minutes, Δt:   0.52, CFL: 7.20e-01
i:  35700, t:    44974.4 s (0.72 periods), wall: 35.842 minutes, Δt:   0.46, CFL: 7.20e-01
i:  35800, t:    45023.6 s (0.72 periods), wall: 35.940 minutes, Δt:   0.53, CFL: 7.20e-01
i:  35900, t:    45073.8 s (0.72 periods), wall: 36.038 minutes, Δt:   0.52, CFL: 7.20e-01
i:  36000, t:    45124.6 s (0.72 periods), wall: 36.136 minutes, Δt:   0.47, CFL: 7.20e-01
i:  36100, t:    45173.1 s (0.72 periods), wall: 36.235 minutes, Δt:   0.53, CFL: 7.20e-01
i:  36200, t:    45226.9 s (0.72 periods), wall: 36.333 minutes, Δt:   0.50, CFL: 7.20e-01
i:  36300, t:    45280.3 s (0.72 periods), wall: 36.431 minutes, Δt:   0.58, CFL: 7.20e-01
i:  36400, t:    45331.2 s (0.72 periods), wall: 36.530 minutes, Δt:   0.51, CFL: 7.20e-01
i:  36500, t:    45382.1 s (0.72 periods), wall: 36.628 minutes, Δt:   0.47, CFL: 7.20e-01
i:  36600, t:    45431.3 s (0.72 periods), wall: 36.726 minutes, Δt:   0.42, CFL: 7.20e-01
i:  36700, t:    45480.3 s (0.72 periods), wall: 36.824 minutes, Δt:   0.49, CFL: 7.20e-01
i:  36800, t:    45530.9 s (0.72 periods), wall: 36.923 minutes, Δt:   0.44, CFL: 7.20e-01
i:  36900, t:    45578.4 s (0.73 periods), wall: 37.021 minutes, Δt:   0.42, CFL: 7.20e-01
i:  37000, t:    45620.4 s (0.73 periods), wall: 37.119 minutes, Δt:   0.43, CFL: 7.20e-01
i:  37100, t:    45667.7 s (0.73 periods), wall: 37.218 minutes, Δt:   0.46, CFL: 7.20e-01
i:  37200, t:    45718.5 s (0.73 periods), wall: 37.316 minutes, Δt:   0.44, CFL: 7.20e-01
i:  37300, t:    45764.8 s (0.73 periods), wall: 37.414 minutes, Δt:   0.50, CFL: 7.20e-01
i:  37400, t:    45819.2 s (0.73 periods), wall: 37.512 minutes, Δt:   0.52, CFL: 7.20e-01
i:  37500, t:    45867.3 s (0.73 periods), wall: 37.611 minutes, Δt:   0.49, CFL: 7.20e-01
i:  37600, t:    45913.0 s (0.73 periods), wall: 37.709 minutes, Δt:   0.36, CFL: 7.20e-01
i:  37700, t:    45959.5 s (0.73 periods), wall: 37.807 minutes, Δt:   0.49, CFL: 7.20e-01
i:  37800, t:    46009.9 s (0.73 periods), wall: 37.906 minutes, Δt:   0.50, CFL: 7.20e-01
i:  37900, t:    46058.7 s (0.73 periods), wall: 38.004 minutes, Δt:   0.51, CFL: 7.20e-01
i:  38000, t:    46111.5 s (0.73 periods), wall: 38.102 minutes, Δt:   0.49, CFL: 7.20e-01
i:  38100, t:    46157.9 s (0.73 periods), wall: 38.200 minutes, Δt:   0.45, CFL: 7.20e-01
i:  38200, t:    46205.8 s (0.74 periods), wall: 38.299 minutes, Δt:   0.54, CFL: 7.20e-01
i:  38300, t:    46257.4 s (0.74 periods), wall: 38.397 minutes, Δt:   0.50, CFL: 7.20e-01
i:  38400, t:    46308.1 s (0.74 periods), wall: 38.495 minutes, Δt:   0.43, CFL: 7.20e-01
i:  38500, t:    46353.2 s (0.74 periods), wall: 38.594 minutes, Δt:   0.50, CFL: 7.20e-01
i:  38600, t:    46402.6 s (0.74 periods), wall: 38.692 minutes, Δt:   0.43, CFL: 7.20e-01
i:  38700, t:    46448.4 s (0.74 periods), wall: 38.790 minutes, Δt:   0.50, CFL: 7.20e-01
i:  38800, t:    46499.7 s (0.74 periods), wall: 38.888 minutes, Δt:   0.52, CFL: 7.20e-01
i:  38900, t:    46551.6 s (0.74 periods), wall: 38.987 minutes, Δt:   0.50, CFL: 7.20e-01
i:  39000, t:    46602.2 s (0.74 periods), wall: 39.085 minutes, Δt:   0.52, CFL: 7.20e-01
i:  39100, t:    46654.2 s (0.74 periods), wall: 39.183 minutes, Δt:   0.54, CFL: 7.20e-01
i:  39200, t:    46709.0 s (0.74 periods), wall: 39.281 minutes, Δt:   0.59, CFL: 7.20e-01
i:  39300, t:    46763.1 s (0.74 periods), wall: 39.380 minutes, Δt:   0.54, CFL: 7.20e-01
i:  39400, t:    46814.5 s (0.75 periods), wall: 39.478 minutes, Δt:   0.54, CFL: 7.20e-01
i:  39500, t:    46865.5 s (0.75 periods), wall: 39.576 minutes, Δt:   0.56, CFL: 7.20e-01
i:  39600, t:    46918.8 s (0.75 periods), wall: 39.674 minutes, Δt:   0.47, CFL: 7.20e-01
i:  39700, t:    46969.4 s (0.75 periods), wall: 39.773 minutes, Δt:   0.53, CFL: 7.20e-01
i:  39800, t:    47016.7 s (0.75 periods), wall: 39.871 minutes, Δt:   0.46, CFL: 7.20e-01
i:  39900, t:    47068.3 s (0.75 periods), wall: 39.969 minutes, Δt:   0.42, CFL: 7.20e-01
i:  40000, t:    47113.1 s (0.75 periods), wall: 40.067 minutes, Δt:   0.47, CFL: 7.20e-01
i:  40100, t:    47162.7 s (0.75 periods), wall: 40.166 minutes, Δt:   0.49, CFL: 7.20e-01
i:  40200, t:    47214.2 s (0.75 periods), wall: 40.264 minutes, Δt:   0.50, CFL: 7.20e-01
i:  40300, t:    47262.7 s (0.75 periods), wall: 40.362 minutes, Δt:   0.50, CFL: 7.20e-01
i:  40400, t:    47312.4 s (0.75 periods), wall: 40.461 minutes, Δt:   0.51, CFL: 7.20e-01
i:  40500, t:    47364.3 s (0.75 periods), wall: 40.559 minutes, Δt:   0.54, CFL: 7.20e-01
i:  40600, t:    47415.2 s (0.75 periods), wall: 40.657 minutes, Δt:   0.47, CFL: 7.20e-01
i:  40700, t:    47459.9 s (0.76 periods), wall: 40.756 minutes, Δt:   0.49, CFL: 7.20e-01
i:  40800, t:    47508.8 s (0.76 periods), wall: 40.854 minutes, Δt:   0.45, CFL: 7.20e-01
i:  40900, t:    47556.2 s (0.76 periods), wall: 40.953 minutes, Δt:   0.51, CFL: 7.20e-01
i:  41000, t:    47608.5 s (0.76 periods), wall: 41.051 minutes, Δt:   0.57, CFL: 7.20e-01
i:  41100, t:    47658.8 s (0.76 periods), wall: 41.149 minutes, Δt:   0.54, CFL: 7.20e-01
i:  41200, t:    47711.0 s (0.76 periods), wall: 41.247 minutes, Δt:   0.46, CFL: 7.20e-01
i:  41300, t:    47755.2 s (0.76 periods), wall: 41.346 minutes, Δt:   0.42, CFL: 7.20e-01
i:  41400, t:    47801.4 s (0.76 periods), wall: 41.444 minutes, Δt:   0.42, CFL: 7.20e-01
i:  41500, t:    47848.8 s (0.76 periods), wall: 41.542 minutes, Δt:   0.53, CFL: 7.20e-01
i:  41600, t:    47899.9 s (0.76 periods), wall: 41.641 minutes, Δt:   0.51, CFL: 7.20e-01
i:  41700, t:    47949.8 s (0.76 periods), wall: 41.739 minutes, Δt:   0.44, CFL: 7.20e-01
i:  41800, t:    47997.5 s (0.76 periods), wall: 41.837 minutes, Δt:   0.50, CFL: 7.20e-01
i:  41900, t:    48047.6 s (0.76 periods), wall: 41.935 minutes, Δt:   0.45, CFL: 7.20e-01
i:  42000, t:    48097.3 s (0.77 periods), wall: 42.034 minutes, Δt:   0.49, CFL: 7.20e-01
i:  42100, t:    48147.4 s (0.77 periods), wall: 42.132 minutes, Δt:   0.58, CFL: 7.20e-01
i:  42200, t:    48203.1 s (0.77 periods), wall: 42.231 minutes, Δt:   0.44, CFL: 7.20e-01
i:  42300, t:    48251.9 s (0.77 periods), wall: 42.329 minutes, Δt:   0.52, CFL: 7.20e-01
i:  42400, t:    48301.2 s (0.77 periods), wall: 42.427 minutes, Δt:   0.52, CFL: 7.20e-01
i:  42500, t:    48347.6 s (0.77 periods), wall: 42.525 minutes, Δt:   0.47, CFL: 7.20e-01
i:  42600, t:    48400.4 s (0.77 periods), wall: 42.624 minutes, Δt:   0.56, CFL: 7.20e-01
i:  42700, t:    48456.0 s (0.77 periods), wall: 42.722 minutes, Δt:   0.54, CFL: 7.20e-01
i:  42800, t:    48507.1 s (0.77 periods), wall: 42.820 minutes, Δt:   0.48, CFL: 7.20e-01
i:  42900, t:    48557.5 s (0.77 periods), wall: 42.918 minutes, Δt:   0.55, CFL: 7.20e-01
i:  43000, t:    48613.9 s (0.77 periods), wall: 43.017 minutes, Δt:   0.53, CFL: 7.20e-01
i:  43100, t:    48666.9 s (0.77 periods), wall: 43.115 minutes, Δt:   0.55, CFL: 7.20e-01
i:  43200, t:    48717.8 s (0.78 periods), wall: 43.214 minutes, Δt:   0.50, CFL: 7.20e-01
i:  43300, t:    48768.1 s (0.78 periods), wall: 43.312 minutes, Δt:   0.51, CFL: 7.20e-01
i:  43400, t:    48824.1 s (0.78 periods), wall: 43.410 minutes, Δt:   0.59, CFL: 7.20e-01
i:  43500, t:    48877.8 s (0.78 periods), wall: 43.509 minutes, Δt:   0.48, CFL: 7.20e-01
i:  43600, t:    48933.2 s (0.78 periods), wall: 43.607 minutes, Δt:   0.55, CFL: 7.20e-01
i:  43700, t:    48986.5 s (0.78 periods), wall: 43.705 minutes, Δt:   0.54, CFL: 7.20e-01
i:  43800, t:    49038.9 s (0.78 periods), wall: 43.804 minutes, Δt:   0.44, CFL: 7.20e-01
i:  43900, t:    49090.4 s (0.78 periods), wall: 43.902 minutes, Δt:   0.50, CFL: 7.20e-01
i:  44000, t:    49143.3 s (0.78 periods), wall: 44.000 minutes, Δt:   0.51, CFL: 7.20e-01
i:  44100, t:    49196.2 s (0.78 periods), wall: 44.098 minutes, Δt:   0.54, CFL: 7.20e-01
i:  44200, t:    49252.2 s (0.78 periods), wall: 44.197 minutes, Δt:   0.61, CFL: 7.20e-01
i:  44300, t:    49307.9 s (0.78 periods), wall: 44.295 minutes, Δt:   0.51, CFL: 7.20e-01
i:  44400, t:    49360.3 s (0.79 periods), wall: 44.393 minutes, Δt:   0.49, CFL: 7.20e-01
i:  44500, t:    49416.1 s (0.79 periods), wall: 44.492 minutes, Δt:   0.59, CFL: 7.20e-01
i:  44600, t:    49472.1 s (0.79 periods), wall: 44.590 minutes, Δt:   0.53, CFL: 7.20e-01
i:  44700, t:    49526.0 s (0.79 periods), wall: 44.688 minutes, Δt:   0.47, CFL: 7.20e-01
i:  44800, t:    49574.1 s (0.79 periods), wall: 44.787 minutes, Δt:   0.56, CFL: 7.20e-01
i:  44900, t:    49629.5 s (0.79 periods), wall: 44.885 minutes, Δt:   0.52, CFL: 7.20e-01
i:  45000, t:    49680.4 s (0.79 periods), wall: 44.983 minutes, Δt:   0.60, CFL: 7.20e-01
i:  45100, t:    49737.0 s (0.79 periods), wall: 45.082 minutes, Δt:   0.59, CFL: 7.20e-01
i:  45200, t:    49788.9 s (0.79 periods), wall: 45.180 minutes, Δt:   0.51, CFL: 7.20e-01
i:  45300, t:    49841.0 s (0.79 periods), wall: 45.278 minutes, Δt:   0.51, CFL: 7.20e-01
i:  45400, t:    49897.0 s (0.79 periods), wall: 45.376 minutes, Δt:   0.55, CFL: 7.20e-01
i:  45500, t:    49950.8 s (0.79 periods), wall: 45.475 minutes, Δt:   0.59, CFL: 7.20e-01
i:  45600, t:    50006.1 s (0.80 periods), wall: 45.573 minutes, Δt:   0.61, CFL: 7.20e-01
i:  45700, t:    50065.3 s (0.80 periods), wall: 45.671 minutes, Δt:   0.67, CFL: 7.20e-01
i:  45800, t:    50126.6 s (0.80 periods), wall: 45.770 minutes, Δt:   0.51, CFL: 7.20e-01
i:  45900, t:    50173.9 s (0.80 periods), wall: 45.868 minutes, Δt:   0.48, CFL: 7.20e-01
i:  46000, t:    50226.2 s (0.80 periods), wall: 45.966 minutes, Δt:   0.48, CFL: 7.20e-01
i:  46100, t:    50280.7 s (0.80 periods), wall: 46.065 minutes, Δt:   0.55, CFL: 7.20e-01
i:  46200, t:    50337.2 s (0.80 periods), wall: 46.163 minutes, Δt:   0.53, CFL: 7.20e-01
i:  46300, t:    50393.8 s (0.80 periods), wall: 46.261 minutes, Δt:   0.56, CFL: 7.20e-01
i:  46400, t:    50449.6 s (0.80 periods), wall: 46.360 minutes, Δt:   0.55, CFL: 7.20e-01
i:  46500, t:    50504.8 s (0.80 periods), wall: 46.458 minutes, Δt:   0.64, CFL: 7.20e-01
i:  46600, t:    50560.1 s (0.80 periods), wall: 46.556 minutes, Δt:   0.47, CFL: 7.20e-01
i:  46700, t:    50610.6 s (0.81 periods), wall: 46.655 minutes, Δt:   0.39, CFL: 7.20e-01
i:  46800, t:    50659.0 s (0.81 periods), wall: 46.753 minutes, Δt:   0.48, CFL: 7.20e-01
i:  46900, t:    50712.2 s (0.81 periods), wall: 46.851 minutes, Δt:   0.62, CFL: 7.20e-01
i:  47000, t:    50770.8 s (0.81 periods), wall: 46.950 minutes, Δt:   0.52, CFL: 7.20e-01
i:  47100, t:    50828.4 s (0.81 periods), wall: 47.049 minutes, Δt:   0.61, CFL: 7.20e-01
i:  47200, t:    50884.8 s (0.81 periods), wall: 47.147 minutes, Δt:   0.55, CFL: 7.20e-01
i:  47300, t:    50940.1 s (0.81 periods), wall: 47.246 minutes, Δt:   0.60, CFL: 7.20e-01
i:  47400, t:    51000.2 s (0.81 periods), wall: 47.344 minutes, Δt:   0.57, CFL: 7.20e-01
i:  47500, t:    51062.7 s (0.81 periods), wall: 47.442 minutes, Δt:   0.64, CFL: 7.20e-01
i:  47600, t:    51125.7 s (0.81 periods), wall: 47.541 minutes, Δt:   0.69, CFL: 7.20e-01
i:  47700, t:    51187.9 s (0.81 periods), wall: 47.639 minutes, Δt:   0.69, CFL: 7.20e-01
i:  47800, t:    51252.6 s (0.82 periods), wall: 47.737 minutes, Δt:   0.62, CFL: 7.20e-01
i:  47900, t:    51316.2 s (0.82 periods), wall: 47.836 minutes, Δt:   0.56, CFL: 7.20e-01
i:  48000, t:    51373.0 s (0.82 periods), wall: 47.934 minutes, Δt:   0.66, CFL: 7.20e-01
i:  48100, t:    51436.3 s (0.82 periods), wall: 48.032 minutes, Δt:   0.61, CFL: 7.20e-01
i:  48200, t:    51499.4 s (0.82 periods), wall: 48.130 minutes, Δt:   0.65, CFL: 7.20e-01
i:  48300, t:    51558.7 s (0.82 periods), wall: 48.229 minutes, Δt:   0.48, CFL: 7.20e-01
i:  48400, t:    51605.8 s (0.82 periods), wall: 48.327 minutes, Δt:   0.50, CFL: 7.20e-01
i:  48500, t:    51668.6 s (0.82 periods), wall: 48.426 minutes, Δt:   0.72, CFL: 7.20e-01
i:  48600, t:    51731.3 s (0.82 periods), wall: 48.524 minutes, Δt:   0.65, CFL: 7.20e-01
i:  48700, t:    51792.0 s (0.82 periods), wall: 48.622 minutes, Δt:   0.69, CFL: 7.20e-01
i:  48800, t:    51855.6 s (0.83 periods), wall: 48.721 minutes, Δt:   0.59, CFL: 7.20e-01
i:  48900, t:    51909.6 s (0.83 periods), wall: 48.819 minutes, Δt:   0.60, CFL: 7.20e-01
i:  49000, t:    51967.1 s (0.83 periods), wall: 48.917 minutes, Δt:   0.61, CFL: 7.20e-01
i:  49100, t:    52024.2 s (0.83 periods), wall: 49.015 minutes, Δt:   0.59, CFL: 7.20e-01
i:  49200, t:    52084.0 s (0.83 periods), wall: 49.114 minutes, Δt:   0.57, CFL: 7.20e-01
i:  49300, t:    52138.6 s (0.83 periods), wall: 49.212 minutes, Δt:   0.45, CFL: 7.20e-01
i:  49400, t:    52193.6 s (0.83 periods), wall: 49.310 minutes, Δt:   0.58, CFL: 7.20e-01
i:  49500, t:    52251.2 s (0.83 periods), wall: 49.409 minutes, Δt:   0.55, CFL: 7.20e-01
i:  49600, t:    52316.1 s (0.83 periods), wall: 49.507 minutes, Δt:   0.70, CFL: 7.20e-01
i:  49700, t:    52382.6 s (0.83 periods), wall: 49.605 minutes, Δt:   0.65, CFL: 7.20e-01
i:  49800, t:    52450.8 s (0.83 periods), wall: 49.703 minutes, Δt:   0.62, CFL: 7.20e-01
i:  49900, t:    52503.2 s (0.84 periods), wall: 49.802 minutes, Δt:   0.55, CFL: 7.20e-01
i:  50000, t:    52567.0 s (0.84 periods), wall: 49.900 minutes, Δt:   0.61, CFL: 7.20e-01
i:  50100, t:    52624.0 s (0.84 periods), wall: 49.998 minutes, Δt:   0.68, CFL: 7.20e-01
i:  50200, t:    52688.7 s (0.84 periods), wall: 50.097 minutes, Δt:   0.70, CFL: 7.20e-01
i:  50300, t:    52751.5 s (0.84 periods), wall: 50.195 minutes, Δt:   0.74, CFL: 7.20e-01
i:  50400, t:    52815.8 s (0.84 periods), wall: 50.294 minutes, Δt:   0.73, CFL: 7.20e-01
i:  50500, t:    52887.4 s (0.84 periods), wall: 50.392 minutes, Δt:   0.71, CFL: 7.20e-01
i:  50600, t:    52955.1 s (0.84 periods), wall: 50.490 minutes, Δt:   0.70, CFL: 7.20e-01
i:  50700, t:    53025.8 s (0.84 periods), wall: 50.588 minutes, Δt:   0.73, CFL: 7.20e-01
i:  50800, t:    53099.8 s (0.85 periods), wall: 50.687 minutes, Δt:   0.75, CFL: 7.20e-01
i:  50900, t:    53169.7 s (0.85 periods), wall: 50.785 minutes, Δt:   0.66, CFL: 7.20e-01
i:  51000, t:    53237.9 s (0.85 periods), wall: 50.883 minutes, Δt:   0.77, CFL: 7.20e-01
i:  51100, t:    53309.2 s (0.85 periods), wall: 50.982 minutes, Δt:   0.56, CFL: 7.20e-01
i:  51200, t:    53376.7 s (0.85 periods), wall: 51.080 minutes, Δt:   0.70, CFL: 7.20e-01
i:  51300, t:    53448.8 s (0.85 periods), wall: 51.178 minutes, Δt:   0.74, CFL: 7.20e-01
i:  51400, t:    53522.5 s (0.85 periods), wall: 51.277 minutes, Δt:   0.72, CFL: 7.20e-01
i:  51500, t:    53592.7 s (0.85 periods), wall: 51.375 minutes, Δt:   0.66, CFL: 7.20e-01
i:  51600, t:    53665.3 s (0.85 periods), wall: 51.473 minutes, Δt:   0.67, CFL: 7.20e-01
i:  51700, t:    53739.4 s (0.86 periods), wall: 51.572 minutes, Δt:   0.69, CFL: 7.20e-01
i:  51800, t:    53811.8 s (0.86 periods), wall: 51.670 minutes, Δt:   0.75, CFL: 7.20e-01
i:  51900, t:    53883.3 s (0.86 periods), wall: 51.769 minutes, Δt:   0.74, CFL: 7.20e-01
i:  52000, t:    53956.3 s (0.86 periods), wall: 51.867 minutes, Δt:   0.66, CFL: 7.20e-01
i:  52100, t:    54019.4 s (0.86 periods), wall: 51.965 minutes, Δt:   0.68, CFL: 7.20e-01
i:  52200, t:    54095.6 s (0.86 periods), wall: 52.064 minutes, Δt:   0.73, CFL: 7.20e-01
i:  52300, t:    54171.4 s (0.86 periods), wall: 52.162 minutes, Δt:   0.74, CFL: 7.20e-01
i:  52400, t:    54243.5 s (0.86 periods), wall: 52.260 minutes, Δt:   0.61, CFL: 7.20e-01
i:  52500, t:    54310.4 s (0.86 periods), wall: 52.358 minutes, Δt:   0.69, CFL: 7.20e-01
i:  52600, t:    54383.9 s (0.87 periods), wall: 52.457 minutes, Δt:   0.82, CFL: 7.20e-01
i:  52700, t:    54464.6 s (0.87 periods), wall: 52.555 minutes, Δt:   0.84, CFL: 7.20e-01
i:  52800, t:    54543.7 s (0.87 periods), wall: 52.653 minutes, Δt:   0.85, CFL: 7.20e-01
i:  52900, t:    54618.3 s (0.87 periods), wall: 52.752 minutes, Δt:   0.69, CFL: 7.20e-01
i:  53000, t:    54690.9 s (0.87 periods), wall: 52.850 minutes, Δt:   0.84, CFL: 7.20e-01
i:  53100, t:    54773.2 s (0.87 periods), wall: 52.949 minutes, Δt:   0.70, CFL: 7.20e-01
i:  53200, t:    54854.0 s (0.87 periods), wall: 53.047 minutes, Δt:   0.74, CFL: 7.20e-01
i:  53300, t:    54928.3 s (0.87 periods), wall: 53.145 minutes, Δt:   0.76, CFL: 7.20e-01
i:  53400, t:    55013.1 s (0.88 periods), wall: 53.244 minutes, Δt:   0.83, CFL: 7.20e-01
i:  53500, t:    55100.6 s (0.88 periods), wall: 53.342 minutes, Δt:   0.76, CFL: 7.20e-01
i:  53600, t:    55185.1 s (0.88 periods), wall: 53.440 minutes, Δt:   0.98, CFL: 7.20e-01
i:  53700, t:    55274.6 s (0.88 periods), wall: 53.538 minutes, Δt:   0.93, CFL: 7.20e-01
i:  53800, t:    55357.2 s (0.88 periods), wall: 53.637 minutes, Δt:   0.93, CFL: 7.20e-01
i:  53900, t:    55449.2 s (0.88 periods), wall: 53.735 minutes, Δt:   0.89, CFL: 7.20e-01
i:  54000, t:    55542.3 s (0.88 periods), wall: 53.833 minutes, Δt:   0.93, CFL: 7.20e-01
i:  54100, t:    55631.6 s (0.89 periods), wall: 53.932 minutes, Δt:   0.98, CFL: 7.20e-01
i:  54200, t:    55722.9 s (0.89 periods), wall: 54.030 minutes, Δt:   0.75, CFL: 7.20e-01
i:  54300, t:    55804.1 s (0.89 periods), wall: 54.129 minutes, Δt:   0.74, CFL: 7.20e-01
i:  54400, t:    55884.2 s (0.89 periods), wall: 54.227 minutes, Δt:   0.83, CFL: 7.20e-01
i:  54500, t:    55969.5 s (0.89 periods), wall: 54.325 minutes, Δt:   0.84, CFL: 7.20e-01
i:  54600, t:    56045.5 s (0.89 periods), wall: 54.424 minutes, Δt:   0.70, CFL: 7.20e-01
i:  54700, t:    56131.2 s (0.89 periods), wall: 54.522 minutes, Δt:   0.87, CFL: 7.20e-01
i:  54800, t:    56225.0 s (0.89 periods), wall: 54.620 minutes, Δt:   0.92, CFL: 7.20e-01
i:  54900, t:    56318.7 s (0.90 periods), wall: 54.719 minutes, Δt:   1.02, CFL: 7.20e-01
i:  55000, t:    56420.4 s (0.90 periods), wall: 54.817 minutes, Δt:   1.05, CFL: 7.20e-01
i:  55100, t:    56527.1 s (0.90 periods), wall: 54.915 minutes, Δt:   1.00, CFL: 7.20e-01
i:  55200, t:    56614.5 s (0.90 periods), wall: 55.014 minutes, Δt:   1.13, CFL: 7.20e-01
i:  55300, t:    56721.1 s (0.90 periods), wall: 55.112 minutes, Δt:   0.88, CFL: 7.20e-01
i:  55400, t:    56813.2 s (0.90 periods), wall: 55.210 minutes, Δt:   1.04, CFL: 7.20e-01
i:  55500, t:    56918.8 s (0.91 periods), wall: 55.309 minutes, Δt:   0.85, CFL: 7.20e-01
i:  55600, t:    57012.4 s (0.91 periods), wall: 55.407 minutes, Δt:   0.81, CFL: 7.20e-01
i:  55700, t:    57105.2 s (0.91 periods), wall: 55.505 minutes, Δt:   0.95, CFL: 7.20e-01
i:  55800, t:    57197.7 s (0.91 periods), wall: 55.604 minutes, Δt:   0.95, CFL: 7.20e-01
i:  55900, t:    57297.4 s (0.91 periods), wall: 55.702 minutes, Δt:   1.02, CFL: 7.20e-01
i:  56000, t:    57406.7 s (0.91 periods), wall: 55.800 minutes, Δt:   1.36, CFL: 7.20e-01
i:  56100, t:    57530.6 s (0.92 periods), wall: 55.899 minutes, Δt:   1.17, CFL: 7.20e-01
i:  56200, t:    57645.4 s (0.92 periods), wall: 55.997 minutes, Δt:   1.26, CFL: 7.20e-01
i:  56300, t:    57772.2 s (0.92 periods), wall: 56.095 minutes, Δt:   1.34, CFL: 7.20e-01
i:  56400, t:    57897.0 s (0.92 periods), wall: 56.194 minutes, Δt:   1.28, CFL: 7.20e-01
i:  56500, t:    58032.1 s (0.92 periods), wall: 56.292 minutes, Δt:   1.36, CFL: 7.20e-01
i:  56600, t:    58162.5 s (0.93 periods), wall: 56.390 minutes, Δt:   1.40, CFL: 7.20e-01
i:  56700, t:    58303.3 s (0.93 periods), wall: 56.489 minutes, Δt:   1.35, CFL: 7.20e-01
i:  56800, t:    58435.0 s (0.93 periods), wall: 56.588 minutes, Δt:   1.36, CFL: 7.20e-01
i:  56900, t:    58577.2 s (0.93 periods), wall: 56.686 minutes, Δt:   1.51, CFL: 7.20e-01
i:  57000, t:    58744.9 s (0.93 periods), wall: 56.784 minutes, Δt:   1.64, CFL: 7.20e-01
i:  57100, t:    58903.3 s (0.94 periods), wall: 56.884 minutes, Δt:   1.48, CFL: 7.20e-01
i:  57200, t:    59052.3 s (0.94 periods), wall: 56.982 minutes, Δt:   1.51, CFL: 7.20e-01
i:  57300, t:    59216.9 s (0.94 periods), wall: 57.080 minutes, Δt:   1.96, CFL: 7.20e-01
i:  57400, t:    59395.6 s (0.95 periods), wall: 57.179 minutes, Δt:   1.81, CFL: 7.20e-01
i:  57500, t:    59574.6 s (0.95 periods), wall: 57.277 minutes, Δt:   1.61, CFL: 7.20e-01
i:  57600, t:    59749.4 s (0.95 periods), wall: 57.376 minutes, Δt:   2.13, CFL: 7.20e-01
i:  57700, t:    59942.2 s (0.95 periods), wall: 57.474 minutes, Δt:   2.07, CFL: 7.20e-01
i:  57800, t:    60132.7 s (0.96 periods), wall: 57.573 minutes, Δt:   2.10, CFL: 7.20e-01
i:  57900, t:    60356.5 s (0.96 periods), wall: 57.671 minutes, Δt:   2.27, CFL: 7.20e-01
i:  58000, t:    60577.5 s (0.96 periods), wall: 57.770 minutes, Δt:   2.49, CFL: 7.20e-01
i:  58100, t:    60823.6 s (0.97 periods), wall: 57.868 minutes, Δt:   2.94, CFL: 7.20e-01
i:  58200, t:    61095.9 s (0.97 periods), wall: 57.966 minutes, Δt:   2.70, CFL: 7.20e-01
i:  58300, t:    61361.4 s (0.98 periods), wall: 58.065 minutes, Δt:   3.09, CFL: 7.20e-01
i:  58400, t:    61641.9 s (0.98 periods), wall: 58.163 minutes, Δt:   2.48, CFL: 7.20e-01
i:  58500, t:    61906.5 s (0.99 periods), wall: 58.262 minutes, Δt:   2.81, CFL: 7.20e-01
i:  58600, t:    62159.9 s (0.99 periods), wall: 58.360 minutes, Δt:   2.24, CFL: 7.20e-01
i:  58700, t:    62380.3 s (0.99 periods), wall: 58.459 minutes, Δt:   2.22, CFL: 7.20e-01
i:  58800, t:    62575.1 s (1.00 periods), wall: 58.557 minutes, Δt:   2.25, CFL: 7.20e-01
i:  58900, t:    62795.2 s (1.00 periods), wall: 58.655 minutes, Δt:   2.17, CFL: 7.20e-01
[ Info: Oceananigans will use 16 threads
[ Info: Case Ri500: Ri = 500, N² = 5e-06 s⁻², δ_s = 0.1414 m, Re_s = 5657
[ Info: Domain 7.071 × 3.536 × 12.728 m = 50 × 25 × 90 δ_s, 1 periods
[ Info: Background: exponential, N²_bg = N∞²[1−exp(−z/L)], L = 1.414 m = 10 δ_s (N²_bg/N∞² = 0.095 at z = δ_s, 0.632 at z = 10 δ_s)
[ Info: Bottom Δz = 0.0054 m = 0.038 δ_s (26.0 points across δ_s); 242 of 256 cells below the sponge
[ Info: Δx = 0.1105 m = 0.78 δ_s, Δy = 0.0552 m = 0.39 δ_s
[ Info: Initializing velocities from Ri=0 spin-up: ./-First Exponential Case/output_Ri0/TidalBL3D_Ri0_fields.jld2
[ Info: Using snapshot 18/18 (t = 6.04 periods of the spin-up)
[ Info: x-y slice at k = 23 (z = 0.145 m ≈ δ)
[ Info: Initializing simulation...
[ Info:     ... simulation initialization complete (18.519 seconds)
[ Info: Executing initial time step...
[ Info:     ... initial time step complete (4.124 seconds).
[ Info: Simulation is stopping after running for 58.341 minutes.
[ Info: Simulation time 17.453 hours equals or exceeds stop time 17.453 hours.
