[2026-07-30 03:10:51] === L_strat sweep start: L ∈ {2 4 6 8} m, Ri ∈ {Ri500 Ri2500}, 8 periods, grid 32×32×128 ===
[2026-07-30 03:10:51] spin-up: Ri0 from rest, 5 periods → output_L4_Ri0/TidalBL3D_L4_Ri0_fields.jld2
[2026-07-30 03:54:57] spin-up done at 5.00 periods; seeding stratified runs
[2026-07-30 03:54:57] run L2_Ri500: 8 periods
[2026-07-30 05:05:52]   L2_Ri500 reached 7.99 periods
[2026-07-30 05:05:52] run L2_Ri2500: 8 periods
[2026-07-30 06:16:25]   L2_Ri2500 reached 8.00 periods
[2026-07-30 06:16:25] run L4_Ri500: 8 periods
[2026-07-30 07:27:44]   L4_Ri500 reached 7.99 periods
[2026-07-30 07:27:44] run L4_Ri2500: 8 periods
[2026-07-30 08:38:58]   L4_Ri2500 reached 7.99 periods
[2026-07-30 08:38:58] run L6_Ri500: 8 periods
[2026-07-30 09:49:39]   L6_Ri500 reached 8.00 periods
[2026-07-30 09:49:39] run L6_Ri2500: 8 periods
[2026-07-30 11:00:37]   L6_Ri2500 reached 8.00 periods
[2026-07-30 11:00:37] run L8_Ri500: 8 periods
[2026-07-30 12:11:45]   L8_Ri500 reached 7.99 periods
[2026-07-30 12:11:45] run L8_Ri2500: 8 periods
[2026-07-30 13:23:15]   L8_Ri2500 reached 8.00 periods
[2026-07-30 13:23:15] all simulations done
[2026-07-30 13:23:15]   animation L2_Ri500
[2026-07-30 13:25:10]   animation L2_Ri2500
[2026-07-30 13:27:05]   animation L4_Ri500
[2026-07-30 13:29:00]   animation L4_Ri2500
[2026-07-30 13:30:56]   animation L6_Ri500
[2026-07-30 13:32:51]   animation L6_Ri2500
[2026-07-30 13:34:46]   animation L8_Ri500
[2026-07-30 13:36:41]   animation L8_Ri2500
[2026-07-30 13:38:36] figures 4 & 5 (all cases)
[2026-07-30 13:39:35] === DONE ===
[2026-07-30 13:39:35]   L2_Ri500: 7.99 periods
[2026-07-30 13:39:35]   L2_Ri2500: 8.00 periods
[2026-07-30 13:39:35]   L4_Ri500: 7.99 periods
[2026-07-30 13:39:35]   L4_Ri2500: 7.99 periods
[2026-07-30 13:39:35]   L6_Ri500: 8.00 periods
[2026-07-30 13:39:35]   L6_Ri2500: 8.00 periods
[2026-07-30 13:39:35]   L8_Ri500: 7.99 periods
[2026-07-30 13:39:35]   L8_Ri2500: 8.00 periods
222M	output_L2_Ri2500
222M	output_L2_Ri500
145M	output_L4_Ri0
222M	output_L4_Ri2500
222M	output_L4_Ri500
222M	output_L6_Ri2500
222M	output_L6_Ri500
222M	output_L8_Ri2500
222M	output_L8_Ri500
