[2026-07-23 01:50:22] budget 8 h; phase 1 ends 04:50:22, phase 2 ends 08:50:22
[2026-07-23 01:50:22] phase 1: Ri0 to 8 periods
[2026-07-23 04:50:23] deadline reached with Ri0 still running at 7.96 periods — stopping it
[2026-07-23 04:51:13] Ri0 stopped at 7.98 periods
[2026-07-23 04:51:13] phase 2: Ri500 and Ri2500 to 12 periods
[2026-07-23 04:55:13] Ri2500 failed to start (likely GPU memory) — will retry after Ri500
[2026-07-23 08:50:44] deadline reached with Ri500 still running at 10.52 periods — stopping it
[2026-07-23 08:51:34] Ri500 reached 10.56, Ri2500 reached  periods
[2026-07-23 08:51:34] phase 3: post-processing
[2026-07-23 08:51:34]   Ri0: Tidal3Dprofiles.jl
[2026-07-23 08:52:05]   Ri0: MeanVelocity.jl
[2026-07-23 08:52:36]   Ri0: Vorticity.jl
[2026-07-23 08:53:25]   Ri0: Tidal3Danimation.jl
[2026-07-23 08:55:32]   Ri500: Tidal3Dprofiles.jl
[2026-07-23 08:56:03]   Ri500: MeanVelocity.jl
[2026-07-23 08:56:34]   Ri500: Vorticity.jl
[2026-07-23 08:57:21]   Ri500: Tidal3Danimation.jl
[2026-07-23 08:59:59]   Ri2500: no data, skipping
[2026-07-23 08:59:59]   Figure4.jl
[2026-07-23 09:00:28]   Figure5.jl
[2026-07-23 09:00:56] ALL DONE
[2026-07-23 09:00:56]   Ri0 reached 7.98 periods
[2026-07-23 09:00:56]   Ri500 reached 10.56 periods
[2026-07-23 09:00:56]   Ri2500 reached  periods
536M	output_Ri0
690M	output_Ri500
4.0K	output_Ri2500
