
========================================================================================================
==== 2026-08-19 14:46:12  swirlesrun3.jl  Γ = K_T·N/TKE   SKIP_PERIODS=3  N/ω ≥ 5
========================================================================================================
case                  N/ω flux      |    Γ p25    Γ med    Γ p75  IQR/m | dlnΓ/dlnE      r |      n
L0p2Lz_Ri500         22.4 resolved  |   0.2168   0.3178   0.4289   0.67 |     -0.06  -0.04 |    894
L0p5Lz_Ri500         22.4 resolved  |   0.1922   0.3206   0.4695   0.86 |     +0.10   0.06 |    828
L1Lz_Ri500           22.4 resolved  |   0.1908   0.3340   0.5226   0.99 |     -0.03  -0.02 |    790
L1p5Lz_Ri500         22.4 resolved  |   0.1810   0.3322   0.5460   1.10 |     -0.05  -0.03 |    775
L2_Ri500             22.4 resolved  |   0.1928   0.3105   0.4321   0.77 |     -0.04  -0.03 |    868
L4_Ri500             22.4 resolved  |   0.1780   0.3209   0.4947   0.99 |     -0.04  -0.03 |    870
L6_Ri500             22.4 resolved  |   0.2049   0.3302   0.5018   0.90 |     -0.04  -0.03 |    841
L8_Ri500             22.4 resolved  |   0.1882   0.3232   0.4831   0.91 |     +0.09   0.05 |    827
L0p2Lz_Ri2500        50.0 resolved  |   0.1694   0.2555   0.3618   0.75 |     +0.24   0.20 |    926
L0p5Lz_Ri2500        50.0 resolved  |   0.1417   0.2556   0.4121   1.06 |     +0.02   0.01 |    844
L1Lz_Ri2500          50.0 resolved  |   0.1561   0.2624   0.4305   1.05 |     -0.14  -0.07 |    738
L1p5Lz_Ri2500        50.0 resolved  |   0.1368   0.2489   0.4302   1.18 |     -0.12  -0.06 |    759
L2_Ri2500            50.0 resolved  |   0.1752   0.2805   0.3987   0.80 |     +0.10   0.10 |    920
L4_Ri2500            50.0 resolved  |   0.1663   0.2820   0.4146   0.88 |     +0.11   0.10 |    884
L6_Ri2500            50.0 resolved  |   0.1438   0.2693   0.3991   0.95 |     +0.29   0.23 |    871
L8_Ri2500            50.0 resolved  |   0.1669   0.2890   0.4311   0.91 |     +0.09   0.07 |    854
--------------------------------------------------------------------------------------------------------
pooled median Γ = 0.2953  (p25 0.1748, p75 0.4392, n = 13489)
  resolved only  median Γ = 0.2997   spread across cases 0.2489 – 0.3340 (16 cases)
dlnΓ/dlnE is EXACTLY (panel-d slope − 1): 0 ⇒ K_T ∝ TKE/N.
Legacy cases lack F_sgs, so their K_T and Γ are biased LOW —
an offset between the two flux groups is an artefact, not physics.
wrote figures/gamma_collapse.png
========================================================================================================

========================================================================================================
==== 2026-08-19 14:48:02  swirlesrun3.jl  Γ = K_T·N/TKE   SKIP_PERIODS=3  N/ω ≥ 5
========================================================================================================
case                  N/ω flux      |    Γ p25    Γ med    Γ p75  IQR/m | dlnΓ/dlnE      r |      n
L0p2Lz_Ri500         22.4 resolved  |   0.2168   0.3178   0.4289   0.67 |     -0.06  -0.04 |    894
L0p5Lz_Ri500         22.4 resolved  |   0.1922   0.3206   0.4695   0.86 |     +0.10   0.06 |    828
L1Lz_Ri500           22.4 resolved  |   0.1908   0.3340   0.5226   0.99 |     -0.03  -0.02 |    790
L1p5Lz_Ri500         22.4 resolved  |   0.1810   0.3322   0.5460   1.10 |     -0.05  -0.03 |    775
L2_Ri500             22.4 resolved  |   0.1928   0.3105   0.4321   0.77 |     -0.04  -0.03 |    868
L4_Ri500             22.4 resolved  |   0.1780   0.3209   0.4947   0.99 |     -0.04  -0.03 |    870
L6_Ri500             22.4 resolved  |   0.2049   0.3302   0.5018   0.90 |     -0.04  -0.03 |    841
L8_Ri500             22.4 resolved  |   0.1882   0.3232   0.4831   0.91 |     +0.09   0.05 |    827
L0p2Lz_Ri2500        50.0 resolved  |   0.1694   0.2555   0.3618   0.75 |     +0.24   0.20 |    926
L0p5Lz_Ri2500        50.0 resolved  |   0.1417   0.2556   0.4121   1.06 |     +0.02   0.01 |    844
L1Lz_Ri2500          50.0 resolved  |   0.1561   0.2624   0.4305   1.05 |     -0.14  -0.07 |    738
L1p5Lz_Ri2500        50.0 resolved  |   0.1368   0.2489   0.4302   1.18 |     -0.12  -0.06 |    759
L2_Ri2500            50.0 resolved  |   0.1752   0.2805   0.3987   0.80 |     +0.10   0.10 |    920
L4_Ri2500            50.0 resolved  |   0.1663   0.2820   0.4146   0.88 |     +0.11   0.10 |    884
L6_Ri2500            50.0 resolved  |   0.1438   0.2693   0.3991   0.95 |     +0.29   0.23 |    871
L8_Ri2500            50.0 resolved  |   0.1669   0.2890   0.4311   0.91 |     +0.09   0.07 |    854
--------------------------------------------------------------------------------------------------------
pooled median Γ = 0.2953  (p25 0.1748, p75 0.4392, n = 13489)
  resolved only  median Γ = 0.2997   spread across cases 0.2489 – 0.3340 (16 cases)
dlnΓ/dlnE is EXACTLY (panel-d slope − 1): 0 ⇒ K_T ∝ TKE/N.
Legacy cases lack F_sgs, so their K_T and Γ are biased LOW —
an offset between the two flux groups is an artefact, not physics.
wrote figures/gamma_collapse.png
========================================================================================================

========================================================================================================
==== 2026-08-19 15:00:50  swirlesrun3.jl  Γ = K_T·N/TKE   SKIP_PERIODS=3  N/ω ≥ 5
========================================================================================================
case                  N/ω flux      |    Γ p25    Γ med    Γ p75  IQR/m | dlnΓ/dlnE      r |      n
L0p2Lz_Ri500         22.4 resolved  |   0.2168   0.3178   0.4289   0.67 |     -0.06  -0.04 |    894
L0p5Lz_Ri500         22.4 resolved  |   0.1922   0.3206   0.4695   0.86 |     +0.10   0.06 |    828
L1Lz_Ri500           22.4 resolved  |   0.1908   0.3340   0.5226   0.99 |     -0.03  -0.02 |    790
L1p5Lz_Ri500         22.4 resolved  |   0.1810   0.3322   0.5460   1.10 |     -0.05  -0.03 |    775
L2_Ri500             22.4 resolved  |   0.1928   0.3105   0.4321   0.77 |     -0.04  -0.03 |    868
L4_Ri500             22.4 resolved  |   0.1780   0.3209   0.4947   0.99 |     -0.04  -0.03 |    870
L6_Ri500             22.4 resolved  |   0.2049   0.3302   0.5018   0.90 |     -0.04  -0.03 |    841
L8_Ri500             22.4 resolved  |   0.1882   0.3232   0.4831   0.91 |     +0.09   0.05 |    827
L0p2Lz_Ri2500        50.0 resolved  |   0.1694   0.2555   0.3618   0.75 |     +0.24   0.20 |    926
L0p5Lz_Ri2500        50.0 resolved  |   0.1417   0.2556   0.4121   1.06 |     +0.02   0.01 |    844
L1Lz_Ri2500          50.0 resolved  |   0.1561   0.2624   0.4305   1.05 |     -0.14  -0.07 |    738
L1p5Lz_Ri2500        50.0 resolved  |   0.1368   0.2489   0.4302   1.18 |     -0.12  -0.06 |    759
L2_Ri2500            50.0 resolved  |   0.1752   0.2805   0.3987   0.80 |     +0.10   0.10 |    920
L4_Ri2500            50.0 resolved  |   0.1663   0.2820   0.4146   0.88 |     +0.11   0.10 |    884
L6_Ri2500            50.0 resolved  |   0.1438   0.2693   0.3991   0.95 |     +0.29   0.23 |    871
L8_Ri2500            50.0 resolved  |   0.1669   0.2890   0.4311   0.91 |     +0.09   0.07 |    854
--------------------------------------------------------------------------------------------------------
pooled median Γ = 0.2953  (p25 0.1748, p75 0.4392, n = 13489)
  resolved only  median Γ = 0.2997   spread across cases 0.2489 – 0.3340 (16 cases)
dlnΓ/dlnE is EXACTLY (panel-d slope − 1): 0 ⇒ K_T ∝ TKE/N.
Legacy cases lack F_sgs, so their K_T and Γ are biased LOW —
an offset between the two flux groups is an artefact, not physics.
wrote figures/gamma_collapse.png
========================================================================================================

========================================================================================================
==== 2026-08-19 15:02:09  swirlesrun3.jl  Γ = K_T·N/TKE   SKIP_PERIODS=3  N/ω ≥ 5
========================================================================================================
case                  N/ω flux      |    Γ p25    Γ med    Γ p75  IQR/m | dlnΓ/dlnE      r |      n
L0p2Lz_Ri500         22.4 resolved  |   0.2168   0.3178   0.4289   0.67 |     -0.06  -0.04 |    894
L0p5Lz_Ri500         22.4 resolved  |   0.1922   0.3206   0.4695   0.86 |     +0.10   0.06 |    828
L1Lz_Ri500           22.4 resolved  |   0.1908   0.3340   0.5226   0.99 |     -0.03  -0.02 |    790
L1p5Lz_Ri500         22.4 resolved  |   0.1810   0.3322   0.5460   1.10 |     -0.05  -0.03 |    775
L2_Ri500             22.4 resolved  |   0.1928   0.3105   0.4321   0.77 |     -0.04  -0.03 |    868
L4_Ri500             22.4 resolved  |   0.1780   0.3209   0.4947   0.99 |     -0.04  -0.03 |    870
L6_Ri500             22.4 resolved  |   0.2049   0.3302   0.5018   0.90 |     -0.04  -0.03 |    841
L8_Ri500             22.4 resolved  |   0.1882   0.3232   0.4831   0.91 |     +0.09   0.05 |    827
L0p2Lz_Ri2500        50.0 resolved  |   0.1694   0.2555   0.3618   0.75 |     +0.24   0.20 |    926
L0p5Lz_Ri2500        50.0 resolved  |   0.1417   0.2556   0.4121   1.06 |     +0.02   0.01 |    844
L1Lz_Ri2500          50.0 resolved  |   0.1561   0.2624   0.4305   1.05 |     -0.14  -0.07 |    738
L1p5Lz_Ri2500        50.0 resolved  |   0.1368   0.2489   0.4302   1.18 |     -0.12  -0.06 |    759
L2_Ri2500            50.0 resolved  |   0.1752   0.2805   0.3987   0.80 |     +0.10   0.10 |    920
L4_Ri2500            50.0 resolved  |   0.1663   0.2820   0.4146   0.88 |     +0.11   0.10 |    884
L6_Ri2500            50.0 resolved  |   0.1438   0.2693   0.3991   0.95 |     +0.29   0.23 |    871
L8_Ri2500            50.0 resolved  |   0.1669   0.2890   0.4311   0.91 |     +0.09   0.07 |    854
--------------------------------------------------------------------------------------------------------
pooled median Γ = 0.2953  (p25 0.1748, p75 0.4392, n = 13489)
  resolved only  median Γ = 0.2997   spread across cases 0.2489 – 0.3340 (16 cases)
dlnΓ/dlnE is EXACTLY (panel-d slope − 1): 0 ⇒ K_T ∝ TKE/N.
Legacy cases lack F_sgs, so their K_T and Γ are biased LOW —
an offset between the two flux groups is an artefact, not physics.
wrote figures/gamma_collapse.png
========================================================================================================

========================================================================================================
==== 2026-08-21 11:23:23  swirlesrun3.jl  Γ = K_T·N/TKE   SKIP_PERIODS=3  N/ω ≥ 5
========================================================================================================
case                  N/ω flux      |    Γ p25    Γ med    Γ p75  IQR/m | dlnΓ/dlnE      r |      n
P4_T10_sqrtRi10      10.0 full      |   0.0692   0.1203   0.1723   0.86 |     -0.44  -0.32 |    896
P4_T5_sqrtRi10       10.0 full      |   0.0337   0.0596   0.0864   0.88 |     -0.33  -0.20 |    920
L0p2Lz_Ri500         22.4 resolved  |   0.0915   0.2021   0.3706   1.38 |     -0.06  -0.02 |    513
L0p5Lz_Ri500         22.4 resolved  |   0.1170   0.2934   0.5183   1.37 |     +0.01   0.00 |    517
L1Lz_Ri500           22.4 resolved  |   0.1798   0.2851   0.3799   0.70 |     -0.06  -0.12 |    836
L1p5Lz_Ri500         22.4 resolved  |   0.1346   0.3106   0.5958   1.48 |     -0.22  -0.11 |    499
L2_Ri500             22.4 resolved  |   0.1315   0.2498   0.4559   1.30 |     -0.24  -0.12 |    493
L4_Ri500             22.4 resolved  |   0.0958   0.2061   0.3713   1.34 |     -0.23  -0.14 |    500
L6_Ri500             22.4 resolved  |   0.1113   0.2599   0.4858   1.44 |     -0.23  -0.10 |    512
L8_Ri500             22.4 resolved  |   0.1035   0.2241   0.4841   1.70 |     +0.02   0.01 |    503
L0p2Lz_Ri2500        50.0 resolved  |   0.0837   0.2234   0.4180   1.50 |     -0.18  -0.16 |    513
L0p5Lz_Ri2500        50.0 resolved  |   0.1946   0.2721   0.3607   0.61 |     -0.03  -0.05 |    896
L1Lz_Ri2500          50.0 resolved  |   0.2413   0.3410   0.4614   0.65 |     -0.10  -0.14 |    882
L1p5Lz_Ri2500        50.0 resolved  |   0.1694   0.2524   0.3793   0.83 |     -0.03  -0.08 |    711
L2_Ri2500            50.0 resolved  |   0.0903   0.1750   0.3014   1.21 |     -0.00  -0.00 |    508
L4_Ri2500            50.0 resolved  |   0.0669   0.1369   0.2553   1.38 |     -0.11  -0.11 |    514
L6_Ri2500            50.0 resolved  |   0.0866   0.1803   0.3124   1.25 |     -0.07  -0.07 |    498
L8_Ri2500            50.0 resolved  |   0.1822   0.2453   0.3237   0.58 |     +0.01   0.02 |    912
--------------------------------------------------------------------------------------------------------
pooled median Γ = 0.2157  (p25 0.0995, p75 0.3583, n = 11623)
  full flux      median Γ = 0.0900   spread across cases 0.0596 – 0.1203 (2 cases)
  resolved only  median Γ = 0.2476   spread across cases 0.1369 – 0.3410 (16 cases)
dlnΓ/dlnE is EXACTLY (panel-d slope − 1): 0 ⇒ K_T ∝ TKE/N.
Legacy cases lack F_sgs, so their K_T and Γ are biased LOW —
an offset between the two flux groups is an artefact, not physics.
wrote figures/gamma_collapse.png
========================================================================================================
