
==============================================================================
==== 2026-08-24 22:34:25  swirlesrun4.jl 
==== FIG_DIR=/cephfs/store/damtp/tll46/SRIM-2026/Stokes/3D/h_defs/crossing_0p1/figures  H_DEF=crossing  H_LEVEL=0.1  K_SOURCE=bulk  LOG_DIR=/cephfs/store/damtp/tll46/SRIM-2026/Stokes/3D/h_defs/crossing_0p1/logs  MIX_SUFFIX=_hcross  RESULT_SUFFIX=
==============================================================================
11 case(s): P4_T5_sqrtRi0, P4_T10_sqrtRi0, P4_T5_sqrtRi1, P4_T10_sqrtRi1, P4_T5_sqrtRi2, P4_T10_sqrtRi2, P4_T10_sqrtRi5, P4_T5_sqrtRi10, P4_T10_sqrtRi10, P4_T10_sqrtRi25, P4_T10_sqrtRi50

================================================================================================
==== 2026-08-24 22:34:45  swirlesrun4.jl   l = K_T(bulk)/√TKE   SKIP_PERIODS=3
================================================================================================

-- h --
case                      N/ω |      slope        r      n | median l/L
P4_T5_sqrtRi0               0 |      +0.70     0.32   1001 |      0.025
P4_T10_sqrtRi0              0 |      +1.09     0.35   1001 |      0.018
P4_T5_sqrtRi1               1 |      +1.23     0.40    985 |      0.006
P4_T10_sqrtRi1              1 |      +0.32     0.05   1001 |      0.003
P4_T5_sqrtRi2               2 |      +0.30     0.04    987 |      0.003
P4_T10_sqrtRi2              2 |      -0.15    -0.01    979 |      0.002
P4_T10_sqrtRi5              5 |      +1.77     0.08    984 |      0.001
P4_T5_sqrtRi10             10 |      -0.82    -0.30   1001 |      0.001
P4_T10_sqrtRi10            10 |      -0.35    -0.04   1001 |      0.001
P4_T10_sqrtRi25            25 |      -2.02    -0.10   1001 |      0.001
P4_T10_sqrtRi50            50 |      -7.89    -0.21   1001 |      0.001

-- delta_s --
case                      N/ω |      slope        r      n | median l/L
P4_T5_sqrtRi0               0 |        n/a  (const)   1001 |      1.083
P4_T10_sqrtRi0              0 |        n/a  (const)   1001 |      0.920
P4_T5_sqrtRi1               1 |        n/a  (const)    985 |      0.350
P4_T10_sqrtRi1              1 |        n/a  (const)   1001 |      0.257
P4_T5_sqrtRi2               2 |        n/a  (const)    987 |      0.212
P4_T10_sqrtRi2              2 |        n/a  (const)    979 |      0.182
P4_T10_sqrtRi5              5 |        n/a  (const)    984 |      0.082
P4_T5_sqrtRi10             10 |        n/a  (const)   1001 |      0.061
P4_T10_sqrtRi10            10 |        n/a  (const)   1001 |      0.050
P4_T10_sqrtRi25            25 |        n/a  (const)   1001 |      0.034
P4_T10_sqrtRi50            50 |        n/a  (const)   1001 |      0.033

-- ustar_over_omega --
case                      N/ω |      slope        r      n | median l/L
P4_T5_sqrtRi0               0 |      +0.20     0.26   1001 |      0.016
P4_T10_sqrtRi0              0 |      -0.03    -0.04   1001 |      0.013
P4_T5_sqrtRi1               1 |      +0.17     0.19    985 |      0.006
P4_T10_sqrtRi1              1 |      +0.14     0.14   1001 |      0.004
P4_T5_sqrtRi2               2 |      -0.00    -0.00    987 |      0.003
P4_T10_sqrtRi2              2 |      -0.06    -0.04    979 |      0.003
P4_T10_sqrtRi5              5 |      -0.03    -0.02    984 |      0.001
P4_T5_sqrtRi10             10 |      +0.01     0.02   1001 |      0.001
P4_T10_sqrtRi10            10 |      +0.03     0.11   1001 |      0.001
P4_T10_sqrtRi25            25 |      -0.14    -0.50   1001 |      0.000
P4_T10_sqrtRi50            50 |      -0.19    -0.41   1001 |      0.000

-- q_over_N --
case                      N/ω |      slope        r      n | median l/L
P4_T5_sqrtRi0               0 |       +NaN      NaN      0 |        NaN
P4_T10_sqrtRi0              0 |       +NaN      NaN      0 |        NaN
P4_T5_sqrtRi1               1 |      -0.67    -0.47    985 |      0.009
P4_T10_sqrtRi1              1 |      -0.39    -0.22   1001 |      0.013
P4_T5_sqrtRi2               2 |      +0.03     0.02    987 |      0.016
P4_T10_sqrtRi2              2 |      +0.64     0.25    979 |      0.017
P4_T10_sqrtRi5              5 |      -0.14    -0.07    984 |      0.023
P4_T5_sqrtRi10             10 |      +0.17     0.24   1001 |      0.016
P4_T10_sqrtRi10            10 |      -0.06    -0.11   1001 |      0.024
P4_T10_sqrtRi25            25 |      -0.40    -0.70   1001 |      0.045
P4_T10_sqrtRi50            50 |      -0.84    -0.90   1001 |      0.107

------------------------------------------------------------------------------------------------
A candidate is THE scale only if slope ≈ 1 AND median l/L is the same
across cases. Slope 1 with a case-dependent ratio means l is merely
correlated with that scale, not set by it.
wrote h_defs/crossing_0p1/figures/l_vs_h.png
wrote h_defs/crossing_0p1/figures/l_vs_delta_s.png
wrote h_defs/crossing_0p1/figures/l_vs_ustar_over_omega.png
wrote h_defs/crossing_0p1/figures/l_vs_q_over_N.png
wrote h_defs/crossing_0p1/figures/l_over_L_vs_N.png
================================================================================================
