
================================================================================================
==== 2026-08-19 15:28:28  swirlesrun4.jl   l = K_T(at_h)/√TKE   SKIP_PERIODS=3
================================================================================================

-- h --
case                      N/ω |      slope        r      n | median l/L
P4_T5_sqrtRi0               0 |      +0.92     0.50    992 |      0.083
P4_T10_sqrtRi0              0 |      +1.52     0.61    938 |      0.073
P4_T5_sqrtRi1               1 |      +0.82     0.41    909 |      0.061
P4_T10_sqrtRi1              1 |      +0.57     0.14    719 |      0.042
P4_T5_sqrtRi2               2 |      -0.13    -0.03    879 |      0.042
P4_T10_sqrtRi2              2 |      +2.32     0.13    709 |      0.040
P4_T5_sqrtRi10             10 |      -1.41    -0.28   1001 |      0.026
P4_T10_sqrtRi10            10 |      -0.90    -0.03    918 |      0.010

-- delta_s --
case                      N/ω |      slope        r      n | median l/L
P4_T5_sqrtRi0               0 |        n/a  (const)    992 |      3.409
P4_T10_sqrtRi0              0 |        n/a  (const)    938 |      3.666
P4_T5_sqrtRi1               1 |        n/a  (const)    909 |      3.360
P4_T10_sqrtRi1              1 |        n/a  (const)    719 |      3.382
P4_T5_sqrtRi2               2 |        n/a  (const)    879 |      2.828
P4_T10_sqrtRi2              2 |        n/a  (const)    709 |      2.991
P4_T5_sqrtRi10             10 |        n/a  (const)   1001 |      1.205
P4_T10_sqrtRi10            10 |        n/a  (const)    918 |      0.676

-- ustar_over_omega --
case                      N/ω |      slope        r      n | median l/L
P4_T5_sqrtRi0               0 |      +0.21     0.33    992 |      0.058
P4_T10_sqrtRi0              0 |      +0.21     0.32    938 |      0.059
P4_T5_sqrtRi1               1 |      +0.11     0.20    909 |      0.061
P4_T10_sqrtRi1              1 |      -0.09    -0.15    719 |      0.051
P4_T5_sqrtRi2               2 |      +0.23     0.27    879 |      0.042
P4_T10_sqrtRi2              2 |      +0.04     0.03    709 |      0.052
P4_T5_sqrtRi10             10 |      +0.17     0.22   1001 |      0.017
P4_T10_sqrtRi10            10 |      +0.53     0.43    918 |      0.011

-- q_over_N --
case                      N/ω |      slope        r      n | median l/L
P4_T5_sqrtRi0               0 |       +NaN      NaN      0 |        NaN
P4_T10_sqrtRi0              0 |       +NaN      NaN      0 |        NaN
P4_T5_sqrtRi1               1 |      -0.29    -0.31    909 |      0.086
P4_T10_sqrtRi1              1 |      -0.14    -0.12    719 |      0.163
P4_T5_sqrtRi2               2 |      +0.20     0.15    879 |      0.215
P4_T10_sqrtRi2              2 |      +0.29     0.13    709 |      0.321
P4_T5_sqrtRi10             10 |      +0.89     0.66   1001 |      0.290
P4_T10_sqrtRi10            10 |      +1.21     0.54    918 |      0.324

------------------------------------------------------------------------------------------------
A candidate is THE scale only if slope ≈ 1 AND median l/L is the same
across cases. Slope 1 with a case-dependent ratio means l is merely
correlated with that scale, not set by it.
wrote figures/l_vs_h_ath.png
wrote figures/l_vs_delta_s_ath.png
wrote figures/l_vs_ustar_over_omega_ath.png
wrote figures/l_vs_q_over_N_ath.png
================================================================================================

================================================================================================
==== 2026-08-21 11:23:35  swirlesrun4.jl   l = K_T(at_h)/√TKE   SKIP_PERIODS=3
================================================================================================

-- h --
case                      N/ω |      slope        r      n | median l/L
P4_T5_sqrtRi0               0 |      +2.52     0.47   1001 |      0.030
P4_T10_sqrtRi0              0 |      +2.48     0.67   1001 |      0.027
P4_T5_sqrtRi1               1 |      +1.65     0.09    686 |      0.006
P4_T10_sqrtRi1              1 |      -9.31    -0.24    558 |      0.008
P4_T5_sqrtRi2               2 |      +6.92     0.16    617 |      0.003
P4_T10_sqrtRi2              2 |      -3.13    -0.10    598 |      0.005
P4_T5_sqrtRi10             10 |      -2.57    -0.12    920 |      0.001
P4_T10_sqrtRi10            10 |      -5.46    -0.18    896 |      0.001

-- delta_s --
case                      N/ω |      slope        r      n | median l/L
P4_T5_sqrtRi0               0 |        n/a  (const)   1001 |      3.811
P4_T10_sqrtRi0              0 |        n/a  (const)   1001 |      3.884
P4_T5_sqrtRi1               1 |        n/a  (const)    686 |      0.644
P4_T10_sqrtRi1              1 |        n/a  (const)    558 |      0.912
P4_T5_sqrtRi2               2 |        n/a  (const)    617 |      0.325
P4_T10_sqrtRi2              2 |        n/a  (const)    598 |      0.446
P4_T5_sqrtRi10             10 |        n/a  (const)    920 |      0.088
P4_T10_sqrtRi10            10 |        n/a  (const)    896 |      0.093

-- ustar_over_omega --
case                      N/ω |      slope        r      n | median l/L
P4_T5_sqrtRi0               0 |      +0.11     0.16   1001 |      0.072
P4_T10_sqrtRi0              0 |      +0.01     0.02   1001 |      0.068
P4_T5_sqrtRi1               1 |      +0.12     0.07    686 |      0.009
P4_T10_sqrtRi1              1 |      -0.15    -0.08    558 |      0.013
P4_T5_sqrtRi2               2 |      +0.22     0.12    617 |      0.005
P4_T10_sqrtRi2              2 |      -0.18    -0.10    598 |      0.008
P4_T5_sqrtRi10             10 |      -0.14    -0.10    920 |      0.001
P4_T10_sqrtRi10            10 |      +0.17     0.13    896 |      0.002

-- q_over_N --
case                      N/ω |      slope        r      n | median l/L
P4_T5_sqrtRi0               0 |       +NaN      NaN      0 |        NaN
P4_T10_sqrtRi0              0 |       +NaN      NaN      0 |        NaN
P4_T5_sqrtRi1               1 |      +1.00     0.25    686 |      0.105
P4_T10_sqrtRi1              1 |      +1.62     0.23    558 |      0.197
P4_T5_sqrtRi2               2 |      +0.59     0.11    617 |      0.095
P4_T10_sqrtRi2              2 |      +0.18     0.04    598 |      0.147
P4_T5_sqrtRi10             10 |      +0.33     0.10    920 |      0.060
P4_T10_sqrtRi10            10 |      +0.12     0.05    896 |      0.120

------------------------------------------------------------------------------------------------
A candidate is THE scale only if slope ≈ 1 AND median l/L is the same
across cases. Slope 1 with a case-dependent ratio means l is merely
correlated with that scale, not set by it.
wrote figures/l_vs_h_ath.png
wrote figures/l_vs_delta_s_ath.png
wrote figures/l_vs_ustar_over_omega_ath.png
wrote figures/l_vs_q_over_N_ath.png
================================================================================================
