
==============================================================================================
==== 2026-08-19 12:55:55  swirlesrun2.jl (panel d only)  SKIP_PERIODS=3  L_GEOM=h
==============================================================================================
case                        T    N/ω |    slope       r       n | slope at each cutoff 0.0 1.0 2.0 3.0 4.0 5.0 6.0
P4_T5_sqrtRi0               5      0 |    +0.16    0.27     992 | +0.53 -0.28 -0.13 +0.16 +0.17 +0.12 +0.11
P4_T5_sqrtRi1               5      1 |    +0.35    0.62     909 | +0.58 +0.20 +0.34 +0.35 +0.31 +0.27 +0.26
P4_T5_sqrtRi2               5      2 |    +0.60    0.66     879 | +0.61 +0.48 +0.59 +0.60 +0.52 +0.51 +0.68
P4_T5_sqrtRi10              5     10 |    +0.95    0.88    1001 | +0.89 +0.96 +0.95 +0.95 +0.92 +0.96 +1.04
P4_T10_sqrtRi0             10      0 |    +0.24    0.31     938 | +0.69 +0.17 +0.21 +0.24 +0.27 +0.21 +0.22
P4_T10_sqrtRi1             10      1 |    +0.43    0.60     719 | +0.69 +0.48 +0.44 +0.43 +0.30 +0.28 +0.41
P4_T10_sqrtRi2             10      2 |    +0.65    0.49     709 | +0.84 +0.60 +0.62 +0.65 +0.65 +0.30 -0.37
P4_T10_sqrtRi10            10     10 |    +1.11    0.76     918 | +0.89 +1.10 +1.13 +1.11 +1.12 +1.21 +1.21
----------------------------------------------------------------------------------------------
A slope that changes across the cutoff columns is the spin-up transient,
not the closure. Read the exponent only where those columns are flat.
wrote figures/panelD_grid.png
      figures/panelD_stability.png
      figures/panelD_crossover.png
==============================================================================================

==============================================================================================
==== 2026-08-21 11:22:41  swirlesrun2.jl (panel d only)  SKIP_PERIODS=3  L_GEOM=h
==============================================================================================
case                        T    N/ω |    slope       r       n | slope at each cutoff 0.0 1.0 2.0 3.0 4.0 5.0 6.0
P4_T5_sqrtRi0               5      0 |    +0.62    0.86    1001 | +0.49 +0.53 +0.65 +0.62 +0.46 +0.38 +0.17
P4_T5_sqrtRi1               5      1 |    +1.00    0.46     686 | +0.89 +1.03 +0.96 +1.00 +0.87 +0.90 +0.51
P4_T5_sqrtRi2               5      2 |    +0.80    0.29     617 | +0.89 +0.86 +0.65 +0.80 +0.83 +0.64 +0.75
P4_T5_sqrtRi10              5     10 |    +0.67    0.39     920 | +0.47 +0.73 +0.65 +0.67 +0.54 +0.52 +0.54
P4_T10_sqrtRi0             10      0 |    +0.73    0.85    1001 | +0.54 +0.58 +0.75 +0.73 +0.58 +0.70 +0.50
P4_T10_sqrtRi1             10      1 |    +1.31    0.36     558 | +0.99 +1.37 +1.23 +1.31 +1.22 +1.36 +1.31
P4_T10_sqrtRi2             10      2 |    +0.59    0.23     598 | +0.84 +0.76 +0.71 +0.59 +0.58 +0.67 +1.30
P4_T10_sqrtRi10            10     10 |    +0.56    0.39     896 | +0.41 +0.50 +0.53 +0.56 +0.59 +0.43 +0.38
----------------------------------------------------------------------------------------------
A slope that changes across the cutoff columns is the spin-up transient,
not the closure. Read the exponent only where those columns are flat.
wrote figures/panelD_grid.png
      figures/panelD_stability.png
      figures/panelD_crossover.png
==============================================================================================
