
==============================================================================
==== 2026-08-11 20:10:44  Figure4_metres.jl 
==== N_PERIODS_PLOT=5 6 7 8  SKIP_SWEEP=1  SQRT_RI=0 0.5 1 2 5 10  T_VALUES=5 10
==============================================================================
[ Info: Oceananigans will use 4 threads
[ Info: Saved figures/Figure4_softplus_T5.png
[ Info: Saved figures/Figure4_softplus_T10.png
[ Info: SKIP_SWEEP=1 — leaving figures/Figure4_softplus_sweep.png untouched

==============================================================================
==== 2026-08-11 20:11:53  Figure5.jl 
==== N_PERIODS_PLOT=5 6 7 8  SQRT_RI=0 0.5 1 2 5 10  T_VALUES=5 10
==============================================================================
[ Info: Oceananigans will use 4 threads
[ Info: Saved figures/Figure5_P4_T5_sqrtRi0.png
[ Info: Saved figures/Figure5_P4_T5_sqrtRi0p5.png
[ Info: Saved figures/Figure5_P4_T5_sqrtRi1.png
[ Info: Saved figures/Figure5_P4_T5_sqrtRi2.png
[ Info: Saved figures/Figure5_P4_T5_sqrtRi5.png
[ Info: Saved figures/Figure5_P4_T5_sqrtRi10.png
[ Info: Saved figures/Figure5_P4_T10_sqrtRi0.png
[ Info: Saved figures/Figure5_P4_T10_sqrtRi0p5.png
[ Info: Saved figures/Figure5_P4_T10_sqrtRi1.png
[ Info: Saved figures/Figure5_P4_T10_sqrtRi2.png
[ Info: Saved figures/Figure5_P4_T10_sqrtRi5.png
[ Info: Saved figures/Figure5_P4_T10_sqrtRi10.png
[ Info: Figure 5: saved 12 of 12 cases
