[ Info: Case L1Lz_Ri2500 (L = 1.000 Lz = 21.21 m): Ri = 2500, N² = 2.5e-05 s⁻², δ_s = 0.1414 m, Re_s = 5657
[ Info: Domain 7.071 × 3.536 × 21.213 m = 50 × 25 × 150 δ_s (physical), + 20.0 δ_s sponge on top → grid top 170 δ_s, 12 periods
[ Info: Background: exponential, N²_bg = N∞²[1−exp(−z/L)], L = 21.21 m = 150.0 δ_s (N²_bg/N∞² = 0.007 at z = δ_s, 0.632 at lid z = Lz)
[ Info: Making an animation from 1601 frames...
[ Info: Frame 100 / 1601
[ Info: Frame 200 / 1601
[ Info: Frame 300 / 1601
[ Info: Frame 400 / 1601
[ Info: Frame 500 / 1601
[ Info: Frame 600 / 1601
[ Info: Frame 700 / 1601
[ Info: Frame 800 / 1601
[ Info: Frame 900 / 1601
[ Info: Frame 1000 / 1601
[ Info: Frame 1100 / 1601
[ Info: Frame 1200 / 1601
[ Info: Frame 1300 / 1601
[ Info: Frame 1400 / 1601
[ Info: Frame 1500 / 1601
[ Info: Frame 1600 / 1601
[ Info: Saved animation to /home/tll46/SRIM-2026/Stokes/3D/output_L1Lz_Ri2500/animation_L1Lz_Ri2500.mp4
[ Info: Saved animation for Ri2500 in output_L1Lz_Ri2500/
[ Info: Case L1Lz_Ri2500 (L = 1.000 Lz = 21.21 m): Ri = 2500, N² = 2.5e-05 s⁻², δ_s = 0.1414 m, Re_s = 5657
[ Info: Domain 7.071 × 3.536 × 21.213 m = 50 × 25 × 150 δ_s (physical), + 20.0 δ_s sponge on top → grid top 170 δ_s, 12 periods
[ Info: Background: exponential, N²_bg = N∞²[1−exp(−z/L)], L = 21.21 m = 150.0 δ_s (N²_bg/N∞² = 0.007 at z = δ_s, 0.632 at lid z = Lz)
[ Info: L1Lz_Ri2500: |⟨ω_y⟩| colour limit = 3.25 U₀/δ_s (from 41 sampled frames)
[ Info: Saved figures/Vorticity_L1Lz_Ri2500.png
[ Info: Case L1Lz_Ri2500 (L = 1.000 Lz = 21.21 m): Ri = 2500, N² = 2.5e-05 s⁻², δ_s = 0.1414 m, Re_s = 5657
[ Info: Domain 7.071 × 3.536 × 21.213 m = 50 × 25 × 150 δ_s (physical), + 20.0 δ_s sponge on top → grid top 170 δ_s, 12 periods
[ Info: Background: exponential, N²_bg = N∞²[1−exp(−z/L)], L = 21.21 m = 150.0 δ_s (N²_bg/N∞² = 0.007 at z = δ_s, 0.632 at lid z = Lz)
[ Info: L1Lz_Ri2500: plane-averaged vorticity animation — 321 frames (stride 5), |⟨ω⟩/ω| ≤ 3405.42
[ Info: Saved animation to /home/tll46/SRIM-2026/Stokes/3D/output_L1Lz_Ri2500/vorticity_profile_L1Lz_Ri2500.mp4
[ Info: Saved vorticity_profile_L1Lz_Ri2500.mp4 in output_L1Lz_Ri2500/
