[ Info: Case Ri0: Ri = 0, N² = 0 s⁻², δ_s = 0.1192 m, Re_s = 1788
[ Info: Domain 5.960 × 2.980 × 10.728 m = 50 × 25 × 90 δ_s, 12 periods (b is a passive scalar)
[ Info: Background: exponential, N²_bg = N∞²[1−exp(−z/L)], L = 1.192 m = 10 δ_s (N²_bg/N∞² = 0.095 at z = δ_s, 0.632 at z = 10 δ_s)
[ Info: Saved profile plots for Ri0 in output_Ri0/
[ Info: Case Ri0: Ri = 0, N² = 0 s⁻², δ_s = 0.1192 m, Re_s = 1788
[ Info: Domain 5.960 × 2.980 × 10.728 m = 50 × 25 × 90 δ_s, 12 periods (b is a passive scalar)
[ Info: Background: exponential, N²_bg = N∞²[1−exp(−z/L)], L = 1.192 m = 10 δ_s (N²_bg/N∞² = 0.095 at z = δ_s, 0.632 at z = 10 δ_s)
[ Info: Saved figures/MeanVelocity_Ri0.png
[ Info: Case Ri0: Ri = 0, N² = 0 s⁻², δ_s = 0.1192 m, Re_s = 1788
[ Info: Domain 5.960 × 2.980 × 10.728 m = 50 × 25 × 90 δ_s, 12 periods (b is a passive scalar)
[ Info: Background: exponential, N²_bg = N∞²[1−exp(−z/L)], L = 1.192 m = 10 δ_s (N²_bg/N∞² = 0.095 at z = δ_s, 0.632 at z = 10 δ_s)
[ Info: Ri0: |ω_y| colour limit = 2.67 U₀/δ_s (from 41 sampled frames)
[ Info: Saved figures/Vorticity_Ri0.png
[ Info: Animating 870 frames...
[ Info:   frame 100 / 870
[ Info:   frame 200 / 870
[ Info:   frame 300 / 870
[ Info:   frame 400 / 870
[ Info:   frame 500 / 870
[ Info:   frame 600 / 870
[ Info:   frame 700 / 870
[ Info:   frame 800 / 870
[ Info: Saved animation to /home/tll46/SRIM-2026/Stokes/3D/figures/Vorticity_Ri0.mp4
[ Info: Saved figures/Vorticity_Ri0.mp4
[ Info: Case Ri0: Ri = 0, N² = 0 s⁻², δ_s = 0.1192 m, Re_s = 1788
[ Info: Domain 5.960 × 2.980 × 10.728 m = 50 × 25 × 90 δ_s, 12 periods (b is a passive scalar)
[ Info: Background: exponential, N²_bg = N∞²[1−exp(−z/L)], L = 1.192 m = 10 δ_s (N²_bg/N∞² = 0.095 at z = δ_s, 0.632 at z = 10 δ_s)
[ Info: Making an animation from 1739 frames...
[ Info: Frame 100 / 1739
[ Info: Frame 200 / 1739
[ Info: Frame 300 / 1739
[ Info: Frame 400 / 1739
[ Info: Frame 500 / 1739
[ Info: Frame 600 / 1739
[ Info: Frame 700 / 1739
[ Info: Frame 800 / 1739
[ Info: Frame 900 / 1739
[ Info: Frame 1000 / 1739
[ Info: Frame 1100 / 1739
[ Info: Frame 1200 / 1739
[ Info: Frame 1300 / 1739
[ Info: Frame 1400 / 1739
[ Info: Frame 1500 / 1739
[ Info: Frame 1600 / 1739
[ Info: Frame 1700 / 1739
[ Info: Saved animation to /home/tll46/SRIM-2026/Stokes/3D/output_Ri0/animation_Ri0.mp4
[ Info: Saved animation for Ri0 in output_Ri0/
