[ Info: Case Ri2500: Ri = 2500, N² = 4.953e-05 s⁻², δ_s = 0.1192 m, Re_s = 1788
[ Info: Domain 5.960 × 2.980 × 10.728 m = 50 × 25 × 90 δ_s, 12 periods
[ Info: Background: exponential, N²_bg = N∞²[1−exp(−z/L)], L = 1.192 m = 10 δ_s (N²_bg/N∞² = 0.095 at z = δ_s, 0.632 at z = 10 δ_s)
[ Info: Saved profile plots for Ri2500 in output_Ri2500/
[ Info: Case Ri2500: Ri = 2500, N² = 4.953e-05 s⁻², δ_s = 0.1192 m, Re_s = 1788
[ Info: Domain 5.960 × 2.980 × 10.728 m = 50 × 25 × 90 δ_s, 12 periods
[ Info: Background: exponential, N²_bg = N∞²[1−exp(−z/L)], L = 1.192 m = 10 δ_s (N²_bg/N∞² = 0.095 at z = δ_s, 0.632 at z = 10 δ_s)
[ Info: Saved figures/MeanVelocity_Ri2500.png
[ Info: Case Ri2500: Ri = 2500, N² = 4.953e-05 s⁻², δ_s = 0.1192 m, Re_s = 1788
[ Info: Domain 5.960 × 2.980 × 10.728 m = 50 × 25 × 90 δ_s, 12 periods
[ Info: Background: exponential, N²_bg = N∞²[1−exp(−z/L)], L = 1.192 m = 10 δ_s (N²_bg/N∞² = 0.095 at z = δ_s, 0.632 at z = 10 δ_s)
[ Info: Ri2500: |ω_y| colour limit = 1.39 U₀/δ_s (from 41 sampled frames)
[ Info: Saved figures/Vorticity_Ri2500.png
[ Info: Animating 601 frames...
[ Info:   frame 100 / 601
[ Info:   frame 200 / 601
[ Info:   frame 300 / 601
[ Info:   frame 400 / 601
[ Info:   frame 500 / 601
[ Info:   frame 600 / 601
[ Info: Saved animation to /home/tll46/SRIM-2026/Stokes/3D/figures/Vorticity_Ri2500.mp4
[ Info: Saved figures/Vorticity_Ri2500.mp4
[ Info: Case Ri2500: Ri = 2500, N² = 4.953e-05 s⁻², δ_s = 0.1192 m, Re_s = 1788
[ Info: Domain 5.960 × 2.980 × 10.728 m = 50 × 25 × 90 δ_s, 12 periods
[ Info: Background: exponential, N²_bg = N∞²[1−exp(−z/L)], L = 1.192 m = 10 δ_s (N²_bg/N∞² = 0.095 at z = δ_s, 0.632 at z = 10 δ_s)
[ Info: Making an animation from 2401 frames...
[ Info: Frame 100 / 2401
[ Info: Frame 200 / 2401
[ Info: Frame 300 / 2401
[ Info: Frame 400 / 2401
[ Info: Frame 500 / 2401
[ Info: Frame 600 / 2401
[ Info: Frame 700 / 2401
[ Info: Frame 800 / 2401
[ Info: Frame 900 / 2401
[ Info: Frame 1000 / 2401
[ Info: Frame 1100 / 2401
[ Info: Frame 1200 / 2401
[ Info: Frame 1300 / 2401
[ Info: Frame 1400 / 2401
[ Info: Frame 1500 / 2401
[ Info: Frame 1600 / 2401
[ Info: Frame 1700 / 2401
[ Info: Frame 1800 / 2401
[ Info: Frame 1900 / 2401
[ Info: Frame 2000 / 2401
[ Info: Frame 2100 / 2401
[ Info: Frame 2200 / 2401
[ Info: Frame 2300 / 2401
[ Info: Frame 2400 / 2401
[ Info: Saved animation to /home/tll46/SRIM-2026/Stokes/3D/output_Ri2500/animation_Ri2500.mp4
[ Info: Saved animation for Ri2500 in output_Ri2500/
