i:      0, t:       0.0 s, ωt:   0.00 (0.00 periods), wall: 20.475 seconds, Δt:   1.20, CFL: 3.25e-01
  Activating project at `~/SRIM-2026/Stokes/3D`
[ Info: Oceananigans will use 16 threads
[ Info: Case spinup_T5: Ri = 0 (√Ri = 0), N² = 0 s⁻², δ_s = 0.1414 m, Re_s = 5657
[ Info: Domain 10.000 × 10.000 × 50.000 m = 71 × 71 × 354 δ_s (physical), + 70.7 δ_s sponge on top → grid top 424 δ_s, 4 periods (b is a passive scalar)
[ Info: Analysed/plotted section: 0 – 15.00 m = 106 δ_s (pycnocline at T = 5.0 m)
[ Info: Background: softplus (profile 4), T = 5.0 m = 35.4 δ_s — N²_bg/N∞² = 0.000 at z = δ_s, 1.000 at z = Lz, 1.000 at lid; Δb over domain = 5.5e-07 m s⁻²
[ Info: Bottom Δz = 0.0121 m = 0.085 δ_s (11.7 points across δ_s); 160 cells below z = 106 δ_s; 233 physical + 21 sponge cells (sponge Δz = 3.367 δ_s)
[ Info: Δx = 0.2083 m = 1.47 δ_s, Δy = 0.2083 m = 1.47 δ_s
[ Info: Pycnocline z = T = 5.0 m: Δz = 0.0727 m, transition width = 0.732 m → 10.1 cells across (band ±2.2 m)
┌ Warning: No spin-up snapshot at output_spinup/TidalBL3D_spinup_fields.jld2 — starting Ri0 from rest with noise.
└ @ Main ~/SRIM-2026/Stokes/3D/Tidal3D.jl:320
[ Info: Smoke test: stopping after 3.0 iterations
[ Info: x-y slice at k = 11 (z = 0.150 m ≈ δ)
[ Info: Initializing simulation...
[ Info:     ... simulation initialization complete (13.666 seconds)
[ Info: Executing initial time step...
[ Info:     ... initial time step complete (2.323 seconds).
[ Info: Simulation is stopping after running for 16.321 seconds.
[ Info: Model iteration 3 equals or exceeds stop iteration 3.
