
==============================================================================
==== 2026-08-18 11:43:54  Tidal3D.jl Ri0
==== FIELDS3D=1  LIGHT_OUTPUT=1  MOMENTS=0  N_PERIODS=5  PROFILE=4  RUN_TAG=spinup_100x100x300_drag  T_STRAT=10
==============================================================================
i:      0, t:       0.0 s, ωt:   0.00 (0.00 periods), wall: 23.984 seconds, Δt:   1.20, CFL: 8.33e-02
i:    100, t:     311.5 s, ωt:   0.03 (0.00 periods), wall: 49.418 seconds, Δt:   7.43, CFL: 3.30e-01
i:    200, t:    1564.6 s, ωt:   0.16 (0.02 periods), wall: 51.248 seconds, Δt:  12.19, CFL: 9.00e-01
i:    300, t:    2556.7 s, ωt:   0.26 (0.04 periods), wall: 53.041 seconds, Δt:   8.41, CFL: 9.00e-01
i:    400, t:    3301.5 s, ωt:   0.33 (0.05 periods), wall: 54.870 seconds, Δt:   6.72, CFL: 9.00e-01
i:    500, t:    3917.6 s, ωt:   0.39 (0.06 periods), wall: 56.563 seconds, Δt:   5.76, CFL: 9.00e-01
i:    600, t:    4455.3 s, ωt:   0.45 (0.07 periods), wall: 58.267 seconds, Δt:   5.13, CFL: 9.00e-01
i:    700, t:    4942.2 s, ωt:   0.49 (0.08 periods), wall: 59.919 seconds, Δt:   4.67, CFL: 9.00e-01
i:    800, t:    5388.6 s, ωt:   0.54 (0.09 periods), wall: 1.029 minutes, Δt:   4.32, CFL: 9.00e-01
i:    900, t:    5806.8 s, ωt:   0.58 (0.09 periods), wall: 1.056 minutes, Δt:   4.05, CFL: 9.00e-01
i:   1000, t:    6199.2 s, ωt:   0.62 (0.10 periods), wall: 1.083 minutes, Δt:   3.83, CFL: 9.00e-01
i:   1100, t:    6569.9 s, ωt:   0.66 (0.10 periods), wall: 1.111 minutes, Δt:   3.65, CFL: 9.00e-01
i:   1200, t:    6922.0 s, ωt:   0.69 (0.11 periods), wall: 1.139 minutes, Δt:   3.49, CFL: 9.00e-01
i:   1300, t:    7262.7 s, ωt:   0.73 (0.12 periods), wall: 1.166 minutes, Δt:   3.36, CFL: 9.00e-01
i:   1400, t:    7591.9 s, ωt:   0.76 (0.12 periods), wall: 1.194 minutes, Δt:   3.24, CFL: 9.00e-01
i:   1500, t:    7910.7 s, ωt:   0.79 (0.13 periods), wall: 1.221 minutes, Δt:   3.14, CFL: 9.00e-01
i:   1600, t:    8220.2 s, ωt:   0.82 (0.13 periods), wall: 1.251 minutes, Δt:   3.05, CFL: 9.00e-01
i:   1700, t:    8521.0 s, ωt:   0.85 (0.14 periods), wall: 1.280 minutes, Δt:   2.97, CFL: 9.00e-01
i:   1800, t:    8813.9 s, ωt:   0.88 (0.14 periods), wall: 1.308 minutes, Δt:   2.90, CFL: 9.00e-01
i:   1900, t:    9100.5 s, ωt:   0.91 (0.14 periods), wall: 1.334 minutes, Δt:   2.83, CFL: 9.00e-01
i:   2000, t:    9379.8 s, ωt:   0.94 (0.15 periods), wall: 1.361 minutes, Δt:   2.77, CFL: 9.00e-01
i:   2100, t:    9652.5 s, ωt:   0.97 (0.15 periods), wall: 1.390 minutes, Δt:   2.72, CFL: 9.00e-01
i:   2200, t:    9921.9 s, ωt:   0.99 (0.16 periods), wall: 1.417 minutes, Δt:   2.67, CFL: 9.00e-01
i:   2300, t:   10185.1 s, ωt:   1.02 (0.16 periods), wall: 1.446 minutes, Δt:   2.63, CFL: 9.00e-01
i:   2400, t:   10445.1 s, ωt:   1.04 (0.17 periods), wall: 1.473 minutes, Δt:   2.59, CFL: 9.00e-01
i:   2500, t:   10701.9 s, ωt:   1.07 (0.17 periods), wall: 1.502 minutes, Δt:   2.55, CFL: 9.00e-01
i:   2600, t:   10955.4 s, ωt:   1.10 (0.17 periods), wall: 1.528 minutes, Δt:   2.52, CFL: 9.00e-01
i:   2700, t:   11205.6 s, ωt:   1.12 (0.18 periods), wall: 1.556 minutes, Δt:   2.49, CFL: 9.00e-01
i:   2800, t:   11452.8 s, ωt:   1.15 (0.18 periods), wall: 1.583 minutes, Δt:   2.46, CFL: 9.00e-01
i:   2900, t:   11697.0 s, ωt:   1.17 (0.19 periods), wall: 1.611 minutes, Δt:   2.43, CFL: 9.00e-01
i:   3000, t:   11938.1 s, ωt:   1.19 (0.19 periods), wall: 1.637 minutes, Δt:   2.41, CFL: 9.00e-01
i:   3100, t:   12177.9 s, ωt:   1.22 (0.19 periods), wall: 1.665 minutes, Δt:   2.39, CFL: 9.00e-01
i:   3200, t:   12413.7 s, ωt:   1.24 (0.20 periods), wall: 1.692 minutes, Δt:   2.37, CFL: 9.00e-01
i:   3300, t:   12648.7 s, ωt:   1.26 (0.20 periods), wall: 1.719 minutes, Δt:   2.35, CFL: 9.00e-01
i:   3400, t:   12882.9 s, ωt:   1.29 (0.21 periods), wall: 1.747 minutes, Δt:   2.33, CFL: 9.00e-01
i:   3500, t:   13115.5 s, ωt:   1.31 (0.21 periods), wall: 1.773 minutes, Δt:   2.32, CFL: 9.00e-01
i:   3600, t:   13344.8 s, ωt:   1.33 (0.21 periods), wall: 1.800 minutes, Δt:   2.30, CFL: 9.00e-01
i:   3700, t:   13573.0 s, ωt:   1.36 (0.22 periods), wall: 1.828 minutes, Δt:   2.29, CFL: 9.00e-01
i:   3800, t:   13801.0 s, ωt:   1.38 (0.22 periods), wall: 1.854 minutes, Δt:   2.27, CFL: 9.00e-01
i:   3900, t:   14026.3 s, ωt:   1.40 (0.22 periods), wall: 1.881 minutes, Δt:   2.21, CFL: 9.00e-01
i:   4000, t:   14184.2 s, ωt:   1.42 (0.23 periods), wall: 1.909 minutes, Δt:   1.25, CFL: 9.00e-01
i:   4100, t:   14286.8 s, ωt:   1.43 (0.23 periods), wall: 1.936 minutes, Δt:   0.85, CFL: 9.00e-01
i:   4200, t:   14364.8 s, ωt:   1.44 (0.23 periods), wall: 1.962 minutes, Δt:   0.86, CFL: 9.00e-01
i:   4300, t:   14444.7 s, ωt:   1.44 (0.23 periods), wall: 1.988 minutes, Δt:   0.66, CFL: 9.00e-01
i:   4400, t:   14514.1 s, ωt:   1.45 (0.23 periods), wall: 2.015 minutes, Δt:   0.70, CFL: 9.00e-01
i:   4500, t:   14586.7 s, ωt:   1.46 (0.23 periods), wall: 2.041 minutes, Δt:   0.78, CFL: 9.00e-01
i:   4600, t:   14655.7 s, ωt:   1.47 (0.23 periods), wall: 2.068 minutes, Δt:   0.70, CFL: 9.00e-01
i:   4700, t:   14726.0 s, ωt:   1.47 (0.23 periods), wall: 2.094 minutes, Δt:   0.73, CFL: 9.00e-01
i:   4800, t:   14792.9 s, ωt:   1.48 (0.24 periods), wall: 2.122 minutes, Δt:   0.73, CFL: 9.00e-01
i:   4900, t:   14860.4 s, ωt:   1.49 (0.24 periods), wall: 2.148 minutes, Δt:   0.72, CFL: 9.00e-01
i:   5000, t:   14931.2 s, ωt:   1.49 (0.24 periods), wall: 2.175 minutes, Δt:   0.71, CFL: 9.00e-01
i:   5100, t:   15001.7 s, ωt:   1.50 (0.24 periods), wall: 2.201 minutes, Δt:   0.66, CFL: 9.00e-01
i:   5200, t:   15068.8 s, ωt:   1.51 (0.24 periods), wall: 2.227 minutes, Δt:   0.76, CFL: 9.00e-01
i:   5300, t:   15134.5 s, ωt:   1.51 (0.24 periods), wall: 2.255 minutes, Δt:   0.57, CFL: 9.00e-01
i:   5400, t:   15203.5 s, ωt:   1.52 (0.24 periods), wall: 2.281 minutes, Δt:   0.63, CFL: 9.00e-01
i:   5500, t:   15268.0 s, ωt:   1.53 (0.24 periods), wall: 2.307 minutes, Δt:   0.61, CFL: 9.00e-01
i:   5600, t:   15335.6 s, ωt:   1.53 (0.24 periods), wall: 2.334 minutes, Δt:   0.54, CFL: 9.00e-01
i:   5700, t:   15398.1 s, ωt:   1.54 (0.25 periods), wall: 2.361 minutes, Δt:   0.64, CFL: 9.00e-01
i:   5800, t:   15459.3 s, ωt:   1.55 (0.25 periods), wall: 2.387 minutes, Δt:   0.72, CFL: 9.00e-01
i:   5900, t:   15524.5 s, ωt:   1.55 (0.25 periods), wall: 2.413 minutes, Δt:   0.66, CFL: 9.00e-01
i:   6000, t:   15596.0 s, ωt:   1.56 (0.25 periods), wall: 2.440 minutes, Δt:   0.67, CFL: 9.00e-01
i:   6100, t:   15662.3 s, ωt:   1.57 (0.25 periods), wall: 2.466 minutes, Δt:   0.73, CFL: 9.00e-01

==============================================================================
==== 2026-08-18 11:52:55  spin-up turbulence check
==== 
==============================================================================
spin-up check: w_rms/U0 = 0.0081 at snapshot 1/1 (t = 0.00 periods)
  turbulent reference 0.009-0.012, floor 0.0030 -> turbulent
