[2026-08-08 17:35:03] === softplus sweep (per-T grids): T ∈ {5 10 20 30}, √Ri ∈ {0 0.5 1 2 5 10} ===
[2026-08-08 17:35:03] [0.0 h] T=5: spin-up (Ri0 from rest, 5 periods)
[2026-08-08 18:24:44] [0.8 h] run P4_T5_sqrtRi0
[2026-08-08 19:14:28] [1.7 h] run P4_T5_sqrtRi0p5
[2026-08-08 20:05:15] [2.5 h] run P4_T5_sqrtRi1
[2026-08-08 20:55:58] [3.3 h] run P4_T5_sqrtRi2
[2026-08-08 21:46:47] [4.2 h] run P4_T5_sqrtRi5
[2026-08-08 22:37:31] [5.0 h] run P4_T5_sqrtRi10
[2026-08-08 23:28:19] [5.9 h] T=10: spin-up (Ri0 from rest, 5 periods)
[2026-08-09 00:23:32] [6.8 h] run P4_T10_sqrtRi0
[2026-08-09 01:19:09] [7.7 h] run P4_T10_sqrtRi0p5
[2026-08-09 02:15:39] [8.7 h] run P4_T10_sqrtRi1
[2026-08-09 03:12:18] [9.6 h] run P4_T10_sqrtRi2
[2026-08-09 04:08:48] [10.6 h] run P4_T10_sqrtRi5
[2026-08-09 05:05:39] [11.5 h] run P4_T10_sqrtRi10
[2026-08-09 06:02:46] [12.5 h] T=20: spin-up (Ri0 from rest, 5 periods)
[2026-08-09 06:59:18] [13.4 h] run P4_T20_sqrtRi0
[2026-08-09 07:56:15] [14.4 h] run P4_T20_sqrtRi0p5
[2026-08-09 08:54:28] [15.3 h] run P4_T20_sqrtRi1
[2026-08-09 09:52:40] [16.3 h] run P4_T20_sqrtRi2
[2026-08-09 10:51:01] [17.3 h] run P4_T20_sqrtRi5
[2026-08-09 11:49:07] [18.2 h] run P4_T20_sqrtRi10
[2026-08-09 12:46:56] [19.2 h] T=30: spin-up (Ri0 from rest, 5 periods)
[2026-08-09 13:43:52] [20.1 h] run P4_T30_sqrtRi0
[2026-08-09 14:40:57] [21.1 h] run P4_T30_sqrtRi0p5
[2026-08-09 15:39:04] [22.1 h] run P4_T30_sqrtRi1
[2026-08-09 16:37:03] [23.0 h] run P4_T30_sqrtRi2
[2026-08-09 17:35:04] [24.0 h] run P4_T30_sqrtRi5
[2026-08-09 18:33:05] [25.0 h] run P4_T30_sqrtRi10
[2026-08-09 19:30:59] [25.9 h] all simulations done
[2026-08-09 19:30:59]   animation P4_T5_sqrtRi0
[2026-08-09 19:32:09]   animation P4_T5_sqrtRi0p5
[2026-08-09 19:33:19]   animation P4_T5_sqrtRi1
[2026-08-09 19:34:28]   animation P4_T5_sqrtRi2
[2026-08-09 19:35:38]   animation P4_T5_sqrtRi5
[2026-08-09 19:36:48]   animation P4_T5_sqrtRi10
[2026-08-09 19:37:58]   animation P4_T10_sqrtRi0
[2026-08-09 19:39:06]   animation P4_T10_sqrtRi0p5
[2026-08-09 19:40:14]   animation P4_T10_sqrtRi1
[2026-08-09 19:41:23]   animation P4_T10_sqrtRi2
[2026-08-09 19:42:31]   animation P4_T10_sqrtRi5
[2026-08-09 19:43:39]   animation P4_T10_sqrtRi10
[2026-08-09 19:44:47]   animation P4_T20_sqrtRi0
[2026-08-09 19:45:53]   animation P4_T20_sqrtRi0p5
[2026-08-09 19:46:58]   animation P4_T20_sqrtRi1
[2026-08-09 19:48:04]   animation P4_T20_sqrtRi2
[2026-08-09 19:49:09]   animation P4_T20_sqrtRi5
[2026-08-09 19:50:14]   animation P4_T20_sqrtRi10
[2026-08-09 19:51:20]   animation P4_T30_sqrtRi0
[2026-08-09 19:52:24]   animation P4_T30_sqrtRi0p5
[2026-08-09 19:53:28]   animation P4_T30_sqrtRi1
[2026-08-09 19:54:33]   animation P4_T30_sqrtRi2
[2026-08-09 19:55:37]   animation P4_T30_sqrtRi5
[2026-08-09 19:56:41]   animation P4_T30_sqrtRi10
[2026-08-09 19:57:45] figure 4 sweep + figure 5 per case
[2026-08-09 19:58:49] [26.4 h] === DONE ===
[2026-08-09 19:58:49] completed cases: 24 / 24
388M	output_spinup_T20
388M	output_spinup_T30
344M	output_spinup_T5
